[2m2026-09-16T17:38:46.859844Z[0m [32m INFO[0m [2mpanoptikon::logging[0m[2m:[0m logging to file [3mpath[0m[2m=[0mdata/panoptikon.log
[2m2026-09-16T17:38:46.860389Z[0m [32m INFO[0m [2mpanoptikon::rlimit[0m[2m:[0m raised the open file descriptor soft limit to the hard limit [3msoft_nofile_before[0m[2m=[0m256 [3msoft_nofile_after[0m[2m=[0m1048576
[2m2026-09-16T17:38:46.860944Z[0m [32m INFO[0m [2mpanoptikon::accelerator_report[0m[2m:[0m accelerator backend [3mbackend[0m[2m=[0m"mps" [3mbackend_source[0m[2m=[0mmacOS: default PyPI wheels (MPS on Apple Silicon); no CUDA/ROCm builds exist [3mdevices[0m[2m=[0m[]
[2m2026-09-16T17:38:46.905488Z[0m [32m INFO[0m [2mpanoptikon::inferio::gpu[0m[2m:[0m detected GPU (unified memory; the total is the 75% seed until a worker reports the exact recommended-max figure) [3mindex[0m[2m=[0m0 [3muuid[0m[2m=[0mGPU-MPS [3mname[0m[2m=[0mApple M3 Max (128 GB) [3mtotal_mb[0m[2m=[0m98304 [3mram_mb[0m[2m=[0m131072 [3munified[0m[2m=[0mtrue
[2m2026-09-16T17:38:46.906359Z[0m [32m INFO[0m [2mpanoptikon[0m[2m:[0m serving /api/inference locally (inference_local.enabled)
[2m2026-09-16T17:38:46.963555Z[0m [32m INFO[0m [2mpanoptikon[0m[2m:[0m gateway listening [3mendpoint[0m[2m=[0mdefault [3maddress[0m[2m=[0m127.0.0.1:6342
[2m2026-09-16T17:38:46.963593Z[0m [32m INFO[0m [2mpanoptikon[0m[2m:[0m gateway listening [3mendpoint[0m[2m=[0mtest [3maddress[0m[2m=[0m127.0.0.1:6343
[2m2026-09-16T17:38:46.963608Z[0m [32m INFO[0m [2mpanoptikon[0m[2m:[0m gateway listening [3mendpoint[0m[2m=[0mlegacy_ui [3maddress[0m[2m=[0m127.0.0.1:6339
[2m2026-09-16T17:38:46.963617Z[0m [32m INFO[0m [2mpanoptikon[0m[2m:[0m serving HTTP/1.1 and HTTP/2 cleartext [3mmax_concurrent_streams[0m[2m=[0m512
[2m2026-09-16T17:38:47.017846Z[0m [32m INFO[0m [2mpanoptikon::media_tools[0m[2m:[0m media tools resolved [3mffmpeg[0m[2m=[0m/Users/moot/projects/panoptikon-pr27/python/.venv/lib/python3.12/site-packages/static_ffmpeg/bin/darwin_arm64/ffmpeg [3mffprobe[0m[2m=[0m/Users/moot/projects/panoptikon-pr27/python/.venv/lib/python3.12/site-packages/static_ffmpeg/bin/darwin_arm64/ffprobe
[2m2026-09-16T17:38:47.197860Z[0m [32m INFO[0m [2mpanoptikon::media_tools::transcode::hw[0m[2m:[0m hardware H.264 encoder validated [3mencoder[0m[2m=[0m"h264_videotoolbox"
[2m2026-09-16T17:38:49.159518Z[0m [32m INFO[0m [2mpanoptikon::jobs::files[0m[2m:[0m file scan phase timing [3mfolder[0m[2m=[0m"/Users/moot/projects/panoptikon-pr27/tools/calibration-protocol/results/corpus/smoke/" [3mhashing_busy_secs[0m[2m=[0m0.05917599600000001 [3mhashing_work_secs[0m[2m=[0m0.157828036 [3mmetadata_busy_secs[0m[2m=[0m0.018218161 [3mmetadata_work_secs[0m[2m=[0m0.021689740000000002 [3mthumbgen_busy_secs[0m[2m=[0m1.406263875 [3mthumbgen_work_secs[0m[2m=[0m9.536899127999998 [3mblurhash_busy_secs[0m[2m=[0m0.21172395799999993 [3mblurhash_work_secs[0m[2m=[0m0.385711623
[2m2026-09-16T17:38:49.210062Z[0m [32m INFO[0m [2mpanoptikon::jobs::files[0m[2m:[0m file scan phase timing [3mfolder[0m[2m=[0m"/Users/moot/projects/panoptikon-pr27/tools/calibration-protocol/results/corpus/smoke/" [3mhashing_busy_secs[0m[2m=[0m0.0 [3mhashing_work_secs[0m[2m=[0m0.0 [3mmetadata_busy_secs[0m[2m=[0m0.0 [3mmetadata_work_secs[0m[2m=[0m0.0 [3mthumbgen_busy_secs[0m[2m=[0m0.0 [3mthumbgen_work_secs[0m[2m=[0m0.0 [3mblurhash_busy_secs[0m[2m=[0m0.0 [3mblurhash_work_secs[0m[2m=[0m0.0
[2m2026-09-16T17:38:49.211236Z[0m [32m INFO[0m [1mActor[0m[1m{[0m[3mid[0m[2m=[0m"0.5" [3mname[0m[2m=[0m"job-runner"[1m}[0m[2m:[0m [2mpanoptikon::jobs::queue[0m[2m:[0m scheduling deferred database maintenance [3mindex_db[0m[2m=[0m"cal" [3mqueue_id[0m[2m=[0m3 [3mowed[0m[2m=[0mwrote_data
[2m2026-09-16T17:38:49.749699Z[0m [34mDEBUG[0m [2mpanoptikon::inferio_client[0m[2m:[0m multiplexing inference requests over HTTP/2 cleartext [3mendpoint[0m[2m=[0mhttp://127.0.0.1:6342/api/inference [3mconnection_lanes[0m[2m=[0m64 [3mstreams_per_lane[0m[2m=[0m64 [3mmax_concurrent[0m[2m=[0m256 [3mmax_concurrent_ceiling[0m[2m=[0m4096
[2m2026-09-16T17:38:49.773666Z[0m [34mDEBUG[0m [2mpanoptikon::inferio::manager[0m[2m:[0m resolved cost dimension [3mmodel[0m[2m=[0mtags/wd-vit-tagger-v3 [3munit[0m[2m=[0m"item" [3maggregation[0m[2m=[0m"count" [3mepoch[0m[2m=[0m1 [3mseed_units[0m[2m=[0m64 [3mpriced[0m[2m=[0mtrue [3mdegraded[0m[2m=[0mfalse
[2m2026-09-16T17:38:49.773698Z[0m [34mDEBUG[0m [2mpanoptikon::inferio::ledger[0m[2m:[0m probing the host for this GPU's free memory before pricing a load against it [3mmodel[0m[2m=[0m"tags/wd-vit-tagger-v3" [3mgpu[0m[2m=[0m"GPU-MPS" [3mreason[0m[2m=[0m"no free sample: this GPU has never had a resident" [3msample_age_ms[0m[2m=[0mNone
[2m2026-09-16T17:38:49.773732Z[0m [34mDEBUG[0m [2mpanoptikon::inferio::ledger[0m[2m:[0m refreshed the GPU's free memory from the host probe [3mgpu[0m[2m=[0mGPU-MPS [3msource[0m[2m=[0m"mps" [3mfree_mb[0m[2m=[0m106832 [3mtotal_mb[0m[2m=[0m98304 [3mexternal_mb[0m[2m=[0m24240 [3mprevious_age_ms[0m[2m=[0mNone [3mrecorded[0m[2m=[0mtrue
[2m2026-09-16T17:38:49.774107Z[0m [34mDEBUG[0m [2mpanoptikon::inferio::worker[0m[2m:[0m spawned an inferio worker [3mworker[0m[2m=[0mwd_tagger [3minference_id[0m[2m=[0m"tags/wd-vit-tagger-v3" [3mpid[0m[2m=[0mSome(25016)
[2m2026-09-16T17:38:50.481193Z[0m [32m INFO[0m [2mpanoptikon::inferio::worker[0m[2m:[0m 2026-09-16 19:38:50,481 [INFO] inferio_worker: Resolved impl class wd_tagger to /Users/moot/projects/panoptikon-pr27/python/inferio/impl/wd_tagger.py [3mworker[0m[2m=[0mwd_tagger
[2m2026-09-16T17:38:50.481246Z[0m [32m INFO[0m [2mpanoptikon::inferio::worker[0m[2m:[0m 2026-09-16 19:38:50,481 [INFO] inferio_worker: Handshake ok for impl class wd_tagger [3mworker[0m[2m=[0mwd_tagger
[2m2026-09-16T17:38:50.481361Z[0m [32m INFO[0m [2mpanoptikon::inferio::worker[0m[2m:[0m 2026-09-16 19:38:50,481 [INFO] inferio_worker: Configured as tags/wd-vit-tagger-v3 [3mworker[0m[2m=[0mwd_tagger
[2m2026-09-16T17:38:50.481595Z[0m [32m INFO[0m [2mpanoptikon::inferio::worker[0m[2m:[0m 2026-09-16 19:38:50,481 [DEBUG] inferio_worker.memory: NVML init failed (NVML Shared Library Not Found) [3mworker[0m[2m=[0mwd_tagger
[2m2026-09-16T17:38:51.164738Z[0m [32m INFO[0m [2mpanoptikon::inferio::worker[0m[2m:[0m 2026-09-16 19:38:51,164 [DEBUG] urllib3.connectionpool: Starting new HTTPS connection (1): huggingface.co:443 [3mworker[0m[2m=[0mwd_tagger
[2m2026-09-16T17:38:51.331793Z[0m [32m INFO[0m [2mpanoptikon::inferio::worker[0m[2m:[0m 2026-09-16 19:38:51,331 [DEBUG] urllib3.connectionpool: https://huggingface.co:443 "HEAD /SmilingWolf/wd-vit-tagger-v3/resolve/main/selected_tags.csv HTTP/1.1" 307 0 [3mworker[0m[2m=[0mwd_tagger
[2m2026-09-16T17:38:51.353041Z[0m [32m INFO[0m [2mpanoptikon::inferio::worker[0m[2m:[0m 2026-09-16 19:38:51,352 [DEBUG] urllib3.connectionpool: https://huggingface.co:443 "HEAD /api/resolve-cache/models/SmilingWolf/wd-vit-tagger-v3/7f6b584d0bd3f55c4531f14ba3d4761b2bccdc0f/selected_tags.csv HTTP/1.1" 200 0 [3mworker[0m[2m=[0mwd_tagger
[2m2026-09-16T17:38:51.492036Z[0m [32m INFO[0m [2mpanoptikon::inferio::worker[0m[2m:[0m 2026-09-16 19:38:51,491 [DEBUG] urllib3.connectionpool: https://huggingface.co:443 "HEAD /SmilingWolf/wd-vit-tagger-v3/resolve/main/config.json HTTP/1.1" 307 0 [3mworker[0m[2m=[0mwd_tagger
[2m2026-09-16T17:38:51.509532Z[0m [32m INFO[0m [2mpanoptikon::inferio::worker[0m[2m:[0m 2026-09-16 19:38:51,509 [DEBUG] urllib3.connectionpool: https://huggingface.co:443 "HEAD /api/resolve-cache/models/SmilingWolf/wd-vit-tagger-v3/7f6b584d0bd3f55c4531f14ba3d4761b2bccdc0f/config.json HTTP/1.1" 200 0 [3mworker[0m[2m=[0mwd_tagger
[2m2026-09-16T17:38:52.315244Z[0m [32m INFO[0m [2mpanoptikon::inferio::worker[0m[2m:[0m 2026-09-16 19:38:52,314 [DEBUG] urllib3.connectionpool: https://huggingface.co:443 "HEAD /SmilingWolf/wd-vit-tagger-v3/resolve/main/model.safetensors HTTP/1.1" 302 0 [3mworker[0m[2m=[0mwd_tagger
[2m2026-09-16T17:38:52.320899Z[0m [32m INFO[0m [2mpanoptikon::inferio::worker[0m[2m:[0m 2026-09-16 19:38:52,320 [INFO] timm.models._hub: [SmilingWolf/wd-vit-tagger-v3] Safe alternative available for 'pytorch_model.bin' (as 'model.safetensors'). Loading weights using safetensors. [3mworker[0m[2m=[0mwd_tagger
[2m2026-09-16T17:38:52.460404Z[0m [32m INFO[0m [2mpanoptikon::inferio::worker[0m[2m:[0m 2026-09-16 19:38:52,460 [DEBUG] inferio_worker_impl_0_wd_tagger: Model SmilingWolf/wd-vit-tagger-v3 loaded [3mworker[0m[2m=[0mwd_tagger
[2m2026-09-16T17:38:52.462824Z[0m [34mDEBUG[0m [2mpanoptikon::inferio::worker[0m[2m:[0m worker reported its load footprint [3mworker[0m[2m=[0mtags/wd-vit-tagger-v3 [3mbase_mb[0m[2m=[0m1384 [3mbase_method[0m[2m=[0m"mps" [3mdtype[0m[2m=[0m"fp32" [3mdtype_method[0m[2m=[0m"inferred" [3mgpu_name[0m[2m=[0m"Apple M3 Max (128 GB)" [3mgpu_arch[0m[2m=[0m"apple-m3" [3mgpu_total_mb[0m[2m=[0m110100 [3mtorch[0m[2m=[0m"2.7.1"
[2m2026-09-16T17:38:52.462852Z[0m [34mDEBUG[0m [2mpanoptikon::inferio::manager[0m[2m:[0m replica loaded [3mmodel[0m[2m=[0mtags/wd-vit-tagger-v3 [3mreplica[0m[2m=[0m0 [3mdevice[0m[2m=[0m"<unpinned>"
[2m2026-09-16T17:38:52.462896Z[0m [32m INFO[0m [2mpanoptikon::inferio::ledger[0m[2m:[0m this unified-memory device's admission total is now the figure the worker's own runtime reports, which is what its allocations are actually judged against; the probe's seed was a default fraction of host RAM and a raised GPU memory limit moves the real figure well away from it [3mmodel[0m[2m=[0mtags/wd-vit-tagger-v3 [3mgpu[0m[2m=[0mGPU-MPS [3mseed_total_mb[0m[2m=[0m98304 [3mreported_total_mb[0m[2m=[0m110100 [3mram_mb[0m[2m=[0m131072
[2m2026-09-16T17:38:52.463059Z[0m [34mDEBUG[0m [2mpanoptikon::inferio::ledger[0m[2m:[0m admitted a worker to a GPU's ledger [3mmodel[0m[2m=[0mtags/wd-vit-tagger-v3 [3mgpu[0m[2m=[0mGPU-MPS [3mreplica[0m[2m=[0m2 [3mbase_mb[0m[2m=[0mSome(1384) [3mbase_method[0m[2m=[0m"mps" [3mreserved_at_load_mb[0m[2m=[0mSome(1384) [3mseeded_from_store[0m[2m=[0mfalse
[2m2026-09-16T17:38:52.467661Z[0m [34mDEBUG[0m [2mpanoptikon::inferio::http[0m[2m:[0m processing local inference predict [3mmodel[0m[2m=[0mtags/wd-vit-tagger-v3 [3minputs[0m[2m=[0m1
[2m2026-09-16T17:38:52.467795Z[0m [34mDEBUG[0m [2mpanoptikon::inferio::ledger[0m[2m:[0m issued a memory grant [3mmodel[0m[2m=[0mtags/wd-vit-tagger-v3 [3mgpu[0m[2m=[0mGPU-MPS [3munit_budget[0m[2m=[0m1 [3mmb[0m[2m=[0m103643 [3mcanvas_pixels[0m[2m=[0mnone [3mshare_mb[0m[2m=[0m103643 [3mroom_mb[0m[2m=[0m103643 [3mheadroom_mb[0m[2m=[0m103643 [3mexternal_mb[0m[2m=[0m25021 [3mreserve_mb[0m[2m=[0m1024 [3mreserve_rule[0m[2m=[0m"capped_default" [3mpre_fit[0m[2m=[0mtrue [3mramp_step[0m[2m=[0m0 [3mdeflation[0m[2m=[0m0 [3msqueezed[0m[2m=[0mfalse [3mwindow_requests[0m[2m=[0m1
[2m2026-09-16T17:38:52.468030Z[0m [34mDEBUG[0m [2mpanoptikon::inferio::http[0m[2m:[0m processing local inference predict [3mmodel[0m[2m=[0mtags/wd-vit-tagger-v3 [3minputs[0m[2m=[0m1
[2m2026-09-16T17:38:52.468059Z[0m [34mDEBUG[0m [2mpanoptikon::inferio::http[0m[2m:[0m processing local inference predict [3mmodel[0m[2m=[0mtags/wd-vit-tagger-v3 [3minputs[0m[2m=[0m1
[2m2026-09-16T17:38:52.468085Z[0m [34mDEBUG[0m [2mpanoptikon::inferio::http[0m[2m:[0m processing local inference predict [3mmodel[0m[2m=[0mtags/wd-vit-tagger-v3 [3minputs[0m[2m=[0m1
[2m2026-09-16T17:38:52.468177Z[0m [34mDEBUG[0m [2mpanoptikon::inferio::http[0m[2m:[0m processing local inference predict [3mmodel[0m[2m=[0mtags/wd-vit-tagger-v3 [3minputs[0m[2m=[0m1
[2m2026-09-16T17:38:52.468586Z[0m [34mDEBUG[0m [2mpanoptikon::inferio::http[0m[2m:[0m processing local inference predict [3mmodel[0m[2m=[0mtags/wd-vit-tagger-v3 [3minputs[0m[2m=[0m1
[2m2026-09-16T17:38:52.468589Z[0m [34mDEBUG[0m [2mpanoptikon::inferio::http[0m[2m:[0m processing local inference predict [3mmodel[0m[2m=[0mtags/wd-vit-tagger-v3 [3minputs[0m[2m=[0m1
[2m2026-09-16T17:38:52.468676Z[0m [34mDEBUG[0m [2mpanoptikon::inferio::http[0m[2m:[0m processing local inference predict [3mmodel[0m[2m=[0mtags/wd-vit-tagger-v3 [3minputs[0m[2m=[0m1
[2m2026-09-16T17:38:52.468688Z[0m [34mDEBUG[0m [2mpanoptikon::inferio::http[0m[2m:[0m processing local inference predict [3mmodel[0m[2m=[0mtags/wd-vit-tagger-v3 [3minputs[0m[2m=[0m1
[2m2026-09-16T17:38:52.468716Z[0m [34mDEBUG[0m [2mpanoptikon::inferio::http[0m[2m:[0m processing local inference predict [3mmodel[0m[2m=[0mtags/wd-vit-tagger-v3 [3minputs[0m[2m=[0m1
[2m2026-09-16T17:38:52.468725Z[0m [34mDEBUG[0m [2mpanoptikon::inferio::http[0m[2m:[0m processing local inference predict [3mmodel[0m[2m=[0mtags/wd-vit-tagger-v3 [3minputs[0m[2m=[0m1
[2m2026-09-16T17:38:52.468999Z[0m [34mDEBUG[0m [2mpanoptikon::inferio::http[0m[2m:[0m processing local inference predict [3mmodel[0m[2m=[0mtags/wd-vit-tagger-v3 [3minputs[0m[2m=[0m1
[2m2026-09-16T17:38:52.469013Z[0m [34mDEBUG[0m [2mpanoptikon::inferio::http[0m[2m:[0m processing local inference predict [3mmodel[0m[2m=[0mtags/wd-vit-tagger-v3 [3minputs[0m[2m=[0m1
[2m2026-09-16T17:38:52.469062Z[0m [34mDEBUG[0m [2mpanoptikon::inferio::http[0m[2m:[0m processing local inference predict [3mmodel[0m[2m=[0mtags/wd-vit-tagger-v3 [3minputs[0m[2m=[0m1
[2m2026-09-16T17:38:52.469065Z[0m [34mDEBUG[0m [2mpanoptikon::inferio::http[0m[2m:[0m processing local inference predict [3mmodel[0m[2m=[0mtags/wd-vit-tagger-v3 [3minputs[0m[2m=[0m1
[2m2026-09-16T17:38:52.469231Z[0m [34mDEBUG[0m [2mpanoptikon::inferio::http[0m[2m:[0m processing local inference predict [3mmodel[0m[2m=[0mtags/wd-vit-tagger-v3 [3minputs[0m[2m=[0m1
[2m2026-09-16T17:38:52.470031Z[0m [34mDEBUG[0m [2mpanoptikon::inferio::http[0m[2m:[0m processing local inference predict [3mmodel[0m[2m=[0mtags/wd-vit-tagger-v3 [3minputs[0m[2m=[0m1
[2m2026-09-16T17:38:52.470098Z[0m [34mDEBUG[0m [2mpanoptikon::inferio::http[0m[2m:[0m processing local inference predict [3mmodel[0m[2m=[0mtags/wd-vit-tagger-v3 [3minputs[0m[2m=[0m1
[2m2026-09-16T17:38:52.470118Z[0m [34mDEBUG[0m [2mpanoptikon::inferio::http[0m[2m:[0m processing local inference predict [3mmodel[0m[2m=[0mtags/wd-vit-tagger-v3 [3minputs[0m[2m=[0m1
[2m2026-09-16T17:38:52.470150Z[0m [34mDEBUG[0m [2mpanoptikon::inferio::http[0m[2m:[0m processing local inference predict [3mmodel[0m[2m=[0mtags/wd-vit-tagger-v3 [3minputs[0m[2m=[0m1
[2m2026-09-16T17:38:52.470167Z[0m [34mDEBUG[0m [2mpanoptikon::inferio::http[0m[2m:[0m processing local inference predict [3mmodel[0m[2m=[0mtags/wd-vit-tagger-v3 [3minputs[0m[2m=[0m1
[2m2026-09-16T17:38:52.470168Z[0m [34mDEBUG[0m [2mpanoptikon::inferio::http[0m[2m:[0m processing local inference predict [3mmodel[0m[2m=[0mtags/wd-vit-tagger-v3 [3minputs[0m[2m=[0m1
[2m2026-09-16T17:38:52.470210Z[0m [34mDEBUG[0m [2mpanoptikon::inferio::http[0m[2m:[0m processing local inference predict [3mmodel[0m[2m=[0mtags/wd-vit-tagger-v3 [3minputs[0m[2m=[0m1
[2m2026-09-16T17:38:52.470638Z[0m [34mDEBUG[0m [2mpanoptikon::inferio::http[0m[2m:[0m processing local inference predict [3mmodel[0m[2m=[0mtags/wd-vit-tagger-v3 [3minputs[0m[2m=[0m1
[2m2026-09-16T17:38:52.470713Z[0m [34mDEBUG[0m [2mpanoptikon::inferio::http[0m[2m:[0m processing local inference predict [3mmodel[0m[2m=[0mtags/wd-vit-tagger-v3 [3minputs[0m[2m=[0m1
[2m2026-09-16T17:38:52.470738Z[0m [34mDEBUG[0m [2mpanoptikon::inferio::http[0m[2m:[0m processing local inference predict [3mmodel[0m[2m=[0mtags/wd-vit-tagger-v3 [3minputs[0m[2m=[0m1
[2m2026-09-16T17:38:52.470777Z[0m [34mDEBUG[0m [2mpanoptikon::inferio::http[0m[2m:[0m processing local inference predict [3mmodel[0m[2m=[0mtags/wd-vit-tagger-v3 [3minputs[0m[2m=[0m1
[2m2026-09-16T17:38:52.470790Z[0m [34mDEBUG[0m [2mpanoptikon::inferio::http[0m[2m:[0m processing local inference predict [3mmodel[0m[2m=[0mtags/wd-vit-tagger-v3 [3minputs[0m[2m=[0m1
[2m2026-09-16T17:38:52.470842Z[0m [34mDEBUG[0m [2mpanoptikon::inferio::http[0m[2m:[0m processing local inference predict [3mmodel[0m[2m=[0mtags/wd-vit-tagger-v3 [3minputs[0m[2m=[0m1
[2m2026-09-16T17:38:52.470844Z[0m [34mDEBUG[0m [2mpanoptikon::inferio::http[0m[2m:[0m processing local inference predict [3mmodel[0m[2m=[0mtags/wd-vit-tagger-v3 [3minputs[0m[2m=[0m1
[2m2026-09-16T17:38:52.470990Z[0m [34mDEBUG[0m [2mpanoptikon::inferio::http[0m[2m:[0m processing local inference predict [3mmodel[0m[2m=[0mtags/wd-vit-tagger-v3 [3minputs[0m[2m=[0m1
[2m2026-09-16T17:38:52.471012Z[0m [34mDEBUG[0m [2mpanoptikon::inferio::http[0m[2m:[0m processing local inference predict [3mmodel[0m[2m=[0mtags/wd-vit-tagger-v3 [3minputs[0m[2m=[0m1
[2m2026-09-16T17:38:52.471019Z[0m [34mDEBUG[0m [2mpanoptikon::inferio::http[0m[2m:[0m processing local inference predict [3mmodel[0m[2m=[0mtags/wd-vit-tagger-v3 [3minputs[0m[2m=[0m1
[2m2026-09-16T17:38:52.470990Z[0m [34mDEBUG[0m [2mpanoptikon::inferio::http[0m[2m:[0m processing local inference predict [3mmodel[0m[2m=[0mtags/wd-vit-tagger-v3 [3minputs[0m[2m=[0m1
[2m2026-09-16T17:38:52.470993Z[0m [34mDEBUG[0m [2mpanoptikon::inferio::http[0m[2m:[0m processing local inference predict [3mmodel[0m[2m=[0mtags/wd-vit-tagger-v3 [3minputs[0m[2m=[0m1
[2m2026-09-16T17:38:52.471131Z[0m [34mDEBUG[0m [2mpanoptikon::inferio::http[0m[2m:[0m processing local inference predict [3mmodel[0m[2m=[0mtags/wd-vit-tagger-v3 [3minputs[0m[2m=[0m1
[2m2026-09-16T17:38:52.472645Z[0m [34mDEBUG[0m [2mpanoptikon::inferio::http[0m[2m:[0m processing local inference predict [3mmodel[0m[2m=[0mtags/wd-vit-tagger-v3 [3minputs[0m[2m=[0m1
[2m2026-09-16T17:38:52.472663Z[0m [34mDEBUG[0m [2mpanoptikon::inferio::http[0m[2m:[0m processing local inference predict [3mmodel[0m[2m=[0mtags/wd-vit-tagger-v3 [3minputs[0m[2m=[0m1
[2m2026-09-16T17:38:52.472665Z[0m [34mDEBUG[0m [2mpanoptikon::inferio::http[0m[2m:[0m processing local inference predict [3mmodel[0m[2m=[0mtags/wd-vit-tagger-v3 [3minputs[0m[2m=[0m1
[2m2026-09-16T17:38:52.472732Z[0m [34mDEBUG[0m [2mpanoptikon::inferio::http[0m[2m:[0m processing local inference predict [3mmodel[0m[2m=[0mtags/wd-vit-tagger-v3 [3minputs[0m[2m=[0m1
[2m2026-09-16T17:38:52.472647Z[0m [34mDEBUG[0m [2mpanoptikon::inferio::http[0m[2m:[0m processing local inference predict [3mmodel[0m[2m=[0mtags/wd-vit-tagger-v3 [3minputs[0m[2m=[0m1
[2m2026-09-16T17:38:52.472706Z[0m [34mDEBUG[0m [2mpanoptikon::inferio::http[0m[2m:[0m processing local inference predict [3mmodel[0m[2m=[0mtags/wd-vit-tagger-v3 [3minputs[0m[2m=[0m1
[2m2026-09-16T17:38:52.472700Z[0m [34mDEBUG[0m [2mpanoptikon::inferio::http[0m[2m:[0m processing local inference predict [3mmodel[0m[2m=[0mtags/wd-vit-tagger-v3 [3minputs[0m[2m=[0m1
[2m2026-09-16T17:38:52.472927Z[0m [34mDEBUG[0m [2mpanoptikon::inferio::http[0m[2m:[0m processing local inference predict [3mmodel[0m[2m=[0mtags/wd-vit-tagger-v3 [3minputs[0m[2m=[0m1
[2m2026-09-16T17:38:52.472932Z[0m [34mDEBUG[0m [2mpanoptikon::inferio::http[0m[2m:[0m processing local inference predict [3mmodel[0m[2m=[0mtags/wd-vit-tagger-v3 [3minputs[0m[2m=[0m1
[2m2026-09-16T17:38:52.472933Z[0m [34mDEBUG[0m [2mpanoptikon::inferio::http[0m[2m:[0m processing local inference predict [3mmodel[0m[2m=[0mtags/wd-vit-tagger-v3 [3minputs[0m[2m=[0m1
[2m2026-09-16T17:38:52.472952Z[0m [34mDEBUG[0m [2mpanoptikon::inferio::http[0m[2m:[0m processing local inference predict [3mmodel[0m[2m=[0mtags/wd-vit-tagger-v3 [3minputs[0m[2m=[0m1
[2m2026-09-16T17:38:52.473043Z[0m [34mDEBUG[0m [2mpanoptikon::inferio::http[0m[2m:[0m processing local inference predict [3mmodel[0m[2m=[0mtags/wd-vit-tagger-v3 [3minputs[0m[2m=[0m1
[2m2026-09-16T17:38:52.473300Z[0m [34mDEBUG[0m [2mpanoptikon::inferio::http[0m[2m:[0m processing local inference predict [3mmodel[0m[2m=[0mtags/wd-vit-tagger-v3 [3minputs[0m[2m=[0m1
[2m2026-09-16T17:38:52.473305Z[0m [34mDEBUG[0m [2mpanoptikon::inferio::http[0m[2m:[0m processing local inference predict [3mmodel[0m[2m=[0mtags/wd-vit-tagger-v3 [3minputs[0m[2m=[0m1
[2m2026-09-16T17:38:52.473343Z[0m [34mDEBUG[0m [2mpanoptikon::inferio::http[0m[2m:[0m processing local inference predict [3mmodel[0m[2m=[0mtags/wd-vit-tagger-v3 [3minputs[0m[2m=[0m1
[2m2026-09-16T17:38:52.473360Z[0m [34mDEBUG[0m [2mpanoptikon::inferio::http[0m[2m:[0m processing local inference predict [3mmodel[0m[2m=[0mtags/wd-vit-tagger-v3 [3minputs[0m[2m=[0m1
[2m2026-09-16T17:38:52.473375Z[0m [34mDEBUG[0m [2mpanoptikon::inferio::http[0m[2m:[0m processing local inference predict [3mmodel[0m[2m=[0mtags/wd-vit-tagger-v3 [3minputs[0m[2m=[0m1
[2m2026-09-16T17:38:52.473360Z[0m [34mDEBUG[0m [2mpanoptikon::inferio::http[0m[2m:[0m processing local inference predict [3mmodel[0m[2m=[0mtags/wd-vit-tagger-v3 [3minputs[0m[2m=[0m1
[2m2026-09-16T17:38:52.473519Z[0m [34mDEBUG[0m [2mpanoptikon::inferio::http[0m[2m:[0m processing local inference predict [3mmodel[0m[2m=[0mtags/wd-vit-tagger-v3 [3minputs[0m[2m=[0m1
[2m2026-09-16T17:38:52.473587Z[0m [34mDEBUG[0m [2mpanoptikon::inferio::http[0m[2m:[0m processing local inference predict [3mmodel[0m[2m=[0mtags/wd-vit-tagger-v3 [3minputs[0m[2m=[0m1
[2m2026-09-16T17:38:52.473689Z[0m [34mDEBUG[0m [2mpanoptikon::inferio::http[0m[2m:[0m processing local inference predict [3mmodel[0m[2m=[0mtags/wd-vit-tagger-v3 [3minputs[0m[2m=[0m1
[2m2026-09-16T17:38:52.473694Z[0m [34mDEBUG[0m [2mpanoptikon::inferio::http[0m[2m:[0m processing local inference predict [3mmodel[0m[2m=[0mtags/wd-vit-tagger-v3 [3minputs[0m[2m=[0m1
[2m2026-09-16T17:38:52.473756Z[0m [34mDEBUG[0m [2mpanoptikon::inferio::http[0m[2m:[0m processing local inference predict [3mmodel[0m[2m=[0mtags/wd-vit-tagger-v3 [3minputs[0m[2m=[0m1
[2m2026-09-16T17:38:52.473764Z[0m [34mDEBUG[0m [2mpanoptikon::inferio::http[0m[2m:[0m processing local inference predict [3mmodel[0m[2m=[0mtags/wd-vit-tagger-v3 [3minputs[0m[2m=[0m1
[2m2026-09-16T17:38:52.473945Z[0m [34mDEBUG[0m [2mpanoptikon::inferio::http[0m[2m:[0m processing local inference predict [3mmodel[0m[2m=[0mtags/wd-vit-tagger-v3 [3minputs[0m[2m=[0m1
[2m2026-09-16T17:38:52.473949Z[0m [34mDEBUG[0m [2mpanoptikon::inferio::http[0m[2m:[0m processing local inference predict [3mmodel[0m[2m=[0mtags/wd-vit-tagger-v3 [3minputs[0m[2m=[0m1
[2m2026-09-16T17:38:52.473960Z[0m [34mDEBUG[0m [2mpanoptikon::inferio::http[0m[2m:[0m processing local inference predict [3mmodel[0m[2m=[0mtags/wd-vit-tagger-v3 [3minputs[0m[2m=[0m1
[2m2026-09-16T17:38:52.473969Z[0m [34mDEBUG[0m [2mpanoptikon::inferio::http[0m[2m:[0m processing local inference predict [3mmodel[0m[2m=[0mtags/wd-vit-tagger-v3 [3minputs[0m[2m=[0m1
[2m2026-09-16T17:38:52.478984Z[0m [32m INFO[0m [2mpanoptikon::inferio::worker[0m[2m:[0m 2026-09-16 19:38:52,478 [DEBUG] inferio_worker_impl_0_wd_tagger: Running inference on 1 images [3mworker[0m[2m=[0mwd_tagger
[2m2026-09-16T17:38:53.246437Z[0m [34mDEBUG[0m [2mpanoptikon::inferio::ledger[0m[2m:[0m queued a calibration profile update for the store [3mmodel[0m[2m=[0mtags/wd-vit-tagger-v3 [3mgpu[0m[2m=[0mGPU-MPS [3mreason[0m[2m=[0m"anchor_advanced" [3mmax_units_measured[0m[2m=[0m0 [3mfit_version[0m[2m=[0m0
[2m2026-09-16T17:38:53.246464Z[0m [34mDEBUG[0m [2mpanoptikon::inferio::ledger[0m[2m:[0m settled a granted window [3mmodel[0m[2m=[0mtags/wd-vit-tagger-v3 [3mgpu[0m[2m=[0mGPU-MPS [3moutcome[0m[2m=[0m"clean" [3mfit_samples[0m[2m=[0m1 [3mthroughput_samples[0m[2m=[0m0 [3mclamped_samples[0m[2m=[0m0 [3mclamped[0m[2m=[0mnone [3mramp_step[0m[2m=[0m0 [3mdeflation[0m[2m=[0m0 [3mclean_windows[0m[2m=[0m1 [3mmax_units_measured[0m[2m=[0m1
[2m2026-09-16T17:38:53.246506Z[0m [34mDEBUG[0m [2mpanoptikon::inferio::ledger[0m[2m:[0m issued a memory grant [3mmodel[0m[2m=[0mtags/wd-vit-tagger-v3 [3mgpu[0m[2m=[0mGPU-MPS [3munit_budget[0m[2m=[0m2 [3mmb[0m[2m=[0m103685 [3mcanvas_pixels[0m[2m=[0mnone [3mshare_mb[0m[2m=[0m103685 [3mroom_mb[0m[2m=[0m103685 [3mheadroom_mb[0m[2m=[0m103613 [3mexternal_mb[0m[2m=[0m24979 [3mreserve_mb[0m[2m=[0m1024 [3mreserve_rule[0m[2m=[0m"capped_default" [3mpre_fit[0m[2m=[0mtrue [3mramp_step[0m[2m=[0m0 [3mdeflation[0m[2m=[0m0 [3msqueezed[0m[2m=[0mfalse [3mwindow_requests[0m[2m=[0m6
[2m2026-09-16T17:38:53.246971Z[0m [34mDEBUG[0m [2mpanoptikon::inferio::http[0m[2m:[0m processing local inference predict [3mmodel[0m[2m=[0mtags/wd-vit-tagger-v3 [3minputs[0m[2m=[0m1
[2m2026-09-16T17:38:53.248476Z[0m [34mDEBUG[0m [2mpanoptikon::inferio::http[0m[2m:[0m processing local inference predict [3mmodel[0m[2m=[0mtags/wd-vit-tagger-v3 [3minputs[0m[2m=[0m1
[2m2026-09-16T17:38:53.248754Z[0m [34mDEBUG[0m [2mpanoptikon::inferio::http[0m[2m:[0m processing local inference predict [3mmodel[0m[2m=[0mtags/wd-vit-tagger-v3 [3minputs[0m[2m=[0m1
[2m2026-09-16T17:38:53.248805Z[0m [34mDEBUG[0m [2mpanoptikon::inferio::http[0m[2m:[0m processing local inference predict [3mmodel[0m[2m=[0mtags/wd-vit-tagger-v3 [3minputs[0m[2m=[0m1
[2m2026-09-16T17:38:53.248851Z[0m [34mDEBUG[0m [2mpanoptikon::inferio::http[0m[2m:[0m processing local inference predict [3mmodel[0m[2m=[0mtags/wd-vit-tagger-v3 [3minputs[0m[2m=[0m1
[2m2026-09-16T17:38:53.248910Z[0m [34mDEBUG[0m [2mpanoptikon::inferio::http[0m[2m:[0m processing local inference predict [3mmodel[0m[2m=[0mtags/wd-vit-tagger-v3 [3minputs[0m[2m=[0m1
[2m2026-09-16T17:38:53.248987Z[0m [34mDEBUG[0m [2mpanoptikon::inferio::http[0m[2m:[0m processing local inference predict [3mmodel[0m[2m=[0mtags/wd-vit-tagger-v3 [3minputs[0m[2m=[0m1
[2m2026-09-16T17:38:53.249168Z[0m [34mDEBUG[0m [2mpanoptikon::inferio::http[0m[2m:[0m processing local inference predict [3mmodel[0m[2m=[0mtags/wd-vit-tagger-v3 [3minputs[0m[2m=[0m1
[2m2026-09-16T17:38:53.249686Z[0m [34mDEBUG[0m [2mpanoptikon::inferio::http[0m[2m:[0m processing local inference predict [3mmodel[0m[2m=[0mtags/wd-vit-tagger-v3 [3minputs[0m[2m=[0m1
[2m2026-09-16T17:38:53.252459Z[0m [32m INFO[0m [2mpanoptikon::inferio::worker[0m[2m:[0m 2026-09-16 19:38:53,250 [DEBUG] inferio_worker_impl_0_wd_tagger: Running inference on 2 images [3mworker[0m[2m=[0mwd_tagger
[2m2026-09-16T17:38:53.249764Z[0m [34mDEBUG[0m [2mpanoptikon::inferio::http[0m[2m:[0m processing local inference predict [3mmodel[0m[2m=[0mtags/wd-vit-tagger-v3 [3minputs[0m[2m=[0m1
[2m2026-09-16T17:38:53.249798Z[0m [34mDEBUG[0m [2mpanoptikon::inferio::http[0m[2m:[0m processing local inference predict [3mmodel[0m[2m=[0mtags/wd-vit-tagger-v3 [3minputs[0m[2m=[0m1
[2m2026-09-16T17:38:53.249814Z[0m [34mDEBUG[0m [2mpanoptikon::inferio::http[0m[2m:[0m processing local inference predict [3mmodel[0m[2m=[0mtags/wd-vit-tagger-v3 [3minputs[0m[2m=[0m1
[2m2026-09-16T17:38:53.249870Z[0m [34mDEBUG[0m [2mpanoptikon::inferio::http[0m[2m:[0m processing local inference predict [3mmodel[0m[2m=[0mtags/wd-vit-tagger-v3 [3minputs[0m[2m=[0m1
[2m2026-09-16T17:38:53.249897Z[0m [34mDEBUG[0m [2mpanoptikon::inferio::http[0m[2m:[0m processing local inference predict [3mmodel[0m[2m=[0mtags/wd-vit-tagger-v3 [3minputs[0m[2m=[0m1
[2m2026-09-16T17:38:53.249965Z[0m [34mDEBUG[0m [2mpanoptikon::inferio::http[0m[2m:[0m processing local inference predict [3mmodel[0m[2m=[0mtags/wd-vit-tagger-v3 [3minputs[0m[2m=[0m1
[2m2026-09-16T17:38:53.250316Z[0m [34mDEBUG[0m [2mpanoptikon::inferio::http[0m[2m:[0m processing local inference predict [3mmodel[0m[2m=[0mtags/wd-vit-tagger-v3 [3minputs[0m[2m=[0m1
[2m2026-09-16T17:38:53.252293Z[0m [34mDEBUG[0m [2mpanoptikon::inferio::http[0m[2m:[0m processing local inference predict [3mmodel[0m[2m=[0mtags/wd-vit-tagger-v3 [3minputs[0m[2m=[0m1
[2m2026-09-16T17:38:53.249697Z[0m [34mDEBUG[0m [2mpanoptikon::inferio::http[0m[2m:[0m processing local inference predict [3mmodel[0m[2m=[0mtags/wd-vit-tagger-v3 [3minputs[0m[2m=[0m1
[2m2026-09-16T17:38:53.252688Z[0m [34mDEBUG[0m [2mpanoptikon::inferio::http[0m[2m:[0m processing local inference predict [3mmodel[0m[2m=[0mtags/wd-vit-tagger-v3 [3minputs[0m[2m=[0m1
[2m2026-09-16T17:38:53.252705Z[0m [34mDEBUG[0m [2mpanoptikon::inferio::http[0m[2m:[0m processing local inference predict [3mmodel[0m[2m=[0mtags/wd-vit-tagger-v3 [3minputs[0m[2m=[0m1
[2m2026-09-16T17:38:53.252943Z[0m [34mDEBUG[0m [2mpanoptikon::inferio::http[0m[2m:[0m processing local inference predict [3mmodel[0m[2m=[0mtags/wd-vit-tagger-v3 [3minputs[0m[2m=[0m1
[2m2026-09-16T17:38:53.252948Z[0m [34mDEBUG[0m [2mpanoptikon::inferio::http[0m[2m:[0m processing local inference predict [3mmodel[0m[2m=[0mtags/wd-vit-tagger-v3 [3minputs[0m[2m=[0m1
[2m2026-09-16T17:38:53.252972Z[0m [34mDEBUG[0m [2mpanoptikon::inferio::http[0m[2m:[0m processing local inference predict [3mmodel[0m[2m=[0mtags/wd-vit-tagger-v3 [3minputs[0m[2m=[0m1
[2m2026-09-16T17:38:53.252990Z[0m [34mDEBUG[0m [2mpanoptikon::inferio::http[0m[2m:[0m processing local inference predict [3mmodel[0m[2m=[0mtags/wd-vit-tagger-v3 [3minputs[0m[2m=[0m1
[2m2026-09-16T17:38:53.252997Z[0m [34mDEBUG[0m [2mpanoptikon::inferio::http[0m[2m:[0m processing local inference predict [3mmodel[0m[2m=[0mtags/wd-vit-tagger-v3 [3minputs[0m[2m=[0m1
[2m2026-09-16T17:38:53.252997Z[0m [34mDEBUG[0m [2mpanoptikon::inferio::http[0m[2m:[0m processing local inference predict [3mmodel[0m[2m=[0mtags/wd-vit-tagger-v3 [3minputs[0m[2m=[0m1
[2m2026-09-16T17:38:53.258083Z[0m [34mDEBUG[0m [2mpanoptikon::inferio::http[0m[2m:[0m processing local inference predict [3mmodel[0m[2m=[0mtags/wd-vit-tagger-v3 [3minputs[0m[2m=[0m1
[2m2026-09-16T17:38:53.258093Z[0m [34mDEBUG[0m [2mpanoptikon::inferio::http[0m[2m:[0m processing local inference predict [3mmodel[0m[2m=[0mtags/wd-vit-tagger-v3 [3minputs[0m[2m=[0m1
[2m2026-09-16T17:38:53.253005Z[0m [34mDEBUG[0m [2mpanoptikon::inferio::http[0m[2m:[0m processing local inference predict [3mmodel[0m[2m=[0mtags/wd-vit-tagger-v3 [3minputs[0m[2m=[0m1
[2m2026-09-16T17:38:53.253017Z[0m [34mDEBUG[0m [2mpanoptikon::inferio::http[0m[2m:[0m processing local inference predict [3mmodel[0m[2m=[0mtags/wd-vit-tagger-v3 [3minputs[0m[2m=[0m1
[2m2026-09-16T17:38:53.258128Z[0m [34mDEBUG[0m [2mpanoptikon::inferio::http[0m[2m:[0m processing local inference predict [3mmodel[0m[2m=[0mtags/wd-vit-tagger-v3 [3minputs[0m[2m=[0m1
[2m2026-09-16T17:38:53.253129Z[0m [34mDEBUG[0m [2mpanoptikon::inferio::http[0m[2m:[0m processing local inference predict [3mmodel[0m[2m=[0mtags/wd-vit-tagger-v3 [3minputs[0m[2m=[0m1
[2m2026-09-16T17:38:53.258146Z[0m [34mDEBUG[0m [2mpanoptikon::inferio::http[0m[2m:[0m processing local inference predict [3mmodel[0m[2m=[0mtags/wd-vit-tagger-v3 [3minputs[0m[2m=[0m1
[2m2026-09-16T17:38:53.258151Z[0m [34mDEBUG[0m [2mpanoptikon::inferio::http[0m[2m:[0m processing local inference predict [3mmodel[0m[2m=[0mtags/wd-vit-tagger-v3 [3minputs[0m[2m=[0m1
[2m2026-09-16T17:38:53.253716Z[0m [34mDEBUG[0m [2mpanoptikon::inferio::http[0m[2m:[0m processing local inference predict [3mmodel[0m[2m=[0mtags/wd-vit-tagger-v3 [3minputs[0m[2m=[0m1
[2m2026-09-16T17:38:53.253971Z[0m [34mDEBUG[0m [2mpanoptikon::inferio::http[0m[2m:[0m processing local inference predict [3mmodel[0m[2m=[0mtags/wd-vit-tagger-v3 [3minputs[0m[2m=[0m1
[2m2026-09-16T17:38:53.257975Z[0m [32m INFO[0m [2mpanoptikon::inferio::calibration[0m[2m:[0m wrote the local calibration store [3mpath[0m[2m=[0mdata/inferio/calibration.toml [3mprofiles[0m[2m=[0m1
[2m2026-09-16T17:38:53.258236Z[0m [34mDEBUG[0m [2mpanoptikon::inferio::http[0m[2m:[0m processing local inference predict [3mmodel[0m[2m=[0mtags/wd-vit-tagger-v3 [3minputs[0m[2m=[0m1
[2m2026-09-16T17:38:53.258047Z[0m [34mDEBUG[0m [2mpanoptikon::inferio::http[0m[2m:[0m processing local inference predict [3mmodel[0m[2m=[0mtags/wd-vit-tagger-v3 [3minputs[0m[2m=[0m1
[2m2026-09-16T17:38:53.258260Z[0m [34mDEBUG[0m [2mpanoptikon::inferio::http[0m[2m:[0m processing local inference predict [3mmodel[0m[2m=[0mtags/wd-vit-tagger-v3 [3minputs[0m[2m=[0m1
[2m2026-09-16T17:38:53.258048Z[0m [34mDEBUG[0m [2mpanoptikon::inferio::http[0m[2m:[0m processing local inference predict [3mmodel[0m[2m=[0mtags/wd-vit-tagger-v3 [3minputs[0m[2m=[0m1
[2m2026-09-16T17:38:53.253041Z[0m [34mDEBUG[0m [2mpanoptikon::inferio::http[0m[2m:[0m processing local inference predict [3mmodel[0m[2m=[0mtags/wd-vit-tagger-v3 [3minputs[0m[2m=[0m1
[2m2026-09-16T17:38:53.258116Z[0m [34mDEBUG[0m [2mpanoptikon::inferio::http[0m[2m:[0m processing local inference predict [3mmodel[0m[2m=[0mtags/wd-vit-tagger-v3 [3minputs[0m[2m=[0m1
[2m2026-09-16T17:38:53.258306Z[0m [34mDEBUG[0m [2mpanoptikon::inferio::http[0m[2m:[0m processing local inference predict [3mmodel[0m[2m=[0mtags/wd-vit-tagger-v3 [3minputs[0m[2m=[0m1
[2m2026-09-16T17:38:53.253061Z[0m [34mDEBUG[0m [2mpanoptikon::inferio::http[0m[2m:[0m processing local inference predict [3mmodel[0m[2m=[0mtags/wd-vit-tagger-v3 [3minputs[0m[2m=[0m1
[2m2026-09-16T17:38:53.253133Z[0m [34mDEBUG[0m [2mpanoptikon::inferio::http[0m[2m:[0m processing local inference predict [3mmodel[0m[2m=[0mtags/wd-vit-tagger-v3 [3minputs[0m[2m=[0m1
[2m2026-09-16T17:38:53.258177Z[0m [34mDEBUG[0m [2mpanoptikon::inferio::http[0m[2m:[0m processing local inference predict [3mmodel[0m[2m=[0mtags/wd-vit-tagger-v3 [3minputs[0m[2m=[0m1
[2m2026-09-16T17:38:53.258180Z[0m [34mDEBUG[0m [2mpanoptikon::inferio::http[0m[2m:[0m processing local inference predict [3mmodel[0m[2m=[0mtags/wd-vit-tagger-v3 [3minputs[0m[2m=[0m1
[2m2026-09-16T17:38:53.258212Z[0m [34mDEBUG[0m [2mpanoptikon::inferio::http[0m[2m:[0m processing local inference predict [3mmodel[0m[2m=[0mtags/wd-vit-tagger-v3 [3minputs[0m[2m=[0m1
[2m2026-09-16T17:38:53.258238Z[0m [34mDEBUG[0m [2mpanoptikon::inferio::http[0m[2m:[0m processing local inference predict [3mmodel[0m[2m=[0mtags/wd-vit-tagger-v3 [3minputs[0m[2m=[0m1
[2m2026-09-16T17:38:53.258016Z[0m [34mDEBUG[0m [2mpanoptikon::inferio::http[0m[2m:[0m processing local inference predict [3mmodel[0m[2m=[0mtags/wd-vit-tagger-v3 [3minputs[0m[2m=[0m1
[2m2026-09-16T17:38:53.252998Z[0m [34mDEBUG[0m [2mpanoptikon::inferio::http[0m[2m:[0m processing local inference predict [3mmodel[0m[2m=[0mtags/wd-vit-tagger-v3 [3minputs[0m[2m=[0m1
[2m2026-09-16T17:38:53.258277Z[0m [34mDEBUG[0m [2mpanoptikon::inferio::http[0m[2m:[0m processing local inference predict [3mmodel[0m[2m=[0mtags/wd-vit-tagger-v3 [3minputs[0m[2m=[0m1
[2m2026-09-16T17:38:53.258299Z[0m [34mDEBUG[0m [2mpanoptikon::inferio::http[0m[2m:[0m processing local inference predict [3mmodel[0m[2m=[0mtags/wd-vit-tagger-v3 [3minputs[0m[2m=[0m1
[2m2026-09-16T17:38:53.258313Z[0m [34mDEBUG[0m [2mpanoptikon::inferio::http[0m[2m:[0m processing local inference predict [3mmodel[0m[2m=[0mtags/wd-vit-tagger-v3 [3minputs[0m[2m=[0m1
[2m2026-09-16T17:38:53.253846Z[0m [34mDEBUG[0m [2mpanoptikon::inferio::http[0m[2m:[0m processing local inference predict [3mmodel[0m[2m=[0mtags/wd-vit-tagger-v3 [3minputs[0m[2m=[0m1
[2m2026-09-16T17:38:53.258612Z[0m [34mDEBUG[0m [2mpanoptikon::inferio::http[0m[2m:[0m processing local inference predict [3mmodel[0m[2m=[0mtags/wd-vit-tagger-v3 [3minputs[0m[2m=[0m1
[2m2026-09-16T17:38:53.258615Z[0m [34mDEBUG[0m [2mpanoptikon::inferio::http[0m[2m:[0m processing local inference predict [3mmodel[0m[2m=[0mtags/wd-vit-tagger-v3 [3minputs[0m[2m=[0m1
[2m2026-09-16T17:38:53.258731Z[0m [34mDEBUG[0m [2mpanoptikon::inferio::http[0m[2m:[0m processing local inference predict [3mmodel[0m[2m=[0mtags/wd-vit-tagger-v3 [3minputs[0m[2m=[0m1
[2m2026-09-16T17:38:53.258754Z[0m [34mDEBUG[0m [2mpanoptikon::inferio::http[0m[2m:[0m processing local inference predict [3mmodel[0m[2m=[0mtags/wd-vit-tagger-v3 [3minputs[0m[2m=[0m1
[2m2026-09-16T17:38:53.258806Z[0m [34mDEBUG[0m [2mpanoptikon::inferio::http[0m[2m:[0m processing local inference predict [3mmodel[0m[2m=[0mtags/wd-vit-tagger-v3 [3minputs[0m[2m=[0m1
[2m2026-09-16T17:38:53.259042Z[0m [34mDEBUG[0m [2mpanoptikon::inferio::http[0m[2m:[0m processing local inference predict [3mmodel[0m[2m=[0mtags/wd-vit-tagger-v3 [3minputs[0m[2m=[0m1
[2m2026-09-16T17:38:53.259078Z[0m [34mDEBUG[0m [2mpanoptikon::inferio::http[0m[2m:[0m processing local inference predict [3mmodel[0m[2m=[0mtags/wd-vit-tagger-v3 [3minputs[0m[2m=[0m1
[2m2026-09-16T17:38:53.259123Z[0m [34mDEBUG[0m [2mpanoptikon::inferio::http[0m[2m:[0m processing local inference predict [3mmodel[0m[2m=[0mtags/wd-vit-tagger-v3 [3minputs[0m[2m=[0m1
[2m2026-09-16T17:38:53.259149Z[0m [34mDEBUG[0m [2mpanoptikon::inferio::http[0m[2m:[0m processing local inference predict [3mmodel[0m[2m=[0mtags/wd-vit-tagger-v3 [3minputs[0m[2m=[0m1
[2m2026-09-16T17:38:53.259173Z[0m [34mDEBUG[0m [2mpanoptikon::inferio::http[0m[2m:[0m processing local inference predict [3mmodel[0m[2m=[0mtags/wd-vit-tagger-v3 [3minputs[0m[2m=[0m1
[2m2026-09-16T17:38:53.259210Z[0m [34mDEBUG[0m [2mpanoptikon::inferio::http[0m[2m:[0m processing local inference predict [3mmodel[0m[2m=[0mtags/wd-vit-tagger-v3 [3minputs[0m[2m=[0m1
[2m2026-09-16T17:38:53.259240Z[0m [34mDEBUG[0m [2mpanoptikon::inferio::http[0m[2m:[0m processing local inference predict [3mmodel[0m[2m=[0mtags/wd-vit-tagger-v3 [3minputs[0m[2m=[0m1
[2m2026-09-16T17:38:53.259287Z[0m [34mDEBUG[0m [2mpanoptikon::inferio::http[0m[2m:[0m processing local inference predict [3mmodel[0m[2m=[0mtags/wd-vit-tagger-v3 [3minputs[0m[2m=[0m1
[2m2026-09-16T17:38:53.259441Z[0m [34mDEBUG[0m [2mpanoptikon::inferio::http[0m[2m:[0m processing local inference predict [3mmodel[0m[2m=[0mtags/wd-vit-tagger-v3 [3minputs[0m[2m=[0m1
[2m2026-09-16T17:38:53.259586Z[0m [34mDEBUG[0m [2mpanoptikon::inferio::http[0m[2m:[0m processing local inference predict [3mmodel[0m[2m=[0mtags/wd-vit-tagger-v3 [3minputs[0m[2m=[0m1
[2m2026-09-16T17:38:53.259687Z[0m [34mDEBUG[0m [2mpanoptikon::inferio::http[0m[2m:[0m processing local inference predict [3mmodel[0m[2m=[0mtags/wd-vit-tagger-v3 [3minputs[0m[2m=[0m1
[2m2026-09-16T17:38:53.259704Z[0m [34mDEBUG[0m [2mpanoptikon::inferio::http[0m[2m:[0m processing local inference predict [3mmodel[0m[2m=[0mtags/wd-vit-tagger-v3 [3minputs[0m[2m=[0m1
[2m2026-09-16T17:38:53.259733Z[0m [34mDEBUG[0m [2mpanoptikon::inferio::http[0m[2m:[0m processing local inference predict [3mmodel[0m[2m=[0mtags/wd-vit-tagger-v3 [3minputs[0m[2m=[0m1
[2m2026-09-16T17:38:53.259754Z[0m [34mDEBUG[0m [2mpanoptikon::inferio::http[0m[2m:[0m processing local inference predict [3mmodel[0m[2m=[0mtags/wd-vit-tagger-v3 [3minputs[0m[2m=[0m1
[2m2026-09-16T17:38:53.259828Z[0m [34mDEBUG[0m [2mpanoptikon::inferio::http[0m[2m:[0m processing local inference predict [3mmodel[0m[2m=[0mtags/wd-vit-tagger-v3 [3minputs[0m[2m=[0m1
[2m2026-09-16T17:38:53.259828Z[0m [34mDEBUG[0m [2mpanoptikon::inferio::http[0m[2m:[0m processing local inference predict [3mmodel[0m[2m=[0mtags/wd-vit-tagger-v3 [3minputs[0m[2m=[0m1
[2m2026-09-16T17:38:53.259849Z[0m [34mDEBUG[0m [2mpanoptikon::inferio::http[0m[2m:[0m processing local inference predict [3mmodel[0m[2m=[0mtags/wd-vit-tagger-v3 [3minputs[0m[2m=[0m1
[2m2026-09-16T17:38:53.259830Z[0m [34mDEBUG[0m [2mpanoptikon::inferio::http[0m[2m:[0m processing local inference predict [3mmodel[0m[2m=[0mtags/wd-vit-tagger-v3 [3minputs[0m[2m=[0m1
[2m2026-09-16T17:38:53.259870Z[0m [34mDEBUG[0m [2mpanoptikon::inferio::http[0m[2m:[0m processing local inference predict [3mmodel[0m[2m=[0mtags/wd-vit-tagger-v3 [3minputs[0m[2m=[0m1
[2m2026-09-16T17:38:53.259885Z[0m [34mDEBUG[0m [2mpanoptikon::inferio::http[0m[2m:[0m processing local inference predict [3mmodel[0m[2m=[0mtags/wd-vit-tagger-v3 [3minputs[0m[2m=[0m1
[2m2026-09-16T17:38:53.259894Z[0m [34mDEBUG[0m [2mpanoptikon::inferio::http[0m[2m:[0m processing local inference predict [3mmodel[0m[2m=[0mtags/wd-vit-tagger-v3 [3minputs[0m[2m=[0m1
[2m2026-09-16T17:38:53.259892Z[0m [34mDEBUG[0m [2mpanoptikon::inferio::http[0m[2m:[0m processing local inference predict [3mmodel[0m[2m=[0mtags/wd-vit-tagger-v3 [3minputs[0m[2m=[0m1
[2m2026-09-16T17:38:53.260010Z[0m [34mDEBUG[0m [2mpanoptikon::inferio::http[0m[2m:[0m processing local inference predict [3mmodel[0m[2m=[0mtags/wd-vit-tagger-v3 [3minputs[0m[2m=[0m1
[2m2026-09-16T17:38:53.260405Z[0m [34mDEBUG[0m [2mpanoptikon::inferio::http[0m[2m:[0m processing local inference predict [3mmodel[0m[2m=[0mtags/wd-vit-tagger-v3 [3minputs[0m[2m=[0m1
[2m2026-09-16T17:38:53.261713Z[0m [34mDEBUG[0m [2mpanoptikon::inferio::http[0m[2m:[0m processing local inference predict [3mmodel[0m[2m=[0mtags/wd-vit-tagger-v3 [3minputs[0m[2m=[0m1
[2m2026-09-16T17:38:53.261893Z[0m [34mDEBUG[0m [2mpanoptikon::inferio::http[0m[2m:[0m processing local inference predict [3mmodel[0m[2m=[0mtags/wd-vit-tagger-v3 [3minputs[0m[2m=[0m1
[2m2026-09-16T17:38:53.261985Z[0m [34mDEBUG[0m [2mpanoptikon::inferio::http[0m[2m:[0m processing local inference predict [3mmodel[0m[2m=[0mtags/wd-vit-tagger-v3 [3minputs[0m[2m=[0m1
[2m2026-09-16T17:38:53.262026Z[0m [34mDEBUG[0m [2mpanoptikon::inferio::http[0m[2m:[0m processing local inference predict [3mmodel[0m[2m=[0mtags/wd-vit-tagger-v3 [3minputs[0m[2m=[0m1
[2m2026-09-16T17:38:53.262029Z[0m [34mDEBUG[0m [2mpanoptikon::inferio::http[0m[2m:[0m processing local inference predict [3mmodel[0m[2m=[0mtags/wd-vit-tagger-v3 [3minputs[0m[2m=[0m1
[2m2026-09-16T17:38:53.262049Z[0m [34mDEBUG[0m [2mpanoptikon::inferio::http[0m[2m:[0m processing local inference predict [3mmodel[0m[2m=[0mtags/wd-vit-tagger-v3 [3minputs[0m[2m=[0m1
[2m2026-09-16T17:38:53.262109Z[0m [34mDEBUG[0m [2mpanoptikon::inferio::http[0m[2m:[0m processing local inference predict [3mmodel[0m[2m=[0mtags/wd-vit-tagger-v3 [3minputs[0m[2m=[0m1
[2m2026-09-16T17:38:53.262212Z[0m [34mDEBUG[0m [2mpanoptikon::inferio::http[0m[2m:[0m processing local inference predict [3mmodel[0m[2m=[0mtags/wd-vit-tagger-v3 [3minputs[0m[2m=[0m1
[2m2026-09-16T17:38:53.262237Z[0m [34mDEBUG[0m [2mpanoptikon::inferio::http[0m[2m:[0m processing local inference predict [3mmodel[0m[2m=[0mtags/wd-vit-tagger-v3 [3minputs[0m[2m=[0m1
[2m2026-09-16T17:38:53.262263Z[0m [34mDEBUG[0m [2mpanoptikon::inferio::http[0m[2m:[0m processing local inference predict [3mmodel[0m[2m=[0mtags/wd-vit-tagger-v3 [3minputs[0m[2m=[0m1
[2m2026-09-16T17:38:53.262219Z[0m [34mDEBUG[0m [2mpanoptikon::inferio::http[0m[2m:[0m processing local inference predict [3mmodel[0m[2m=[0mtags/wd-vit-tagger-v3 [3minputs[0m[2m=[0m1
[2m2026-09-16T17:38:53.262217Z[0m [34mDEBUG[0m [2mpanoptikon::inferio::http[0m[2m:[0m processing local inference predict [3mmodel[0m[2m=[0mtags/wd-vit-tagger-v3 [3minputs[0m[2m=[0m1
[2m2026-09-16T17:38:53.262240Z[0m [34mDEBUG[0m [2mpanoptikon::inferio::http[0m[2m:[0m processing local inference predict [3mmodel[0m[2m=[0mtags/wd-vit-tagger-v3 [3minputs[0m[2m=[0m1
[2m2026-09-16T17:38:53.262321Z[0m [34mDEBUG[0m [2mpanoptikon::inferio::http[0m[2m:[0m processing local inference predict [3mmodel[0m[2m=[0mtags/wd-vit-tagger-v3 [3minputs[0m[2m=[0m1
[2m2026-09-16T17:38:53.262340Z[0m [34mDEBUG[0m [2mpanoptikon::inferio::http[0m[2m:[0m processing local inference predict [3mmodel[0m[2m=[0mtags/wd-vit-tagger-v3 [3minputs[0m[2m=[0m1
[2m2026-09-16T17:38:53.262348Z[0m [34mDEBUG[0m [2mpanoptikon::inferio::http[0m[2m:[0m processing local inference predict [3mmodel[0m[2m=[0mtags/wd-vit-tagger-v3 [3minputs[0m[2m=[0m1
[2m2026-09-16T17:38:53.262362Z[0m [34mDEBUG[0m [2mpanoptikon::inferio::http[0m[2m:[0m processing local inference predict [3mmodel[0m[2m=[0mtags/wd-vit-tagger-v3 [3minputs[0m[2m=[0m1
[2m2026-09-16T17:38:53.262371Z[0m [34mDEBUG[0m [2mpanoptikon::inferio::http[0m[2m:[0m processing local inference predict [3mmodel[0m[2m=[0mtags/wd-vit-tagger-v3 [3minputs[0m[2m=[0m1
[2m2026-09-16T17:38:53.262381Z[0m [34mDEBUG[0m [2mpanoptikon::inferio::http[0m[2m:[0m processing local inference predict [3mmodel[0m[2m=[0mtags/wd-vit-tagger-v3 [3minputs[0m[2m=[0m1
[2m2026-09-16T17:38:53.262388Z[0m [34mDEBUG[0m [2mpanoptikon::inferio::http[0m[2m:[0m processing local inference predict [3mmodel[0m[2m=[0mtags/wd-vit-tagger-v3 [3minputs[0m[2m=[0m1
[2m2026-09-16T17:38:53.262365Z[0m [34mDEBUG[0m [2mpanoptikon::inferio::http[0m[2m:[0m processing local inference predict [3mmodel[0m[2m=[0mtags/wd-vit-tagger-v3 [3minputs[0m[2m=[0m1
[2m2026-09-16T17:38:53.262412Z[0m [34mDEBUG[0m [2mpanoptikon::inferio::http[0m[2m:[0m processing local inference predict [3mmodel[0m[2m=[0mtags/wd-vit-tagger-v3 [3minputs[0m[2m=[0m1
[2m2026-09-16T17:38:53.262391Z[0m [34mDEBUG[0m [2mpanoptikon::inferio::http[0m[2m:[0m processing local inference predict [3mmodel[0m[2m=[0mtags/wd-vit-tagger-v3 [3minputs[0m[2m=[0m1
[2m2026-09-16T17:38:53.262438Z[0m [34mDEBUG[0m [2mpanoptikon::inferio::http[0m[2m:[0m processing local inference predict [3mmodel[0m[2m=[0mtags/wd-vit-tagger-v3 [3minputs[0m[2m=[0m1
[2m2026-09-16T17:38:53.262392Z[0m [34mDEBUG[0m [2mpanoptikon::inferio::http[0m[2m:[0m processing local inference predict [3mmodel[0m[2m=[0mtags/wd-vit-tagger-v3 [3minputs[0m[2m=[0m1
[2m2026-09-16T17:38:53.262406Z[0m [34mDEBUG[0m [2mpanoptikon::inferio::http[0m[2m:[0m processing local inference predict [3mmodel[0m[2m=[0mtags/wd-vit-tagger-v3 [3minputs[0m[2m=[0m1
[2m2026-09-16T17:38:53.262408Z[0m [34mDEBUG[0m [2mpanoptikon::inferio::http[0m[2m:[0m processing local inference predict [3mmodel[0m[2m=[0mtags/wd-vit-tagger-v3 [3minputs[0m[2m=[0m1
[2m2026-09-16T17:38:53.262408Z[0m [34mDEBUG[0m [2mpanoptikon::inferio::http[0m[2m:[0m processing local inference predict [3mmodel[0m[2m=[0mtags/wd-vit-tagger-v3 [3minputs[0m[2m=[0m1
[2m2026-09-16T17:38:53.262410Z[0m [34mDEBUG[0m [2mpanoptikon::inferio::http[0m[2m:[0m processing local inference predict [3mmodel[0m[2m=[0mtags/wd-vit-tagger-v3 [3minputs[0m[2m=[0m1
[2m2026-09-16T17:38:53.262372Z[0m [34mDEBUG[0m [2mpanoptikon::inferio::http[0m[2m:[0m processing local inference predict [3mmodel[0m[2m=[0mtags/wd-vit-tagger-v3 [3minputs[0m[2m=[0m1
[2m2026-09-16T17:38:53.262349Z[0m [34mDEBUG[0m [2mpanoptikon::inferio::http[0m[2m:[0m processing local inference predict [3mmodel[0m[2m=[0mtags/wd-vit-tagger-v3 [3minputs[0m[2m=[0m1
[2m2026-09-16T17:38:53.262444Z[0m [34mDEBUG[0m [2mpanoptikon::inferio::http[0m[2m:[0m processing local inference predict [3mmodel[0m[2m=[0mtags/wd-vit-tagger-v3 [3minputs[0m[2m=[0m1
[2m2026-09-16T17:38:53.613709Z[0m [32m INFO[0m [2mpanoptikon::inferio::worker[0m[2m:[0m 2026-09-16 19:38:53,613 [DEBUG] inferio_worker_impl_0_wd_tagger: Running inference on 2 images [3mworker[0m[2m=[0mwd_tagger
[2m2026-09-16T17:38:53.684461Z[0m [32m INFO[0m [2mpanoptikon::inferio::worker[0m[2m:[0m 2026-09-16 19:38:53,684 [DEBUG] inferio_worker_impl_0_wd_tagger: Running inference on 2 images [3mworker[0m[2m=[0mwd_tagger
[2m2026-09-16T17:38:53.751407Z[0m [34mDEBUG[0m [2mpanoptikon::inferio::ledger[0m[2m:[0m declining to fit a throughput knee: the ring's quiet buckets hold too few observations to read as a curve [3mobservations[0m[2m=[0m2 [3mmin_observations[0m[2m=[0m12 [3mbuckets[0m[2m=[0m1 [3mmin_buckets[0m[2m=[0m3
[2m2026-09-16T17:38:53.751433Z[0m [34mDEBUG[0m [2mpanoptikon::inferio::ledger[0m[2m:[0m queued a calibration profile update for the store [3mmodel[0m[2m=[0mtags/wd-vit-tagger-v3 [3mgpu[0m[2m=[0mGPU-MPS [3mreason[0m[2m=[0m"anchor_advanced" [3mmax_units_measured[0m[2m=[0m2 [3mfit_version[0m[2m=[0m0
[2m2026-09-16T17:38:53.751444Z[0m [34mDEBUG[0m [2mpanoptikon::inferio::ledger[0m[2m:[0m settled a granted window [3mmodel[0m[2m=[0mtags/wd-vit-tagger-v3 [3mgpu[0m[2m=[0mGPU-MPS [3moutcome[0m[2m=[0m"clean" [3mfit_samples[0m[2m=[0m3 [3mthroughput_samples[0m[2m=[0m2 [3mclamped_samples[0m[2m=[0m0 [3mclamped[0m[2m=[0mnone [3mramp_step[0m[2m=[0m1 [3mdeflation[0m[2m=[0m0 [3mclean_windows[0m[2m=[0m2 [3mmax_units_measured[0m[2m=[0m2
[2m2026-09-16T17:38:53.751487Z[0m [34mDEBUG[0m [2mpanoptikon::inferio::ledger[0m[2m:[0m issued a memory grant [3mmodel[0m[2m=[0mtags/wd-vit-tagger-v3 [3mgpu[0m[2m=[0mGPU-MPS [3munit_budget[0m[2m=[0m4 [3mmb[0m[2m=[0m103478 [3mcanvas_pixels[0m[2m=[0mnone [3mshare_mb[0m[2m=[0m103478 [3mroom_mb[0m[2m=[0m103478 [3mheadroom_mb[0m[2m=[0m103290 [3mexternal_mb[0m[2m=[0m25186 [3mreserve_mb[0m[2m=[0m1024 [3mreserve_rule[0m[2m=[0m"capped_default" [3mpre_fit[0m[2m=[0mtrue [3mramp_step[0m[2m=[0m1 [3mdeflation[0m[2m=[0m0 [3msqueezed[0m[2m=[0mfalse [3mwindow_requests[0m[2m=[0m12
[2m2026-09-16T17:38:53.758113Z[0m [32m INFO[0m [2mpanoptikon::inferio::worker[0m[2m:[0m 2026-09-16 19:38:53,758 [DEBUG] inferio_worker_impl_0_wd_tagger: Running inference on 4 images [3mworker[0m[2m=[0mwd_tagger
[2m2026-09-16T17:38:53.955951Z[0m [32m INFO[0m [2mpanoptikon::inferio::worker[0m[2m:[0m 2026-09-16 19:38:53,955 [DEBUG] inferio_worker_impl_0_wd_tagger: Running inference on 4 images [3mworker[0m[2m=[0mwd_tagger
[2m2026-09-16T17:38:54.089901Z[0m [32m INFO[0m [2mpanoptikon::inferio::worker[0m[2m:[0m 2026-09-16 19:38:54,089 [DEBUG] inferio_worker_impl_0_wd_tagger: Running inference on 4 images [3mworker[0m[2m=[0mwd_tagger
[2m2026-09-16T17:38:54.218858Z[0m [34mDEBUG[0m [2mpanoptikon::inferio::ledger[0m[2m:[0m declining to fit a throughput knee: the ring's quiet buckets hold too few observations to read as a curve [3mobservations[0m[2m=[0m4 [3mmin_observations[0m[2m=[0m12 [3mbuckets[0m[2m=[0m2 [3mmin_buckets[0m[2m=[0m3
[2m2026-09-16T17:38:54.218890Z[0m [34mDEBUG[0m [2mpanoptikon::inferio::ledger[0m[2m:[0m queued a calibration profile update for the store [3mmodel[0m[2m=[0mtags/wd-vit-tagger-v3 [3mgpu[0m[2m=[0mGPU-MPS [3mreason[0m[2m=[0m"anchor_advanced" [3mmax_units_measured[0m[2m=[0m4 [3mfit_version[0m[2m=[0m0
[2m2026-09-16T17:38:54.218902Z[0m [34mDEBUG[0m [2mpanoptikon::inferio::ledger[0m[2m:[0m settled a granted window [3mmodel[0m[2m=[0mtags/wd-vit-tagger-v3 [3mgpu[0m[2m=[0mGPU-MPS [3moutcome[0m[2m=[0m"clean" [3mfit_samples[0m[2m=[0m3 [3mthroughput_samples[0m[2m=[0m2 [3mclamped_samples[0m[2m=[0m0 [3mclamped[0m[2m=[0mnone [3mramp_step[0m[2m=[0m2 [3mdeflation[0m[2m=[0m0 [3mclean_windows[0m[2m=[0m3 [3mmax_units_measured[0m[2m=[0m4
[2m2026-09-16T17:38:54.218932Z[0m [34mDEBUG[0m [2mpanoptikon::inferio::ledger[0m[2m:[0m issued a memory grant [3mmodel[0m[2m=[0mtags/wd-vit-tagger-v3 [3mgpu[0m[2m=[0mGPU-MPS [3munit_budget[0m[2m=[0m8 [3mmb[0m[2m=[0m103706 [3mcanvas_pixels[0m[2m=[0mnone [3mshare_mb[0m[2m=[0m103706 [3mroom_mb[0m[2m=[0m103706 [3mheadroom_mb[0m[2m=[0m103290 [3mexternal_mb[0m[2m=[0m24958 [3mreserve_mb[0m[2m=[0m1024 [3mreserve_rule[0m[2m=[0m"capped_default" [3mpre_fit[0m[2m=[0mtrue [3mramp_step[0m[2m=[0m2 [3mdeflation[0m[2m=[0m0 [3msqueezed[0m[2m=[0mfalse [3mwindow_requests[0m[2m=[0m24
[2m2026-09-16T17:38:54.231645Z[0m [32m INFO[0m [2mpanoptikon::inferio::worker[0m[2m:[0m 2026-09-16 19:38:54,231 [DEBUG] inferio_worker_impl_0_wd_tagger: Running inference on 8 images [3mworker[0m[2m=[0mwd_tagger
[2m2026-09-16T17:38:54.510877Z[0m [32m INFO[0m [2mpanoptikon::inferio::worker[0m[2m:[0m 2026-09-16 19:38:54,510 [DEBUG] inferio_worker_impl_0_wd_tagger: Running inference on 8 images [3mworker[0m[2m=[0mwd_tagger
[2m2026-09-16T17:38:54.775421Z[0m [32m INFO[0m [2mpanoptikon::inferio::worker[0m[2m:[0m 2026-09-16 19:38:54,775 [DEBUG] inferio_worker_impl_0_wd_tagger: Running inference on 8 images [3mworker[0m[2m=[0mwd_tagger
[2m2026-09-16T17:38:55.029182Z[0m [34mDEBUG[0m [2mpanoptikon::inferio::ledger[0m[2m:[0m declining to fit a throughput knee: the ring's quiet buckets hold too few observations to read as a curve [3mobservations[0m[2m=[0m6 [3mmin_observations[0m[2m=[0m12 [3mbuckets[0m[2m=[0m3 [3mmin_buckets[0m[2m=[0m3
[2m2026-09-16T17:38:55.029201Z[0m [34mDEBUG[0m [2mpanoptikon::inferio::ledger[0m[2m:[0m queued a calibration profile update for the store [3mmodel[0m[2m=[0mtags/wd-vit-tagger-v3 [3mgpu[0m[2m=[0mGPU-MPS [3mreason[0m[2m=[0m"anchor_advanced" [3mmax_units_measured[0m[2m=[0m8 [3mfit_version[0m[2m=[0m0
[2m2026-09-16T17:38:55.029211Z[0m [34mDEBUG[0m [2mpanoptikon::inferio::ledger[0m[2m:[0m settled a granted window [3mmodel[0m[2m=[0mtags/wd-vit-tagger-v3 [3mgpu[0m[2m=[0mGPU-MPS [3moutcome[0m[2m=[0m"clean" [3mfit_samples[0m[2m=[0m3 [3mthroughput_samples[0m[2m=[0m2 [3mclamped_samples[0m[2m=[0m0 [3mclamped[0m[2m=[0mnone [3mramp_step[0m[2m=[0m3 [3mdeflation[0m[2m=[0m0 [3mclean_windows[0m[2m=[0m4 [3mmax_units_measured[0m[2m=[0m8
[2m2026-09-16T17:38:55.029237Z[0m [34mDEBUG[0m [2mpanoptikon::inferio::ledger[0m[2m:[0m issued a memory grant [3mmodel[0m[2m=[0mtags/wd-vit-tagger-v3 [3mgpu[0m[2m=[0mGPU-MPS [3munit_budget[0m[2m=[0m16 [3mmb[0m[2m=[0m103396 [3mcanvas_pixels[0m[2m=[0mnone [3mshare_mb[0m[2m=[0m103396 [3mroom_mb[0m[2m=[0m103396 [3mheadroom_mb[0m[2m=[0m102528 [3mexternal_mb[0m[2m=[0m25268 [3mreserve_mb[0m[2m=[0m1024 [3mreserve_rule[0m[2m=[0m"capped_default" [3mpre_fit[0m[2m=[0mtrue [3mramp_step[0m[2m=[0m3 [3mdeflation[0m[2m=[0m0 [3msqueezed[0m[2m=[0mfalse [3mwindow_requests[0m[2m=[0m48
[2m2026-09-16T17:38:55.054823Z[0m [32m INFO[0m [2mpanoptikon::inferio::worker[0m[2m:[0m 2026-09-16 19:38:55,054 [DEBUG] inferio_worker_impl_0_wd_tagger: Running inference on 16 images [3mworker[0m[2m=[0mwd_tagger
[2m2026-09-16T17:38:55.610671Z[0m [32m INFO[0m [2mpanoptikon::inferio::worker[0m[2m:[0m 2026-09-16 19:38:55,610 [DEBUG] PIL.PngImagePlugin: STREAM b'IHDR' 16 13 [3mworker[0m[2m=[0mwd_tagger
[2m2026-09-16T17:38:55.610704Z[0m [32m INFO[0m [2mpanoptikon::inferio::worker[0m[2m:[0m 2026-09-16 19:38:55,610 [DEBUG] PIL.PngImagePlugin: STREAM b'IDAT' 41 65536 [3mworker[0m[2m=[0mwd_tagger
[2m2026-09-16T17:38:55.622061Z[0m [32m INFO[0m [2mpanoptikon::inferio::worker[0m[2m:[0m 2026-09-16 19:38:55,622 [DEBUG] PIL.PngImagePlugin: STREAM b'IHDR' 16 13 [3mworker[0m[2m=[0mwd_tagger
[2m2026-09-16T17:38:55.622082Z[0m [32m INFO[0m [2mpanoptikon::inferio::worker[0m[2m:[0m 2026-09-16 19:38:55,622 [DEBUG] PIL.PngImagePlugin: STREAM b'IDAT' 41 65536 [3mworker[0m[2m=[0mwd_tagger
[2m2026-09-16T17:38:55.632155Z[0m [32m INFO[0m [2mpanoptikon::inferio::worker[0m[2m:[0m 2026-09-16 19:38:55,632 [DEBUG] PIL.Image: Importing BlpImagePlugin [3mworker[0m[2m=[0mwd_tagger
[2m2026-09-16T17:38:55.633032Z[0m [32m INFO[0m [2mpanoptikon::inferio::worker[0m[2m:[0m 2026-09-16 19:38:55,633 [DEBUG] PIL.Image: Importing BmpImagePlugin [3mworker[0m[2m=[0mwd_tagger
[2m2026-09-16T17:38:55.633049Z[0m [32m INFO[0m [2mpanoptikon::inferio::worker[0m[2m:[0m 2026-09-16 19:38:55,633 [DEBUG] PIL.Image: Importing BufrStubImagePlugin [3mworker[0m[2m=[0mwd_tagger
[2m2026-09-16T17:38:55.633740Z[0m [32m INFO[0m [2mpanoptikon::inferio::worker[0m[2m:[0m 2026-09-16 19:38:55,633 [DEBUG] PIL.Image: Importing CurImagePlugin [3mworker[0m[2m=[0mwd_tagger
[2m2026-09-16T17:38:55.634022Z[0m [32m INFO[0m [2mpanoptikon::inferio::worker[0m[2m:[0m 2026-09-16 19:38:55,634 [DEBUG] PIL.Image: Importing DcxImagePlugin [3mworker[0m[2m=[0mwd_tagger
[2m2026-09-16T17:38:55.634593Z[0m [32m INFO[0m [2mpanoptikon::inferio::worker[0m[2m:[0m 2026-09-16 19:38:55,634 [DEBUG] PIL.Image: Importing DdsImagePlugin [3mworker[0m[2m=[0mwd_tagger
[2m2026-09-16T17:38:55.635853Z[0m [32m INFO[0m [2mpanoptikon::inferio::worker[0m[2m:[0m 2026-09-16 19:38:55,635 [DEBUG] PIL.Image: Importing EpsImagePlugin [3mworker[0m[2m=[0mwd_tagger
[2m2026-09-16T17:38:55.636465Z[0m [32m INFO[0m [2mpanoptikon::inferio::worker[0m[2m:[0m 2026-09-16 19:38:55,636 [DEBUG] PIL.Image: Importing FitsImagePlugin [3mworker[0m[2m=[0mwd_tagger
[2m2026-09-16T17:38:55.636776Z[0m [32m INFO[0m [2mpanoptikon::inferio::worker[0m[2m:[0m 2026-09-16 19:38:55,636 [DEBUG] PIL.Image: Importing FliImagePlugin [3mworker[0m[2m=[0mwd_tagger
[2m2026-09-16T17:38:55.637086Z[0m [32m INFO[0m [2mpanoptikon::inferio::worker[0m[2m:[0m 2026-09-16 19:38:55,637 [DEBUG] PIL.Image: Importing FpxImagePlugin [3mworker[0m[2m=[0mwd_tagger
[2m2026-09-16T17:38:55.637400Z[0m [32m INFO[0m [2mpanoptikon::inferio::worker[0m[2m:[0m 2026-09-16 19:38:55,637 [DEBUG] PIL.Image: Image: failed to import FpxImagePlugin: No module named 'olefile' [3mworker[0m[2m=[0mwd_tagger
[2m2026-09-16T17:38:55.637417Z[0m [32m INFO[0m [2mpanoptikon::inferio::worker[0m[2m:[0m 2026-09-16 19:38:55,637 [DEBUG] PIL.Image: Importing FtexImagePlugin [3mworker[0m[2m=[0mwd_tagger
[2m2026-09-16T17:38:55.637775Z[0m [32m INFO[0m [2mpanoptikon::inferio::worker[0m[2m:[0m 2026-09-16 19:38:55,637 [DEBUG] PIL.Image: Importing GbrImagePlugin [3mworker[0m[2m=[0mwd_tagger
[2m2026-09-16T17:38:55.637933Z[0m [32m INFO[0m [2mpanoptikon::inferio::worker[0m[2m:[0m 2026-09-16 19:38:55,637 [DEBUG] PIL.Image: Importing GifImagePlugin [3mworker[0m[2m=[0mwd_tagger
[2m2026-09-16T17:38:55.637944Z[0m [32m INFO[0m [2mpanoptikon::inferio::worker[0m[2m:[0m 2026-09-16 19:38:55,637 [DEBUG] PIL.Image: Importing GribStubImagePlugin [3mworker[0m[2m=[0mwd_tagger
[2m2026-09-16T17:38:55.638266Z[0m [32m INFO[0m [2mpanoptikon::inferio::worker[0m[2m:[0m 2026-09-16 19:38:55,638 [DEBUG] PIL.Image: Importing Hdf5StubImagePlugin [3mworker[0m[2m=[0mwd_tagger
[2m2026-09-16T17:38:55.638396Z[0m [32m INFO[0m [2mpanoptikon::inferio::worker[0m[2m:[0m 2026-09-16 19:38:55,638 [DEBUG] PIL.Image: Importing IcnsImagePlugin [3mworker[0m[2m=[0mwd_tagger
[2m2026-09-16T17:38:55.639527Z[0m [32m INFO[0m [2mpanoptikon::inferio::worker[0m[2m:[0m 2026-09-16 19:38:55,639 [DEBUG] PIL.Image: Importing IcoImagePlugin [3mworker[0m[2m=[0mwd_tagger
[2m2026-09-16T17:38:55.639907Z[0m [32m INFO[0m [2mpanoptikon::inferio::worker[0m[2m:[0m 2026-09-16 19:38:55,639 [DEBUG] PIL.Image: Importing ImImagePlugin [3mworker[0m[2m=[0mwd_tagger
[2m2026-09-16T17:38:55.640302Z[0m [32m INFO[0m [2mpanoptikon::inferio::worker[0m[2m:[0m 2026-09-16 19:38:55,640 [DEBUG] PIL.Image: Importing ImtImagePlugin [3mworker[0m[2m=[0mwd_tagger
[2m2026-09-16T17:38:55.640477Z[0m [32m INFO[0m [2mpanoptikon::inferio::worker[0m[2m:[0m 2026-09-16 19:38:55,640 [DEBUG] PIL.Image: Importing IptcImagePlugin [3mworker[0m[2m=[0mwd_tagger
[2m2026-09-16T17:38:55.640738Z[0m [32m INFO[0m [2mpanoptikon::inferio::worker[0m[2m:[0m 2026-09-16 19:38:55,640 [DEBUG] PIL.Image: Importing JpegImagePlugin [3mworker[0m[2m=[0mwd_tagger
[2m2026-09-16T17:38:55.640751Z[0m [32m INFO[0m [2mpanoptikon::inferio::worker[0m[2m:[0m 2026-09-16 19:38:55,640 [DEBUG] PIL.Image: Importing Jpeg2KImagePlugin [3mworker[0m[2m=[0mwd_tagger
[2m2026-09-16T17:38:55.640756Z[0m [32m INFO[0m [2mpanoptikon::inferio::worker[0m[2m:[0m 2026-09-16 19:38:55,640 [DEBUG] PIL.Image: Importing McIdasImagePlugin [3mworker[0m[2m=[0mwd_tagger
[2m2026-09-16T17:38:55.640960Z[0m [32m INFO[0m [2mpanoptikon::inferio::worker[0m[2m:[0m 2026-09-16 19:38:55,640 [DEBUG] PIL.Image: Importing MicImagePlugin [3mworker[0m[2m=[0mwd_tagger
[2m2026-09-16T17:38:55.641306Z[0m [32m INFO[0m [2mpanoptikon::inferio::worker[0m[2m:[0m 2026-09-16 19:38:55,641 [DEBUG] PIL.Image: Image: failed to import MicImagePlugin: No module named 'olefile' [3mworker[0m[2m=[0mwd_tagger
[2m2026-09-16T17:38:55.641320Z[0m [32m INFO[0m [2mpanoptikon::inferio::worker[0m[2m:[0m 2026-09-16 19:38:55,641 [DEBUG] PIL.Image: Importing MpegImagePlugin [3mworker[0m[2m=[0mwd_tagger
[2m2026-09-16T17:38:55.641573Z[0m [32m INFO[0m [2mpanoptikon::inferio::worker[0m[2m:[0m 2026-09-16 19:38:55,641 [DEBUG] PIL.Image: Importing MpoImagePlugin [3mworker[0m[2m=[0mwd_tagger
[2m2026-09-16T17:38:55.642380Z[0m [32m INFO[0m [2mpanoptikon::inferio::worker[0m[2m:[0m 2026-09-16 19:38:55,642 [DEBUG] PIL.Image: Importing MspImagePlugin [3mworker[0m[2m=[0mwd_tagger
[2m2026-09-16T17:38:55.642532Z[0m [32m INFO[0m [2mpanoptikon::inferio::worker[0m[2m:[0m 2026-09-16 19:38:55,642 [DEBUG] PIL.Image: Importing PalmImagePlugin [3mworker[0m[2m=[0mwd_tagger
[2m2026-09-16T17:38:55.642915Z[0m [32m INFO[0m [2mpanoptikon::inferio::worker[0m[2m:[0m 2026-09-16 19:38:55,642 [DEBUG] PIL.Image: Importing PcdImagePlugin [3mworker[0m[2m=[0mwd_tagger
[2m2026-09-16T17:38:55.643035Z[0m [32m INFO[0m [2mpanoptikon::inferio::worker[0m[2m:[0m 2026-09-16 19:38:55,643 [DEBUG] PIL.Image: Importing PcxImagePlugin [3mworker[0m[2m=[0mwd_tagger
[2m2026-09-16T17:38:55.643044Z[0m [32m INFO[0m [2mpanoptikon::inferio::worker[0m[2m:[0m 2026-09-16 19:38:55,643 [DEBUG] PIL.Image: Importing PdfImagePlugin [3mworker[0m[2m=[0mwd_tagger
[2m2026-09-16T17:38:55.645073Z[0m [32m INFO[0m [2mpanoptikon::inferio::worker[0m[2m:[0m 2026-09-16 19:38:55,645 [DEBUG] PIL.Image: Importing PixarImagePlugin [3mworker[0m[2m=[0mwd_tagger
[2m2026-09-16T17:38:55.645195Z[0m [32m INFO[0m [2mpanoptikon::inferio::worker[0m[2m:[0m 2026-09-16 19:38:55,645 [DEBUG] PIL.Image: Importing PngImagePlugin [3mworker[0m[2m=[0mwd_tagger
[2m2026-09-16T17:38:55.645206Z[0m [32m INFO[0m [2mpanoptikon::inferio::worker[0m[2m:[0m 2026-09-16 19:38:55,645 [DEBUG] PIL.Image: Importing PpmImagePlugin [3mworker[0m[2m=[0mwd_tagger
[2m2026-09-16T17:38:55.645214Z[0m [32m INFO[0m [2mpanoptikon::inferio::worker[0m[2m:[0m 2026-09-16 19:38:55,645 [DEBUG] PIL.Image: Importing PsdImagePlugin [3mworker[0m[2m=[0mwd_tagger
[2m2026-09-16T17:38:55.645471Z[0m [32m INFO[0m [2mpanoptikon::inferio::worker[0m[2m:[0m 2026-09-16 19:38:55,645 [DEBUG] PIL.Image: Importing QoiImagePlugin [3mworker[0m[2m=[0mwd_tagger
[2m2026-09-16T17:38:55.645603Z[0m [32m INFO[0m [2mpanoptikon::inferio::worker[0m[2m:[0m 2026-09-16 19:38:55,645 [DEBUG] PIL.Image: Importing SgiImagePlugin [3mworker[0m[2m=[0mwd_tagger
[2m2026-09-16T17:38:55.645854Z[0m [32m INFO[0m [2mpanoptikon::inferio::worker[0m[2m:[0m 2026-09-16 19:38:55,645 [DEBUG] PIL.Image: Importing SpiderImagePlugin [3mworker[0m[2m=[0mwd_tagger
[2m2026-09-16T17:38:55.646109Z[0m [32m INFO[0m [2mpanoptikon::inferio::worker[0m[2m:[0m 2026-09-16 19:38:55,646 [DEBUG] PIL.Image: Importing SunImagePlugin [3mworker[0m[2m=[0mwd_tagger
[2m2026-09-16T17:38:55.646222Z[0m [32m INFO[0m [2mpanoptikon::inferio::worker[0m[2m:[0m 2026-09-16 19:38:55,646 [DEBUG] PIL.Image: Importing TgaImagePlugin [3mworker[0m[2m=[0mwd_tagger
[2m2026-09-16T17:38:55.646343Z[0m [32m INFO[0m [2mpanoptikon::inferio::worker[0m[2m:[0m 2026-09-16 19:38:55,646 [DEBUG] PIL.Image: Importing TiffImagePlugin [3mworker[0m[2m=[0mwd_tagger
[2m2026-09-16T17:38:55.646355Z[0m [32m INFO[0m [2mpanoptikon::inferio::worker[0m[2m:[0m 2026-09-16 19:38:55,646 [DEBUG] PIL.Image: Importing WebPImagePlugin [3mworker[0m[2m=[0mwd_tagger
[2m2026-09-16T17:38:55.691057Z[0m [32m INFO[0m [2mpanoptikon::inferio::worker[0m[2m:[0m 2026-09-16 19:38:55,691 [DEBUG] PIL.Image: Importing WmfImagePlugin [3mworker[0m[2m=[0mwd_tagger
[2m2026-09-16T17:38:55.691484Z[0m [32m INFO[0m [2mpanoptikon::inferio::worker[0m[2m:[0m 2026-09-16 19:38:55,691 [DEBUG] PIL.Image: Importing XbmImagePlugin [3mworker[0m[2m=[0mwd_tagger
[2m2026-09-16T17:38:55.692009Z[0m [32m INFO[0m [2mpanoptikon::inferio::worker[0m[2m:[0m 2026-09-16 19:38:55,691 [DEBUG] PIL.Image: Importing XpmImagePlugin [3mworker[0m[2m=[0mwd_tagger
[2m2026-09-16T17:38:55.692409Z[0m [32m INFO[0m [2mpanoptikon::inferio::worker[0m[2m:[0m 2026-09-16 19:38:55,692 [DEBUG] PIL.Image: Importing XVThumbImagePlugin [3mworker[0m[2m=[0mwd_tagger
[2m2026-09-16T17:38:55.705011Z[0m [32m INFO[0m [2mpanoptikon::inferio::worker[0m[2m:[0m 2026-09-16 19:38:55,704 [DEBUG] inferio_worker_impl_0_wd_tagger: Running inference on 16 images [3mworker[0m[2m=[0mwd_tagger
[2m2026-09-16T17:38:56.209471Z[0m [32m INFO[0m [2mpanoptikon::inferio::worker[0m[2m:[0m 2026-09-16 19:38:56,209 [DEBUG] PIL.PngImagePlugin: STREAM b'IHDR' 16 13 [3mworker[0m[2m=[0mwd_tagger
[2m2026-09-16T17:38:56.209492Z[0m [32m INFO[0m [2mpanoptikon::inferio::worker[0m[2m:[0m 2026-09-16 19:38:56,209 [DEBUG] PIL.PngImagePlugin: STREAM b'IDAT' 41 65536 [3mworker[0m[2m=[0mwd_tagger
[2m2026-09-16T17:38:56.231433Z[0m [32m INFO[0m [2mpanoptikon::inferio::worker[0m[2m:[0m 2026-09-16 19:38:56,231 [DEBUG] PIL.PngImagePlugin: STREAM b'IHDR' 16 13 [3mworker[0m[2m=[0mwd_tagger
[2m2026-09-16T17:38:56.231455Z[0m [32m INFO[0m [2mpanoptikon::inferio::worker[0m[2m:[0m 2026-09-16 19:38:56,231 [DEBUG] PIL.PngImagePlugin: STREAM b'IDAT' 41 65536 [3mworker[0m[2m=[0mwd_tagger
[2m2026-09-16T17:38:56.249904Z[0m [32m INFO[0m [2mpanoptikon::inferio::worker[0m[2m:[0m 2026-09-16 19:38:56,249 [DEBUG] inferio_worker_impl_0_wd_tagger: Running inference on 16 images [3mworker[0m[2m=[0mwd_tagger
[2m2026-09-16T17:38:56.781735Z[0m [32m INFO[0m [2mpanoptikon::inferio::ledger[0m[2m:[0m holding the throughput ramp at this rung: the rung is the top of a measured plateau [3mmodel[0m[2m=[0mtags/wd-vit-tagger-v3 [3mgpu[0m[2m=[0mGPU-MPS [3munits[0m[2m=[0m32 [3mcertified[0m[2m=[0mtrue [3mknee_binds[0m[2m=[0mfalse
[2m2026-09-16T17:38:56.781765Z[0m [34mDEBUG[0m [2mpanoptikon::inferio::ledger[0m[2m:[0m refitted the memory cost model [3mmodel[0m[2m=[0mtags/wd-vit-tagger-v3 [3mgpu[0m[2m=[0mGPU-MPS [3mslope_mb_per_unit[0m[2m=[0m2.416666666666667 [3mintercept_mb[0m[2m=[0m0.33333333333333215 [3mresidual_mb[0m[2m=[0m0.6666666666666679 [3msamples[0m[2m=[0m5 [3mversion[0m[2m=[0m1
[2m2026-09-16T17:38:56.781776Z[0m [34mDEBUG[0m [2mpanoptikon::inferio::ledger[0m[2m:[0m declining to fit a throughput knee: the ring's quiet buckets hold too few observations to read as a curve [3mobservations[0m[2m=[0m8 [3mmin_observations[0m[2m=[0m12 [3mbuckets[0m[2m=[0m4 [3mmin_buckets[0m[2m=[0m3
[2m2026-09-16T17:38:56.781784Z[0m [34mDEBUG[0m [2mpanoptikon::inferio::ledger[0m[2m:[0m queued a calibration profile update for the store [3mmodel[0m[2m=[0mtags/wd-vit-tagger-v3 [3mgpu[0m[2m=[0mGPU-MPS [3mreason[0m[2m=[0m"fit_changed" [3mmax_units_measured[0m[2m=[0m16 [3mfit_version[0m[2m=[0m1
[2m2026-09-16T17:38:56.781794Z[0m [34mDEBUG[0m [2mpanoptikon::inferio::ledger[0m[2m:[0m settled a granted window [3mmodel[0m[2m=[0mtags/wd-vit-tagger-v3 [3mgpu[0m[2m=[0mGPU-MPS [3moutcome[0m[2m=[0m"clean" [3mfit_samples[0m[2m=[0m3 [3mthroughput_samples[0m[2m=[0m2 [3mclamped_samples[0m[2m=[0m0 [3mclamped[0m[2m=[0mnone [3mramp_step[0m[2m=[0m3 [3mdeflation[0m[2m=[0m0 [3mclean_windows[0m[2m=[0m5 [3mmax_units_measured[0m[2m=[0m16
[2m2026-09-16T17:38:56.784852Z[0m [34mDEBUG[0m [2mpanoptikon::inferio::ledger[0m[2m:[0m issued a memory grant [3mmodel[0m[2m=[0mtags/wd-vit-tagger-v3 [3mgpu[0m[2m=[0mGPU-MPS [3munit_budget[0m[2m=[0m32 [3mmb[0m[2m=[0m283 [3mcanvas_pixels[0m[2m=[0mnone [3mshare_mb[0m[2m=[0m103395 [3mroom_mb[0m[2m=[0m103395 [3mheadroom_mb[0m[2m=[0m100599 [3mexternal_mb[0m[2m=[0m25269 [3mreserve_mb[0m[2m=[0m1024 [3mreserve_rule[0m[2m=[0m"capped_default" [3mpre_fit[0m[2m=[0mfalse [3mramp_step[0m[2m=[0m3 [3mdeflation[0m[2m=[0m0 [3msqueezed[0m[2m=[0mfalse [3mwindow_requests[0m[2m=[0m89
[2m2026-09-16T17:38:56.793298Z[0m [32m INFO[0m [2mpanoptikon::inferio::worker[0m[2m:[0m 2026-09-16 19:38:56,793 [DEBUG] inferio_worker.packing: this window's 283 MiB grant is below 80% of the 3820 MiB of releasable slack in the 4180 MiB pool (1/2 consecutive windows before releasing it) [3mworker[0m[2m=[0mwd_tagger
[2m2026-09-16T17:38:56.800698Z[0m [32m INFO[0m [2mpanoptikon::inferio::worker[0m[2m:[0m 2026-09-16 19:38:56,800 [DEBUG] PIL.PngImagePlugin: STREAM b'IHDR' 16 13 [3mworker[0m[2m=[0mwd_tagger
[2m2026-09-16T17:38:56.800721Z[0m [32m INFO[0m [2mpanoptikon::inferio::worker[0m[2m:[0m 2026-09-16 19:38:56,800 [DEBUG] PIL.PngImagePlugin: STREAM b'IDAT' 41 65536 [3mworker[0m[2m=[0mwd_tagger
[2m2026-09-16T17:38:56.818073Z[0m [32m INFO[0m [2mpanoptikon::inferio::worker[0m[2m:[0m 2026-09-16 19:38:56,817 [DEBUG] PIL.PngImagePlugin: STREAM b'IHDR' 16 13 [3mworker[0m[2m=[0mwd_tagger
[2m2026-09-16T17:38:56.818130Z[0m [32m INFO[0m [2mpanoptikon::inferio::worker[0m[2m:[0m 2026-09-16 19:38:56,818 [DEBUG] PIL.PngImagePlugin: STREAM b'IDAT' 41 65536 [3mworker[0m[2m=[0mwd_tagger
[2m2026-09-16T17:38:56.827815Z[0m [32m INFO[0m [2mpanoptikon::inferio::worker[0m[2m:[0m 2026-09-16 19:38:56,827 [DEBUG] PIL.PngImagePlugin: STREAM b'IHDR' 16 13 [3mworker[0m[2m=[0mwd_tagger
[2m2026-09-16T17:38:56.827829Z[0m [32m INFO[0m [2mpanoptikon::inferio::worker[0m[2m:[0m 2026-09-16 19:38:56,827 [DEBUG] PIL.PngImagePlugin: STREAM b'IDAT' 41 65536 [3mworker[0m[2m=[0mwd_tagger
[2m2026-09-16T17:38:56.841577Z[0m [32m INFO[0m [2mpanoptikon::inferio::worker[0m[2m:[0m 2026-09-16 19:38:56,841 [DEBUG] PIL.PngImagePlugin: STREAM b'IHDR' 16 13 [3mworker[0m[2m=[0mwd_tagger
[2m2026-09-16T17:38:56.841590Z[0m [32m INFO[0m [2mpanoptikon::inferio::worker[0m[2m:[0m 2026-09-16 19:38:56,841 [DEBUG] PIL.PngImagePlugin: STREAM b'IDAT' 41 65536 [3mworker[0m[2m=[0mwd_tagger
[2m2026-09-16T17:38:56.852704Z[0m [32m INFO[0m [2mpanoptikon::inferio::worker[0m[2m:[0m 2026-09-16 19:38:56,852 [DEBUG] PIL.PngImagePlugin: STREAM b'IHDR' 16 13 [3mworker[0m[2m=[0mwd_tagger
[2m2026-09-16T17:38:56.852717Z[0m [32m INFO[0m [2mpanoptikon::inferio::worker[0m[2m:[0m 2026-09-16 19:38:56,852 [DEBUG] PIL.PngImagePlugin: STREAM b'IDAT' 41 65536 [3mworker[0m[2m=[0mwd_tagger
[2m2026-09-16T17:38:56.941319Z[0m [32m INFO[0m [2mpanoptikon::inferio::worker[0m[2m:[0m 2026-09-16 19:38:56,941 [DEBUG] PIL.PngImagePlugin: STREAM b'IHDR' 16 13 [3mworker[0m[2m=[0mwd_tagger
[2m2026-09-16T17:38:56.941343Z[0m [32m INFO[0m [2mpanoptikon::inferio::worker[0m[2m:[0m 2026-09-16 19:38:56,941 [DEBUG] PIL.PngImagePlugin: STREAM b'IDAT' 41 65536 [3mworker[0m[2m=[0mwd_tagger
[2m2026-09-16T17:38:56.950274Z[0m [32m INFO[0m [2mpanoptikon::inferio::worker[0m[2m:[0m 2026-09-16 19:38:56,950 [DEBUG] PIL.PngImagePlugin: STREAM b'IHDR' 16 13 [3mworker[0m[2m=[0mwd_tagger
[2m2026-09-16T17:38:56.950285Z[0m [32m INFO[0m [2mpanoptikon::inferio::worker[0m[2m:[0m 2026-09-16 19:38:56,950 [DEBUG] PIL.PngImagePlugin: STREAM b'IDAT' 41 65536 [3mworker[0m[2m=[0mwd_tagger
[2m2026-09-16T17:38:57.015085Z[0m [32m INFO[0m [2mpanoptikon::inferio::worker[0m[2m:[0m 2026-09-16 19:38:57,015 [DEBUG] inferio_worker_impl_0_wd_tagger: Running inference on 32 images [3mworker[0m[2m=[0mwd_tagger
[2m2026-09-16T17:38:58.580652Z[0m [32m INFO[0m [2mpanoptikon::inferio::worker[0m[2m:[0m 2026-09-16 19:38:58,580 [DEBUG] PIL.PngImagePlugin: STREAM b'IHDR' 16 13 [3mworker[0m[2m=[0mwd_tagger
[2m2026-09-16T17:38:58.580673Z[0m [32m INFO[0m [2mpanoptikon::inferio::worker[0m[2m:[0m 2026-09-16 19:38:58,580 [DEBUG] PIL.PngImagePlugin: STREAM b'IDAT' 41 65536 [3mworker[0m[2m=[0mwd_tagger
[2m2026-09-16T17:38:58.602837Z[0m [32m INFO[0m [2mpanoptikon::inferio::worker[0m[2m:[0m 2026-09-16 19:38:58,602 [DEBUG] PIL.PngImagePlugin: STREAM b'IHDR' 16 13 [3mworker[0m[2m=[0mwd_tagger
[2m2026-09-16T17:38:58.605604Z[0m [32m INFO[0m [2mpanoptikon::inferio::worker[0m[2m:[0m 2026-09-16 19:38:58,602 [DEBUG] PIL.PngImagePlugin: STREAM b'IDAT' 41 65536 [3mworker[0m[2m=[0mwd_tagger
[2m2026-09-16T17:38:58.615645Z[0m [32m INFO[0m [2mpanoptikon::inferio::worker[0m[2m:[0m 2026-09-16 19:38:58,615 [DEBUG] PIL.PngImagePlugin: STREAM b'IHDR' 16 13 [3mworker[0m[2m=[0mwd_tagger
[2m2026-09-16T17:38:58.615655Z[0m [32m INFO[0m [2mpanoptikon::inferio::worker[0m[2m:[0m 2026-09-16 19:38:58,615 [DEBUG] PIL.PngImagePlugin: STREAM b'IDAT' 41 65536 [3mworker[0m[2m=[0mwd_tagger
[2m2026-09-16T17:38:58.625081Z[0m [32m INFO[0m [2mpanoptikon::inferio::worker[0m[2m:[0m 2026-09-16 19:38:58,625 [DEBUG] PIL.PngImagePlugin: STREAM b'IHDR' 16 13 [3mworker[0m[2m=[0mwd_tagger
[2m2026-09-16T17:38:58.625091Z[0m [32m INFO[0m [2mpanoptikon::inferio::worker[0m[2m:[0m 2026-09-16 19:38:58,625 [DEBUG] PIL.PngImagePlugin: STREAM b'IDAT' 41 65536 [3mworker[0m[2m=[0mwd_tagger
[2m2026-09-16T17:38:58.635143Z[0m [32m INFO[0m [2mpanoptikon::inferio::worker[0m[2m:[0m 2026-09-16 19:38:58,635 [DEBUG] PIL.PngImagePlugin: STREAM b'IHDR' 16 13 [3mworker[0m[2m=[0mwd_tagger
[2m2026-09-16T17:38:58.635153Z[0m [32m INFO[0m [2mpanoptikon::inferio::worker[0m[2m:[0m 2026-09-16 19:38:58,635 [DEBUG] PIL.PngImagePlugin: STREAM b'IDAT' 41 65536 [3mworker[0m[2m=[0mwd_tagger
[2m2026-09-16T17:38:58.713029Z[0m [32m INFO[0m [2mpanoptikon::inferio::worker[0m[2m:[0m 2026-09-16 19:38:58,712 [DEBUG] PIL.PngImagePlugin: STREAM b'IHDR' 16 13 [3mworker[0m[2m=[0mwd_tagger
[2m2026-09-16T17:38:58.713045Z[0m [32m INFO[0m [2mpanoptikon::inferio::worker[0m[2m:[0m 2026-09-16 19:38:58,713 [DEBUG] PIL.PngImagePlugin: STREAM b'IDAT' 41 65536 [3mworker[0m[2m=[0mwd_tagger
[2m2026-09-16T17:38:58.723634Z[0m [32m INFO[0m [2mpanoptikon::inferio::worker[0m[2m:[0m 2026-09-16 19:38:58,723 [DEBUG] PIL.PngImagePlugin: STREAM b'IHDR' 16 13 [3mworker[0m[2m=[0mwd_tagger
[2m2026-09-16T17:38:58.723647Z[0m [32m INFO[0m [2mpanoptikon::inferio::worker[0m[2m:[0m 2026-09-16 19:38:58,723 [DEBUG] PIL.PngImagePlugin: STREAM b'IDAT' 41 65536 [3mworker[0m[2m=[0mwd_tagger
[2m2026-09-16T17:38:58.789817Z[0m [32m INFO[0m [2mpanoptikon::inferio::worker[0m[2m:[0m 2026-09-16 19:38:58,789 [DEBUG] inferio_worker_impl_0_wd_tagger: Running inference on 32 images [3mworker[0m[2m=[0mwd_tagger
[2m2026-09-16T17:39:00.414850Z[0m [32m INFO[0m [2mpanoptikon::inferio::worker[0m[2m:[0m 2026-09-16 19:39:00,414 [DEBUG] PIL.PngImagePlugin: STREAM b'IHDR' 16 13 [3mworker[0m[2m=[0mwd_tagger
[2m2026-09-16T17:39:00.414896Z[0m [32m INFO[0m [2mpanoptikon::inferio::worker[0m[2m:[0m 2026-09-16 19:39:00,414 [DEBUG] PIL.PngImagePlugin: STREAM b'IDAT' 41 65536 [3mworker[0m[2m=[0mwd_tagger
[2m2026-09-16T17:39:00.429972Z[0m [32m INFO[0m [2mpanoptikon::inferio::worker[0m[2m:[0m 2026-09-16 19:39:00,429 [DEBUG] PIL.PngImagePlugin: STREAM b'IHDR' 16 13 [3mworker[0m[2m=[0mwd_tagger
[2m2026-09-16T17:39:00.429985Z[0m [32m INFO[0m [2mpanoptikon::inferio::worker[0m[2m:[0m 2026-09-16 19:39:00,429 [DEBUG] PIL.PngImagePlugin: STREAM b'IDAT' 41 65536 [3mworker[0m[2m=[0mwd_tagger
[2m2026-09-16T17:39:00.447818Z[0m [32m INFO[0m [2mpanoptikon::inferio::worker[0m[2m:[0m 2026-09-16 19:39:00,447 [DEBUG] inferio_worker_impl_0_wd_tagger: Running inference on 25 images [3mworker[0m[2m=[0mwd_tagger
[2m2026-09-16T17:39:01.745383Z[0m [34mDEBUG[0m [2mpanoptikon::inferio::ledger[0m[2m:[0m refitted the memory cost model [3mmodel[0m[2m=[0mtags/wd-vit-tagger-v3 [3mgpu[0m[2m=[0mGPU-MPS [3mslope_mb_per_unit[0m[2m=[0m50.9375 [3mintercept_mb[0m[2m=[0m-68.0 [3mresidual_mb[0m[2m=[0m38.5625 [3msamples[0m[2m=[0m7 [3mversion[0m[2m=[0m2
[2m2026-09-16T17:39:01.745406Z[0m [34mDEBUG[0m [2mpanoptikon::inferio::ledger[0m[2m:[0m declining to fit a throughput knee: the ring's quiet buckets hold too few observations to read as a curve [3mobservations[0m[2m=[0m8 [3mmin_observations[0m[2m=[0m12 [3mbuckets[0m[2m=[0m4 [3mmin_buckets[0m[2m=[0m3
[2m2026-09-16T17:39:01.745413Z[0m [34mDEBUG[0m [2mpanoptikon::inferio::ledger[0m[2m:[0m queued a calibration profile update for the store [3mmodel[0m[2m=[0mtags/wd-vit-tagger-v3 [3mgpu[0m[2m=[0mGPU-MPS [3mreason[0m[2m=[0m"fit_changed" [3mmax_units_measured[0m[2m=[0m32 [3mfit_version[0m[2m=[0m2
[2m2026-09-16T17:39:01.745421Z[0m [34mDEBUG[0m [2mpanoptikon::inferio::ledger[0m[2m:[0m settled a granted window [3mmodel[0m[2m=[0mtags/wd-vit-tagger-v3 [3mgpu[0m[2m=[0mGPU-MPS [3moutcome[0m[2m=[0m"clean" [3mfit_samples[0m[2m=[0m3 [3mthroughput_samples[0m[2m=[0m1 [3mclamped_samples[0m[2m=[0m0 [3mclamped[0m[2m=[0mnone [3mramp_step[0m[2m=[0m3 [3mdeflation[0m[2m=[0m0 [3mclean_windows[0m[2m=[0m6 [3mmax_units_measured[0m[2m=[0m32
[2m2026-09-16T17:39:01.822779Z[0m [32m INFO[0m [2mpanoptikon::jobs::extraction[0m[2m:[0m extraction job phase timing [3mdata_load_busy_secs[0m[2m=[0m0.006103542 [3mdata_load_work_secs[0m[2m=[0m0.035492754999999994 [3minference_busy_secs[0m[2m=[0m9.279644125 [3minference_work_secs[0m[2m=[0m1033.5002844179999
[2m2026-09-16T17:39:01.823920Z[0m [32m INFO[0m [1mActor[0m[1m{[0m[3mid[0m[2m=[0m"0.5" [3mname[0m[2m=[0m"job-runner"[1m}[0m[2m:[0m [2mpanoptikon::jobs::queue[0m[2m:[0m scheduling deferred database maintenance [3mindex_db[0m[2m=[0m"cal" [3mqueue_id[0m[2m=[0m5 [3mowed[0m[2m=[0mwrote_data,tags_changed
[2m2026-09-16T17:39:01.823931Z[0m [32m INFO[0m [1mActor[0m[1m{[0m[3mid[0m[2m=[0m"0.5" [3mname[0m[2m=[0m"job-runner"[1m}[0m[2m:[0m [2mpanoptikon::jobs::queue[0m[2m:[0m unloading batch model at job boundary [3msetter[0m[2m=[0mtags/wd-vit-tagger-v3
[2m2026-09-16T17:39:01.824094Z[0m [34mDEBUG[0m [2mpanoptikon::inferio::manager[0m[2m:[0m unload requested [3mmodel[0m[2m=[0mtags/wd-vit-tagger-v3 [3mcache_key[0m[2m=[0mbatch
[2m2026-09-16T17:39:01.824107Z[0m [34mDEBUG[0m [2mpanoptikon::inferio::manager[0m[2m:[0m unloading model [3mmodel[0m[2m=[0mtags/wd-vit-tagger-v3
[2m2026-09-16T17:39:01.824126Z[0m [34mDEBUG[0m [2mpanoptikon::inferio::ledger[0m[2m:[0m credited a departed replica's footprint back to the GPU's free reading, so its memory is not reattributed to external usage, and flagged the reading for a refresh [3mmodel[0m[2m=[0mtags/wd-vit-tagger-v3 [3mgpu[0m[2m=[0mGPU-MPS [3mfootprint_mb[0m[2m=[0m6030 [3madjusted_free_mb[0m[2m=[0m105545
[2m2026-09-16T17:39:01.851660Z[0m [32m INFO[0m [2mpanoptikon::inferio::worker[0m[2m:[0m 2026-09-16 19:39:01,851 [DEBUG] inferio_worker_impl_0_wd_tagger: Model SmilingWolf/wd-vit-tagger-v3 unloaded [3mworker[0m[2m=[0mwd_tagger
[2m2026-09-16T17:39:01.851700Z[0m [32m INFO[0m [2mpanoptikon::inferio::worker[0m[2m:[0m 2026-09-16 19:39:01,851 [INFO] inferio_worker: Unloaded; exiting. [3mworker[0m[2m=[0mwd_tagger
[2m2026-09-16T17:39:23.262464Z[0m [32m INFO[0m [2mpanoptikon::inferio::calibration[0m[2m:[0m wrote the local calibration store [3mpath[0m[2m=[0mdata/inferio/calibration.toml [3mprofiles[0m[2m=[0m1
[2m2026-09-16T17:39:43.848525Z[0m [32m INFO[0m [2mpanoptikon::shutdown[0m[2m:[0m shutdown signal received; stopping gracefully (repeat the signal to force exit)
[2m2026-09-16T17:39:43.850971Z[0m [32m INFO[0m [2mpanoptikon::shutdown[0m[2m:[0m index DB writers drained [3mwriters[0m[2m=[0m2
[2m2026-09-16T17:39:43.852352Z[0m [32m INFO[0m [2mpanoptikon::shutdown[0m[2m:[0m local inference workers stopped
[2m2026-09-16T17:39:43.852395Z[0m [32m INFO[0m [2mpanoptikon::shutdown[0m[2m:[0m background work stopped cleanly
[2m2026-09-16T17:39:43.876809Z[0m [32m INFO[0m [2mpanoptikon[0m[2m:[0m gateway stopped
