[2m2026-09-16T22:20:10.196578Z[0m [32m INFO[0m [2mpanoptikon::logging[0m[2m:[0m logging to file [3mpath[0m[2m=[0mdata/panoptikon.log
[2m2026-09-16T22:20:10.196617Z[0m [32m INFO[0m [2mpanoptikon::rlimit[0m[2m:[0m raised the open file descriptor soft limit to the hard limit [3msoft_nofile_before[0m[2m=[0m256 [3msoft_nofile_after[0m[2m=[0m1048576
[2m2026-09-16T22:20:10.196686Z[0m [32m INFO[0m [2mpanoptikon::accelerator_report[0m[2m:[0m accelerator backend [3mbackend[0m[2m=[0m"mps" [3mbackend_source[0m[2m=[0mmacOS: default PyPI wheels (MPS on Apple Silicon); no CUDA/ROCm builds exist [3mdevices[0m[2m=[0m[]
[2m2026-09-16T22:20:10.225057Z[0m [32m INFO[0m [2mpanoptikon::inferio::gpu[0m[2m:[0m detected GPU (unified memory; the total is the 75% seed until a worker reports the exact recommended-max figure) [3mindex[0m[2m=[0m0 [3muuid[0m[2m=[0mGPU-MPS [3mname[0m[2m=[0mApple M3 Max (128 GB) [3mtotal_mb[0m[2m=[0m98304 [3mram_mb[0m[2m=[0m131072 [3munified[0m[2m=[0mtrue
[2m2026-09-16T22:20:10.225073Z[0m [32m INFO[0m [2mpanoptikon::inferio::gpu[0m[2m:[0m admitting batches from workers that run on the CPU against system RAM (running out of it is an OS process kill rather than a catchable allocation failure, so the device ships with a default ceiling) [3muuid[0m[2m=[0mCPU [3mname[0m[2m=[0mCPU (128 GB) [3mtotal_mb[0m[2m=[0m131072 [3mdefault_cap_fraction[0m[2m=[0m0.75 [3maccelerators[0m[2m=[0m1
[2m2026-09-16T22:20:10.225145Z[0m [32m INFO[0m [2mpanoptikon[0m[2m:[0m serving /api/inference locally (inference_local.enabled)
[2m2026-09-16T22:20:10.280845Z[0m [32m INFO[0m [2mpanoptikon[0m[2m:[0m gateway listening [3mendpoint[0m[2m=[0mdefault [3maddress[0m[2m=[0m127.0.0.1:6342
[2m2026-09-16T22:20:10.280884Z[0m [32m INFO[0m [2mpanoptikon[0m[2m:[0m gateway listening [3mendpoint[0m[2m=[0mtest [3maddress[0m[2m=[0m127.0.0.1:6343
[2m2026-09-16T22:20:10.280900Z[0m [32m INFO[0m [2mpanoptikon[0m[2m:[0m gateway listening [3mendpoint[0m[2m=[0mlegacy_ui [3maddress[0m[2m=[0m127.0.0.1:6339
[2m2026-09-16T22:20:10.280908Z[0m [32m INFO[0m [2mpanoptikon[0m[2m:[0m serving HTTP/1.1 and HTTP/2 cleartext [3mmax_concurrent_streams[0m[2m=[0m512
[2m2026-09-16T22:20:10.308193Z[0m [32m INFO[0m [2mpanoptikon::media_tools[0m[2m:[0m media tools resolved [3mffmpeg[0m[2m=[0m/Users/moot/projects/panoptikon-pr27/python/.venv/lib/python3.12/site-packages/static_ffmpeg/bin/darwin_arm64/ffmpeg [3mffprobe[0m[2m=[0m/Users/moot/projects/panoptikon-pr27/python/.venv/lib/python3.12/site-packages/static_ffmpeg/bin/darwin_arm64/ffprobe
[2m2026-09-16T22:20:10.429581Z[0m [32m INFO[0m [2mpanoptikon::media_tools::transcode::hw[0m[2m:[0m hardware H.264 encoder validated [3mencoder[0m[2m=[0m"h264_videotoolbox"
[2m2026-09-16T22:20:12.256807Z[0m [34mDEBUG[0m [2mpanoptikon::inferio::manager[0m[2m:[0m resolved cost dimension [3mmodel[0m[2m=[0mflorence2/msft_large-caption [3munit[0m[2m=[0m"item" [3maggregation[0m[2m=[0m"count" [3mepoch[0m[2m=[0m1 [3mseed_units[0m[2m=[0m4 [3mpriced[0m[2m=[0mtrue [3mdegraded[0m[2m=[0mfalse
[2m2026-09-16T22:20:12.256860Z[0m [33m WARN[0m [2mpanoptikon::inferio::gpu[0m[2m:[0m ignoring this device pin: this host has no device to select — an Apple Silicon host has exactly one Metal device and no visibility variable that names it, and a CPU host has none at all — so the model runs where it was always going to and is priced against that [3mpin[0m[2m=[0mcpu
[2m2026-09-16T22:20:12.256884Z[0m [34mDEBUG[0m [2mpanoptikon::inferio::ledger[0m[2m:[0m probing the host for this GPU's free memory before pricing a load against it [3mmodel[0m[2m=[0m"florence2/msft_large-caption" [3mgpu[0m[2m=[0m"CPU" [3mreason[0m[2m=[0m"no free sample: this GPU has never had a resident" [3msample_age_ms[0m[2m=[0mNone
[2m2026-09-16T22:20:12.256954Z[0m [34mDEBUG[0m [2mpanoptikon::inferio::ledger[0m[2m:[0m refreshed the GPU's free memory from the host probe [3mgpu[0m[2m=[0mCPU [3msource[0m[2m=[0m"ram" [3mfree_mb[0m[2m=[0m110162 [3mtotal_mb[0m[2m=[0m131072 [3mexternal_mb[0m[2m=[0m20910 [3mprevious_age_ms[0m[2m=[0mNone [3mrecorded[0m[2m=[0mtrue
[2m2026-09-16T22:20:12.257618Z[0m [34mDEBUG[0m [2mpanoptikon::inferio::worker[0m[2m:[0m spawned an inferio worker [3mworker[0m[2m=[0mflorence2 [3minference_id[0m[2m=[0m"florence2/msft_large-caption" [3mpid[0m[2m=[0mSome(43097)
[2m2026-09-16T22:20:12.811954Z[0m [32m INFO[0m [2mpanoptikon::inferio::worker[0m[2m:[0m 2026-09-17 00:20:12,811 [INFO] inferio_worker: Resolved impl class florence2 to /Users/moot/projects/panoptikon-pr27/python/inferio/impl/florence2.py [3mworker[0m[2m=[0mflorence2
[2m2026-09-16T22:20:12.812012Z[0m [32m INFO[0m [2mpanoptikon::inferio::worker[0m[2m:[0m 2026-09-17 00:20:12,811 [INFO] inferio_worker: Handshake ok for impl class florence2 [3mworker[0m[2m=[0mflorence2
[2m2026-09-16T22:20:12.812090Z[0m [32m INFO[0m [2mpanoptikon::inferio::worker[0m[2m:[0m 2026-09-17 00:20:12,812 [INFO] inferio_worker: Configured as florence2/msft_large-caption [3mworker[0m[2m=[0mflorence2
[2m2026-09-16T22:20:14.689213Z[0m [32m INFO[0m [2mpanoptikon::inferio::worker[0m[2m:[0m 2026-09-17 00:20:14,689 [INFO] inferio_worker_impl_0_florence2: Precision 'fp16' requested but device is cpu; using fp32. [3mworker[0m[2m=[0mflorence2
[2m2026-09-16T22:20:14.696515Z[0m [32m INFO[0m [2mpanoptikon::inferio::worker[0m[2m:[0m 2026-09-17 00:20:14,696 [DEBUG] urllib3.connectionpool: Starting new HTTPS connection (1): huggingface.co:443 [3mworker[0m[2m=[0mflorence2
[2m2026-09-16T22:20:14.872311Z[0m [32m INFO[0m [2mpanoptikon::inferio::worker[0m[2m:[0m 2026-09-17 00:20:14,872 [DEBUG] urllib3.connectionpool: https://huggingface.co:443 "HEAD /florence-community/Florence-2-large-ft/resolve/main/config.json HTTP/1.1" 307 0 [3mworker[0m[2m=[0mflorence2
[2m2026-09-16T22:20:14.891020Z[0m [32m INFO[0m [2mpanoptikon::inferio::worker[0m[2m:[0m 2026-09-17 00:20:14,890 [DEBUG] urllib3.connectionpool: https://huggingface.co:443 "HEAD /api/resolve-cache/models/florence-community/Florence-2-large-ft/26b734a54fdfbf9c398351eedfabb7f27fc470b7/config.json HTTP/1.1" 200 0 [3mworker[0m[2m=[0mflorence2
[2m2026-09-16T22:20:15.021998Z[0m [32m INFO[0m [2mpanoptikon::inferio::worker[0m[2m:[0m 2026-09-17 00:20:15,021 [DEBUG] urllib3.connectionpool: https://huggingface.co:443 "HEAD /florence-community/Florence-2-large-ft/resolve/main/config.json HTTP/1.1" 307 0 [3mworker[0m[2m=[0mflorence2
[2m2026-09-16T22:20:15.041188Z[0m [32m INFO[0m [2mpanoptikon::inferio::worker[0m[2m:[0m 2026-09-17 00:20:15,040 [DEBUG] urllib3.connectionpool: https://huggingface.co:443 "HEAD /api/resolve-cache/models/florence-community/Florence-2-large-ft/26b734a54fdfbf9c398351eedfabb7f27fc470b7/config.json HTTP/1.1" 200 0 [3mworker[0m[2m=[0mflorence2
[2m2026-09-16T22:20:15.625552Z[0m [32m INFO[0m [2mpanoptikon::inferio::worker[0m[2m:[0m 2026-09-17 00:20:15,625 [DEBUG] urllib3.connectionpool: https://huggingface.co:443 "HEAD /florence-community/Florence-2-large-ft/resolve/main/generation_config.json HTTP/1.1" 307 0 [3mworker[0m[2m=[0mflorence2
[2m2026-09-16T22:20:15.640957Z[0m [32m INFO[0m [2mpanoptikon::inferio::worker[0m[2m:[0m 2026-09-17 00:20:15,640 [DEBUG] urllib3.connectionpool: https://huggingface.co:443 "HEAD /api/resolve-cache/models/florence-community/Florence-2-large-ft/26b734a54fdfbf9c398351eedfabb7f27fc470b7/generation_config.json HTTP/1.1" 200 0 [3mworker[0m[2m=[0mflorence2
[2m2026-09-16T22:20:15.774684Z[0m [32m INFO[0m [2mpanoptikon::inferio::worker[0m[2m:[0m 2026-09-17 00:20:15,774 [DEBUG] urllib3.connectionpool: https://huggingface.co:443 "HEAD /florence-community/Florence-2-large-ft/resolve/main/custom_generate/generate.py HTTP/1.1" 404 0 [3mworker[0m[2m=[0mflorence2
[2m2026-09-16T22:20:15.920867Z[0m [32m INFO[0m [2mpanoptikon::inferio::worker[0m[2m:[0m 2026-09-17 00:20:15,920 [DEBUG] urllib3.connectionpool: https://huggingface.co:443 "HEAD /florence-community/Florence-2-large-ft/resolve/main/processor_config.json HTTP/1.1" 307 0 [3mworker[0m[2m=[0mflorence2
[2m2026-09-16T22:20:15.940674Z[0m [32m INFO[0m [2mpanoptikon::inferio::worker[0m[2m:[0m 2026-09-17 00:20:15,940 [DEBUG] urllib3.connectionpool: https://huggingface.co:443 "HEAD /api/resolve-cache/models/florence-community/Florence-2-large-ft/26b734a54fdfbf9c398351eedfabb7f27fc470b7/processor_config.json HTTP/1.1" 200 0 [3mworker[0m[2m=[0mflorence2
[2m2026-09-16T22:20:16.070952Z[0m [32m INFO[0m [2mpanoptikon::inferio::worker[0m[2m:[0m 2026-09-17 00:20:16,070 [DEBUG] urllib3.connectionpool: https://huggingface.co:443 "GET /api/models/florence-community/Florence-2-large-ft/tree/main/additional_chat_templates?recursive=False&expand=False HTTP/1.1" 404 64 [3mworker[0m[2m=[0mflorence2
[2m2026-09-16T22:20:16.199083Z[0m [32m INFO[0m [2mpanoptikon::inferio::worker[0m[2m:[0m 2026-09-17 00:20:16,198 [DEBUG] urllib3.connectionpool: https://huggingface.co:443 "HEAD /florence-community/Florence-2-large-ft/resolve/main/processor_config.json HTTP/1.1" 307 0 [3mworker[0m[2m=[0mflorence2
[2m2026-09-16T22:20:16.216283Z[0m [32m INFO[0m [2mpanoptikon::inferio::worker[0m[2m:[0m 2026-09-17 00:20:16,216 [DEBUG] urllib3.connectionpool: https://huggingface.co:443 "HEAD /api/resolve-cache/models/florence-community/Florence-2-large-ft/26b734a54fdfbf9c398351eedfabb7f27fc470b7/processor_config.json HTTP/1.1" 200 0 [3mworker[0m[2m=[0mflorence2
[2m2026-09-16T22:20:16.343270Z[0m [32m INFO[0m [2mpanoptikon::inferio::worker[0m[2m:[0m 2026-09-17 00:20:16,343 [DEBUG] urllib3.connectionpool: https://huggingface.co:443 "HEAD /florence-community/Florence-2-large-ft/resolve/main/chat_template.json HTTP/1.1" 404 0 [3mworker[0m[2m=[0mflorence2
[2m2026-09-16T22:20:16.475435Z[0m [32m INFO[0m [2mpanoptikon::inferio::worker[0m[2m:[0m 2026-09-17 00:20:16,475 [DEBUG] urllib3.connectionpool: https://huggingface.co:443 "HEAD /florence-community/Florence-2-large-ft/resolve/main/chat_template.jinja HTTP/1.1" 404 0 [3mworker[0m[2m=[0mflorence2
[2m2026-09-16T22:20:16.607632Z[0m [32m INFO[0m [2mpanoptikon::inferio::worker[0m[2m:[0m 2026-09-17 00:20:16,607 [DEBUG] urllib3.connectionpool: https://huggingface.co:443 "HEAD /florence-community/Florence-2-large-ft/resolve/main/audio_tokenizer_config.json HTTP/1.1" 404 0 [3mworker[0m[2m=[0mflorence2
[2m2026-09-16T22:20:16.740094Z[0m [32m INFO[0m [2mpanoptikon::inferio::worker[0m[2m:[0m 2026-09-17 00:20:16,739 [DEBUG] urllib3.connectionpool: https://huggingface.co:443 "HEAD /florence-community/Florence-2-large-ft/resolve/main/preprocessor_config.json HTTP/1.1" 307 0 [3mworker[0m[2m=[0mflorence2
[2m2026-09-16T22:20:16.758896Z[0m [32m INFO[0m [2mpanoptikon::inferio::worker[0m[2m:[0m 2026-09-17 00:20:16,758 [DEBUG] urllib3.connectionpool: https://huggingface.co:443 "HEAD /api/resolve-cache/models/florence-community/Florence-2-large-ft/26b734a54fdfbf9c398351eedfabb7f27fc470b7/preprocessor_config.json HTTP/1.1" 200 0 [3mworker[0m[2m=[0mflorence2
[2m2026-09-16T22:20:16.889628Z[0m [32m INFO[0m [2mpanoptikon::inferio::worker[0m[2m:[0m 2026-09-17 00:20:16,889 [DEBUG] urllib3.connectionpool: https://huggingface.co:443 "HEAD /florence-community/Florence-2-large-ft/resolve/main/processor_config.json HTTP/1.1" 307 0 [3mworker[0m[2m=[0mflorence2
[2m2026-09-16T22:20:16.906856Z[0m [32m INFO[0m [2mpanoptikon::inferio::worker[0m[2m:[0m 2026-09-17 00:20:16,906 [DEBUG] urllib3.connectionpool: https://huggingface.co:443 "HEAD /api/resolve-cache/models/florence-community/Florence-2-large-ft/26b734a54fdfbf9c398351eedfabb7f27fc470b7/processor_config.json HTTP/1.1" 200 0 [3mworker[0m[2m=[0mflorence2
[2m2026-09-16T22:20:16.908600Z[0m [32m INFO[0m [2mpanoptikon::inferio::worker[0m[2m:[0m Using a slow image processor as `use_fast` is unset and a slow processor was saved with this model. `use_fast=True` will be the default behavior in v4.52, even if the model was saved with a slow processor. This will result in minor differences in outputs. You'll still be able to use a slow processor with `use_fast=False`. [3mworker[0m[2m=[0mflorence2
[2m2026-09-16T22:20:17.052005Z[0m [32m INFO[0m [2mpanoptikon::inferio::worker[0m[2m:[0m 2026-09-17 00:20:17,051 [DEBUG] urllib3.connectionpool: https://huggingface.co:443 "HEAD /florence-community/Florence-2-large-ft/resolve/main/tokenizer_config.json HTTP/1.1" 307 0 [3mworker[0m[2m=[0mflorence2
[2m2026-09-16T22:20:17.077301Z[0m [32m INFO[0m [2mpanoptikon::inferio::worker[0m[2m:[0m 2026-09-17 00:20:17,077 [DEBUG] urllib3.connectionpool: https://huggingface.co:443 "HEAD /api/resolve-cache/models/florence-community/Florence-2-large-ft/26b734a54fdfbf9c398351eedfabb7f27fc470b7/tokenizer_config.json HTTP/1.1" 200 0 [3mworker[0m[2m=[0mflorence2
[2m2026-09-16T22:20:17.214025Z[0m [32m INFO[0m [2mpanoptikon::inferio::worker[0m[2m:[0m 2026-09-17 00:20:17,213 [DEBUG] urllib3.connectionpool: https://huggingface.co:443 "GET /api/models/florence-community/Florence-2-large-ft/tree/main/additional_chat_templates?recursive=False&expand=False HTTP/1.1" 404 64 [3mworker[0m[2m=[0mflorence2
[2m2026-09-16T22:20:17.346711Z[0m [32m INFO[0m [2mpanoptikon::inferio::worker[0m[2m:[0m 2026-09-17 00:20:17,346 [DEBUG] urllib3.connectionpool: https://huggingface.co:443 "GET /api/models/florence-community/Florence-2-large-ft/tree/main?recursive=True&expand=False HTTP/1.1" 200 None [3mworker[0m[2m=[0mflorence2
[2m2026-09-16T22:20:17.567574Z[0m [32m INFO[0m [2mpanoptikon::inferio::worker[0m[2m:[0m 2026-09-17 00:20:17,567 [DEBUG] urllib3.connectionpool: https://huggingface.co:443 "GET /api/models/florence-community/Florence-2-large-ft/tree/main/additional_chat_templates?recursive=False&expand=False HTTP/1.1" 404 64 [3mworker[0m[2m=[0mflorence2
[2m2026-09-16T22:20:17.700572Z[0m [32m INFO[0m [2mpanoptikon::inferio::worker[0m[2m:[0m 2026-09-17 00:20:17,700 [DEBUG] urllib3.connectionpool: https://huggingface.co:443 "HEAD /florence-community/Florence-2-large-ft/resolve/main/processor_config.json HTTP/1.1" 307 0 [3mworker[0m[2m=[0mflorence2
[2m2026-09-16T22:20:17.718016Z[0m [32m INFO[0m [2mpanoptikon::inferio::worker[0m[2m:[0m 2026-09-17 00:20:17,717 [DEBUG] urllib3.connectionpool: https://huggingface.co:443 "HEAD /api/resolve-cache/models/florence-community/Florence-2-large-ft/26b734a54fdfbf9c398351eedfabb7f27fc470b7/processor_config.json HTTP/1.1" 200 0 [3mworker[0m[2m=[0mflorence2
[2m2026-09-16T22:20:17.848861Z[0m [32m INFO[0m [2mpanoptikon::inferio::worker[0m[2m:[0m 2026-09-17 00:20:17,848 [DEBUG] urllib3.connectionpool: https://huggingface.co:443 "HEAD /florence-community/Florence-2-large-ft/resolve/main/chat_template.json HTTP/1.1" 404 0 [3mworker[0m[2m=[0mflorence2
[2m2026-09-16T22:20:17.977654Z[0m [32m INFO[0m [2mpanoptikon::inferio::worker[0m[2m:[0m 2026-09-17 00:20:17,976 [DEBUG] urllib3.connectionpool: https://huggingface.co:443 "HEAD /florence-community/Florence-2-large-ft/resolve/main/chat_template.jinja HTTP/1.1" 404 0 [3mworker[0m[2m=[0mflorence2
[2m2026-09-16T22:20:18.107032Z[0m [32m INFO[0m [2mpanoptikon::inferio::worker[0m[2m:[0m 2026-09-17 00:20:18,106 [DEBUG] urllib3.connectionpool: https://huggingface.co:443 "HEAD /florence-community/Florence-2-large-ft/resolve/main/audio_tokenizer_config.json HTTP/1.1" 404 0 [3mworker[0m[2m=[0mflorence2
[2m2026-09-16T22:20:18.197155Z[0m [32m INFO[0m [2mpanoptikon::inferio::worker[0m[2m:[0m 2026-09-17 00:20:18,197 [DEBUG] inferio_worker_impl_0_florence2: Model florence-community/Florence-2-large-ft loaded. [3mworker[0m[2m=[0mflorence2
[2m2026-09-16T22:20:18.197206Z[0m [32m INFO[0m [2mpanoptikon::inferio::worker[0m[2m:[0m 2026-09-17 00:20:18,197 [INFO] inferio_worker_impl_0_florence2: Resource usage for PID 43097: [3mworker[0m[2m=[0mflorence2
[2m2026-09-16T22:20:18.197218Z[0m [32m INFO[0m [2mpanoptikon::inferio::worker[0m[2m:[0m 2026-09-17 00:20:18,197 [INFO] inferio_worker_impl_0_florence2:   [resource] Max Resident Set Size (Mac): 4841.70 MB [3mworker[0m[2m=[0mflorence2
[2m2026-09-16T22:20:18.307455Z[0m [32m INFO[0m [2mpanoptikon::inferio::worker[0m[2m:[0m 2026-09-17 00:20:18,307 [INFO] inferio_worker_impl_0_florence2:   [psutil] Resident RAM (RSS):  3433.48 MB [3mworker[0m[2m=[0mflorence2
[2m2026-09-16T22:20:18.307480Z[0m [32m INFO[0m [2mpanoptikon::inferio::worker[0m[2m:[0m 2026-09-17 00:20:18,307 [INFO] inferio_worker_impl_0_florence2:   [psutil] Virtual Memory (VMS): 428807.44 MB [3mworker[0m[2m=[0mflorence2
[2m2026-09-16T22:20:18.307489Z[0m [32m INFO[0m [2mpanoptikon::inferio::worker[0m[2m:[0m 2026-09-17 00:20:18,307 [INFO] inferio_worker_impl_0_florence2:   [psutil] Num Threads:          14 [3mworker[0m[2m=[0mflorence2
[2m2026-09-16T22:20:18.307501Z[0m [32m INFO[0m [2mpanoptikon::inferio::worker[0m[2m:[0m 2026-09-17 00:20:18,307 [INFO] inferio_worker_impl_0_florence2:   [psutil] CPU usage:            0.0% [3mworker[0m[2m=[0mflorence2
[2m2026-09-16T22:20:18.309027Z[0m [34mDEBUG[0m [2mpanoptikon::inferio::worker[0m[2m:[0m worker reported its load footprint [3mworker[0m[2m=[0mflorence2/msft_large-caption [3mbase_mb[0m[2m=[0m3238 [3mbase_method[0m[2m=[0m"rss" [3mdtype[0m[2m=[0m"fp32" [3mdtype_method[0m[2m=[0m"selected" [3mgpu_name[0m[2m=[0m"CPU (128 GB)" [3mgpu_arch[0m[2m=[0m"cpu" [3mgpu_total_mb[0m[2m=[0m131072 [3mtorch[0m[2m=[0m"2.7.1"
[2m2026-09-16T22:20:18.309062Z[0m [34mDEBUG[0m [2mpanoptikon::inferio::manager[0m[2m:[0m replica loaded [3mmodel[0m[2m=[0mflorence2/msft_large-caption [3mreplica[0m[2m=[0m0 [3mdevice[0m[2m=[0m"<unpinned>"
[2m2026-09-16T22:20:18.318477Z[0m [34mDEBUG[0m [2mpanoptikon::inferio::ledger[0m[2m:[0m admitted a worker to a GPU's ledger [3mmodel[0m[2m=[0mflorence2/msft_large-caption [3mgpu[0m[2m=[0mCPU [3mreplica[0m[2m=[0m2 [3mbase_mb[0m[2m=[0mSome(3238) [3mbase_method[0m[2m=[0m"rss" [3mreserved_at_load_mb[0m[2m=[0mSome(4841) [3mseeded_from_store[0m[2m=[0mfalse
[2m2026-09-16T22:20:18.319057Z[0m [34mDEBUG[0m [2mpanoptikon::inferio::worker[0m[2m:[0m spawned an inferio worker [3mworker[0m[2m=[0mflorence2 [3minference_id[0m[2m=[0m"<unconfigured>" [3mpid[0m[2m=[0mSome(43099)
[2m2026-09-16T22:20:18.861096Z[0m [32m INFO[0m [2mpanoptikon::inferio::worker[0m[2m:[0m 2026-09-17 00:20:18,861 [INFO] inferio_worker: Resolved impl class florence2 to /Users/moot/projects/panoptikon-pr27/python/inferio/impl/florence2.py [3mworker[0m[2m=[0mflorence2
[2m2026-09-16T22:20:18.861137Z[0m [32m INFO[0m [2mpanoptikon::inferio::worker[0m[2m:[0m 2026-09-17 00:20:18,861 [INFO] inferio_worker: Handshake ok for impl class florence2 [3mworker[0m[2m=[0mflorence2
[2m2026-09-16T22:20:18.861201Z[0m [32m INFO[0m [2mpanoptikon::inferio::prewarm[0m[2m:[0m prewarmed worker parked [3mimpl_class[0m[2m=[0mflorence2 [3mfailed_prepare[0m[2m=[0mfalse [3mdevice[0m[2m=[0m"<unpinned>"
[2m2026-09-16T22:20:30.393193Z[0m [34mDEBUG[0m [2mpanoptikon::inferio::manager[0m[2m:[0m unload requested [3mmodel[0m[2m=[0mflorence2/msft_large-caption [3mcache_key[0m[2m=[0mpc
[2m2026-09-16T22:20:30.393245Z[0m [34mDEBUG[0m [2mpanoptikon::inferio::manager[0m[2m:[0m unloading model [3mmodel[0m[2m=[0mflorence2/msft_large-caption
[2m2026-09-16T22:20:30.393316Z[0m [34mDEBUG[0m [2mpanoptikon::inferio::ledger[0m[2m:[0m credited a departed replica's footprint back to the GPU's free reading, so its memory is not reattributed to external usage, and flagged the reading for a refresh [3mmodel[0m[2m=[0mflorence2/msft_large-caption [3mgpu[0m[2m=[0mCPU [3mfootprint_mb[0m[2m=[0m3238 [3madjusted_free_mb[0m[2m=[0m110073
[2m2026-09-16T22:20:30.443575Z[0m [32m INFO[0m [2mpanoptikon::inferio::worker[0m[2m:[0m 2026-09-17 00:20:30,443 [INFO] inferio_worker: Unloaded; exiting. [3mworker[0m[2m=[0mflorence2
[2m2026-09-16T22:20:33.445486Z[0m [34mDEBUG[0m [2mpanoptikon::inferio::manager[0m[2m:[0m resolved cost dimension [3mmodel[0m[2m=[0mflorence2/msft_large-caption [3munit[0m[2m=[0m"item" [3maggregation[0m[2m=[0m"count" [3mepoch[0m[2m=[0m1 [3mseed_units[0m[2m=[0m4 [3mpriced[0m[2m=[0mtrue [3mdegraded[0m[2m=[0mfalse
[2m2026-09-16T22:20:33.445558Z[0m [33m WARN[0m [2mpanoptikon::inferio::gpu[0m[2m:[0m ignoring this device pin: this host has no device to select — an Apple Silicon host has exactly one Metal device and no visibility variable that names it, and a CPU host has none at all — so the model runs where it was always going to and is priced against that [3mpin[0m[2m=[0mcpu
[2m2026-09-16T22:20:33.445975Z[0m [34mDEBUG[0m [2mpanoptikon::inferio::prewarm[0m[2m:[0m claimed a prewarmed worker from the pool [3mimpl_class[0m[2m=[0m"florence2" [3mfailed_prepare[0m[2m=[0mfalse
[2m2026-09-16T22:20:33.446115Z[0m [34mDEBUG[0m [2mpanoptikon::inferio::ledger[0m[2m:[0m probing the host for this GPU's free memory before pricing a load against it [3mmodel[0m[2m=[0m"florence2/msft_large-caption" [3mgpu[0m[2m=[0m"CPU" [3mreason[0m[2m=[0m"the reading was adjusted for a departed resident" [3msample_age_ms[0m[2m=[0mSome(15137)
[2m2026-09-16T22:20:33.446245Z[0m [34mDEBUG[0m [2mpanoptikon::inferio::ledger[0m[2m:[0m refreshed the GPU's free memory from the host probe [3mgpu[0m[2m=[0mCPU [3msource[0m[2m=[0m"ram" [3mfree_mb[0m[2m=[0m110010 [3mtotal_mb[0m[2m=[0m131072 [3mexternal_mb[0m[2m=[0m21062 [3mprevious_age_ms[0m[2m=[0mSome(15137) [3mrecorded[0m[2m=[0mtrue
[2m2026-09-16T22:20:33.446783Z[0m [32m INFO[0m [2mpanoptikon::inferio::worker[0m[2m:[0m 2026-09-17 00:20:33,446 [INFO] inferio_worker: Configured as florence2/msft_large-caption [3mworker[0m[2m=[0mflorence2
[2m2026-09-16T22:20:33.465819Z[0m [32m INFO[0m [2mpanoptikon::inferio::worker[0m[2m:[0m 2026-09-17 00:20:33,465 [DEBUG] inferio_worker.memory: NVML init failed (NVML Shared Library Not Found) [3mworker[0m[2m=[0mflorence2
[2m2026-09-16T22:20:35.370649Z[0m [32m INFO[0m [2mpanoptikon::inferio::worker[0m[2m:[0m 2026-09-17 00:20:35,370 [INFO] inferio_worker_impl_0_florence2: Precision 'fp16' requested but device is mps; using fp32. [3mworker[0m[2m=[0mflorence2
[2m2026-09-16T22:20:35.372329Z[0m [32m INFO[0m [2mpanoptikon::inferio::worker[0m[2m:[0m 2026-09-17 00:20:35,372 [DEBUG] urllib3.connectionpool: Starting new HTTPS connection (1): huggingface.co:443 [3mworker[0m[2m=[0mflorence2
[2m2026-09-16T22:20:35.521813Z[0m [32m INFO[0m [2mpanoptikon::inferio::worker[0m[2m:[0m 2026-09-17 00:20:35,521 [DEBUG] urllib3.connectionpool: https://huggingface.co:443 "HEAD /florence-community/Florence-2-large-ft/resolve/main/config.json HTTP/1.1" 307 0 [3mworker[0m[2m=[0mflorence2
[2m2026-09-16T22:20:35.538176Z[0m [32m INFO[0m [2mpanoptikon::inferio::worker[0m[2m:[0m 2026-09-17 00:20:35,537 [DEBUG] urllib3.connectionpool: https://huggingface.co:443 "HEAD /api/resolve-cache/models/florence-community/Florence-2-large-ft/26b734a54fdfbf9c398351eedfabb7f27fc470b7/config.json HTTP/1.1" 200 0 [3mworker[0m[2m=[0mflorence2
[2m2026-09-16T22:20:35.670785Z[0m [32m INFO[0m [2mpanoptikon::inferio::worker[0m[2m:[0m 2026-09-17 00:20:35,670 [DEBUG] urllib3.connectionpool: https://huggingface.co:443 "HEAD /florence-community/Florence-2-large-ft/resolve/main/config.json HTTP/1.1" 307 0 [3mworker[0m[2m=[0mflorence2
[2m2026-09-16T22:20:35.688098Z[0m [32m INFO[0m [2mpanoptikon::inferio::worker[0m[2m:[0m 2026-09-17 00:20:35,687 [DEBUG] urllib3.connectionpool: https://huggingface.co:443 "HEAD /api/resolve-cache/models/florence-community/Florence-2-large-ft/26b734a54fdfbf9c398351eedfabb7f27fc470b7/config.json HTTP/1.1" 200 0 [3mworker[0m[2m=[0mflorence2
[2m2026-09-16T22:20:36.252353Z[0m [32m INFO[0m [2mpanoptikon::inferio::worker[0m[2m:[0m 2026-09-17 00:20:36,252 [DEBUG] urllib3.connectionpool: https://huggingface.co:443 "HEAD /florence-community/Florence-2-large-ft/resolve/main/generation_config.json HTTP/1.1" 307 0 [3mworker[0m[2m=[0mflorence2
[2m2026-09-16T22:20:36.266327Z[0m [32m INFO[0m [2mpanoptikon::inferio::worker[0m[2m:[0m 2026-09-17 00:20:36,266 [DEBUG] urllib3.connectionpool: https://huggingface.co:443 "HEAD /api/resolve-cache/models/florence-community/Florence-2-large-ft/26b734a54fdfbf9c398351eedfabb7f27fc470b7/generation_config.json HTTP/1.1" 200 0 [3mworker[0m[2m=[0mflorence2
[2m2026-09-16T22:20:36.393953Z[0m [32m INFO[0m [2mpanoptikon::inferio::worker[0m[2m:[0m 2026-09-17 00:20:36,393 [DEBUG] urllib3.connectionpool: https://huggingface.co:443 "HEAD /florence-community/Florence-2-large-ft/resolve/main/custom_generate/generate.py HTTP/1.1" 404 0 [3mworker[0m[2m=[0mflorence2
[2m2026-09-16T22:20:36.970220Z[0m [32m INFO[0m [2mpanoptikon::inferio::worker[0m[2m:[0m 2026-09-17 00:20:36,970 [DEBUG] urllib3.connectionpool: https://huggingface.co:443 "HEAD /florence-community/Florence-2-large-ft/resolve/main/processor_config.json HTTP/1.1" 307 0 [3mworker[0m[2m=[0mflorence2
[2m2026-09-16T22:20:36.987196Z[0m [32m INFO[0m [2mpanoptikon::inferio::worker[0m[2m:[0m 2026-09-17 00:20:36,987 [DEBUG] urllib3.connectionpool: https://huggingface.co:443 "HEAD /api/resolve-cache/models/florence-community/Florence-2-large-ft/26b734a54fdfbf9c398351eedfabb7f27fc470b7/processor_config.json HTTP/1.1" 200 0 [3mworker[0m[2m=[0mflorence2
[2m2026-09-16T22:20:37.117087Z[0m [32m INFO[0m [2mpanoptikon::inferio::worker[0m[2m:[0m 2026-09-17 00:20:37,116 [DEBUG] urllib3.connectionpool: https://huggingface.co:443 "GET /api/models/florence-community/Florence-2-large-ft/tree/main/additional_chat_templates?recursive=False&expand=False HTTP/1.1" 404 64 [3mworker[0m[2m=[0mflorence2
[2m2026-09-16T22:20:37.244627Z[0m [32m INFO[0m [2mpanoptikon::inferio::worker[0m[2m:[0m 2026-09-17 00:20:37,244 [DEBUG] urllib3.connectionpool: https://huggingface.co:443 "HEAD /florence-community/Florence-2-large-ft/resolve/main/processor_config.json HTTP/1.1" 307 0 [3mworker[0m[2m=[0mflorence2
[2m2026-09-16T22:20:37.261564Z[0m [32m INFO[0m [2mpanoptikon::inferio::worker[0m[2m:[0m 2026-09-17 00:20:37,261 [DEBUG] urllib3.connectionpool: https://huggingface.co:443 "HEAD /api/resolve-cache/models/florence-community/Florence-2-large-ft/26b734a54fdfbf9c398351eedfabb7f27fc470b7/processor_config.json HTTP/1.1" 200 0 [3mworker[0m[2m=[0mflorence2
[2m2026-09-16T22:20:37.388728Z[0m [32m INFO[0m [2mpanoptikon::inferio::worker[0m[2m:[0m 2026-09-17 00:20:37,388 [DEBUG] urllib3.connectionpool: https://huggingface.co:443 "HEAD /florence-community/Florence-2-large-ft/resolve/main/chat_template.json HTTP/1.1" 404 0 [3mworker[0m[2m=[0mflorence2
[2m2026-09-16T22:20:37.516508Z[0m [32m INFO[0m [2mpanoptikon::inferio::worker[0m[2m:[0m 2026-09-17 00:20:37,516 [DEBUG] urllib3.connectionpool: https://huggingface.co:443 "HEAD /florence-community/Florence-2-large-ft/resolve/main/chat_template.jinja HTTP/1.1" 404 0 [3mworker[0m[2m=[0mflorence2
[2m2026-09-16T22:20:37.647000Z[0m [32m INFO[0m [2mpanoptikon::inferio::worker[0m[2m:[0m 2026-09-17 00:20:37,646 [DEBUG] urllib3.connectionpool: https://huggingface.co:443 "HEAD /florence-community/Florence-2-large-ft/resolve/main/audio_tokenizer_config.json HTTP/1.1" 404 0 [3mworker[0m[2m=[0mflorence2
[2m2026-09-16T22:20:37.784934Z[0m [32m INFO[0m [2mpanoptikon::inferio::worker[0m[2m:[0m 2026-09-17 00:20:37,784 [DEBUG] urllib3.connectionpool: https://huggingface.co:443 "HEAD /florence-community/Florence-2-large-ft/resolve/main/preprocessor_config.json HTTP/1.1" 307 0 [3mworker[0m[2m=[0mflorence2
[2m2026-09-16T22:20:37.802214Z[0m [32m INFO[0m [2mpanoptikon::inferio::worker[0m[2m:[0m 2026-09-17 00:20:37,802 [DEBUG] urllib3.connectionpool: https://huggingface.co:443 "HEAD /api/resolve-cache/models/florence-community/Florence-2-large-ft/26b734a54fdfbf9c398351eedfabb7f27fc470b7/preprocessor_config.json HTTP/1.1" 200 0 [3mworker[0m[2m=[0mflorence2
[2m2026-09-16T22:20:37.929491Z[0m [32m INFO[0m [2mpanoptikon::inferio::worker[0m[2m:[0m 2026-09-17 00:20:37,929 [DEBUG] urllib3.connectionpool: https://huggingface.co:443 "HEAD /florence-community/Florence-2-large-ft/resolve/main/processor_config.json HTTP/1.1" 307 0 [3mworker[0m[2m=[0mflorence2
[2m2026-09-16T22:20:37.946702Z[0m [32m INFO[0m [2mpanoptikon::inferio::worker[0m[2m:[0m 2026-09-17 00:20:37,946 [DEBUG] urllib3.connectionpool: https://huggingface.co:443 "HEAD /api/resolve-cache/models/florence-community/Florence-2-large-ft/26b734a54fdfbf9c398351eedfabb7f27fc470b7/processor_config.json HTTP/1.1" 200 0 [3mworker[0m[2m=[0mflorence2
[2m2026-09-16T22:20:37.949654Z[0m [32m INFO[0m [2mpanoptikon::inferio::worker[0m[2m:[0m Using a slow image processor as `use_fast` is unset and a slow processor was saved with this model. `use_fast=True` will be the default behavior in v4.52, even if the model was saved with a slow processor. This will result in minor differences in outputs. You'll still be able to use a slow processor with `use_fast=False`. [3mworker[0m[2m=[0mflorence2
[2m2026-09-16T22:20:38.089819Z[0m [32m INFO[0m [2mpanoptikon::inferio::worker[0m[2m:[0m 2026-09-17 00:20:38,089 [DEBUG] urllib3.connectionpool: https://huggingface.co:443 "HEAD /florence-community/Florence-2-large-ft/resolve/main/tokenizer_config.json HTTP/1.1" 307 0 [3mworker[0m[2m=[0mflorence2
[2m2026-09-16T22:20:38.106203Z[0m [32m INFO[0m [2mpanoptikon::inferio::worker[0m[2m:[0m 2026-09-17 00:20:38,106 [DEBUG] urllib3.connectionpool: https://huggingface.co:443 "HEAD /api/resolve-cache/models/florence-community/Florence-2-large-ft/26b734a54fdfbf9c398351eedfabb7f27fc470b7/tokenizer_config.json HTTP/1.1" 200 0 [3mworker[0m[2m=[0mflorence2
[2m2026-09-16T22:20:38.235515Z[0m [32m INFO[0m [2mpanoptikon::inferio::worker[0m[2m:[0m 2026-09-17 00:20:38,235 [DEBUG] urllib3.connectionpool: https://huggingface.co:443 "GET /api/models/florence-community/Florence-2-large-ft/tree/main/additional_chat_templates?recursive=False&expand=False HTTP/1.1" 404 64 [3mworker[0m[2m=[0mflorence2
[2m2026-09-16T22:20:38.367653Z[0m [32m INFO[0m [2mpanoptikon::inferio::worker[0m[2m:[0m 2026-09-17 00:20:38,367 [DEBUG] urllib3.connectionpool: https://huggingface.co:443 "GET /api/models/florence-community/Florence-2-large-ft/tree/main?recursive=True&expand=False HTTP/1.1" 200 None [3mworker[0m[2m=[0mflorence2
[2m2026-09-16T22:20:38.587191Z[0m [32m INFO[0m [2mpanoptikon::inferio::worker[0m[2m:[0m 2026-09-17 00:20:38,587 [DEBUG] urllib3.connectionpool: https://huggingface.co:443 "GET /api/models/florence-community/Florence-2-large-ft/tree/main/additional_chat_templates?recursive=False&expand=False HTTP/1.1" 404 64 [3mworker[0m[2m=[0mflorence2
[2m2026-09-16T22:20:38.712775Z[0m [32m INFO[0m [2mpanoptikon::inferio::worker[0m[2m:[0m 2026-09-17 00:20:38,712 [DEBUG] urllib3.connectionpool: https://huggingface.co:443 "HEAD /florence-community/Florence-2-large-ft/resolve/main/processor_config.json HTTP/1.1" 307 0 [3mworker[0m[2m=[0mflorence2
[2m2026-09-16T22:20:38.731494Z[0m [32m INFO[0m [2mpanoptikon::inferio::worker[0m[2m:[0m 2026-09-17 00:20:38,731 [DEBUG] urllib3.connectionpool: https://huggingface.co:443 "HEAD /api/resolve-cache/models/florence-community/Florence-2-large-ft/26b734a54fdfbf9c398351eedfabb7f27fc470b7/processor_config.json HTTP/1.1" 200 0 [3mworker[0m[2m=[0mflorence2
[2m2026-09-16T22:20:38.864221Z[0m [32m INFO[0m [2mpanoptikon::inferio::worker[0m[2m:[0m 2026-09-17 00:20:38,864 [DEBUG] urllib3.connectionpool: https://huggingface.co:443 "HEAD /florence-community/Florence-2-large-ft/resolve/main/chat_template.json HTTP/1.1" 404 0 [3mworker[0m[2m=[0mflorence2
[2m2026-09-16T22:20:38.992273Z[0m [32m INFO[0m [2mpanoptikon::inferio::worker[0m[2m:[0m 2026-09-17 00:20:38,992 [DEBUG] urllib3.connectionpool: https://huggingface.co:443 "HEAD /florence-community/Florence-2-large-ft/resolve/main/chat_template.jinja HTTP/1.1" 404 0 [3mworker[0m[2m=[0mflorence2
[2m2026-09-16T22:20:39.124482Z[0m [32m INFO[0m [2mpanoptikon::inferio::worker[0m[2m:[0m 2026-09-17 00:20:39,124 [DEBUG] urllib3.connectionpool: https://huggingface.co:443 "HEAD /florence-community/Florence-2-large-ft/resolve/main/audio_tokenizer_config.json HTTP/1.1" 404 0 [3mworker[0m[2m=[0mflorence2
[2m2026-09-16T22:20:39.210618Z[0m [32m INFO[0m [2mpanoptikon::inferio::worker[0m[2m:[0m 2026-09-17 00:20:39,210 [DEBUG] inferio_worker_impl_0_florence2: Model florence-community/Florence-2-large-ft loaded. [3mworker[0m[2m=[0mflorence2
[2m2026-09-16T22:20:39.210652Z[0m [32m INFO[0m [2mpanoptikon::inferio::worker[0m[2m:[0m 2026-09-17 00:20:39,210 [INFO] inferio_worker_impl_0_florence2: Resource usage for PID 43099: [3mworker[0m[2m=[0mflorence2
[2m2026-09-16T22:20:39.210719Z[0m [32m INFO[0m [2mpanoptikon::inferio::worker[0m[2m:[0m 2026-09-17 00:20:39,210 [INFO] inferio_worker_impl_0_florence2:   [resource] Max Resident Set Size (Mac): 4847.09 MB [3mworker[0m[2m=[0mflorence2
[2m2026-09-16T22:20:39.320985Z[0m [32m INFO[0m [2mpanoptikon::inferio::worker[0m[2m:[0m 2026-09-17 00:20:39,320 [INFO] inferio_worker_impl_0_florence2:   [psutil] Resident RAM (RSS):  502.59 MB [3mworker[0m[2m=[0mflorence2
[2m2026-09-16T22:20:39.321008Z[0m [32m INFO[0m [2mpanoptikon::inferio::worker[0m[2m:[0m 2026-09-17 00:20:39,320 [INFO] inferio_worker_impl_0_florence2:   [psutil] Virtual Memory (VMS): 425865.95 MB [3mworker[0m[2m=[0mflorence2
[2m2026-09-16T22:20:39.321017Z[0m [32m INFO[0m [2mpanoptikon::inferio::worker[0m[2m:[0m 2026-09-17 00:20:39,320 [INFO] inferio_worker_impl_0_florence2:   [psutil] Num Threads:          15 [3mworker[0m[2m=[0mflorence2
[2m2026-09-16T22:20:39.321028Z[0m [32m INFO[0m [2mpanoptikon::inferio::worker[0m[2m:[0m 2026-09-17 00:20:39,321 [INFO] inferio_worker_impl_0_florence2:   [psutil] CPU usage:            0.0% [3mworker[0m[2m=[0mflorence2
[2m2026-09-16T22:20:39.322429Z[0m [34mDEBUG[0m [2mpanoptikon::inferio::worker[0m[2m:[0m worker reported its load footprint [3mworker[0m[2m=[0mflorence2/msft_large-caption [3mbase_mb[0m[2m=[0m3120 [3mbase_method[0m[2m=[0m"mps" [3mdtype[0m[2m=[0m"fp32" [3mdtype_method[0m[2m=[0m"selected" [3mgpu_name[0m[2m=[0m"Apple M3 Max (128 GB)" [3mgpu_arch[0m[2m=[0m"apple-m3" [3mgpu_total_mb[0m[2m=[0m110100 [3mtorch[0m[2m=[0m"2.7.1"
[2m2026-09-16T22:20:39.322471Z[0m [34mDEBUG[0m [2mpanoptikon::inferio::manager[0m[2m:[0m replica loaded [3mmodel[0m[2m=[0mflorence2/msft_large-caption [3mreplica[0m[2m=[0m0 [3mdevice[0m[2m=[0m"<unpinned>"
[2m2026-09-16T22:20:39.322493Z[0m [32m INFO[0m [2mpanoptikon::inferio::ledger[0m[2m:[0m this unified-memory device's admission total is now the figure the worker's own runtime reports, which is what its allocations are actually judged against; the probe's seed was a default fraction of host RAM and a raised GPU memory limit moves the real figure well away from it [3mmodel[0m[2m=[0mflorence2/msft_large-caption [3mgpu[0m[2m=[0mGPU-MPS [3mseed_total_mb[0m[2m=[0m98304 [3mreported_total_mb[0m[2m=[0m110100 [3mram_mb[0m[2m=[0m131072
[2m2026-09-16T22:20:39.322640Z[0m [34mDEBUG[0m [2mpanoptikon::inferio::ledger[0m[2m:[0m admitted a worker to a GPU's ledger [3mmodel[0m[2m=[0mflorence2/msft_large-caption [3mgpu[0m[2m=[0mGPU-MPS [3mreplica[0m[2m=[0m4 [3mbase_mb[0m[2m=[0mSome(3120) [3mbase_method[0m[2m=[0m"mps" [3mreserved_at_load_mb[0m[2m=[0mSome(3120) [3mseeded_from_store[0m[2m=[0mfalse
[2m2026-09-16T22:20:39.323302Z[0m [34mDEBUG[0m [2mpanoptikon::inferio::worker[0m[2m:[0m spawned an inferio worker [3mworker[0m[2m=[0mflorence2 [3minference_id[0m[2m=[0m"<unconfigured>" [3mpid[0m[2m=[0mSome(43123)
[2m2026-09-16T22:20:39.877545Z[0m [32m INFO[0m [2mpanoptikon::inferio::worker[0m[2m:[0m 2026-09-17 00:20:39,877 [INFO] inferio_worker: Resolved impl class florence2 to /Users/moot/projects/panoptikon-pr27/python/inferio/impl/florence2.py [3mworker[0m[2m=[0mflorence2
[2m2026-09-16T22:20:39.877607Z[0m [32m INFO[0m [2mpanoptikon::inferio::worker[0m[2m:[0m 2026-09-17 00:20:39,877 [INFO] inferio_worker: Handshake ok for impl class florence2 [3mworker[0m[2m=[0mflorence2
[2m2026-09-16T22:20:39.877667Z[0m [32m INFO[0m [2mpanoptikon::inferio::prewarm[0m[2m:[0m prewarmed worker parked [3mimpl_class[0m[2m=[0mflorence2 [3mfailed_prepare[0m[2m=[0mfalse [3mdevice[0m[2m=[0m"<unpinned>"
[2m2026-09-16T22:20:42.386904Z[0m [34mDEBUG[0m [2mpanoptikon::inferio::manager[0m[2m:[0m unload requested [3mmodel[0m[2m=[0mflorence2/msft_large-caption [3mcache_key[0m[2m=[0mpc
[2m2026-09-16T22:20:42.386939Z[0m [34mDEBUG[0m [2mpanoptikon::inferio::manager[0m[2m:[0m unloading model [3mmodel[0m[2m=[0mflorence2/msft_large-caption
[2m2026-09-16T22:20:42.386993Z[0m [34mDEBUG[0m [2mpanoptikon::inferio::ledger[0m[2m:[0m credited a departed replica's footprint back to the GPU's free reading, so its memory is not reattributed to external usage, and flagged the reading for a refresh [3mmodel[0m[2m=[0mflorence2/msft_large-caption [3mgpu[0m[2m=[0mGPU-MPS [3mfootprint_mb[0m[2m=[0m3120 [3madjusted_free_mb[0m[2m=[0m109651
[2m2026-09-16T22:20:42.411217Z[0m [32m INFO[0m [2mpanoptikon::inferio::worker[0m[2m:[0m 2026-09-17 00:20:42,411 [DEBUG] inferio_worker.memory: released the allocator pool (impl): handed back 3120 MiB in 20.0 ms [3mworker[0m[2m=[0mflorence2
[2m2026-09-16T22:20:42.411253Z[0m [32m INFO[0m [2mpanoptikon::inferio::worker[0m[2m:[0m 2026-09-17 00:20:42,411 [INFO] inferio_worker: Unloaded; exiting. [3mworker[0m[2m=[0mflorence2
[2m2026-09-16T22:20:44.402171Z[0m [32m INFO[0m [2mpanoptikon::shutdown[0m[2m:[0m shutdown signal received; stopping gracefully (repeat the signal to force exit)
[2m2026-09-16T22:20:44.404790Z[0m [32m INFO[0m [2mpanoptikon::shutdown[0m[2m:[0m index DB writers drained [3mwriters[0m[2m=[0m1
[2m2026-09-16T22:20:44.405778Z[0m [32m INFO[0m [2mpanoptikon::inferio::worker[0m[2m:[0m 2026-09-17 00:20:44,405 [INFO] inferio_worker: Unloaded; exiting. [3mworker[0m[2m=[0mflorence2
[2m2026-09-16T22:20:44.547540Z[0m [32m INFO[0m [2mpanoptikon::shutdown[0m[2m:[0m local inference workers stopped
[2m2026-09-16T22:20:44.547566Z[0m [32m INFO[0m [2mpanoptikon::shutdown[0m[2m:[0m background work stopped cleanly
[2m2026-09-16T22:20:44.547579Z[0m [32m INFO[0m [2mpanoptikon[0m[2m:[0m gateway stopped
