{
 "schema": "legs/1",
 "scenario": "S1",
 "note": "final tip 2133563f wired 0: inventory, identity, total adoption",
 "directory": "/Users/moot/projects/panoptikon-pr27/tools/calibration-protocol/results/fin-1/S1",
 "platform": {
  "system": "Darwin",
  "release": "25.6.0",
  "machine": "arm64",
  "python": "3.12.13"
 },
 "bin": "target/release/panoptikon",
 "config": "/Users/moot/projects/panoptikon-pr27/.mac/server-C1-mac.toml",
 "gateway_config": "/Users/moot/projects/panoptikon-pr27/.mac/server-C1-mac.toml",
 "inference_python": "/Users/moot/projects/panoptikon-pr27/python/.venv/bin/python",
 "inference_python_source": "config",
 "device_env": {},
 "env_file": "/Users/moot/projects/panoptikon-pr27/.mac/env.C1-mac",
 "dotenv": null,
 "base_url": "http://127.0.0.1:6342",
 "legacy_port": null,
 "endpoints": [
  {
   "name": "test",
   "port": 6343
  },
  {
   "name": "legacy_ui",
   "port": 6339
  }
 ],
 "model": "tags/wd-vit-tagger-v3",
 "models": [
  "tags/wd-vit-tagger-v3"
 ],
 "scan_audio": false,
 "corpus": "/Users/moot/projects/panoptikon-pr27/tools/calibration-protocol/results/corpus/smoke",
 "gpu_total_mb": 110100,
 "gpu_total_mb_source": "--gpu-total-mb",
 "hog": null,
 "hog_events": [],
 "floor_bound": [],
 "checks": "oracle_agreement,base_accuracy,footprint_agreement,grant_safety,failures,job_outcome,ledger_invariant,peak_fds",
 "learning": false,
 "preconditions": [
  "the GPU's other tenant is STILL RUNNING - this is the only leg that wants a full board"
 ],
 "analyze_command": [
  "/Users/moot/projects/panoptikon-pr27/python/.venv/bin/python",
  "/Users/moot/projects/panoptikon-pr27/tools/calibration-protocol/analyze.py",
  "--scenario",
  "/Users/moot/projects/panoptikon-pr27/tools/calibration-protocol/results/fin-1/S1",
  "--checks",
  "oracle_agreement,base_accuracy,footprint_agreement,grant_safety,failures,job_outcome,ledger_invariant,peak_fds",
  "--json",
  "/Users/moot/projects/panoptikon-pr27/tools/calibration-protocol/results/fin-1/S1/verdicts.json"
 ]
}
PRECONDITION: the GPU's other tenant is STILL RUNNING - this is the only leg that wants a full board
[2026-09-17T00:59:59.851Z] inference_python {"python": "/Users/moot/projects/panoptikon-pr27/python/.venv/bin/python", "source": "config", "config": "/Users/moot/projects/panoptikon-pr27/.mac/server-C1-mac.toml"}
[2026-09-17T00:59:59.853Z] vramrec_started
[2026-09-17T00:59:59.854Z] healthrec_started
[2026-09-17T00:59:59.857Z] gateway_started {"child": "gateway", "pid": 46377, "argv": ["target/release/panoptikon", "--config", "/Users/moot/projects/panoptikon-pr27/.mac/server-C1-mac.toml", "--root", "/Users/moot/projects/panoptikon-pr27/tools/calibration-protocol/results/fin-1/S1/root", "--disable-update-check"]}
[2026-09-17T01:00:01.887Z] gateway_ready
[2026-09-17T01:00:01.987Z] rescan_start {"corpus": "/Users/moot/projects/panoptikon-pr27/tools/calibration-protocol/results/corpus/smoke", "index_db": "cal", "scan_audio": false}
[2026-09-17T01:00:04.013Z] rescan_done {"indexed_files": 180, "index_db": "cal"}
[2026-09-17T01:00:04.013Z] job_start {"model": "tags/wd-vit-tagger-v3", "tag": "", "index_db": "cal"}
[2026-09-17T01:00:04.040Z] job_posted {"http_status": 202}
[2026-09-17T01:00:16.106Z] job_end {"outcome": "drained"}
[2026-09-17T01:00:16.114Z] job_items {"model": "tags/wd-vit-tagger-v3", "items": 180}
[2026-09-17T01:00:16.117Z] settling {"seconds": 40.0}
[2026-09-17T01:00:56.750Z] processes_stopped {"gateway": "SIGTERM, rc=0", "healthrec": "SIGTERM, rc=0", "vramrec": "SIGTERM, rc=0"}

DONE /Users/moot/projects/panoptikon-pr27/tools/calibration-protocol/results/fin-1/S1  outcome=drained
analyze with:
  /Users/moot/projects/panoptikon-pr27/python/.venv/bin/python /Users/moot/projects/panoptikon-pr27/tools/calibration-protocol/analyze.py --scenario /Users/moot/projects/panoptikon-pr27/tools/calibration-protocol/results/fin-1/S1 --checks oracle_agreement,base_accuracy,footprint_agreement,grant_safety,failures,job_outcome,ledger_invariant,peak_fds --json /Users/moot/projects/panoptikon-pr27/tools/calibration-protocol/results/fin-1/S1/verdicts.json
