{
 "schema": "legs/1",
 "scenario": "S14",
 "note": "final tip 2133563f wired 0: S14 derived-setter chain; Florence2 deliberately excluded",
 "directory": "/Users/moot/projects/panoptikon-pr27/tools/calibration-protocol/results/fin-14ch/S14",
 "platform": {
  "system": "Darwin",
  "release": "25.6.0",
  "machine": "arm64",
  "python": "3.12.13"
 },
 "bin": "target/release/panoptikon",
 "config": "/Users/moot/projects/panoptikon-pr27/.mac/server-C1-mac.toml",
 "gateway_config": "/Users/moot/projects/panoptikon-pr27/.mac/server-C1-mac.toml",
 "inference_python": "/Users/moot/projects/panoptikon-pr27/python/.venv/bin/python",
 "inference_python_source": "config",
 "device_env": {},
 "env_file": "/Users/moot/projects/panoptikon-pr27/.mac/env.C1-mac",
 "dotenv": null,
 "base_url": "http://127.0.0.1:6342",
 "legacy_port": null,
 "endpoints": [
  {
   "name": "test",
   "port": 6343
  },
  {
   "name": "legacy_ui",
   "port": 6339
  }
 ],
 "model": "doctr/db_resnet50_crnn_mobilenet_v3_small",
 "models": [
  "doctr/db_resnet50_crnn_mobilenet_v3_small",
  "whisper/tiny",
  "textembed/all-MiniLM-L6-v2"
 ],
 "scan_audio": true,
 "corpus": "/Users/moot/projects/panoptikon-pr27/tools/calibration-protocol/results/corpus/smoke",
 "gpu_total_mb": 110100,
 "gpu_total_mb_source": "--gpu-total-mb",
 "hog": null,
 "hog_events": [],
 "floor_bound": [],
 "checks": "failures,job_outcome,grant_safety,peak_fds",
 "learning": false,
 "preconditions": [],
 "analyze_command": [
  "/Users/moot/projects/panoptikon-pr27/python/.venv/bin/python",
  "/Users/moot/projects/panoptikon-pr27/tools/calibration-protocol/analyze.py",
  "--scenario",
  "/Users/moot/projects/panoptikon-pr27/tools/calibration-protocol/results/fin-14ch/S14",
  "--checks",
  "failures,job_outcome,grant_safety,peak_fds",
  "--json",
  "/Users/moot/projects/panoptikon-pr27/tools/calibration-protocol/results/fin-14ch/S14/verdicts.json"
 ]
}
[2026-09-17T01:35:38.557Z] inference_python {"python": "/Users/moot/projects/panoptikon-pr27/python/.venv/bin/python", "source": "config", "config": "/Users/moot/projects/panoptikon-pr27/.mac/server-C1-mac.toml"}
[2026-09-17T01:35:38.559Z] vramrec_started
[2026-09-17T01:35:38.560Z] healthrec_started
[2026-09-17T01:35:38.562Z] gateway_started {"child": "gateway", "pid": 52115, "argv": ["target/release/panoptikon", "--config", "/Users/moot/projects/panoptikon-pr27/.mac/server-C1-mac.toml", "--root", "/Users/moot/projects/panoptikon-pr27/tools/calibration-protocol/results/fin-14ch/S14/root", "--disable-update-check"]}
[2026-09-17T01:35:39.587Z] gateway_ready
[2026-09-17T01:35:39.705Z] rescan_start {"corpus": "/Users/moot/projects/panoptikon-pr27/tools/calibration-protocol/results/corpus/smoke", "index_db": "cal", "scan_audio": true}
[2026-09-17T01:35:41.730Z] rescan_done {"indexed_files": 185, "index_db": "cal"}
[2026-09-17T01:35:41.730Z] job_start {"model": "doctr/db_resnet50_crnn_mobilenet_v3_small", "tag": "", "index_db": "cal"}
[2026-09-17T01:35:41.755Z] job_posted {"http_status": 202}
[2026-09-17T01:36:44.066Z] job_end {"outcome": "drained"}
[2026-09-17T01:36:44.068Z] job_items {"model": "doctr/db_resnet50_crnn_mobilenet_v3_small", "items": 195}
[2026-09-17T01:36:44.068Z] job_start {"model": "whisper/tiny", "tag": "-2", "index_db": "cal"}
[2026-09-17T01:36:44.069Z] job_posted {"http_status": 202}
[2026-09-17T01:36:50.104Z] job_end {"outcome": "drained"}
[2026-09-17T01:36:50.114Z] job_items {"model": "whisper/tiny", "items": 5}
[2026-09-17T01:36:50.114Z] job_start {"model": "textembed/all-MiniLM-L6-v2", "tag": "-3", "index_db": "cal"}
[2026-09-17T01:36:50.121Z] job_posted {"http_status": 202}
[2026-09-17T01:36:52.133Z] job_end {"outcome": "drained"}
[2026-09-17T01:36:52.143Z] job_no_items {"model": "textembed/all-MiniLM-L6-v2", "index_db": "cal", "record": "none", "hint": "the model found nothing to run on - a derived text setter needs extracted_text rows another setter wrote first, and every setter needs a corpus its handler accepts"}
[2026-09-17T01:36:52.169Z] smoke_assertions {"summary": {"pql": {"status": 200, "count": 185}, "thumbnail": {"status": 200, "bytes": 332354}, "file": {"status": 200, "path": "/Users/moot/projects/panoptikon-pr27/tools/calibration-protocol/results/corpus/smoke/image/img-8000x6000-jpg/img-8000x6000-jpg-000000.jpg", "bytes": 1107696}, "endpoints": [{"name": "test", "port": 6343, "expected": 200, "expected_under_docker": 403, "status": 200, "ok": true, "note": "the 403 is a Docker-only assertion: docker.toml gives this port the public endpoint with restricted_demo, while these configs give it the localhost policy, where 200 is correct"}, {"name": "legacy_ui", "port": 6339, "expected": 200, "expected_under_docker": 403, "status": 200, "ok": true, "note": "the 403 is a Docker-only assertion: docker.toml gives this port the public endpoint with restricted_demo, while these configs give it the localhost policy, where 200 is correct"}], "legacy_ui_queue": {"name": "legacy_ui", "port": 6339, "expected": 200, "expected_under_docker": 403, "status": 200, "ok": true, "note": "the 403 is a Docker-only assertion: docker.toml gives this port the public endpoint with restricted_demo, while these configs give it the localhost policy, where 200 is correct"}}}
[2026-09-17T01:36:52.171Z] settling {"seconds": 40.0}
[2026-09-17T01:37:32.186Z] no_calibration_toml {"expected": "/Users/moot/projects/panoptikon-pr27/tools/calibration-protocol/results/fin-14ch/S14/root/data/inferio/calibration.toml"}
[2026-09-17T01:37:32.813Z] processes_stopped {"gateway": "SIGTERM, rc=0", "healthrec": "SIGTERM, rc=0", "vramrec": "SIGTERM, rc=0"}

DONE /Users/moot/projects/panoptikon-pr27/tools/calibration-protocol/results/fin-14ch/S14  outcome=no_items
analyze with:
  /Users/moot/projects/panoptikon-pr27/python/.venv/bin/python /Users/moot/projects/panoptikon-pr27/tools/calibration-protocol/analyze.py --scenario /Users/moot/projects/panoptikon-pr27/tools/calibration-protocol/results/fin-14ch/S14 --checks failures,job_outcome,grant_safety,peak_fds --json /Users/moot/projects/panoptikon-pr27/tools/calibration-protocol/results/fin-14ch/S14/verdicts.json
