{
 "schema": "legs/1",
 "scenario": "S14",
 "note": "final tip 2133563f wired 0: S14 CI smoke + tags",
 "directory": "/Users/moot/projects/panoptikon-pr27/tools/calibration-protocol/results/fin-14t/S14",
 "platform": {
  "system": "Darwin",
  "release": "25.6.0",
  "machine": "arm64",
  "python": "3.12.13"
 },
 "bin": "target/release/panoptikon",
 "config": "/Users/moot/projects/panoptikon-pr27/.mac/server-C1-mac.toml",
 "gateway_config": "/Users/moot/projects/panoptikon-pr27/.mac/server-C1-mac.toml",
 "inference_python": "/Users/moot/projects/panoptikon-pr27/python/.venv/bin/python",
 "inference_python_source": "config",
 "device_env": {},
 "env_file": "/Users/moot/projects/panoptikon-pr27/.mac/env.C1-mac",
 "dotenv": null,
 "base_url": "http://127.0.0.1:6342",
 "legacy_port": null,
 "endpoints": [
  {
   "name": "test",
   "port": 6343
  },
  {
   "name": "legacy_ui",
   "port": 6339
  }
 ],
 "model": "tags/wd-vit-tagger-v3",
 "models": [
  "tags/wd-vit-tagger-v3"
 ],
 "scan_audio": false,
 "corpus": "/Users/moot/projects/panoptikon-pr27/tools/calibration-protocol/results/corpus/smoke",
 "gpu_total_mb": 110100,
 "gpu_total_mb_source": "--gpu-total-mb",
 "hog": null,
 "hog_events": [],
 "floor_bound": [],
 "checks": "failures,job_outcome,grant_safety,peak_fds",
 "learning": false,
 "preconditions": [],
 "analyze_command": [
  "/Users/moot/projects/panoptikon-pr27/python/.venv/bin/python",
  "/Users/moot/projects/panoptikon-pr27/tools/calibration-protocol/analyze.py",
  "--scenario",
  "/Users/moot/projects/panoptikon-pr27/tools/calibration-protocol/results/fin-14t/S14",
  "--checks",
  "failures,job_outcome,grant_safety,peak_fds",
  "--json",
  "/Users/moot/projects/panoptikon-pr27/tools/calibration-protocol/results/fin-14t/S14/verdicts.json"
 ]
}
[2026-09-17T01:29:27.765Z] inference_python {"python": "/Users/moot/projects/panoptikon-pr27/python/.venv/bin/python", "source": "config", "config": "/Users/moot/projects/panoptikon-pr27/.mac/server-C1-mac.toml"}
[2026-09-17T01:29:27.768Z] vramrec_started
[2026-09-17T01:29:27.769Z] healthrec_started
[2026-09-17T01:29:27.770Z] gateway_started {"child": "gateway", "pid": 51728, "argv": ["target/release/panoptikon", "--config", "/Users/moot/projects/panoptikon-pr27/.mac/server-C1-mac.toml", "--root", "/Users/moot/projects/panoptikon-pr27/tools/calibration-protocol/results/fin-14t/S14/root", "--disable-update-check"]}
[2026-09-17T01:29:28.794Z] gateway_ready
[2026-09-17T01:29:28.872Z] rescan_start {"corpus": "/Users/moot/projects/panoptikon-pr27/tools/calibration-protocol/results/corpus/smoke", "index_db": "cal", "scan_audio": false}
[2026-09-17T01:29:30.897Z] rescan_done {"indexed_files": 180, "index_db": "cal"}
[2026-09-17T01:29:30.897Z] job_start {"model": "tags/wd-vit-tagger-v3", "tag": "", "index_db": "cal"}
[2026-09-17T01:29:30.921Z] job_posted {"http_status": 202}
[2026-09-17T01:29:42.989Z] job_end {"outcome": "drained"}
[2026-09-17T01:29:43.003Z] job_items {"model": "tags/wd-vit-tagger-v3", "items": 180}
[2026-09-17T01:29:43.041Z] smoke_assertions {"summary": {"pql": {"status": 200, "count": 180}, "thumbnail": {"status": 200, "bytes": 297083}, "file": {"status": 200, "path": "/Users/moot/projects/panoptikon-pr27/tools/calibration-protocol/results/corpus/smoke/image/img-8000x6000-jpg/img-8000x6000-jpg-000002.jpg", "bytes": 1063057}, "endpoints": [{"name": "test", "port": 6343, "expected": 200, "expected_under_docker": 403, "status": 200, "ok": true, "note": "the 403 is a Docker-only assertion: docker.toml gives this port the public endpoint with restricted_demo, while these configs give it the localhost policy, where 200 is correct"}, {"name": "legacy_ui", "port": 6339, "expected": 200, "expected_under_docker": 403, "status": 200, "ok": true, "note": "the 403 is a Docker-only assertion: docker.toml gives this port the public endpoint with restricted_demo, while these configs give it the localhost policy, where 200 is correct"}], "legacy_ui_queue": {"name": "legacy_ui", "port": 6339, "expected": 200, "expected_under_docker": 403, "status": 200, "ok": true, "note": "the 403 is a Docker-only assertion: docker.toml gives this port the public endpoint with restricted_demo, while these configs give it the localhost policy, where 200 is correct"}}}
[2026-09-17T01:29:43.043Z] settling {"seconds": 40.0}
[2026-09-17T01:30:23.682Z] processes_stopped {"gateway": "SIGTERM, rc=0", "healthrec": "SIGTERM, rc=0", "vramrec": "SIGTERM, rc=0"}

DONE /Users/moot/projects/panoptikon-pr27/tools/calibration-protocol/results/fin-14t/S14  outcome=drained
analyze with:
  /Users/moot/projects/panoptikon-pr27/python/.venv/bin/python /Users/moot/projects/panoptikon-pr27/tools/calibration-protocol/analyze.py --scenario /Users/moot/projects/panoptikon-pr27/tools/calibration-protocol/results/fin-14t/S14 --checks failures,job_outcome,grant_safety,peak_fds --json /Users/moot/projects/panoptikon-pr27/tools/calibration-protocol/results/fin-14t/S14/verdicts.json
