{
 "schema": "legs/1",
 "scenario": "S3",
 "note": "final tip 2133563f wired 0: warm restart on the CLIP store",
 "directory": "/Users/moot/projects/panoptikon-pr27/tools/calibration-protocol/results/fin-3/S3",
 "platform": {
  "system": "Darwin",
  "release": "25.6.0",
  "machine": "arm64",
  "python": "3.12.13"
 },
 "bin": "target/release/panoptikon",
 "config": "/Users/moot/projects/panoptikon-pr27/.mac/server-C1-mac.toml",
 "gateway_config": "/Users/moot/projects/panoptikon-pr27/.mac/server-C1-mac.toml",
 "inference_python": "/Users/moot/projects/panoptikon-pr27/python/.venv/bin/python",
 "inference_python_source": "config",
 "device_env": {},
 "env_file": "/Users/moot/projects/panoptikon-pr27/.mac/env.C1-mac",
 "dotenv": null,
 "base_url": "http://127.0.0.1:6342",
 "legacy_port": null,
 "endpoints": [
  {
   "name": "test",
   "port": 6343
  },
  {
   "name": "legacy_ui",
   "port": 6339
  }
 ],
 "model": "clip/apple_MobileCLIP-S1",
 "models": [
  "clip/apple_MobileCLIP-S1"
 ],
 "scan_audio": false,
 "corpus": "/Users/moot/projects/panoptikon-pr27/tools/calibration-protocol/results/corpus/ramp",
 "gpu_total_mb": 110100,
 "gpu_total_mb_source": "--gpu-total-mb",
 "hog": null,
 "hog_events": [],
 "floor_bound": [],
 "checks": "all",
 "learning": false,
 "preconditions": [
  "the GPU is idle",
  "seed the store with --seed-calibration <an S2 leg's calibration.after.toml>, or let the first job here write one"
 ],
 "analyze_command": [
  "/Users/moot/projects/panoptikon-pr27/python/.venv/bin/python",
  "/Users/moot/projects/panoptikon-pr27/tools/calibration-protocol/analyze.py",
  "--scenario",
  "/Users/moot/projects/panoptikon-pr27/tools/calibration-protocol/results/fin-3/S3",
  "--checks",
  "all",
  "--json",
  "/Users/moot/projects/panoptikon-pr27/tools/calibration-protocol/results/fin-3/S3/verdicts.json"
 ]
}
PRECONDITION: the GPU is idle
PRECONDITION: seed the store with --seed-calibration <an S2 leg's calibration.after.toml>, or let the first job here write one
[2026-09-17T01:10:43.876Z] inference_python {"python": "/Users/moot/projects/panoptikon-pr27/python/.venv/bin/python", "source": "config", "config": "/Users/moot/projects/panoptikon-pr27/.mac/server-C1-mac.toml"}
[2026-09-17T01:10:43.881Z] vramrec_started
[2026-09-17T01:10:43.882Z] healthrec_started
[2026-09-17T01:10:43.883Z] gateway_started {"child": "gateway", "pid": 46948, "argv": ["target/release/panoptikon", "--config", "/Users/moot/projects/panoptikon-pr27/.mac/server-C1-mac.toml", "--root", "/Users/moot/projects/panoptikon-pr27/tools/calibration-protocol/results/fin-3/S3/root", "--disable-update-check"]}
[2026-09-17T01:10:44.907Z] gateway_ready
[2026-09-17T01:10:44.983Z] rescan_start {"corpus": "/Users/moot/projects/panoptikon-pr27/tools/calibration-protocol/results/corpus/ramp", "index_db": "cal", "scan_audio": false}
[2026-09-17T01:10:51.029Z] rescan_done {"indexed_files": 2000, "index_db": "cal"}
[2026-09-17T01:10:51.029Z] job_start {"model": "clip/apple_MobileCLIP-S1", "tag": "", "index_db": "cal"}
[2026-09-17T01:10:51.051Z] job_posted {"http_status": 202}
[2026-09-17T01:11:13.149Z] job_end {"outcome": "drained"}
[2026-09-17T01:11:13.151Z] job_items {"model": "clip/apple_MobileCLIP-S1", "items": 2000}
[2026-09-17T01:11:13.151Z] gateway_stopping_for_restart
[2026-09-17T01:11:13.355Z] gateway_stopped {"how": "SIGTERM, rc=0"}
[2026-09-17T01:11:16.378Z] gateway_started {"child": "gateway-2", "pid": 47002, "argv": ["target/release/panoptikon", "--config", "/Users/moot/projects/panoptikon-pr27/.mac/server-C1-mac.toml", "--root", "/Users/moot/projects/panoptikon-pr27/tools/calibration-protocol/results/fin-3/S3/root", "--disable-update-check"]}
[2026-09-17T01:11:17.387Z] gateway_ready
[2026-09-17T01:11:17.406Z] second_job_prepares_a_fresh_db {"index_db": "cal2"}
[2026-09-17T01:11:17.467Z] rescan_start {"corpus": "/Users/moot/projects/panoptikon-pr27/tools/calibration-protocol/results/corpus/ramp", "index_db": "cal2", "scan_audio": false}
[2026-09-17T01:11:23.490Z] rescan_done {"indexed_files": 2000, "index_db": "cal2"}
[2026-09-17T01:11:23.490Z] job_start {"model": "clip/apple_MobileCLIP-S1", "tag": "-resume", "index_db": "cal2"}
[2026-09-17T01:11:23.497Z] job_posted {"http_status": 202}
[2026-09-17T01:11:45.600Z] job_end {"outcome": "drained"}
[2026-09-17T01:11:45.608Z] job_items {"model": "clip/apple_MobileCLIP-S1", "items": 2000}
[2026-09-17T01:11:45.611Z] settling {"seconds": 40.0}
[2026-09-17T01:12:26.239Z] processes_stopped {"gateway-2": "SIGTERM, rc=0", "gateway": "already exited rc=0", "healthrec": "SIGTERM, rc=0", "vramrec": "SIGTERM, rc=0"}

DONE /Users/moot/projects/panoptikon-pr27/tools/calibration-protocol/results/fin-3/S3  outcome=drained
analyze with:
  /Users/moot/projects/panoptikon-pr27/python/.venv/bin/python /Users/moot/projects/panoptikon-pr27/tools/calibration-protocol/analyze.py --scenario /Users/moot/projects/panoptikon-pr27/tools/calibration-protocol/results/fin-3/S3 --checks all --json /Users/moot/projects/panoptikon-pr27/tools/calibration-protocol/results/fin-3/S3/verdicts.json
