{
 "schema": "legs/1",
 "scenario": "S14",
 "note": "regression sanity: the CI smoke sequence plus one job",
 "directory": "Q:\\projects\\panoptikon-pr27\\.win\\run4\\legs\\r4-S14-whisper\\S14",
 "platform": {
  "system": "Windows",
  "release": "11",
  "machine": "AMD64",
  "python": "3.12.9"
 },
 "bin": "Q:\\projects\\panoptikon-pr27\\target\\release\\panoptikon.exe",
 "config": "Q:\\projects\\panoptikon-pr27\\tools\\calibration-protocol\\config\\server-C1win.toml",
 "env_file": "Q:\\projects\\panoptikon-pr27\\tools\\calibration-protocol\\config\\env.C1win",
 "dotenv": null,
 "base_url": "http://127.0.0.1:6382",
 "legacy_port": null,
 "endpoints": [
  {
   "name": "test",
   "port": 6383
  },
  {
   "name": "legacy_ui",
   "port": 6379
  }
 ],
 "model": "whisper/tiny",
 "models": [
  "whisper/tiny"
 ],
 "scan_audio": true,
 "corpus": "Q:\\projects\\panoptikon-pr27\\.win\\results\\corpus\\smoke2",
 "gpu_total_mb": 32607,
 "gpu_total_mb_source": "--gpu-total-mb",
 "hog": null,
 "hog_events": [],
 "floor_bound": [],
 "checks": "failures,job_outcome,grant_safety,peak_fds",
 "learning": false,
 "preconditions": [],
 "analyze_command": [
  "Q:\\projects\\panoptikon-pr27\\python\\.venv\\Scripts\\python.exe",
  "Q:\\projects\\panoptikon-pr27\\tools\\calibration-protocol\\analyze.py",
  "--scenario",
  "Q:\\projects\\panoptikon-pr27\\.win\\run4\\legs\\r4-S14-whisper\\S14",
  "--checks",
  "failures,job_outcome,grant_safety,peak_fds",
  "--json",
  "Q:\\projects\\panoptikon-pr27\\.win\\run4\\legs\\r4-S14-whisper\\S14\\verdicts.json"
 ]
}
[2026-09-16T20:31:32.341Z] vramrec_started
[2026-09-16T20:31:32.345Z] healthrec_started
[2026-09-16T20:31:32.349Z] gateway_started {"child": "gateway", "pid": 73104, "argv": ["Q:\\projects\\panoptikon-pr27\\target\\release\\panoptikon.exe", "--config", "Q:\\projects\\panoptikon-pr27\\tools\\calibration-protocol\\config\\server-C1win.toml", "--root", "Q:\\projects\\panoptikon-pr27\\.win\\run4\\legs\\r4-S14-whisper\\S14\\root", "--disable-update-check"]}
[2026-09-16T20:31:33.385Z] gateway_ready
[2026-09-16T20:31:33.496Z] rescan_start {"corpus": "Q:\\projects\\panoptikon-pr27\\.win\\results\\corpus\\smoke2", "index_db": "cal", "scan_audio": true}
[2026-09-16T20:31:35.545Z] rescan_done {"indexed_files": 185, "index_db": "cal"}
[2026-09-16T20:31:35.545Z] job_start {"model": "whisper/tiny", "tag": "", "index_db": "cal"}
[2026-09-16T20:31:35.560Z] job_posted {"http_status": 202}
[2026-09-16T20:31:41.627Z] job_end {"outcome": "drained"}
[2026-09-16T20:31:41.682Z] smoke_assertions {"summary": {"pql": {"status": 200, "count": 185}, "thumbnail": {"status": 200, "bytes": 295535}, "file": {"status": 200, "path": "Q:\\projects\\panoptikon-pr27\\.win\\results\\corpus\\smoke2\\image\\img-8000x6000-jpg\\img-8000x6000-jpg-000004.jpg", "bytes": 1065119}, "endpoints": [{"name": "test", "port": 6383, "expected": 200, "expected_under_docker": 403, "status": 200, "ok": true, "note": "the 403 is a Docker-only assertion: docker.toml gives this port the public endpoint with restricted_demo, while these configs give it the localhost policy, where 200 is correct"}, {"name": "legacy_ui", "port": 6379, "expected": 200, "expected_under_docker": 403, "status": 200, "ok": true, "note": "the 403 is a Docker-only assertion: docker.toml gives this port the public endpoint with restricted_demo, while these configs give it the localhost policy, where 200 is correct"}], "legacy_ui_queue": {"name": "legacy_ui", "port": 6379, "expected": 200, "expected_under_docker": 403, "status": 200, "ok": true, "note": "the 403 is a Docker-only assertion: docker.toml gives this port the public endpoint with restricted_demo, while these configs give it the localhost policy, where 200 is correct"}}}
[2026-09-16T20:31:41.706Z] settling {"seconds": 40.0}
[2026-09-16T20:32:21.728Z] no_calibration_toml {"expected": "Q:\\projects\\panoptikon-pr27\\.win\\run4\\legs\\r4-S14-whisper\\S14\\root\\data\\inferio\\calibration.toml"}
[2026-09-16T20:32:22.331Z] processes_stopped {"gateway": "CTRL_BREAK, rc=0", "healthrec": "CTRL_BREAK, rc=0", "vramrec": "CTRL_BREAK, rc=0"}

DONE Q:\projects\panoptikon-pr27\.win\run4\legs\r4-S14-whisper\S14  outcome=drained
analyze with:
  Q:\projects\panoptikon-pr27\python\.venv\Scripts\python.exe Q:\projects\panoptikon-pr27\tools\calibration-protocol\analyze.py --scenario Q:\projects\panoptikon-pr27\.win\run4\legs\r4-S14-whisper\S14 --checks failures,job_outcome,grant_safety,peak_fds --json Q:\projects\panoptikon-pr27\.win\run4\legs\r4-S14-whisper\S14\verdicts.json
