[2m2026-09-16T18:15:02.210693Z[0m [32m INFO[0m [2mpanoptikon::logging[0m[2m:[0m logging to file [3mpath[0m[2m=[0mdata/panoptikon.log
[2m2026-09-16T18:15:02.210742Z[0m [32m INFO[0m [2mpanoptikon::rlimit[0m[2m:[0m raised the open file descriptor soft limit to the hard limit [3msoft_nofile_before[0m[2m=[0m256 [3msoft_nofile_after[0m[2m=[0m1048576
[2m2026-09-16T18:15:02.210830Z[0m [32m INFO[0m [2mpanoptikon::accelerator_report[0m[2m:[0m accelerator backend [3mbackend[0m[2m=[0m"mps" [3mbackend_source[0m[2m=[0mmacOS: default PyPI wheels (MPS on Apple Silicon); no CUDA/ROCm builds exist [3mdevices[0m[2m=[0m[]
[2m2026-09-16T18:15:02.242141Z[0m [32m INFO[0m [2mpanoptikon::inferio::gpu[0m[2m:[0m detected GPU (unified memory; the total is the 75% seed until a worker reports the exact recommended-max figure) [3mindex[0m[2m=[0m0 [3muuid[0m[2m=[0mGPU-MPS [3mname[0m[2m=[0mApple M3 Max (128 GB) [3mtotal_mb[0m[2m=[0m98304 [3mram_mb[0m[2m=[0m131072 [3munified[0m[2m=[0mtrue
[2m2026-09-16T18:15:02.242230Z[0m [32m INFO[0m [2mpanoptikon[0m[2m:[0m serving /api/inference locally (inference_local.enabled)
[2m2026-09-16T18:15:02.299688Z[0m [32m INFO[0m [2mpanoptikon[0m[2m:[0m gateway listening [3mendpoint[0m[2m=[0mdefault [3maddress[0m[2m=[0m127.0.0.1:6342
[2m2026-09-16T18:15:02.299726Z[0m [32m INFO[0m [2mpanoptikon[0m[2m:[0m gateway listening [3mendpoint[0m[2m=[0mtest [3maddress[0m[2m=[0m127.0.0.1:6343
[2m2026-09-16T18:15:02.299741Z[0m [32m INFO[0m [2mpanoptikon[0m[2m:[0m gateway listening [3mendpoint[0m[2m=[0mlegacy_ui [3maddress[0m[2m=[0m127.0.0.1:6339
[2m2026-09-16T18:15:02.299751Z[0m [32m INFO[0m [2mpanoptikon[0m[2m:[0m serving HTTP/1.1 and HTTP/2 cleartext [3mmax_concurrent_streams[0m[2m=[0m512
[2m2026-09-16T18:15:02.326325Z[0m [32m INFO[0m [2mpanoptikon::media_tools[0m[2m:[0m media tools resolved [3mffmpeg[0m[2m=[0m/Users/moot/projects/panoptikon-pr27/python/.venv/lib/python3.12/site-packages/static_ffmpeg/bin/darwin_arm64/ffmpeg [3mffprobe[0m[2m=[0m/Users/moot/projects/panoptikon-pr27/python/.venv/lib/python3.12/site-packages/static_ffmpeg/bin/darwin_arm64/ffprobe
[2m2026-09-16T18:15:02.446548Z[0m [32m INFO[0m [2mpanoptikon::media_tools::transcode::hw[0m[2m:[0m hardware H.264 encoder validated [3mencoder[0m[2m=[0m"h264_videotoolbox"
[2m2026-09-16T18:15:04.847442Z[0m [32m INFO[0m [2mpanoptikon::jobs::files[0m[2m:[0m file scan phase timing [3mfolder[0m[2m=[0m"/Users/moot/projects/panoptikon-pr27/tools/calibration-protocol/results/corpus/smoke/" [3mhashing_busy_secs[0m[2m=[0m0.062466583000000006 [3mhashing_work_secs[0m[2m=[0m0.19200725 [3mmetadata_busy_secs[0m[2m=[0m0.015506420999999994 [3mmetadata_work_secs[0m[2m=[0m0.019863128 [3mthumbgen_busy_secs[0m[2m=[0m1.4890554169999999 [3mthumbgen_work_secs[0m[2m=[0m9.942201413 [3mblurhash_busy_secs[0m[2m=[0m0.199364333 [3mblurhash_work_secs[0m[2m=[0m0.3678377529999999
[2m2026-09-16T18:15:04.896210Z[0m [32m INFO[0m [2mpanoptikon::jobs::files[0m[2m:[0m file scan phase timing [3mfolder[0m[2m=[0m"/Users/moot/projects/panoptikon-pr27/tools/calibration-protocol/results/corpus/smoke/" [3mhashing_busy_secs[0m[2m=[0m0.0 [3mhashing_work_secs[0m[2m=[0m0.0 [3mmetadata_busy_secs[0m[2m=[0m0.0 [3mmetadata_work_secs[0m[2m=[0m0.0 [3mthumbgen_busy_secs[0m[2m=[0m0.0 [3mthumbgen_work_secs[0m[2m=[0m0.0 [3mblurhash_busy_secs[0m[2m=[0m0.0 [3mblurhash_work_secs[0m[2m=[0m0.0
[2m2026-09-16T18:15:04.897359Z[0m [32m INFO[0m [1mActor[0m[1m{[0m[3mid[0m[2m=[0m"0.5" [3mname[0m[2m=[0m"job-runner"[1m}[0m[2m:[0m [2mpanoptikon::jobs::queue[0m[2m:[0m scheduling deferred database maintenance [3mindex_db[0m[2m=[0m"cal" [3mqueue_id[0m[2m=[0m3 [3mowed[0m[2m=[0mwrote_data
[2m2026-09-16T18:15:05.361165Z[0m [34mDEBUG[0m [2mpanoptikon::inferio_client[0m[2m:[0m multiplexing inference requests over HTTP/2 cleartext [3mendpoint[0m[2m=[0mhttp://127.0.0.1:6342/api/inference [3mconnection_lanes[0m[2m=[0m64 [3mstreams_per_lane[0m[2m=[0m64 [3mmax_concurrent[0m[2m=[0m256 [3mmax_concurrent_ceiling[0m[2m=[0m4096
[2m2026-09-16T18:15:05.394105Z[0m [34mDEBUG[0m [2mpanoptikon::inferio::manager[0m[2m:[0m resolved cost dimension [3mmodel[0m[2m=[0mtags/wd-vit-tagger-v3 [3munit[0m[2m=[0m"item" [3maggregation[0m[2m=[0m"count" [3mepoch[0m[2m=[0m1 [3mseed_units[0m[2m=[0m64 [3mpriced[0m[2m=[0mtrue [3mdegraded[0m[2m=[0mfalse
[2m2026-09-16T18:15:05.394158Z[0m [34mDEBUG[0m [2mpanoptikon::inferio::ledger[0m[2m:[0m probing the host for this GPU's free memory before pricing a load against it [3mmodel[0m[2m=[0m"tags/wd-vit-tagger-v3" [3mgpu[0m[2m=[0m"GPU-MPS" [3mreason[0m[2m=[0m"no free sample: this GPU has never had a resident" [3msample_age_ms[0m[2m=[0mNone
[2m2026-09-16T18:15:05.394219Z[0m [34mDEBUG[0m [2mpanoptikon::inferio::ledger[0m[2m:[0m refreshed the GPU's free memory from the host probe [3mgpu[0m[2m=[0mGPU-MPS [3msource[0m[2m=[0m"mps" [3mfree_mb[0m[2m=[0m108720 [3mtotal_mb[0m[2m=[0m98304 [3mexternal_mb[0m[2m=[0m22352 [3mprevious_age_ms[0m[2m=[0mNone [3mrecorded[0m[2m=[0mtrue
[2m2026-09-16T18:15:05.394881Z[0m [34mDEBUG[0m [2mpanoptikon::inferio::worker[0m[2m:[0m spawned an inferio worker [3mworker[0m[2m=[0mwd_tagger [3minference_id[0m[2m=[0m"tags/wd-vit-tagger-v3" [3mpid[0m[2m=[0mSome(32869)
[2m2026-09-16T18:15:06.080790Z[0m [32m INFO[0m [2mpanoptikon::inferio::worker[0m[2m:[0m 2026-09-16 20:15:06,080 [INFO] inferio_worker: Resolved impl class wd_tagger to /Users/moot/projects/panoptikon-pr27/python/inferio/impl/wd_tagger.py [3mworker[0m[2m=[0mwd_tagger
[2m2026-09-16T18:15:06.080865Z[0m [32m INFO[0m [2mpanoptikon::inferio::worker[0m[2m:[0m 2026-09-16 20:15:06,080 [INFO] inferio_worker: Handshake ok for impl class wd_tagger [3mworker[0m[2m=[0mwd_tagger
[2m2026-09-16T18:15:06.080948Z[0m [32m INFO[0m [2mpanoptikon::inferio::worker[0m[2m:[0m 2026-09-16 20:15:06,080 [INFO] inferio_worker: Configured as tags/wd-vit-tagger-v3 [3mworker[0m[2m=[0mwd_tagger
[2m2026-09-16T18:15:06.081202Z[0m [32m INFO[0m [2mpanoptikon::inferio::worker[0m[2m:[0m 2026-09-16 20:15:06,081 [DEBUG] inferio_worker.memory: NVML init failed (NVML Shared Library Not Found) [3mworker[0m[2m=[0mwd_tagger
[2m2026-09-16T18:15:06.752514Z[0m [32m INFO[0m [2mpanoptikon::inferio::worker[0m[2m:[0m 2026-09-16 20:15:06,752 [DEBUG] urllib3.connectionpool: Starting new HTTPS connection (1): huggingface.co:443 [3mworker[0m[2m=[0mwd_tagger
[2m2026-09-16T18:15:06.914811Z[0m [32m INFO[0m [2mpanoptikon::inferio::worker[0m[2m:[0m 2026-09-16 20:15:06,914 [DEBUG] urllib3.connectionpool: https://huggingface.co:443 "HEAD /SmilingWolf/wd-vit-tagger-v3/resolve/main/selected_tags.csv HTTP/1.1" 307 0 [3mworker[0m[2m=[0mwd_tagger
[2m2026-09-16T18:15:06.929111Z[0m [32m INFO[0m [2mpanoptikon::inferio::worker[0m[2m:[0m 2026-09-16 20:15:06,928 [DEBUG] urllib3.connectionpool: https://huggingface.co:443 "HEAD /api/resolve-cache/models/SmilingWolf/wd-vit-tagger-v3/7f6b584d0bd3f55c4531f14ba3d4761b2bccdc0f/selected_tags.csv HTTP/1.1" 200 0 [3mworker[0m[2m=[0mwd_tagger
[2m2026-09-16T18:15:07.065273Z[0m [32m INFO[0m [2mpanoptikon::inferio::worker[0m[2m:[0m 2026-09-16 20:15:07,065 [DEBUG] urllib3.connectionpool: https://huggingface.co:443 "HEAD /SmilingWolf/wd-vit-tagger-v3/resolve/main/config.json HTTP/1.1" 307 0 [3mworker[0m[2m=[0mwd_tagger
[2m2026-09-16T18:15:07.084340Z[0m [32m INFO[0m [2mpanoptikon::inferio::worker[0m[2m:[0m 2026-09-16 20:15:07,084 [DEBUG] urllib3.connectionpool: https://huggingface.co:443 "HEAD /api/resolve-cache/models/SmilingWolf/wd-vit-tagger-v3/7f6b584d0bd3f55c4531f14ba3d4761b2bccdc0f/config.json HTTP/1.1" 200 0 [3mworker[0m[2m=[0mwd_tagger
[2m2026-09-16T18:15:07.829790Z[0m [32m INFO[0m [2mpanoptikon::inferio::worker[0m[2m:[0m 2026-09-16 20:15:07,829 [DEBUG] urllib3.connectionpool: https://huggingface.co:443 "HEAD /SmilingWolf/wd-vit-tagger-v3/resolve/main/model.safetensors HTTP/1.1" 302 0 [3mworker[0m[2m=[0mwd_tagger
[2m2026-09-16T18:15:07.831299Z[0m [32m INFO[0m [2mpanoptikon::inferio::worker[0m[2m:[0m 2026-09-16 20:15:07,831 [INFO] timm.models._hub: [SmilingWolf/wd-vit-tagger-v3] Safe alternative available for 'pytorch_model.bin' (as 'model.safetensors'). Loading weights using safetensors. [3mworker[0m[2m=[0mwd_tagger
[2m2026-09-16T18:15:07.948139Z[0m [32m INFO[0m [2mpanoptikon::inferio::worker[0m[2m:[0m 2026-09-16 20:15:07,948 [DEBUG] inferio_worker_impl_0_wd_tagger: Model SmilingWolf/wd-vit-tagger-v3 loaded [3mworker[0m[2m=[0mwd_tagger
[2m2026-09-16T18:15:07.950848Z[0m [34mDEBUG[0m [2mpanoptikon::inferio::worker[0m[2m:[0m worker reported its load footprint [3mworker[0m[2m=[0mtags/wd-vit-tagger-v3 [3mbase_mb[0m[2m=[0m1384 [3mbase_method[0m[2m=[0m"mps" [3mdtype[0m[2m=[0m"fp32" [3mdtype_method[0m[2m=[0m"inferred" [3mgpu_name[0m[2m=[0m"Apple M3 Max (128 GB)" [3mgpu_arch[0m[2m=[0m"apple-m3" [3mgpu_total_mb[0m[2m=[0m110100 [3mtorch[0m[2m=[0m"2.7.1"
[2m2026-09-16T18:15:07.950873Z[0m [34mDEBUG[0m [2mpanoptikon::inferio::manager[0m[2m:[0m replica loaded [3mmodel[0m[2m=[0mtags/wd-vit-tagger-v3 [3mreplica[0m[2m=[0m0 [3mdevice[0m[2m=[0m"<unpinned>"
[2m2026-09-16T18:15:07.950897Z[0m [32m INFO[0m [2mpanoptikon::inferio::ledger[0m[2m:[0m this unified-memory device's admission total is now the figure the worker's own runtime reports, which is what its allocations are actually judged against; the probe's seed was a default fraction of host RAM and a raised GPU memory limit moves the real figure well away from it [3mmodel[0m[2m=[0mtags/wd-vit-tagger-v3 [3mgpu[0m[2m=[0mGPU-MPS [3mseed_total_mb[0m[2m=[0m98304 [3mreported_total_mb[0m[2m=[0m110100 [3mram_mb[0m[2m=[0m131072
[2m2026-09-16T18:15:07.951021Z[0m [34mDEBUG[0m [2mpanoptikon::inferio::ledger[0m[2m:[0m admitted a worker to a GPU's ledger [3mmodel[0m[2m=[0mtags/wd-vit-tagger-v3 [3mgpu[0m[2m=[0mGPU-MPS [3mreplica[0m[2m=[0m2 [3mbase_mb[0m[2m=[0mSome(1384) [3mbase_method[0m[2m=[0m"mps" [3mreserved_at_load_mb[0m[2m=[0mSome(1384) [3mseeded_from_store[0m[2m=[0mfalse
[2m2026-09-16T18:15:07.955448Z[0m [34mDEBUG[0m [2mpanoptikon::inferio::http[0m[2m:[0m processing local inference predict [3mmodel[0m[2m=[0mtags/wd-vit-tagger-v3 [3minputs[0m[2m=[0m1
[2m2026-09-16T18:15:07.955448Z[0m [34mDEBUG[0m [2mpanoptikon::inferio::http[0m[2m:[0m processing local inference predict [3mmodel[0m[2m=[0mtags/wd-vit-tagger-v3 [3minputs[0m[2m=[0m1
[2m2026-09-16T18:15:07.955516Z[0m [34mDEBUG[0m [2mpanoptikon::inferio::ledger[0m[2m:[0m issued a memory grant [3mmodel[0m[2m=[0mtags/wd-vit-tagger-v3 [3mgpu[0m[2m=[0mGPU-MPS [3munit_budget[0m[2m=[0m1 [3mmb[0m[2m=[0m105563 [3mcanvas_pixels[0m[2m=[0mnone [3mshare_mb[0m[2m=[0m105563 [3mroom_mb[0m[2m=[0m105563 [3mheadroom_mb[0m[2m=[0m105563 [3mexternal_mb[0m[2m=[0m23101 [3mreserve_mb[0m[2m=[0m1024 [3mreserve_rule[0m[2m=[0m"capped_default" [3mpre_fit[0m[2m=[0mtrue [3mramp_step[0m[2m=[0m0 [3mdeflation[0m[2m=[0m0 [3msqueezed[0m[2m=[0mfalse [3mwindow_requests[0m[2m=[0m1
[2m2026-09-16T18:15:07.955518Z[0m [34mDEBUG[0m [2mpanoptikon::inferio::http[0m[2m:[0m processing local inference predict [3mmodel[0m[2m=[0mtags/wd-vit-tagger-v3 [3minputs[0m[2m=[0m1
[2m2026-09-16T18:15:07.955728Z[0m [34mDEBUG[0m [2mpanoptikon::inferio::http[0m[2m:[0m processing local inference predict [3mmodel[0m[2m=[0mtags/wd-vit-tagger-v3 [3minputs[0m[2m=[0m1
[2m2026-09-16T18:15:07.956057Z[0m [34mDEBUG[0m [2mpanoptikon::inferio::http[0m[2m:[0m processing local inference predict [3mmodel[0m[2m=[0mtags/wd-vit-tagger-v3 [3minputs[0m[2m=[0m1
[2m2026-09-16T18:15:07.956081Z[0m [34mDEBUG[0m [2mpanoptikon::inferio::http[0m[2m:[0m processing local inference predict [3mmodel[0m[2m=[0mtags/wd-vit-tagger-v3 [3minputs[0m[2m=[0m1
[2m2026-09-16T18:15:07.956137Z[0m [34mDEBUG[0m [2mpanoptikon::inferio::http[0m[2m:[0m processing local inference predict [3mmodel[0m[2m=[0mtags/wd-vit-tagger-v3 [3minputs[0m[2m=[0m1
[2m2026-09-16T18:15:07.956320Z[0m [34mDEBUG[0m [2mpanoptikon::inferio::http[0m[2m:[0m processing local inference predict [3mmodel[0m[2m=[0mtags/wd-vit-tagger-v3 [3minputs[0m[2m=[0m1
[2m2026-09-16T18:15:07.956357Z[0m [34mDEBUG[0m [2mpanoptikon::inferio::http[0m[2m:[0m processing local inference predict [3mmodel[0m[2m=[0mtags/wd-vit-tagger-v3 [3minputs[0m[2m=[0m1
[2m2026-09-16T18:15:07.956463Z[0m [34mDEBUG[0m [2mpanoptikon::inferio::http[0m[2m:[0m processing local inference predict [3mmodel[0m[2m=[0mtags/wd-vit-tagger-v3 [3minputs[0m[2m=[0m1
[2m2026-09-16T18:15:07.956669Z[0m [34mDEBUG[0m [2mpanoptikon::inferio::http[0m[2m:[0m processing local inference predict [3mmodel[0m[2m=[0mtags/wd-vit-tagger-v3 [3minputs[0m[2m=[0m1
[2m2026-09-16T18:15:07.956682Z[0m [34mDEBUG[0m [2mpanoptikon::inferio::http[0m[2m:[0m processing local inference predict [3mmodel[0m[2m=[0mtags/wd-vit-tagger-v3 [3minputs[0m[2m=[0m1
[2m2026-09-16T18:15:07.956977Z[0m [34mDEBUG[0m [2mpanoptikon::inferio::http[0m[2m:[0m processing local inference predict [3mmodel[0m[2m=[0mtags/wd-vit-tagger-v3 [3minputs[0m[2m=[0m1
[2m2026-09-16T18:15:07.957044Z[0m [34mDEBUG[0m [2mpanoptikon::inferio::http[0m[2m:[0m processing local inference predict [3mmodel[0m[2m=[0mtags/wd-vit-tagger-v3 [3minputs[0m[2m=[0m1
[2m2026-09-16T18:15:07.957969Z[0m [34mDEBUG[0m [2mpanoptikon::inferio::http[0m[2m:[0m processing local inference predict [3mmodel[0m[2m=[0mtags/wd-vit-tagger-v3 [3minputs[0m[2m=[0m1
[2m2026-09-16T18:15:07.958001Z[0m [34mDEBUG[0m [2mpanoptikon::inferio::http[0m[2m:[0m processing local inference predict [3mmodel[0m[2m=[0mtags/wd-vit-tagger-v3 [3minputs[0m[2m=[0m1
[2m2026-09-16T18:15:07.958102Z[0m [34mDEBUG[0m [2mpanoptikon::inferio::http[0m[2m:[0m processing local inference predict [3mmodel[0m[2m=[0mtags/wd-vit-tagger-v3 [3minputs[0m[2m=[0m1
[2m2026-09-16T18:15:07.958221Z[0m [34mDEBUG[0m [2mpanoptikon::inferio::http[0m[2m:[0m processing local inference predict [3mmodel[0m[2m=[0mtags/wd-vit-tagger-v3 [3minputs[0m[2m=[0m1
[2m2026-09-16T18:15:07.958240Z[0m [34mDEBUG[0m [2mpanoptikon::inferio::http[0m[2m:[0m processing local inference predict [3mmodel[0m[2m=[0mtags/wd-vit-tagger-v3 [3minputs[0m[2m=[0m1
[2m2026-09-16T18:15:07.958283Z[0m [34mDEBUG[0m [2mpanoptikon::inferio::http[0m[2m:[0m processing local inference predict [3mmodel[0m[2m=[0mtags/wd-vit-tagger-v3 [3minputs[0m[2m=[0m1
[2m2026-09-16T18:15:07.958232Z[0m [34mDEBUG[0m [2mpanoptikon::inferio::http[0m[2m:[0m processing local inference predict [3mmodel[0m[2m=[0mtags/wd-vit-tagger-v3 [3minputs[0m[2m=[0m1
[2m2026-09-16T18:15:07.958305Z[0m [34mDEBUG[0m [2mpanoptikon::inferio::http[0m[2m:[0m processing local inference predict [3mmodel[0m[2m=[0mtags/wd-vit-tagger-v3 [3minputs[0m[2m=[0m1
[2m2026-09-16T18:15:07.958353Z[0m [34mDEBUG[0m [2mpanoptikon::inferio::http[0m[2m:[0m processing local inference predict [3mmodel[0m[2m=[0mtags/wd-vit-tagger-v3 [3minputs[0m[2m=[0m1
[2m2026-09-16T18:15:07.958357Z[0m [34mDEBUG[0m [2mpanoptikon::inferio::http[0m[2m:[0m processing local inference predict [3mmodel[0m[2m=[0mtags/wd-vit-tagger-v3 [3minputs[0m[2m=[0m1
[2m2026-09-16T18:15:07.958367Z[0m [34mDEBUG[0m [2mpanoptikon::inferio::http[0m[2m:[0m processing local inference predict [3mmodel[0m[2m=[0mtags/wd-vit-tagger-v3 [3minputs[0m[2m=[0m1
[2m2026-09-16T18:15:07.958705Z[0m [34mDEBUG[0m [2mpanoptikon::inferio::http[0m[2m:[0m processing local inference predict [3mmodel[0m[2m=[0mtags/wd-vit-tagger-v3 [3minputs[0m[2m=[0m1
[2m2026-09-16T18:15:07.958762Z[0m [34mDEBUG[0m [2mpanoptikon::inferio::http[0m[2m:[0m processing local inference predict [3mmodel[0m[2m=[0mtags/wd-vit-tagger-v3 [3minputs[0m[2m=[0m1
[2m2026-09-16T18:15:07.958850Z[0m [34mDEBUG[0m [2mpanoptikon::inferio::http[0m[2m:[0m processing local inference predict [3mmodel[0m[2m=[0mtags/wd-vit-tagger-v3 [3minputs[0m[2m=[0m1
[2m2026-09-16T18:15:07.958879Z[0m [34mDEBUG[0m [2mpanoptikon::inferio::http[0m[2m:[0m processing local inference predict [3mmodel[0m[2m=[0mtags/wd-vit-tagger-v3 [3minputs[0m[2m=[0m1
[2m2026-09-16T18:15:07.959415Z[0m [34mDEBUG[0m [2mpanoptikon::inferio::http[0m[2m:[0m processing local inference predict [3mmodel[0m[2m=[0mtags/wd-vit-tagger-v3 [3minputs[0m[2m=[0m1
[2m2026-09-16T18:15:07.959454Z[0m [34mDEBUG[0m [2mpanoptikon::inferio::http[0m[2m:[0m processing local inference predict [3mmodel[0m[2m=[0mtags/wd-vit-tagger-v3 [3minputs[0m[2m=[0m1
[2m2026-09-16T18:15:07.959515Z[0m [34mDEBUG[0m [2mpanoptikon::inferio::http[0m[2m:[0m processing local inference predict [3mmodel[0m[2m=[0mtags/wd-vit-tagger-v3 [3minputs[0m[2m=[0m1
[2m2026-09-16T18:15:07.959548Z[0m [34mDEBUG[0m [2mpanoptikon::inferio::http[0m[2m:[0m processing local inference predict [3mmodel[0m[2m=[0mtags/wd-vit-tagger-v3 [3minputs[0m[2m=[0m1
[2m2026-09-16T18:15:07.959518Z[0m [34mDEBUG[0m [2mpanoptikon::inferio::http[0m[2m:[0m processing local inference predict [3mmodel[0m[2m=[0mtags/wd-vit-tagger-v3 [3minputs[0m[2m=[0m1
[2m2026-09-16T18:15:07.959644Z[0m [34mDEBUG[0m [2mpanoptikon::inferio::http[0m[2m:[0m processing local inference predict [3mmodel[0m[2m=[0mtags/wd-vit-tagger-v3 [3minputs[0m[2m=[0m1
[2m2026-09-16T18:15:07.959695Z[0m [34mDEBUG[0m [2mpanoptikon::inferio::http[0m[2m:[0m processing local inference predict [3mmodel[0m[2m=[0mtags/wd-vit-tagger-v3 [3minputs[0m[2m=[0m1
[2m2026-09-16T18:15:07.959750Z[0m [34mDEBUG[0m [2mpanoptikon::inferio::http[0m[2m:[0m processing local inference predict [3mmodel[0m[2m=[0mtags/wd-vit-tagger-v3 [3minputs[0m[2m=[0m1
[2m2026-09-16T18:15:07.959793Z[0m [34mDEBUG[0m [2mpanoptikon::inferio::http[0m[2m:[0m processing local inference predict [3mmodel[0m[2m=[0mtags/wd-vit-tagger-v3 [3minputs[0m[2m=[0m1
[2m2026-09-16T18:15:07.959910Z[0m [34mDEBUG[0m [2mpanoptikon::inferio::http[0m[2m:[0m processing local inference predict [3mmodel[0m[2m=[0mtags/wd-vit-tagger-v3 [3minputs[0m[2m=[0m1
[2m2026-09-16T18:15:07.960065Z[0m [34mDEBUG[0m [2mpanoptikon::inferio::http[0m[2m:[0m processing local inference predict [3mmodel[0m[2m=[0mtags/wd-vit-tagger-v3 [3minputs[0m[2m=[0m1
[2m2026-09-16T18:15:07.960448Z[0m [34mDEBUG[0m [2mpanoptikon::inferio::http[0m[2m:[0m processing local inference predict [3mmodel[0m[2m=[0mtags/wd-vit-tagger-v3 [3minputs[0m[2m=[0m1
[2m2026-09-16T18:15:07.960453Z[0m [34mDEBUG[0m [2mpanoptikon::inferio::http[0m[2m:[0m processing local inference predict [3mmodel[0m[2m=[0mtags/wd-vit-tagger-v3 [3minputs[0m[2m=[0m1
[2m2026-09-16T18:15:07.960495Z[0m [34mDEBUG[0m [2mpanoptikon::inferio::http[0m[2m:[0m processing local inference predict [3mmodel[0m[2m=[0mtags/wd-vit-tagger-v3 [3minputs[0m[2m=[0m1
[2m2026-09-16T18:15:07.960526Z[0m [34mDEBUG[0m [2mpanoptikon::inferio::http[0m[2m:[0m processing local inference predict [3mmodel[0m[2m=[0mtags/wd-vit-tagger-v3 [3minputs[0m[2m=[0m1
[2m2026-09-16T18:15:07.960578Z[0m [34mDEBUG[0m [2mpanoptikon::inferio::http[0m[2m:[0m processing local inference predict [3mmodel[0m[2m=[0mtags/wd-vit-tagger-v3 [3minputs[0m[2m=[0m1
[2m2026-09-16T18:15:07.960648Z[0m [34mDEBUG[0m [2mpanoptikon::inferio::http[0m[2m:[0m processing local inference predict [3mmodel[0m[2m=[0mtags/wd-vit-tagger-v3 [3minputs[0m[2m=[0m1
[2m2026-09-16T18:15:07.960675Z[0m [34mDEBUG[0m [2mpanoptikon::inferio::http[0m[2m:[0m processing local inference predict [3mmodel[0m[2m=[0mtags/wd-vit-tagger-v3 [3minputs[0m[2m=[0m1
[2m2026-09-16T18:15:07.960686Z[0m [34mDEBUG[0m [2mpanoptikon::inferio::http[0m[2m:[0m processing local inference predict [3mmodel[0m[2m=[0mtags/wd-vit-tagger-v3 [3minputs[0m[2m=[0m1
[2m2026-09-16T18:15:07.960679Z[0m [34mDEBUG[0m [2mpanoptikon::inferio::http[0m[2m:[0m processing local inference predict [3mmodel[0m[2m=[0mtags/wd-vit-tagger-v3 [3minputs[0m[2m=[0m1
[2m2026-09-16T18:15:07.960726Z[0m [34mDEBUG[0m [2mpanoptikon::inferio::http[0m[2m:[0m processing local inference predict [3mmodel[0m[2m=[0mtags/wd-vit-tagger-v3 [3minputs[0m[2m=[0m1
[2m2026-09-16T18:15:07.960809Z[0m [34mDEBUG[0m [2mpanoptikon::inferio::http[0m[2m:[0m processing local inference predict [3mmodel[0m[2m=[0mtags/wd-vit-tagger-v3 [3minputs[0m[2m=[0m1
[2m2026-09-16T18:15:07.960835Z[0m [34mDEBUG[0m [2mpanoptikon::inferio::http[0m[2m:[0m processing local inference predict [3mmodel[0m[2m=[0mtags/wd-vit-tagger-v3 [3minputs[0m[2m=[0m1
[2m2026-09-16T18:15:07.960795Z[0m [34mDEBUG[0m [2mpanoptikon::inferio::http[0m[2m:[0m processing local inference predict [3mmodel[0m[2m=[0mtags/wd-vit-tagger-v3 [3minputs[0m[2m=[0m1
[2m2026-09-16T18:15:07.960870Z[0m [34mDEBUG[0m [2mpanoptikon::inferio::http[0m[2m:[0m processing local inference predict [3mmodel[0m[2m=[0mtags/wd-vit-tagger-v3 [3minputs[0m[2m=[0m1
[2m2026-09-16T18:15:07.961047Z[0m [34mDEBUG[0m [2mpanoptikon::inferio::http[0m[2m:[0m processing local inference predict [3mmodel[0m[2m=[0mtags/wd-vit-tagger-v3 [3minputs[0m[2m=[0m1
[2m2026-09-16T18:15:07.961056Z[0m [34mDEBUG[0m [2mpanoptikon::inferio::http[0m[2m:[0m processing local inference predict [3mmodel[0m[2m=[0mtags/wd-vit-tagger-v3 [3minputs[0m[2m=[0m1
[2m2026-09-16T18:15:07.961047Z[0m [34mDEBUG[0m [2mpanoptikon::inferio::http[0m[2m:[0m processing local inference predict [3mmodel[0m[2m=[0mtags/wd-vit-tagger-v3 [3minputs[0m[2m=[0m1
[2m2026-09-16T18:15:07.961050Z[0m [34mDEBUG[0m [2mpanoptikon::inferio::http[0m[2m:[0m processing local inference predict [3mmodel[0m[2m=[0mtags/wd-vit-tagger-v3 [3minputs[0m[2m=[0m1
[2m2026-09-16T18:15:07.961088Z[0m [34mDEBUG[0m [2mpanoptikon::inferio::http[0m[2m:[0m processing local inference predict [3mmodel[0m[2m=[0mtags/wd-vit-tagger-v3 [3minputs[0m[2m=[0m1
[2m2026-09-16T18:15:07.961162Z[0m [34mDEBUG[0m [2mpanoptikon::inferio::http[0m[2m:[0m processing local inference predict [3mmodel[0m[2m=[0mtags/wd-vit-tagger-v3 [3minputs[0m[2m=[0m1
[2m2026-09-16T18:15:07.961174Z[0m [34mDEBUG[0m [2mpanoptikon::inferio::http[0m[2m:[0m processing local inference predict [3mmodel[0m[2m=[0mtags/wd-vit-tagger-v3 [3minputs[0m[2m=[0m1
[2m2026-09-16T18:15:07.961197Z[0m [34mDEBUG[0m [2mpanoptikon::inferio::http[0m[2m:[0m processing local inference predict [3mmodel[0m[2m=[0mtags/wd-vit-tagger-v3 [3minputs[0m[2m=[0m1
[2m2026-09-16T18:15:07.961209Z[0m [34mDEBUG[0m [2mpanoptikon::inferio::http[0m[2m:[0m processing local inference predict [3mmodel[0m[2m=[0mtags/wd-vit-tagger-v3 [3minputs[0m[2m=[0m1
[2m2026-09-16T18:15:07.961208Z[0m [34mDEBUG[0m [2mpanoptikon::inferio::http[0m[2m:[0m processing local inference predict [3mmodel[0m[2m=[0mtags/wd-vit-tagger-v3 [3minputs[0m[2m=[0m1
[2m2026-09-16T18:15:07.967591Z[0m [32m INFO[0m [2mpanoptikon::inferio::worker[0m[2m:[0m 2026-09-16 20:15:07,967 [DEBUG] inferio_worker_impl_0_wd_tagger: Running inference on 1 images [3mworker[0m[2m=[0mwd_tagger
[2m2026-09-16T18:15:08.061391Z[0m [34mDEBUG[0m [2mpanoptikon::inferio::ledger[0m[2m:[0m queued a calibration profile update for the store [3mmodel[0m[2m=[0mtags/wd-vit-tagger-v3 [3mgpu[0m[2m=[0mGPU-MPS [3mreason[0m[2m=[0m"anchor_advanced" [3mmax_units_measured[0m[2m=[0m0 [3mfit_version[0m[2m=[0m0
[2m2026-09-16T18:15:08.061416Z[0m [34mDEBUG[0m [2mpanoptikon::inferio::ledger[0m[2m:[0m settled a granted window [3mmodel[0m[2m=[0mtags/wd-vit-tagger-v3 [3mgpu[0m[2m=[0mGPU-MPS [3moutcome[0m[2m=[0m"clean" [3mfit_samples[0m[2m=[0m1 [3mthroughput_samples[0m[2m=[0m0 [3mclamped_samples[0m[2m=[0m0 [3mclamped[0m[2m=[0mnone [3mramp_step[0m[2m=[0m0 [3mdeflation[0m[2m=[0m0 [3mclean_windows[0m[2m=[0m1 [3mmax_units_measured[0m[2m=[0m1
[2m2026-09-16T18:15:08.061465Z[0m [34mDEBUG[0m [2mpanoptikon::inferio::ledger[0m[2m:[0m issued a memory grant [3mmodel[0m[2m=[0mtags/wd-vit-tagger-v3 [3mgpu[0m[2m=[0mGPU-MPS [3munit_budget[0m[2m=[0m2 [3mmb[0m[2m=[0m105635 [3mcanvas_pixels[0m[2m=[0mnone [3mshare_mb[0m[2m=[0m105635 [3mroom_mb[0m[2m=[0m105635 [3mheadroom_mb[0m[2m=[0m105563 [3mexternal_mb[0m[2m=[0m23029 [3mreserve_mb[0m[2m=[0m1024 [3mreserve_rule[0m[2m=[0m"capped_default" [3mpre_fit[0m[2m=[0mtrue [3mramp_step[0m[2m=[0m0 [3mdeflation[0m[2m=[0m0 [3msqueezed[0m[2m=[0mfalse [3mwindow_requests[0m[2m=[0m6
[2m2026-09-16T18:15:08.062201Z[0m [34mDEBUG[0m [2mpanoptikon::inferio::http[0m[2m:[0m processing local inference predict [3mmodel[0m[2m=[0mtags/wd-vit-tagger-v3 [3minputs[0m[2m=[0m1
[2m2026-09-16T18:15:08.062626Z[0m [34mDEBUG[0m [2mpanoptikon::inferio::http[0m[2m:[0m processing local inference predict [3mmodel[0m[2m=[0mtags/wd-vit-tagger-v3 [3minputs[0m[2m=[0m1
[2m2026-09-16T18:15:08.062831Z[0m [34mDEBUG[0m [2mpanoptikon::inferio::http[0m[2m:[0m processing local inference predict [3mmodel[0m[2m=[0mtags/wd-vit-tagger-v3 [3minputs[0m[2m=[0m1
[2m2026-09-16T18:15:08.062847Z[0m [34mDEBUG[0m [2mpanoptikon::inferio::http[0m[2m:[0m processing local inference predict [3mmodel[0m[2m=[0mtags/wd-vit-tagger-v3 [3minputs[0m[2m=[0m1
[2m2026-09-16T18:15:08.062859Z[0m [34mDEBUG[0m [2mpanoptikon::inferio::http[0m[2m:[0m processing local inference predict [3mmodel[0m[2m=[0mtags/wd-vit-tagger-v3 [3minputs[0m[2m=[0m1
[2m2026-09-16T18:15:08.062875Z[0m [34mDEBUG[0m [2mpanoptikon::inferio::http[0m[2m:[0m processing local inference predict [3mmodel[0m[2m=[0mtags/wd-vit-tagger-v3 [3minputs[0m[2m=[0m1
[2m2026-09-16T18:15:08.063043Z[0m [34mDEBUG[0m [2mpanoptikon::inferio::http[0m[2m:[0m processing local inference predict [3mmodel[0m[2m=[0mtags/wd-vit-tagger-v3 [3minputs[0m[2m=[0m1
[2m2026-09-16T18:15:08.063050Z[0m [34mDEBUG[0m [2mpanoptikon::inferio::http[0m[2m:[0m processing local inference predict [3mmodel[0m[2m=[0mtags/wd-vit-tagger-v3 [3minputs[0m[2m=[0m1
[2m2026-09-16T18:15:08.063055Z[0m [34mDEBUG[0m [2mpanoptikon::inferio::http[0m[2m:[0m processing local inference predict [3mmodel[0m[2m=[0mtags/wd-vit-tagger-v3 [3minputs[0m[2m=[0m1
[2m2026-09-16T18:15:08.063122Z[0m [34mDEBUG[0m [2mpanoptikon::inferio::http[0m[2m:[0m processing local inference predict [3mmodel[0m[2m=[0mtags/wd-vit-tagger-v3 [3minputs[0m[2m=[0m1
[2m2026-09-16T18:15:08.063187Z[0m [34mDEBUG[0m [2mpanoptikon::inferio::http[0m[2m:[0m processing local inference predict [3mmodel[0m[2m=[0mtags/wd-vit-tagger-v3 [3minputs[0m[2m=[0m1
[2m2026-09-16T18:15:08.063444Z[0m [34mDEBUG[0m [2mpanoptikon::inferio::http[0m[2m:[0m processing local inference predict [3mmodel[0m[2m=[0mtags/wd-vit-tagger-v3 [3minputs[0m[2m=[0m1
[2m2026-09-16T18:15:08.063651Z[0m [34mDEBUG[0m [2mpanoptikon::inferio::http[0m[2m:[0m processing local inference predict [3mmodel[0m[2m=[0mtags/wd-vit-tagger-v3 [3minputs[0m[2m=[0m1
[2m2026-09-16T18:15:08.063662Z[0m [34mDEBUG[0m [2mpanoptikon::inferio::http[0m[2m:[0m processing local inference predict [3mmodel[0m[2m=[0mtags/wd-vit-tagger-v3 [3minputs[0m[2m=[0m1
[2m2026-09-16T18:15:08.063838Z[0m [34mDEBUG[0m [2mpanoptikon::inferio::http[0m[2m:[0m processing local inference predict [3mmodel[0m[2m=[0mtags/wd-vit-tagger-v3 [3minputs[0m[2m=[0m1
[2m2026-09-16T18:15:08.063880Z[0m [34mDEBUG[0m [2mpanoptikon::inferio::http[0m[2m:[0m processing local inference predict [3mmodel[0m[2m=[0mtags/wd-vit-tagger-v3 [3minputs[0m[2m=[0m1
[2m2026-09-16T18:15:08.063961Z[0m [34mDEBUG[0m [2mpanoptikon::inferio::http[0m[2m:[0m processing local inference predict [3mmodel[0m[2m=[0mtags/wd-vit-tagger-v3 [3minputs[0m[2m=[0m1
[2m2026-09-16T18:15:08.064131Z[0m [34mDEBUG[0m [2mpanoptikon::inferio::http[0m[2m:[0m processing local inference predict [3mmodel[0m[2m=[0mtags/wd-vit-tagger-v3 [3minputs[0m[2m=[0m1
[2m2026-09-16T18:15:08.064253Z[0m [34mDEBUG[0m [2mpanoptikon::inferio::http[0m[2m:[0m processing local inference predict [3mmodel[0m[2m=[0mtags/wd-vit-tagger-v3 [3minputs[0m[2m=[0m1
[2m2026-09-16T18:15:08.064278Z[0m [34mDEBUG[0m [2mpanoptikon::inferio::http[0m[2m:[0m processing local inference predict [3mmodel[0m[2m=[0mtags/wd-vit-tagger-v3 [3minputs[0m[2m=[0m1
[2m2026-09-16T18:15:08.064327Z[0m [34mDEBUG[0m [2mpanoptikon::inferio::http[0m[2m:[0m processing local inference predict [3mmodel[0m[2m=[0mtags/wd-vit-tagger-v3 [3minputs[0m[2m=[0m1
[2m2026-09-16T18:15:08.064383Z[0m [34mDEBUG[0m [2mpanoptikon::inferio::http[0m[2m:[0m processing local inference predict [3mmodel[0m[2m=[0mtags/wd-vit-tagger-v3 [3minputs[0m[2m=[0m1
[2m2026-09-16T18:15:08.064417Z[0m [34mDEBUG[0m [2mpanoptikon::inferio::http[0m[2m:[0m processing local inference predict [3mmodel[0m[2m=[0mtags/wd-vit-tagger-v3 [3minputs[0m[2m=[0m1
[2m2026-09-16T18:15:08.064444Z[0m [34mDEBUG[0m [2mpanoptikon::inferio::http[0m[2m:[0m processing local inference predict [3mmodel[0m[2m=[0mtags/wd-vit-tagger-v3 [3minputs[0m[2m=[0m1
[2m2026-09-16T18:15:08.064486Z[0m [34mDEBUG[0m [2mpanoptikon::inferio::http[0m[2m:[0m processing local inference predict [3mmodel[0m[2m=[0mtags/wd-vit-tagger-v3 [3minputs[0m[2m=[0m1
[2m2026-09-16T18:15:08.064915Z[0m [34mDEBUG[0m [2mpanoptikon::inferio::http[0m[2m:[0m processing local inference predict [3mmodel[0m[2m=[0mtags/wd-vit-tagger-v3 [3minputs[0m[2m=[0m1
[2m2026-09-16T18:15:08.065003Z[0m [34mDEBUG[0m [2mpanoptikon::inferio::http[0m[2m:[0m processing local inference predict [3mmodel[0m[2m=[0mtags/wd-vit-tagger-v3 [3minputs[0m[2m=[0m1
[2m2026-09-16T18:15:08.067322Z[0m [34mDEBUG[0m [2mpanoptikon::inferio::http[0m[2m:[0m processing local inference predict [3mmodel[0m[2m=[0mtags/wd-vit-tagger-v3 [3minputs[0m[2m=[0m1
[2m2026-09-16T18:15:08.067339Z[0m [32m INFO[0m [2mpanoptikon::inferio::worker[0m[2m:[0m 2026-09-16 20:15:08,065 [DEBUG] inferio_worker_impl_0_wd_tagger: Running inference on 2 images [3mworker[0m[2m=[0mwd_tagger
[2m2026-09-16T18:15:08.067401Z[0m [34mDEBUG[0m [2mpanoptikon::inferio::http[0m[2m:[0m processing local inference predict [3mmodel[0m[2m=[0mtags/wd-vit-tagger-v3 [3minputs[0m[2m=[0m1
[2m2026-09-16T18:15:08.067575Z[0m [34mDEBUG[0m [2mpanoptikon::inferio::http[0m[2m:[0m processing local inference predict [3mmodel[0m[2m=[0mtags/wd-vit-tagger-v3 [3minputs[0m[2m=[0m1
[2m2026-09-16T18:15:08.067605Z[0m [34mDEBUG[0m [2mpanoptikon::inferio::http[0m[2m:[0m processing local inference predict [3mmodel[0m[2m=[0mtags/wd-vit-tagger-v3 [3minputs[0m[2m=[0m1
[2m2026-09-16T18:15:08.067833Z[0m [34mDEBUG[0m [2mpanoptikon::inferio::http[0m[2m:[0m processing local inference predict [3mmodel[0m[2m=[0mtags/wd-vit-tagger-v3 [3minputs[0m[2m=[0m1
[2m2026-09-16T18:15:08.068007Z[0m [34mDEBUG[0m [2mpanoptikon::inferio::http[0m[2m:[0m processing local inference predict [3mmodel[0m[2m=[0mtags/wd-vit-tagger-v3 [3minputs[0m[2m=[0m1
[2m2026-09-16T18:15:08.071319Z[0m [32m INFO[0m [2mpanoptikon::inferio::calibration[0m[2m:[0m wrote the local calibration store [3mpath[0m[2m=[0mdata/inferio/calibration.toml [3mprofiles[0m[2m=[0m1
[2m2026-09-16T18:15:08.068626Z[0m [34mDEBUG[0m [2mpanoptikon::inferio::http[0m[2m:[0m processing local inference predict [3mmodel[0m[2m=[0mtags/wd-vit-tagger-v3 [3minputs[0m[2m=[0m1
[2m2026-09-16T18:15:08.068686Z[0m [34mDEBUG[0m [2mpanoptikon::inferio::http[0m[2m:[0m processing local inference predict [3mmodel[0m[2m=[0mtags/wd-vit-tagger-v3 [3minputs[0m[2m=[0m1
[2m2026-09-16T18:15:08.071361Z[0m [34mDEBUG[0m [2mpanoptikon::inferio::http[0m[2m:[0m processing local inference predict [3mmodel[0m[2m=[0mtags/wd-vit-tagger-v3 [3minputs[0m[2m=[0m1
[2m2026-09-16T18:15:08.068738Z[0m [34mDEBUG[0m [2mpanoptikon::inferio::http[0m[2m:[0m processing local inference predict [3mmodel[0m[2m=[0mtags/wd-vit-tagger-v3 [3minputs[0m[2m=[0m1
[2m2026-09-16T18:15:08.071390Z[0m [34mDEBUG[0m [2mpanoptikon::inferio::http[0m[2m:[0m processing local inference predict [3mmodel[0m[2m=[0mtags/wd-vit-tagger-v3 [3minputs[0m[2m=[0m1
[2m2026-09-16T18:15:08.068791Z[0m [34mDEBUG[0m [2mpanoptikon::inferio::http[0m[2m:[0m processing local inference predict [3mmodel[0m[2m=[0mtags/wd-vit-tagger-v3 [3minputs[0m[2m=[0m1
[2m2026-09-16T18:15:08.068875Z[0m [34mDEBUG[0m [2mpanoptikon::inferio::http[0m[2m:[0m processing local inference predict [3mmodel[0m[2m=[0mtags/wd-vit-tagger-v3 [3minputs[0m[2m=[0m1
[2m2026-09-16T18:15:08.068877Z[0m [34mDEBUG[0m [2mpanoptikon::inferio::http[0m[2m:[0m processing local inference predict [3mmodel[0m[2m=[0mtags/wd-vit-tagger-v3 [3minputs[0m[2m=[0m1
[2m2026-09-16T18:15:08.068886Z[0m [34mDEBUG[0m [2mpanoptikon::inferio::http[0m[2m:[0m processing local inference predict [3mmodel[0m[2m=[0mtags/wd-vit-tagger-v3 [3minputs[0m[2m=[0m1
[2m2026-09-16T18:15:08.071440Z[0m [34mDEBUG[0m [2mpanoptikon::inferio::http[0m[2m:[0m processing local inference predict [3mmodel[0m[2m=[0mtags/wd-vit-tagger-v3 [3minputs[0m[2m=[0m1
[2m2026-09-16T18:15:08.071450Z[0m [34mDEBUG[0m [2mpanoptikon::inferio::http[0m[2m:[0m processing local inference predict [3mmodel[0m[2m=[0mtags/wd-vit-tagger-v3 [3minputs[0m[2m=[0m1
[2m2026-09-16T18:15:08.071461Z[0m [34mDEBUG[0m [2mpanoptikon::inferio::http[0m[2m:[0m processing local inference predict [3mmodel[0m[2m=[0mtags/wd-vit-tagger-v3 [3minputs[0m[2m=[0m1
[2m2026-09-16T18:15:08.071471Z[0m [34mDEBUG[0m [2mpanoptikon::inferio::http[0m[2m:[0m processing local inference predict [3mmodel[0m[2m=[0mtags/wd-vit-tagger-v3 [3minputs[0m[2m=[0m1
[2m2026-09-16T18:15:08.069773Z[0m [34mDEBUG[0m [2mpanoptikon::inferio::http[0m[2m:[0m processing local inference predict [3mmodel[0m[2m=[0mtags/wd-vit-tagger-v3 [3minputs[0m[2m=[0m1
[2m2026-09-16T18:15:08.068017Z[0m [34mDEBUG[0m [2mpanoptikon::inferio::http[0m[2m:[0m processing local inference predict [3mmodel[0m[2m=[0mtags/wd-vit-tagger-v3 [3minputs[0m[2m=[0m1
[2m2026-09-16T18:15:08.068751Z[0m [34mDEBUG[0m [2mpanoptikon::inferio::http[0m[2m:[0m processing local inference predict [3mmodel[0m[2m=[0mtags/wd-vit-tagger-v3 [3minputs[0m[2m=[0m1
[2m2026-09-16T18:15:08.071380Z[0m [34mDEBUG[0m [2mpanoptikon::inferio::http[0m[2m:[0m processing local inference predict [3mmodel[0m[2m=[0mtags/wd-vit-tagger-v3 [3minputs[0m[2m=[0m1
[2m2026-09-16T18:15:08.068778Z[0m [34mDEBUG[0m [2mpanoptikon::inferio::http[0m[2m:[0m processing local inference predict [3mmodel[0m[2m=[0mtags/wd-vit-tagger-v3 [3minputs[0m[2m=[0m1
[2m2026-09-16T18:15:08.071550Z[0m [34mDEBUG[0m [2mpanoptikon::inferio::http[0m[2m:[0m processing local inference predict [3mmodel[0m[2m=[0mtags/wd-vit-tagger-v3 [3minputs[0m[2m=[0m1
[2m2026-09-16T18:15:08.068920Z[0m [34mDEBUG[0m [2mpanoptikon::inferio::http[0m[2m:[0m processing local inference predict [3mmodel[0m[2m=[0mtags/wd-vit-tagger-v3 [3minputs[0m[2m=[0m1
[2m2026-09-16T18:15:08.071576Z[0m [34mDEBUG[0m [2mpanoptikon::inferio::http[0m[2m:[0m processing local inference predict [3mmodel[0m[2m=[0mtags/wd-vit-tagger-v3 [3minputs[0m[2m=[0m1
[2m2026-09-16T18:15:08.071599Z[0m [34mDEBUG[0m [2mpanoptikon::inferio::http[0m[2m:[0m processing local inference predict [3mmodel[0m[2m=[0mtags/wd-vit-tagger-v3 [3minputs[0m[2m=[0m1
[2m2026-09-16T18:15:08.071607Z[0m [34mDEBUG[0m [2mpanoptikon::inferio::http[0m[2m:[0m processing local inference predict [3mmodel[0m[2m=[0mtags/wd-vit-tagger-v3 [3minputs[0m[2m=[0m1
[2m2026-09-16T18:15:08.071619Z[0m [34mDEBUG[0m [2mpanoptikon::inferio::http[0m[2m:[0m processing local inference predict [3mmodel[0m[2m=[0mtags/wd-vit-tagger-v3 [3minputs[0m[2m=[0m1
[2m2026-09-16T18:15:08.068890Z[0m [34mDEBUG[0m [2mpanoptikon::inferio::http[0m[2m:[0m processing local inference predict [3mmodel[0m[2m=[0mtags/wd-vit-tagger-v3 [3minputs[0m[2m=[0m1
[2m2026-09-16T18:15:08.071577Z[0m [34mDEBUG[0m [2mpanoptikon::inferio::http[0m[2m:[0m processing local inference predict [3mmodel[0m[2m=[0mtags/wd-vit-tagger-v3 [3minputs[0m[2m=[0m1
[2m2026-09-16T18:15:08.068934Z[0m [34mDEBUG[0m [2mpanoptikon::inferio::http[0m[2m:[0m processing local inference predict [3mmodel[0m[2m=[0mtags/wd-vit-tagger-v3 [3minputs[0m[2m=[0m1
[2m2026-09-16T18:15:08.071615Z[0m [34mDEBUG[0m [2mpanoptikon::inferio::http[0m[2m:[0m processing local inference predict [3mmodel[0m[2m=[0mtags/wd-vit-tagger-v3 [3minputs[0m[2m=[0m1
[2m2026-09-16T18:15:08.071629Z[0m [34mDEBUG[0m [2mpanoptikon::inferio::http[0m[2m:[0m processing local inference predict [3mmodel[0m[2m=[0mtags/wd-vit-tagger-v3 [3minputs[0m[2m=[0m1
[2m2026-09-16T18:15:08.071500Z[0m [34mDEBUG[0m [2mpanoptikon::inferio::http[0m[2m:[0m processing local inference predict [3mmodel[0m[2m=[0mtags/wd-vit-tagger-v3 [3minputs[0m[2m=[0m1
[2m2026-09-16T18:15:08.071698Z[0m [34mDEBUG[0m [2mpanoptikon::inferio::http[0m[2m:[0m processing local inference predict [3mmodel[0m[2m=[0mtags/wd-vit-tagger-v3 [3minputs[0m[2m=[0m1
[2m2026-09-16T18:15:08.071706Z[0m [34mDEBUG[0m [2mpanoptikon::inferio::http[0m[2m:[0m processing local inference predict [3mmodel[0m[2m=[0mtags/wd-vit-tagger-v3 [3minputs[0m[2m=[0m1
[2m2026-09-16T18:15:08.068931Z[0m [34mDEBUG[0m [2mpanoptikon::inferio::http[0m[2m:[0m processing local inference predict [3mmodel[0m[2m=[0mtags/wd-vit-tagger-v3 [3minputs[0m[2m=[0m1
[2m2026-09-16T18:15:08.071718Z[0m [34mDEBUG[0m [2mpanoptikon::inferio::http[0m[2m:[0m processing local inference predict [3mmodel[0m[2m=[0mtags/wd-vit-tagger-v3 [3minputs[0m[2m=[0m1
[2m2026-09-16T18:15:08.071635Z[0m [34mDEBUG[0m [2mpanoptikon::inferio::http[0m[2m:[0m processing local inference predict [3mmodel[0m[2m=[0mtags/wd-vit-tagger-v3 [3minputs[0m[2m=[0m1
[2m2026-09-16T18:15:08.071631Z[0m [34mDEBUG[0m [2mpanoptikon::inferio::http[0m[2m:[0m processing local inference predict [3mmodel[0m[2m=[0mtags/wd-vit-tagger-v3 [3minputs[0m[2m=[0m1
[2m2026-09-16T18:15:08.072089Z[0m [34mDEBUG[0m [2mpanoptikon::inferio::http[0m[2m:[0m processing local inference predict [3mmodel[0m[2m=[0mtags/wd-vit-tagger-v3 [3minputs[0m[2m=[0m1
[2m2026-09-16T18:15:08.072262Z[0m [34mDEBUG[0m [2mpanoptikon::inferio::http[0m[2m:[0m processing local inference predict [3mmodel[0m[2m=[0mtags/wd-vit-tagger-v3 [3minputs[0m[2m=[0m1
[2m2026-09-16T18:15:08.072335Z[0m [34mDEBUG[0m [2mpanoptikon::inferio::http[0m[2m:[0m processing local inference predict [3mmodel[0m[2m=[0mtags/wd-vit-tagger-v3 [3minputs[0m[2m=[0m1
[2m2026-09-16T18:15:08.072382Z[0m [34mDEBUG[0m [2mpanoptikon::inferio::http[0m[2m:[0m processing local inference predict [3mmodel[0m[2m=[0mtags/wd-vit-tagger-v3 [3minputs[0m[2m=[0m1
[2m2026-09-16T18:15:08.072404Z[0m [34mDEBUG[0m [2mpanoptikon::inferio::http[0m[2m:[0m processing local inference predict [3mmodel[0m[2m=[0mtags/wd-vit-tagger-v3 [3minputs[0m[2m=[0m1
[2m2026-09-16T18:15:08.072435Z[0m [34mDEBUG[0m [2mpanoptikon::inferio::http[0m[2m:[0m processing local inference predict [3mmodel[0m[2m=[0mtags/wd-vit-tagger-v3 [3minputs[0m[2m=[0m1
[2m2026-09-16T18:15:08.072465Z[0m [34mDEBUG[0m [2mpanoptikon::inferio::http[0m[2m:[0m processing local inference predict [3mmodel[0m[2m=[0mtags/wd-vit-tagger-v3 [3minputs[0m[2m=[0m1
[2m2026-09-16T18:15:08.072823Z[0m [34mDEBUG[0m [2mpanoptikon::inferio::http[0m[2m:[0m processing local inference predict [3mmodel[0m[2m=[0mtags/wd-vit-tagger-v3 [3minputs[0m[2m=[0m1
[2m2026-09-16T18:15:08.073055Z[0m [34mDEBUG[0m [2mpanoptikon::inferio::http[0m[2m:[0m processing local inference predict [3mmodel[0m[2m=[0mtags/wd-vit-tagger-v3 [3minputs[0m[2m=[0m1
[2m2026-09-16T18:15:08.073057Z[0m [34mDEBUG[0m [2mpanoptikon::inferio::http[0m[2m:[0m processing local inference predict [3mmodel[0m[2m=[0mtags/wd-vit-tagger-v3 [3minputs[0m[2m=[0m1
[2m2026-09-16T18:15:08.073058Z[0m [34mDEBUG[0m [2mpanoptikon::inferio::http[0m[2m:[0m processing local inference predict [3mmodel[0m[2m=[0mtags/wd-vit-tagger-v3 [3minputs[0m[2m=[0m1
[2m2026-09-16T18:15:08.073062Z[0m [34mDEBUG[0m [2mpanoptikon::inferio::http[0m[2m:[0m processing local inference predict [3mmodel[0m[2m=[0mtags/wd-vit-tagger-v3 [3minputs[0m[2m=[0m1
[2m2026-09-16T18:15:08.073082Z[0m [34mDEBUG[0m [2mpanoptikon::inferio::http[0m[2m:[0m processing local inference predict [3mmodel[0m[2m=[0mtags/wd-vit-tagger-v3 [3minputs[0m[2m=[0m1
[2m2026-09-16T18:15:08.073121Z[0m [34mDEBUG[0m [2mpanoptikon::inferio::http[0m[2m:[0m processing local inference predict [3mmodel[0m[2m=[0mtags/wd-vit-tagger-v3 [3minputs[0m[2m=[0m1
[2m2026-09-16T18:15:08.073131Z[0m [34mDEBUG[0m [2mpanoptikon::inferio::http[0m[2m:[0m processing local inference predict [3mmodel[0m[2m=[0mtags/wd-vit-tagger-v3 [3minputs[0m[2m=[0m1
[2m2026-09-16T18:15:08.073122Z[0m [34mDEBUG[0m [2mpanoptikon::inferio::http[0m[2m:[0m processing local inference predict [3mmodel[0m[2m=[0mtags/wd-vit-tagger-v3 [3minputs[0m[2m=[0m1
[2m2026-09-16T18:15:08.073091Z[0m [34mDEBUG[0m [2mpanoptikon::inferio::http[0m[2m:[0m processing local inference predict [3mmodel[0m[2m=[0mtags/wd-vit-tagger-v3 [3minputs[0m[2m=[0m1
[2m2026-09-16T18:15:08.073121Z[0m [34mDEBUG[0m [2mpanoptikon::inferio::http[0m[2m:[0m processing local inference predict [3mmodel[0m[2m=[0mtags/wd-vit-tagger-v3 [3minputs[0m[2m=[0m1
[2m2026-09-16T18:15:08.073368Z[0m [34mDEBUG[0m [2mpanoptikon::inferio::http[0m[2m:[0m processing local inference predict [3mmodel[0m[2m=[0mtags/wd-vit-tagger-v3 [3minputs[0m[2m=[0m1
[2m2026-09-16T18:15:08.074324Z[0m [34mDEBUG[0m [2mpanoptikon::inferio::http[0m[2m:[0m processing local inference predict [3mmodel[0m[2m=[0mtags/wd-vit-tagger-v3 [3minputs[0m[2m=[0m1
[2m2026-09-16T18:15:08.074360Z[0m [34mDEBUG[0m [2mpanoptikon::inferio::http[0m[2m:[0m processing local inference predict [3mmodel[0m[2m=[0mtags/wd-vit-tagger-v3 [3minputs[0m[2m=[0m1
[2m2026-09-16T18:15:08.074362Z[0m [34mDEBUG[0m [2mpanoptikon::inferio::http[0m[2m:[0m processing local inference predict [3mmodel[0m[2m=[0mtags/wd-vit-tagger-v3 [3minputs[0m[2m=[0m1
[2m2026-09-16T18:15:08.075077Z[0m [34mDEBUG[0m [2mpanoptikon::inferio::http[0m[2m:[0m processing local inference predict [3mmodel[0m[2m=[0mtags/wd-vit-tagger-v3 [3minputs[0m[2m=[0m1
[2m2026-09-16T18:15:08.075107Z[0m [34mDEBUG[0m [2mpanoptikon::inferio::http[0m[2m:[0m processing local inference predict [3mmodel[0m[2m=[0mtags/wd-vit-tagger-v3 [3minputs[0m[2m=[0m1
[2m2026-09-16T18:15:08.075201Z[0m [34mDEBUG[0m [2mpanoptikon::inferio::http[0m[2m:[0m processing local inference predict [3mmodel[0m[2m=[0mtags/wd-vit-tagger-v3 [3minputs[0m[2m=[0m1
[2m2026-09-16T18:15:08.075207Z[0m [34mDEBUG[0m [2mpanoptikon::inferio::http[0m[2m:[0m processing local inference predict [3mmodel[0m[2m=[0mtags/wd-vit-tagger-v3 [3minputs[0m[2m=[0m1
[2m2026-09-16T18:15:08.075220Z[0m [34mDEBUG[0m [2mpanoptikon::inferio::http[0m[2m:[0m processing local inference predict [3mmodel[0m[2m=[0mtags/wd-vit-tagger-v3 [3minputs[0m[2m=[0m1
[2m2026-09-16T18:15:08.075231Z[0m [34mDEBUG[0m [2mpanoptikon::inferio::http[0m[2m:[0m processing local inference predict [3mmodel[0m[2m=[0mtags/wd-vit-tagger-v3 [3minputs[0m[2m=[0m1
[2m2026-09-16T18:15:08.075245Z[0m [34mDEBUG[0m [2mpanoptikon::inferio::http[0m[2m:[0m processing local inference predict [3mmodel[0m[2m=[0mtags/wd-vit-tagger-v3 [3minputs[0m[2m=[0m1
[2m2026-09-16T18:15:08.075246Z[0m [34mDEBUG[0m [2mpanoptikon::inferio::http[0m[2m:[0m processing local inference predict [3mmodel[0m[2m=[0mtags/wd-vit-tagger-v3 [3minputs[0m[2m=[0m1
[2m2026-09-16T18:15:08.075265Z[0m [34mDEBUG[0m [2mpanoptikon::inferio::http[0m[2m:[0m processing local inference predict [3mmodel[0m[2m=[0mtags/wd-vit-tagger-v3 [3minputs[0m[2m=[0m1
[2m2026-09-16T18:15:08.075247Z[0m [34mDEBUG[0m [2mpanoptikon::inferio::http[0m[2m:[0m processing local inference predict [3mmodel[0m[2m=[0mtags/wd-vit-tagger-v3 [3minputs[0m[2m=[0m1
[2m2026-09-16T18:15:08.075282Z[0m [34mDEBUG[0m [2mpanoptikon::inferio::http[0m[2m:[0m processing local inference predict [3mmodel[0m[2m=[0mtags/wd-vit-tagger-v3 [3minputs[0m[2m=[0m1
[2m2026-09-16T18:15:08.075262Z[0m [34mDEBUG[0m [2mpanoptikon::inferio::http[0m[2m:[0m processing local inference predict [3mmodel[0m[2m=[0mtags/wd-vit-tagger-v3 [3minputs[0m[2m=[0m1
[2m2026-09-16T18:15:08.075295Z[0m [34mDEBUG[0m [2mpanoptikon::inferio::http[0m[2m:[0m processing local inference predict [3mmodel[0m[2m=[0mtags/wd-vit-tagger-v3 [3minputs[0m[2m=[0m1
[2m2026-09-16T18:15:08.075302Z[0m [34mDEBUG[0m [2mpanoptikon::inferio::http[0m[2m:[0m processing local inference predict [3mmodel[0m[2m=[0mtags/wd-vit-tagger-v3 [3minputs[0m[2m=[0m1
[2m2026-09-16T18:15:08.075315Z[0m [34mDEBUG[0m [2mpanoptikon::inferio::http[0m[2m:[0m processing local inference predict [3mmodel[0m[2m=[0mtags/wd-vit-tagger-v3 [3minputs[0m[2m=[0m1
[2m2026-09-16T18:15:08.075268Z[0m [34mDEBUG[0m [2mpanoptikon::inferio::http[0m[2m:[0m processing local inference predict [3mmodel[0m[2m=[0mtags/wd-vit-tagger-v3 [3minputs[0m[2m=[0m1
[2m2026-09-16T18:15:08.075278Z[0m [34mDEBUG[0m [2mpanoptikon::inferio::http[0m[2m:[0m processing local inference predict [3mmodel[0m[2m=[0mtags/wd-vit-tagger-v3 [3minputs[0m[2m=[0m1
[2m2026-09-16T18:15:08.075285Z[0m [34mDEBUG[0m [2mpanoptikon::inferio::http[0m[2m:[0m processing local inference predict [3mmodel[0m[2m=[0mtags/wd-vit-tagger-v3 [3minputs[0m[2m=[0m1
[2m2026-09-16T18:15:08.075309Z[0m [34mDEBUG[0m [2mpanoptikon::inferio::http[0m[2m:[0m processing local inference predict [3mmodel[0m[2m=[0mtags/wd-vit-tagger-v3 [3minputs[0m[2m=[0m1
[2m2026-09-16T18:15:08.075391Z[0m [34mDEBUG[0m [2mpanoptikon::inferio::http[0m[2m:[0m processing local inference predict [3mmodel[0m[2m=[0mtags/wd-vit-tagger-v3 [3minputs[0m[2m=[0m1
[2m2026-09-16T18:15:08.075386Z[0m [34mDEBUG[0m [2mpanoptikon::inferio::http[0m[2m:[0m processing local inference predict [3mmodel[0m[2m=[0mtags/wd-vit-tagger-v3 [3minputs[0m[2m=[0m1
[2m2026-09-16T18:15:08.075421Z[0m [34mDEBUG[0m [2mpanoptikon::inferio::http[0m[2m:[0m processing local inference predict [3mmodel[0m[2m=[0mtags/wd-vit-tagger-v3 [3minputs[0m[2m=[0m1
[2m2026-09-16T18:15:08.075252Z[0m [34mDEBUG[0m [2mpanoptikon::inferio::http[0m[2m:[0m processing local inference predict [3mmodel[0m[2m=[0mtags/wd-vit-tagger-v3 [3minputs[0m[2m=[0m1
[2m2026-09-16T18:15:08.075425Z[0m [34mDEBUG[0m [2mpanoptikon::inferio::http[0m[2m:[0m processing local inference predict [3mmodel[0m[2m=[0mtags/wd-vit-tagger-v3 [3minputs[0m[2m=[0m1
[2m2026-09-16T18:15:08.075501Z[0m [34mDEBUG[0m [2mpanoptikon::inferio::http[0m[2m:[0m processing local inference predict [3mmodel[0m[2m=[0mtags/wd-vit-tagger-v3 [3minputs[0m[2m=[0m1
[2m2026-09-16T18:15:08.154633Z[0m [32m INFO[0m [2mpanoptikon::inferio::worker[0m[2m:[0m 2026-09-16 20:15:08,154 [DEBUG] inferio_worker_impl_0_wd_tagger: Running inference on 2 images [3mworker[0m[2m=[0mwd_tagger
[2m2026-09-16T18:15:08.223739Z[0m [32m INFO[0m [2mpanoptikon::inferio::worker[0m[2m:[0m 2026-09-16 20:15:08,223 [DEBUG] inferio_worker_impl_0_wd_tagger: Running inference on 2 images [3mworker[0m[2m=[0mwd_tagger
[2m2026-09-16T18:15:08.290064Z[0m [34mDEBUG[0m [2mpanoptikon::inferio::ledger[0m[2m:[0m declining to fit a throughput knee: the ring's quiet buckets hold too few observations to read as a curve [3mobservations[0m[2m=[0m2 [3mmin_observations[0m[2m=[0m12 [3mbuckets[0m[2m=[0m1 [3mmin_buckets[0m[2m=[0m3
[2m2026-09-16T18:15:08.290086Z[0m [34mDEBUG[0m [2mpanoptikon::inferio::ledger[0m[2m:[0m queued a calibration profile update for the store [3mmodel[0m[2m=[0mtags/wd-vit-tagger-v3 [3mgpu[0m[2m=[0mGPU-MPS [3mreason[0m[2m=[0m"anchor_advanced" [3mmax_units_measured[0m[2m=[0m2 [3mfit_version[0m[2m=[0m0
[2m2026-09-16T18:15:08.290097Z[0m [34mDEBUG[0m [2mpanoptikon::inferio::ledger[0m[2m:[0m settled a granted window [3mmodel[0m[2m=[0mtags/wd-vit-tagger-v3 [3mgpu[0m[2m=[0mGPU-MPS [3moutcome[0m[2m=[0m"clean" [3mfit_samples[0m[2m=[0m3 [3mthroughput_samples[0m[2m=[0m2 [3mclamped_samples[0m[2m=[0m0 [3mclamped[0m[2m=[0mnone [3mramp_step[0m[2m=[0m1 [3mdeflation[0m[2m=[0m0 [3mclean_windows[0m[2m=[0m2 [3mmax_units_measured[0m[2m=[0m2
[2m2026-09-16T18:15:08.290134Z[0m [34mDEBUG[0m [2mpanoptikon::inferio::ledger[0m[2m:[0m issued a memory grant [3mmodel[0m[2m=[0mtags/wd-vit-tagger-v3 [3mgpu[0m[2m=[0mGPU-MPS [3munit_budget[0m[2m=[0m4 [3mmb[0m[2m=[0m105751 [3mcanvas_pixels[0m[2m=[0mnone [3mshare_mb[0m[2m=[0m105751 [3mroom_mb[0m[2m=[0m105751 [3mheadroom_mb[0m[2m=[0m105563 [3mexternal_mb[0m[2m=[0m22913 [3mreserve_mb[0m[2m=[0m1024 [3mreserve_rule[0m[2m=[0m"capped_default" [3mpre_fit[0m[2m=[0mtrue [3mramp_step[0m[2m=[0m1 [3mdeflation[0m[2m=[0m0 [3msqueezed[0m[2m=[0mfalse [3mwindow_requests[0m[2m=[0m12
[2m2026-09-16T18:15:08.297066Z[0m [32m INFO[0m [2mpanoptikon::inferio::worker[0m[2m:[0m 2026-09-16 20:15:08,297 [DEBUG] inferio_worker_impl_0_wd_tagger: Running inference on 4 images [3mworker[0m[2m=[0mwd_tagger
[2m2026-09-16T18:15:08.442844Z[0m [32m INFO[0m [2mpanoptikon::inferio::worker[0m[2m:[0m 2026-09-16 20:15:08,442 [DEBUG] inferio_worker_impl_0_wd_tagger: Running inference on 4 images [3mworker[0m[2m=[0mwd_tagger
[2m2026-09-16T18:15:08.575767Z[0m [32m INFO[0m [2mpanoptikon::inferio::worker[0m[2m:[0m 2026-09-16 20:15:08,575 [DEBUG] inferio_worker_impl_0_wd_tagger: Running inference on 4 images [3mworker[0m[2m=[0mwd_tagger
[2m2026-09-16T18:15:08.703447Z[0m [34mDEBUG[0m [2mpanoptikon::inferio::ledger[0m[2m:[0m declining to fit a throughput knee: the ring's quiet buckets hold too few observations to read as a curve [3mobservations[0m[2m=[0m4 [3mmin_observations[0m[2m=[0m12 [3mbuckets[0m[2m=[0m2 [3mmin_buckets[0m[2m=[0m3
[2m2026-09-16T18:15:08.703472Z[0m [34mDEBUG[0m [2mpanoptikon::inferio::ledger[0m[2m:[0m queued a calibration profile update for the store [3mmodel[0m[2m=[0mtags/wd-vit-tagger-v3 [3mgpu[0m[2m=[0mGPU-MPS [3mreason[0m[2m=[0m"anchor_advanced" [3mmax_units_measured[0m[2m=[0m4 [3mfit_version[0m[2m=[0m0
[2m2026-09-16T18:15:08.703481Z[0m [34mDEBUG[0m [2mpanoptikon::inferio::ledger[0m[2m:[0m settled a granted window [3mmodel[0m[2m=[0mtags/wd-vit-tagger-v3 [3mgpu[0m[2m=[0mGPU-MPS [3moutcome[0m[2m=[0m"clean" [3mfit_samples[0m[2m=[0m3 [3mthroughput_samples[0m[2m=[0m2 [3mclamped_samples[0m[2m=[0m0 [3mclamped[0m[2m=[0mnone [3mramp_step[0m[2m=[0m2 [3mdeflation[0m[2m=[0m0 [3mclean_windows[0m[2m=[0m3 [3mmax_units_measured[0m[2m=[0m4
[2m2026-09-16T18:15:08.703513Z[0m [34mDEBUG[0m [2mpanoptikon::inferio::ledger[0m[2m:[0m issued a memory grant [3mmodel[0m[2m=[0mtags/wd-vit-tagger-v3 [3mgpu[0m[2m=[0mGPU-MPS [3munit_budget[0m[2m=[0m8 [3mmb[0m[2m=[0m105979 [3mcanvas_pixels[0m[2m=[0mnone [3mshare_mb[0m[2m=[0m105979 [3mroom_mb[0m[2m=[0m105979 [3mheadroom_mb[0m[2m=[0m105563 [3mexternal_mb[0m[2m=[0m22685 [3mreserve_mb[0m[2m=[0m1024 [3mreserve_rule[0m[2m=[0m"capped_default" [3mpre_fit[0m[2m=[0mtrue [3mramp_step[0m[2m=[0m2 [3mdeflation[0m[2m=[0m0 [3msqueezed[0m[2m=[0mfalse [3mwindow_requests[0m[2m=[0m24
[2m2026-09-16T18:15:08.716247Z[0m [32m INFO[0m [2mpanoptikon::inferio::worker[0m[2m:[0m 2026-09-16 20:15:08,716 [DEBUG] inferio_worker_impl_0_wd_tagger: Running inference on 8 images [3mworker[0m[2m=[0mwd_tagger
[2m2026-09-16T18:15:08.992828Z[0m [32m INFO[0m [2mpanoptikon::inferio::worker[0m[2m:[0m 2026-09-16 20:15:08,992 [DEBUG] inferio_worker_impl_0_wd_tagger: Running inference on 8 images [3mworker[0m[2m=[0mwd_tagger
[2m2026-09-16T18:15:09.256909Z[0m [32m INFO[0m [2mpanoptikon::inferio::worker[0m[2m:[0m 2026-09-16 20:15:09,256 [DEBUG] inferio_worker_impl_0_wd_tagger: Running inference on 8 images [3mworker[0m[2m=[0mwd_tagger
[2m2026-09-16T18:15:09.510457Z[0m [34mDEBUG[0m [2mpanoptikon::inferio::ledger[0m[2m:[0m declining to fit a throughput knee: the ring's quiet buckets hold too few observations to read as a curve [3mobservations[0m[2m=[0m6 [3mmin_observations[0m[2m=[0m12 [3mbuckets[0m[2m=[0m3 [3mmin_buckets[0m[2m=[0m3
[2m2026-09-16T18:15:09.510476Z[0m [34mDEBUG[0m [2mpanoptikon::inferio::ledger[0m[2m:[0m queued a calibration profile update for the store [3mmodel[0m[2m=[0mtags/wd-vit-tagger-v3 [3mgpu[0m[2m=[0mGPU-MPS [3mreason[0m[2m=[0m"anchor_advanced" [3mmax_units_measured[0m[2m=[0m8 [3mfit_version[0m[2m=[0m0
[2m2026-09-16T18:15:09.510487Z[0m [34mDEBUG[0m [2mpanoptikon::inferio::ledger[0m[2m:[0m settled a granted window [3mmodel[0m[2m=[0mtags/wd-vit-tagger-v3 [3mgpu[0m[2m=[0mGPU-MPS [3moutcome[0m[2m=[0m"clean" [3mfit_samples[0m[2m=[0m3 [3mthroughput_samples[0m[2m=[0m2 [3mclamped_samples[0m[2m=[0m0 [3mclamped[0m[2m=[0mnone [3mramp_step[0m[2m=[0m3 [3mdeflation[0m[2m=[0m0 [3mclean_windows[0m[2m=[0m4 [3mmax_units_measured[0m[2m=[0m8
[2m2026-09-16T18:15:09.510511Z[0m [34mDEBUG[0m [2mpanoptikon::inferio::ledger[0m[2m:[0m issued a memory grant [3mmodel[0m[2m=[0mtags/wd-vit-tagger-v3 [3mgpu[0m[2m=[0mGPU-MPS [3munit_budget[0m[2m=[0m16 [3mmb[0m[2m=[0m105447 [3mcanvas_pixels[0m[2m=[0mnone [3mshare_mb[0m[2m=[0m105447 [3mroom_mb[0m[2m=[0m105447 [3mheadroom_mb[0m[2m=[0m104579 [3mexternal_mb[0m[2m=[0m23217 [3mreserve_mb[0m[2m=[0m1024 [3mreserve_rule[0m[2m=[0m"capped_default" [3mpre_fit[0m[2m=[0mtrue [3mramp_step[0m[2m=[0m3 [3mdeflation[0m[2m=[0m0 [3msqueezed[0m[2m=[0mfalse [3mwindow_requests[0m[2m=[0m48
[2m2026-09-16T18:15:09.537153Z[0m [32m INFO[0m [2mpanoptikon::inferio::worker[0m[2m:[0m 2026-09-16 20:15:09,537 [DEBUG] inferio_worker_impl_0_wd_tagger: Running inference on 16 images [3mworker[0m[2m=[0mwd_tagger
[2m2026-09-16T18:15:10.088484Z[0m [32m INFO[0m [2mpanoptikon::inferio::worker[0m[2m:[0m 2026-09-16 20:15:10,088 [DEBUG] PIL.Image: Importing BlpImagePlugin [3mworker[0m[2m=[0mwd_tagger
[2m2026-09-16T18:15:10.089816Z[0m [32m INFO[0m [2mpanoptikon::inferio::worker[0m[2m:[0m 2026-09-16 20:15:10,089 [DEBUG] PIL.Image: Importing BmpImagePlugin [3mworker[0m[2m=[0mwd_tagger
[2m2026-09-16T18:15:10.089826Z[0m [32m INFO[0m [2mpanoptikon::inferio::worker[0m[2m:[0m 2026-09-16 20:15:10,089 [DEBUG] PIL.Image: Importing BufrStubImagePlugin [3mworker[0m[2m=[0mwd_tagger
[2m2026-09-16T18:15:10.090302Z[0m [32m INFO[0m [2mpanoptikon::inferio::worker[0m[2m:[0m 2026-09-16 20:15:10,090 [DEBUG] PIL.Image: Importing CurImagePlugin [3mworker[0m[2m=[0mwd_tagger
[2m2026-09-16T18:15:10.090569Z[0m [32m INFO[0m [2mpanoptikon::inferio::worker[0m[2m:[0m 2026-09-16 20:15:10,090 [DEBUG] PIL.Image: Importing DcxImagePlugin [3mworker[0m[2m=[0mwd_tagger
[2m2026-09-16T18:15:10.091023Z[0m [32m INFO[0m [2mpanoptikon::inferio::worker[0m[2m:[0m 2026-09-16 20:15:10,091 [DEBUG] PIL.Image: Importing DdsImagePlugin [3mworker[0m[2m=[0mwd_tagger
[2m2026-09-16T18:15:10.092351Z[0m [32m INFO[0m [2mpanoptikon::inferio::worker[0m[2m:[0m 2026-09-16 20:15:10,092 [DEBUG] PIL.Image: Importing EpsImagePlugin [3mworker[0m[2m=[0mwd_tagger
[2m2026-09-16T18:15:10.092843Z[0m [32m INFO[0m [2mpanoptikon::inferio::worker[0m[2m:[0m 2026-09-16 20:15:10,092 [DEBUG] PIL.Image: Importing FitsImagePlugin [3mworker[0m[2m=[0mwd_tagger
[2m2026-09-16T18:15:10.093058Z[0m [32m INFO[0m [2mpanoptikon::inferio::worker[0m[2m:[0m 2026-09-16 20:15:10,093 [DEBUG] PIL.Image: Importing FliImagePlugin [3mworker[0m[2m=[0mwd_tagger
[2m2026-09-16T18:15:10.093281Z[0m [32m INFO[0m [2mpanoptikon::inferio::worker[0m[2m:[0m 2026-09-16 20:15:10,093 [DEBUG] PIL.Image: Importing FpxImagePlugin [3mworker[0m[2m=[0mwd_tagger
[2m2026-09-16T18:15:10.093602Z[0m [32m INFO[0m [2mpanoptikon::inferio::worker[0m[2m:[0m 2026-09-16 20:15:10,093 [DEBUG] PIL.Image: Image: failed to import FpxImagePlugin: No module named 'olefile' [3mworker[0m[2m=[0mwd_tagger
[2m2026-09-16T18:15:10.093619Z[0m [32m INFO[0m [2mpanoptikon::inferio::worker[0m[2m:[0m 2026-09-16 20:15:10,093 [DEBUG] PIL.Image: Importing FtexImagePlugin [3mworker[0m[2m=[0mwd_tagger
[2m2026-09-16T18:15:10.093787Z[0m [32m INFO[0m [2mpanoptikon::inferio::worker[0m[2m:[0m 2026-09-16 20:15:10,093 [DEBUG] PIL.Image: Importing GbrImagePlugin [3mworker[0m[2m=[0mwd_tagger
[2m2026-09-16T18:15:10.093920Z[0m [32m INFO[0m [2mpanoptikon::inferio::worker[0m[2m:[0m 2026-09-16 20:15:10,093 [DEBUG] PIL.Image: Importing GifImagePlugin [3mworker[0m[2m=[0mwd_tagger
[2m2026-09-16T18:15:10.093927Z[0m [32m INFO[0m [2mpanoptikon::inferio::worker[0m[2m:[0m 2026-09-16 20:15:10,093 [DEBUG] PIL.Image: Importing GribStubImagePlugin [3mworker[0m[2m=[0mwd_tagger
[2m2026-09-16T18:15:10.094191Z[0m [32m INFO[0m [2mpanoptikon::inferio::worker[0m[2m:[0m 2026-09-16 20:15:10,094 [DEBUG] PIL.Image: Importing Hdf5StubImagePlugin [3mworker[0m[2m=[0mwd_tagger
[2m2026-09-16T18:15:10.094304Z[0m [32m INFO[0m [2mpanoptikon::inferio::worker[0m[2m:[0m 2026-09-16 20:15:10,094 [DEBUG] PIL.Image: Importing IcnsImagePlugin [3mworker[0m[2m=[0mwd_tagger
[2m2026-09-16T18:15:10.095309Z[0m [32m INFO[0m [2mpanoptikon::inferio::worker[0m[2m:[0m 2026-09-16 20:15:10,095 [DEBUG] PIL.Image: Importing IcoImagePlugin [3mworker[0m[2m=[0mwd_tagger
[2m2026-09-16T18:15:10.095568Z[0m [32m INFO[0m [2mpanoptikon::inferio::worker[0m[2m:[0m 2026-09-16 20:15:10,095 [DEBUG] PIL.Image: Importing ImImagePlugin [3mworker[0m[2m=[0mwd_tagger
[2m2026-09-16T18:15:10.095950Z[0m [32m INFO[0m [2mpanoptikon::inferio::worker[0m[2m:[0m 2026-09-16 20:15:10,095 [DEBUG] PIL.Image: Importing ImtImagePlugin [3mworker[0m[2m=[0mwd_tagger
[2m2026-09-16T18:15:10.096117Z[0m [32m INFO[0m [2mpanoptikon::inferio::worker[0m[2m:[0m 2026-09-16 20:15:10,096 [DEBUG] PIL.Image: Importing IptcImagePlugin [3mworker[0m[2m=[0mwd_tagger
[2m2026-09-16T18:15:10.096374Z[0m [32m INFO[0m [2mpanoptikon::inferio::worker[0m[2m:[0m 2026-09-16 20:15:10,096 [DEBUG] PIL.Image: Importing JpegImagePlugin [3mworker[0m[2m=[0mwd_tagger
[2m2026-09-16T18:15:10.096385Z[0m [32m INFO[0m [2mpanoptikon::inferio::worker[0m[2m:[0m 2026-09-16 20:15:10,096 [DEBUG] PIL.Image: Importing Jpeg2KImagePlugin [3mworker[0m[2m=[0mwd_tagger
[2m2026-09-16T18:15:10.096396Z[0m [32m INFO[0m [2mpanoptikon::inferio::worker[0m[2m:[0m 2026-09-16 20:15:10,096 [DEBUG] PIL.Image: Importing McIdasImagePlugin [3mworker[0m[2m=[0mwd_tagger
[2m2026-09-16T18:15:10.096598Z[0m [32m INFO[0m [2mpanoptikon::inferio::worker[0m[2m:[0m 2026-09-16 20:15:10,096 [DEBUG] PIL.Image: Importing MicImagePlugin [3mworker[0m[2m=[0mwd_tagger
[2m2026-09-16T18:15:10.096878Z[0m [32m INFO[0m [2mpanoptikon::inferio::worker[0m[2m:[0m 2026-09-16 20:15:10,096 [DEBUG] PIL.Image: Image: failed to import MicImagePlugin: No module named 'olefile' [3mworker[0m[2m=[0mwd_tagger
[2m2026-09-16T18:15:10.096890Z[0m [32m INFO[0m [2mpanoptikon::inferio::worker[0m[2m:[0m 2026-09-16 20:15:10,096 [DEBUG] PIL.Image: Importing MpegImagePlugin [3mworker[0m[2m=[0mwd_tagger
[2m2026-09-16T18:15:10.097335Z[0m [32m INFO[0m [2mpanoptikon::inferio::worker[0m[2m:[0m 2026-09-16 20:15:10,097 [DEBUG] PIL.Image: Importing MpoImagePlugin [3mworker[0m[2m=[0mwd_tagger
[2m2026-09-16T18:15:10.098186Z[0m [32m INFO[0m [2mpanoptikon::inferio::worker[0m[2m:[0m 2026-09-16 20:15:10,098 [DEBUG] PIL.Image: Importing MspImagePlugin [3mworker[0m[2m=[0mwd_tagger
[2m2026-09-16T18:15:10.098322Z[0m [32m INFO[0m [2mpanoptikon::inferio::worker[0m[2m:[0m 2026-09-16 20:15:10,098 [DEBUG] PIL.Image: Importing PalmImagePlugin [3mworker[0m[2m=[0mwd_tagger
[2m2026-09-16T18:15:10.098694Z[0m [32m INFO[0m [2mpanoptikon::inferio::worker[0m[2m:[0m 2026-09-16 20:15:10,098 [DEBUG] PIL.Image: Importing PcdImagePlugin [3mworker[0m[2m=[0mwd_tagger
[2m2026-09-16T18:15:10.098799Z[0m [32m INFO[0m [2mpanoptikon::inferio::worker[0m[2m:[0m 2026-09-16 20:15:10,098 [DEBUG] PIL.Image: Importing PcxImagePlugin [3mworker[0m[2m=[0mwd_tagger
[2m2026-09-16T18:15:10.098808Z[0m [32m INFO[0m [2mpanoptikon::inferio::worker[0m[2m:[0m 2026-09-16 20:15:10,098 [DEBUG] PIL.Image: Importing PdfImagePlugin [3mworker[0m[2m=[0mwd_tagger
[2m2026-09-16T18:15:10.100782Z[0m [32m INFO[0m [2mpanoptikon::inferio::worker[0m[2m:[0m 2026-09-16 20:15:10,100 [DEBUG] PIL.Image: Importing PixarImagePlugin [3mworker[0m[2m=[0mwd_tagger
[2m2026-09-16T18:15:10.100915Z[0m [32m INFO[0m [2mpanoptikon::inferio::worker[0m[2m:[0m 2026-09-16 20:15:10,100 [DEBUG] PIL.Image: Importing PngImagePlugin [3mworker[0m[2m=[0mwd_tagger
[2m2026-09-16T18:15:10.100926Z[0m [32m INFO[0m [2mpanoptikon::inferio::worker[0m[2m:[0m 2026-09-16 20:15:10,100 [DEBUG] PIL.Image: Importing PpmImagePlugin [3mworker[0m[2m=[0mwd_tagger
[2m2026-09-16T18:15:10.100935Z[0m [32m INFO[0m [2mpanoptikon::inferio::worker[0m[2m:[0m 2026-09-16 20:15:10,100 [DEBUG] PIL.Image: Importing PsdImagePlugin [3mworker[0m[2m=[0mwd_tagger
[2m2026-09-16T18:15:10.101069Z[0m [32m INFO[0m [2mpanoptikon::inferio::worker[0m[2m:[0m 2026-09-16 20:15:10,101 [DEBUG] PIL.Image: Importing QoiImagePlugin [3mworker[0m[2m=[0mwd_tagger
[2m2026-09-16T18:15:10.101188Z[0m [32m INFO[0m [2mpanoptikon::inferio::worker[0m[2m:[0m 2026-09-16 20:15:10,101 [DEBUG] PIL.Image: Importing SgiImagePlugin [3mworker[0m[2m=[0mwd_tagger
[2m2026-09-16T18:15:10.101425Z[0m [32m INFO[0m [2mpanoptikon::inferio::worker[0m[2m:[0m 2026-09-16 20:15:10,101 [DEBUG] PIL.Image: Importing SpiderImagePlugin [3mworker[0m[2m=[0mwd_tagger
[2m2026-09-16T18:15:10.101670Z[0m [32m INFO[0m [2mpanoptikon::inferio::worker[0m[2m:[0m 2026-09-16 20:15:10,101 [DEBUG] PIL.Image: Importing SunImagePlugin [3mworker[0m[2m=[0mwd_tagger
[2m2026-09-16T18:15:10.101877Z[0m [32m INFO[0m [2mpanoptikon::inferio::worker[0m[2m:[0m 2026-09-16 20:15:10,101 [DEBUG] PIL.Image: Importing TgaImagePlugin [3mworker[0m[2m=[0mwd_tagger
[2m2026-09-16T18:15:10.102096Z[0m [32m INFO[0m [2mpanoptikon::inferio::worker[0m[2m:[0m 2026-09-16 20:15:10,102 [DEBUG] PIL.Image: Importing TiffImagePlugin [3mworker[0m[2m=[0mwd_tagger
[2m2026-09-16T18:15:10.102105Z[0m [32m INFO[0m [2mpanoptikon::inferio::worker[0m[2m:[0m 2026-09-16 20:15:10,102 [DEBUG] PIL.Image: Importing WebPImagePlugin [3mworker[0m[2m=[0mwd_tagger
[2m2026-09-16T18:15:10.108407Z[0m [32m INFO[0m [2mpanoptikon::inferio::worker[0m[2m:[0m 2026-09-16 20:15:10,108 [DEBUG] PIL.Image: Importing WmfImagePlugin [3mworker[0m[2m=[0mwd_tagger
[2m2026-09-16T18:15:10.108696Z[0m [32m INFO[0m [2mpanoptikon::inferio::worker[0m[2m:[0m 2026-09-16 20:15:10,108 [DEBUG] PIL.Image: Importing XbmImagePlugin [3mworker[0m[2m=[0mwd_tagger
[2m2026-09-16T18:15:10.109172Z[0m [32m INFO[0m [2mpanoptikon::inferio::worker[0m[2m:[0m 2026-09-16 20:15:10,109 [DEBUG] PIL.Image: Importing XpmImagePlugin [3mworker[0m[2m=[0mwd_tagger
[2m2026-09-16T18:15:10.109484Z[0m [32m INFO[0m [2mpanoptikon::inferio::worker[0m[2m:[0m 2026-09-16 20:15:10,109 [DEBUG] PIL.Image: Importing XVThumbImagePlugin [3mworker[0m[2m=[0mwd_tagger
[2m2026-09-16T18:15:10.119090Z[0m [32m INFO[0m [2mpanoptikon::inferio::worker[0m[2m:[0m 2026-09-16 20:15:10,119 [DEBUG] PIL.PngImagePlugin: STREAM b'IHDR' 16 13 [3mworker[0m[2m=[0mwd_tagger
[2m2026-09-16T18:15:10.119110Z[0m [32m INFO[0m [2mpanoptikon::inferio::worker[0m[2m:[0m 2026-09-16 20:15:10,119 [DEBUG] PIL.PngImagePlugin: STREAM b'IDAT' 41 65536 [3mworker[0m[2m=[0mwd_tagger
[2m2026-09-16T18:15:10.137195Z[0m [32m INFO[0m [2mpanoptikon::inferio::worker[0m[2m:[0m 2026-09-16 20:15:10,137 [DEBUG] inferio_worker_impl_0_wd_tagger: Running inference on 16 images [3mworker[0m[2m=[0mwd_tagger
[2m2026-09-16T18:15:10.688160Z[0m [32m INFO[0m [2mpanoptikon::inferio::worker[0m[2m:[0m 2026-09-16 20:15:10,688 [DEBUG] PIL.PngImagePlugin: STREAM b'IHDR' 16 13 [3mworker[0m[2m=[0mwd_tagger
[2m2026-09-16T18:15:10.688183Z[0m [32m INFO[0m [2mpanoptikon::inferio::worker[0m[2m:[0m 2026-09-16 20:15:10,688 [DEBUG] PIL.PngImagePlugin: STREAM b'IDAT' 41 65536 [3mworker[0m[2m=[0mwd_tagger
[2m2026-09-16T18:15:10.701532Z[0m [32m INFO[0m [2mpanoptikon::inferio::worker[0m[2m:[0m 2026-09-16 20:15:10,701 [DEBUG] PIL.PngImagePlugin: STREAM b'IHDR' 16 13 [3mworker[0m[2m=[0mwd_tagger
[2m2026-09-16T18:15:10.701544Z[0m [32m INFO[0m [2mpanoptikon::inferio::worker[0m[2m:[0m 2026-09-16 20:15:10,701 [DEBUG] PIL.PngImagePlugin: STREAM b'IDAT' 41 65536 [3mworker[0m[2m=[0mwd_tagger
[2m2026-09-16T18:15:10.711230Z[0m [32m INFO[0m [2mpanoptikon::inferio::worker[0m[2m:[0m 2026-09-16 20:15:10,711 [DEBUG] PIL.PngImagePlugin: STREAM b'IHDR' 16 13 [3mworker[0m[2m=[0mwd_tagger
[2m2026-09-16T18:15:10.711238Z[0m [32m INFO[0m [2mpanoptikon::inferio::worker[0m[2m:[0m 2026-09-16 20:15:10,711 [DEBUG] PIL.PngImagePlugin: STREAM b'IDAT' 41 65536 [3mworker[0m[2m=[0mwd_tagger
[2m2026-09-16T18:15:10.722564Z[0m [32m INFO[0m [2mpanoptikon::inferio::worker[0m[2m:[0m 2026-09-16 20:15:10,722 [DEBUG] PIL.PngImagePlugin: STREAM b'IHDR' 16 13 [3mworker[0m[2m=[0mwd_tagger
[2m2026-09-16T18:15:10.722573Z[0m [32m INFO[0m [2mpanoptikon::inferio::worker[0m[2m:[0m 2026-09-16 20:15:10,722 [DEBUG] PIL.PngImagePlugin: STREAM b'IDAT' 41 65536 [3mworker[0m[2m=[0mwd_tagger
[2m2026-09-16T18:15:10.736497Z[0m [32m INFO[0m [2mpanoptikon::inferio::worker[0m[2m:[0m 2026-09-16 20:15:10,736 [DEBUG] inferio_worker_impl_0_wd_tagger: Running inference on 16 images [3mworker[0m[2m=[0mwd_tagger
[2m2026-09-16T18:15:11.265119Z[0m [32m INFO[0m [2mpanoptikon::inferio::ledger[0m[2m:[0m holding the throughput ramp at this rung: the rung is the top of a measured plateau [3mmodel[0m[2m=[0mtags/wd-vit-tagger-v3 [3mgpu[0m[2m=[0mGPU-MPS [3munits[0m[2m=[0m32 [3mcertified[0m[2m=[0mtrue [3mknee_binds[0m[2m=[0mfalse
[2m2026-09-16T18:15:11.265139Z[0m [34mDEBUG[0m [2mpanoptikon::inferio::ledger[0m[2m:[0m refitted the memory cost model [3mmodel[0m[2m=[0mtags/wd-vit-tagger-v3 [3mgpu[0m[2m=[0mGPU-MPS [3mslope_mb_per_unit[0m[2m=[0m7.660714285714286 [3mintercept_mb[0m[2m=[0m37.339285714285715 [3mresidual_mb[0m[2m=[0m57.98214285714286 [3msamples[0m[2m=[0m5 [3mversion[0m[2m=[0m1
[2m2026-09-16T18:15:11.265148Z[0m [34mDEBUG[0m [2mpanoptikon::inferio::ledger[0m[2m:[0m declining to fit a throughput knee: the ring's quiet buckets hold too few observations to read as a curve [3mobservations[0m[2m=[0m8 [3mmin_observations[0m[2m=[0m12 [3mbuckets[0m[2m=[0m4 [3mmin_buckets[0m[2m=[0m3
[2m2026-09-16T18:15:11.265155Z[0m [34mDEBUG[0m [2mpanoptikon::inferio::ledger[0m[2m:[0m queued a calibration profile update for the store [3mmodel[0m[2m=[0mtags/wd-vit-tagger-v3 [3mgpu[0m[2m=[0mGPU-MPS [3mreason[0m[2m=[0m"fit_changed" [3mmax_units_measured[0m[2m=[0m16 [3mfit_version[0m[2m=[0m1
[2m2026-09-16T18:15:11.265170Z[0m [34mDEBUG[0m [2mpanoptikon::inferio::ledger[0m[2m:[0m settled a granted window [3mmodel[0m[2m=[0mtags/wd-vit-tagger-v3 [3mgpu[0m[2m=[0mGPU-MPS [3moutcome[0m[2m=[0m"clean" [3mfit_samples[0m[2m=[0m3 [3mthroughput_samples[0m[2m=[0m2 [3mclamped_samples[0m[2m=[0m0 [3mclamped[0m[2m=[0mnone [3mramp_step[0m[2m=[0m3 [3mdeflation[0m[2m=[0m0 [3mclean_windows[0m[2m=[0m5 [3mmax_units_measured[0m[2m=[0m16
[2m2026-09-16T18:15:11.268346Z[0m [34mDEBUG[0m [2mpanoptikon::inferio::ledger[0m[2m:[0m issued a memory grant [3mmodel[0m[2m=[0mtags/wd-vit-tagger-v3 [3mgpu[0m[2m=[0mGPU-MPS [3munit_budget[0m[2m=[0m32 [3mmb[0m[2m=[0m896 [3mcanvas_pixels[0m[2m=[0mnone [3mshare_mb[0m[2m=[0m105417 [3mroom_mb[0m[2m=[0m105417 [3mheadroom_mb[0m[2m=[0m102621 [3mexternal_mb[0m[2m=[0m23247 [3mreserve_mb[0m[2m=[0m1024 [3mreserve_rule[0m[2m=[0m"capped_default" [3mpre_fit[0m[2m=[0mfalse [3mramp_step[0m[2m=[0m3 [3mdeflation[0m[2m=[0m0 [3msqueezed[0m[2m=[0mfalse [3mwindow_requests[0m[2m=[0m89
[2m2026-09-16T18:15:11.275803Z[0m [32m INFO[0m [2mpanoptikon::inferio::worker[0m[2m:[0m 2026-09-16 20:15:11,275 [DEBUG] inferio_worker.packing: this window's 896 MiB grant is below 80% of the 3820 MiB of releasable slack in the 4180 MiB pool (1/2 consecutive windows before releasing it) [3mworker[0m[2m=[0mwd_tagger
[2m2026-09-16T18:15:11.280682Z[0m [32m INFO[0m [2mpanoptikon::inferio::worker[0m[2m:[0m 2026-09-16 20:15:11,280 [DEBUG] PIL.PngImagePlugin: STREAM b'IHDR' 16 13 [3mworker[0m[2m=[0mwd_tagger
[2m2026-09-16T18:15:11.280704Z[0m [32m INFO[0m [2mpanoptikon::inferio::worker[0m[2m:[0m 2026-09-16 20:15:11,280 [DEBUG] PIL.PngImagePlugin: STREAM b'IDAT' 41 65536 [3mworker[0m[2m=[0mwd_tagger
[2m2026-09-16T18:15:11.299850Z[0m [32m INFO[0m [2mpanoptikon::inferio::worker[0m[2m:[0m 2026-09-16 20:15:11,299 [DEBUG] PIL.PngImagePlugin: STREAM b'IHDR' 16 13 [3mworker[0m[2m=[0mwd_tagger
[2m2026-09-16T18:15:11.299864Z[0m [32m INFO[0m [2mpanoptikon::inferio::worker[0m[2m:[0m 2026-09-16 20:15:11,299 [DEBUG] PIL.PngImagePlugin: STREAM b'IDAT' 41 65536 [3mworker[0m[2m=[0mwd_tagger
[2m2026-09-16T18:15:11.320957Z[0m [32m INFO[0m [2mpanoptikon::inferio::worker[0m[2m:[0m 2026-09-16 20:15:11,320 [DEBUG] PIL.PngImagePlugin: STREAM b'IHDR' 16 13 [3mworker[0m[2m=[0mwd_tagger
[2m2026-09-16T18:15:11.320975Z[0m [32m INFO[0m [2mpanoptikon::inferio::worker[0m[2m:[0m 2026-09-16 20:15:11,320 [DEBUG] PIL.PngImagePlugin: STREAM b'IDAT' 41 65536 [3mworker[0m[2m=[0mwd_tagger
[2m2026-09-16T18:15:11.332239Z[0m [32m INFO[0m [2mpanoptikon::inferio::worker[0m[2m:[0m 2026-09-16 20:15:11,332 [DEBUG] PIL.PngImagePlugin: STREAM b'IHDR' 16 13 [3mworker[0m[2m=[0mwd_tagger
[2m2026-09-16T18:15:11.332247Z[0m [32m INFO[0m [2mpanoptikon::inferio::worker[0m[2m:[0m 2026-09-16 20:15:11,332 [DEBUG] PIL.PngImagePlugin: STREAM b'IDAT' 41 65536 [3mworker[0m[2m=[0mwd_tagger
[2m2026-09-16T18:15:11.351048Z[0m [32m INFO[0m [2mpanoptikon::inferio::worker[0m[2m:[0m 2026-09-16 20:15:11,351 [DEBUG] PIL.PngImagePlugin: STREAM b'IHDR' 16 13 [3mworker[0m[2m=[0mwd_tagger
[2m2026-09-16T18:15:11.351062Z[0m [32m INFO[0m [2mpanoptikon::inferio::worker[0m[2m:[0m 2026-09-16 20:15:11,351 [DEBUG] PIL.PngImagePlugin: STREAM b'IDAT' 41 65536 [3mworker[0m[2m=[0mwd_tagger
[2m2026-09-16T18:15:11.359545Z[0m [32m INFO[0m [2mpanoptikon::inferio::worker[0m[2m:[0m 2026-09-16 20:15:11,359 [DEBUG] PIL.PngImagePlugin: STREAM b'IHDR' 16 13 [3mworker[0m[2m=[0mwd_tagger
[2m2026-09-16T18:15:11.359553Z[0m [32m INFO[0m [2mpanoptikon::inferio::worker[0m[2m:[0m 2026-09-16 20:15:11,359 [DEBUG] PIL.PngImagePlugin: STREAM b'IDAT' 41 65536 [3mworker[0m[2m=[0mwd_tagger
[2m2026-09-16T18:15:11.368838Z[0m [32m INFO[0m [2mpanoptikon::inferio::worker[0m[2m:[0m 2026-09-16 20:15:11,368 [DEBUG] inferio_worker_impl_0_wd_tagger: Running inference on 32 images [3mworker[0m[2m=[0mwd_tagger
[2m2026-09-16T18:15:12.451897Z[0m [32m INFO[0m [2mpanoptikon::inferio::worker[0m[2m:[0m 2026-09-16 20:15:12,451 [DEBUG] PIL.PngImagePlugin: STREAM b'IHDR' 16 13 [3mworker[0m[2m=[0mwd_tagger
[2m2026-09-16T18:15:12.451919Z[0m [32m INFO[0m [2mpanoptikon::inferio::worker[0m[2m:[0m 2026-09-16 20:15:12,451 [DEBUG] PIL.PngImagePlugin: STREAM b'IDAT' 41 65536 [3mworker[0m[2m=[0mwd_tagger
[2m2026-09-16T18:15:12.541360Z[0m [32m INFO[0m [2mpanoptikon::inferio::worker[0m[2m:[0m 2026-09-16 20:15:12,541 [DEBUG] PIL.PngImagePlugin: STREAM b'IHDR' 16 13 [3mworker[0m[2m=[0mwd_tagger
[2m2026-09-16T18:15:12.541387Z[0m [32m INFO[0m [2mpanoptikon::inferio::worker[0m[2m:[0m 2026-09-16 20:15:12,541 [DEBUG] PIL.PngImagePlugin: STREAM b'IDAT' 41 65536 [3mworker[0m[2m=[0mwd_tagger
[2m2026-09-16T18:15:12.620554Z[0m [32m INFO[0m [2mpanoptikon::inferio::worker[0m[2m:[0m 2026-09-16 20:15:12,620 [DEBUG] PIL.PngImagePlugin: STREAM b'IHDR' 16 13 [3mworker[0m[2m=[0mwd_tagger
[2m2026-09-16T18:15:12.620585Z[0m [32m INFO[0m [2mpanoptikon::inferio::worker[0m[2m:[0m 2026-09-16 20:15:12,620 [DEBUG] PIL.PngImagePlugin: STREAM b'IDAT' 41 65536 [3mworker[0m[2m=[0mwd_tagger
[2m2026-09-16T18:15:12.636124Z[0m [32m INFO[0m [2mpanoptikon::inferio::worker[0m[2m:[0m 2026-09-16 20:15:12,636 [DEBUG] PIL.PngImagePlugin: STREAM b'IHDR' 16 13 [3mworker[0m[2m=[0mwd_tagger
[2m2026-09-16T18:15:12.636140Z[0m [32m INFO[0m [2mpanoptikon::inferio::worker[0m[2m:[0m 2026-09-16 20:15:12,636 [DEBUG] PIL.PngImagePlugin: STREAM b'IDAT' 41 65536 [3mworker[0m[2m=[0mwd_tagger
[2m2026-09-16T18:15:12.645621Z[0m [32m INFO[0m [2mpanoptikon::inferio::worker[0m[2m:[0m 2026-09-16 20:15:12,645 [DEBUG] PIL.PngImagePlugin: STREAM b'IHDR' 16 13 [3mworker[0m[2m=[0mwd_tagger
[2m2026-09-16T18:15:12.645629Z[0m [32m INFO[0m [2mpanoptikon::inferio::worker[0m[2m:[0m 2026-09-16 20:15:12,645 [DEBUG] PIL.PngImagePlugin: STREAM b'IDAT' 41 65536 [3mworker[0m[2m=[0mwd_tagger
[2m2026-09-16T18:15:12.658545Z[0m [32m INFO[0m [2mpanoptikon::inferio::worker[0m[2m:[0m 2026-09-16 20:15:12,658 [DEBUG] PIL.PngImagePlugin: STREAM b'IHDR' 16 13 [3mworker[0m[2m=[0mwd_tagger
[2m2026-09-16T18:15:12.658557Z[0m [32m INFO[0m [2mpanoptikon::inferio::worker[0m[2m:[0m 2026-09-16 20:15:12,658 [DEBUG] PIL.PngImagePlugin: STREAM b'IDAT' 41 65536 [3mworker[0m[2m=[0mwd_tagger
[2m2026-09-16T18:15:12.667662Z[0m [32m INFO[0m [2mpanoptikon::inferio::worker[0m[2m:[0m 2026-09-16 20:15:12,667 [DEBUG] PIL.PngImagePlugin: STREAM b'IHDR' 16 13 [3mworker[0m[2m=[0mwd_tagger
[2m2026-09-16T18:15:12.667673Z[0m [32m INFO[0m [2mpanoptikon::inferio::worker[0m[2m:[0m 2026-09-16 20:15:12,667 [DEBUG] PIL.PngImagePlugin: STREAM b'IDAT' 41 65536 [3mworker[0m[2m=[0mwd_tagger
[2m2026-09-16T18:15:12.676836Z[0m [32m INFO[0m [2mpanoptikon::inferio::worker[0m[2m:[0m 2026-09-16 20:15:12,676 [DEBUG] PIL.PngImagePlugin: STREAM b'IHDR' 16 13 [3mworker[0m[2m=[0mwd_tagger
[2m2026-09-16T18:15:12.676843Z[0m [32m INFO[0m [2mpanoptikon::inferio::worker[0m[2m:[0m 2026-09-16 20:15:12,676 [DEBUG] PIL.PngImagePlugin: STREAM b'IDAT' 41 65536 [3mworker[0m[2m=[0mwd_tagger
[2m2026-09-16T18:15:12.686599Z[0m [32m INFO[0m [2mpanoptikon::inferio::worker[0m[2m:[0m 2026-09-16 20:15:12,686 [DEBUG] inferio_worker_impl_0_wd_tagger: Running inference on 32 images [3mworker[0m[2m=[0mwd_tagger
[2m2026-09-16T18:15:14.266520Z[0m [32m INFO[0m [2mpanoptikon::inferio::worker[0m[2m:[0m 2026-09-16 20:15:14,266 [DEBUG] PIL.PngImagePlugin: STREAM b'IHDR' 16 13 [3mworker[0m[2m=[0mwd_tagger
[2m2026-09-16T18:15:14.266565Z[0m [32m INFO[0m [2mpanoptikon::inferio::worker[0m[2m:[0m 2026-09-16 20:15:14,266 [DEBUG] PIL.PngImagePlugin: STREAM b'IDAT' 41 65536 [3mworker[0m[2m=[0mwd_tagger
[2m2026-09-16T18:15:14.444067Z[0m [32m INFO[0m [2mpanoptikon::inferio::worker[0m[2m:[0m 2026-09-16 20:15:14,444 [DEBUG] inferio_worker_impl_0_wd_tagger: Running inference on 25 images [3mworker[0m[2m=[0mwd_tagger
[2m2026-09-16T18:15:16.044001Z[0m [34mDEBUG[0m [2mpanoptikon::inferio::ledger[0m[2m:[0m refitted the memory cost model [3mmodel[0m[2m=[0mtags/wd-vit-tagger-v3 [3mgpu[0m[2m=[0mGPU-MPS [3mslope_mb_per_unit[0m[2m=[0m32.0 [3mintercept_mb[0m[2m=[0m13.0 [3mresidual_mb[0m[2m=[0m250.0 [3msamples[0m[2m=[0m7 [3mversion[0m[2m=[0m2
[2m2026-09-16T18:15:16.044030Z[0m [34mDEBUG[0m [2mpanoptikon::inferio::ledger[0m[2m:[0m declining to fit a throughput knee: the ring's quiet buckets hold too few observations to read as a curve [3mobservations[0m[2m=[0m8 [3mmin_observations[0m[2m=[0m12 [3mbuckets[0m[2m=[0m4 [3mmin_buckets[0m[2m=[0m3
[2m2026-09-16T18:15:16.044038Z[0m [34mDEBUG[0m [2mpanoptikon::inferio::ledger[0m[2m:[0m queued a calibration profile update for the store [3mmodel[0m[2m=[0mtags/wd-vit-tagger-v3 [3mgpu[0m[2m=[0mGPU-MPS [3mreason[0m[2m=[0m"fit_changed" [3mmax_units_measured[0m[2m=[0m32 [3mfit_version[0m[2m=[0m2
[2m2026-09-16T18:15:16.044050Z[0m [34mDEBUG[0m [2mpanoptikon::inferio::ledger[0m[2m:[0m settled a granted window [3mmodel[0m[2m=[0mtags/wd-vit-tagger-v3 [3mgpu[0m[2m=[0mGPU-MPS [3moutcome[0m[2m=[0m"clean" [3mfit_samples[0m[2m=[0m3 [3mthroughput_samples[0m[2m=[0m1 [3mclamped_samples[0m[2m=[0m0 [3mclamped[0m[2m=[0mnone [3mramp_step[0m[2m=[0m3 [3mdeflation[0m[2m=[0m0 [3mclean_windows[0m[2m=[0m6 [3mmax_units_measured[0m[2m=[0m32
[2m2026-09-16T18:15:16.122095Z[0m [32m INFO[0m [2mpanoptikon::jobs::extraction[0m[2m:[0m extraction job phase timing [3mdata_load_busy_secs[0m[2m=[0m0.0056454999999999995 [3mdata_load_work_secs[0m[2m=[0m0.032922122000000005 [3minference_busy_secs[0m[2m=[0m8.090480041 [3minference_work_secs[0m[2m=[0m914.8975225029999
[2m2026-09-16T18:15:16.123229Z[0m [32m INFO[0m [1mActor[0m[1m{[0m[3mid[0m[2m=[0m"0.5" [3mname[0m[2m=[0m"job-runner"[1m}[0m[2m:[0m [2mpanoptikon::jobs::queue[0m[2m:[0m scheduling deferred database maintenance [3mindex_db[0m[2m=[0m"cal" [3mqueue_id[0m[2m=[0m5 [3mowed[0m[2m=[0mwrote_data,tags_changed
[2m2026-09-16T18:15:16.123245Z[0m [32m INFO[0m [1mActor[0m[1m{[0m[3mid[0m[2m=[0m"0.5" [3mname[0m[2m=[0m"job-runner"[1m}[0m[2m:[0m [2mpanoptikon::jobs::queue[0m[2m:[0m unloading batch model at job boundary [3msetter[0m[2m=[0mtags/wd-vit-tagger-v3
[2m2026-09-16T18:15:16.123476Z[0m [34mDEBUG[0m [2mpanoptikon::inferio::manager[0m[2m:[0m unload requested [3mmodel[0m[2m=[0mtags/wd-vit-tagger-v3 [3mcache_key[0m[2m=[0mbatch
[2m2026-09-16T18:15:16.123496Z[0m [34mDEBUG[0m [2mpanoptikon::inferio::manager[0m[2m:[0m unloading model [3mmodel[0m[2m=[0mtags/wd-vit-tagger-v3
[2m2026-09-16T18:15:16.123537Z[0m [34mDEBUG[0m [2mpanoptikon::inferio::ledger[0m[2m:[0m credited a departed replica's footprint back to the GPU's free reading, so its memory is not reattributed to external usage, and flagged the reading for a refresh [3mmodel[0m[2m=[0mtags/wd-vit-tagger-v3 [3mgpu[0m[2m=[0mGPU-MPS [3mfootprint_mb[0m[2m=[0m6030 [3madjusted_free_mb[0m[2m=[0m107481
[2m2026-09-16T18:15:16.150843Z[0m [32m INFO[0m [2mpanoptikon::inferio::worker[0m[2m:[0m 2026-09-16 20:15:16,150 [DEBUG] inferio_worker_impl_0_wd_tagger: Model SmilingWolf/wd-vit-tagger-v3 unloaded [3mworker[0m[2m=[0mwd_tagger
[2m2026-09-16T18:15:16.150870Z[0m [32m INFO[0m [2mpanoptikon::inferio::worker[0m[2m:[0m 2026-09-16 20:15:16,150 [INFO] inferio_worker: Unloaded; exiting. [3mworker[0m[2m=[0mwd_tagger
[2m2026-09-16T18:15:38.076326Z[0m [32m INFO[0m [2mpanoptikon::inferio::calibration[0m[2m:[0m wrote the local calibration store [3mpath[0m[2m=[0mdata/inferio/calibration.toml [3mprofiles[0m[2m=[0m1
[2m2026-09-16T18:15:57.518801Z[0m [32m INFO[0m [2mpanoptikon::shutdown[0m[2m:[0m shutdown signal received; stopping gracefully (repeat the signal to force exit)
[2m2026-09-16T18:15:57.522649Z[0m [32m INFO[0m [2mpanoptikon::shutdown[0m[2m:[0m index DB writers drained [3mwriters[0m[2m=[0m2
[2m2026-09-16T18:15:57.523050Z[0m [32m INFO[0m [2mpanoptikon::shutdown[0m[2m:[0m local inference workers stopped
[2m2026-09-16T18:15:57.523153Z[0m [32m INFO[0m [2mpanoptikon::shutdown[0m[2m:[0m background work stopped cleanly
[2m2026-09-16T18:15:57.551934Z[0m [32m INFO[0m [2mpanoptikon[0m[2m:[0m gateway stopped
