2026-09-17T02:36:53.122173Z  INFO panoptikon::logging: logging to file path=data/panoptikon.log
2026-09-17T02:36:53.122194Z  INFO panoptikon::rlimit: raised the open file descriptor soft limit to the hard limit soft_nofile_before=256 soft_nofile_after=1048576
2026-09-17T02:36:53.122259Z  INFO panoptikon::accelerator_report: accelerator backend: using CPU backend="cpu" backend_source=explicitly configured devices=[]
2026-09-17T02:36:53.153174Z  INFO panoptikon::inferio::gpu: admitting batches from workers that run on the CPU against system RAM (running out of it is an OS process kill rather than a catchable allocation failure, so the device ships with a default ceiling) uuid=CPU name=CPU (128 GB) total_mb=131072 default_cap_fraction=0.75 accelerators=0
2026-09-17T02:36:53.153244Z  INFO panoptikon: serving /api/inference locally (inference_local.enabled)
2026-09-17T02:36:53.207303Z  INFO panoptikon: gateway listening endpoint=default address=127.0.0.1:6342
2026-09-17T02:36:53.207325Z  INFO panoptikon: gateway listening endpoint=test address=127.0.0.1:6343
2026-09-17T02:36:53.207340Z  INFO panoptikon: gateway listening endpoint=legacy_ui address=127.0.0.1:6339
2026-09-17T02:36:53.207349Z  INFO panoptikon: serving HTTP/1.1 and HTTP/2 cleartext max_concurrent_streams=512
2026-09-17T02:36:53.235730Z  INFO panoptikon::media_tools: media tools resolved ffmpeg=/Users/moot/projects/panoptikon-pr27/python/.venv/lib/python3.12/site-packages/static_ffmpeg/bin/darwin_arm64/ffmpeg ffprobe=/Users/moot/projects/panoptikon-pr27/python/.venv/lib/python3.12/site-packages/static_ffmpeg/bin/darwin_arm64/ffprobe
2026-09-17T02:36:53.362217Z  INFO panoptikon::media_tools::transcode::hw: hardware H.264 encoder validated encoder="h264_videotoolbox"
2026-09-17T02:36:55.257892Z DEBUG panoptikon::inferio::http: processing local inference predict model=calibfixture/cpu_alloc_oom inputs=8
2026-09-17T02:36:55.258026Z DEBUG panoptikon::inferio::manager: resolved cost dimension model=calibfixture/cpu_alloc_oom unit="item" aggregation="count" epoch=1 seed_units=8 priced=true degraded=false
2026-09-17T02:36:55.258042Z DEBUG panoptikon::inferio::ledger: probing the host for this GPU's free memory before pricing a load against it model="calibfixture/cpu_alloc_oom" gpu="CPU" reason="no free sample: this GPU has never had a resident" sample_age_ms=None
2026-09-17T02:36:55.258085Z DEBUG panoptikon::inferio::ledger: refreshed the GPU's free memory from the host probe gpu=CPU source="ram" free_mb=110420 total_mb=131072 external_mb=20652 previous_age_ms=None recorded=true
2026-09-17T02:36:55.258375Z DEBUG panoptikon::inferio::worker: spawned an inferio worker worker=cpu_alloc_oom_test inference_id="calibfixture/cpu_alloc_oom" pid=Some(58291)
2026-09-17T02:36:55.970338Z  INFO panoptikon::inferio::worker: 2026-09-17 04:36:55,969 [WARNING] inferio_worker: Failed to import impl module /Users/moot/projects/panoptikon-pr27/python/tests/inferio_worker/fixture_impls/broken_impl.py: broken_impl is intentionally broken at import time worker=cpu_alloc_oom_test
2026-09-17T02:36:55.970351Z  INFO panoptikon::inferio::worker: Traceback (most recent call last): worker=cpu_alloc_oom_test
2026-09-17T02:36:55.970356Z  INFO panoptikon::inferio::worker:   File "/Users/moot/projects/panoptikon-pr27/python/inferio_worker/discovery.py", line 69, in _load_impl_from_file worker=cpu_alloc_oom_test
2026-09-17T02:36:55.970362Z  INFO panoptikon::inferio::worker:     spec.loader.exec_module(mod) worker=cpu_alloc_oom_test
2026-09-17T02:36:55.970367Z  INFO panoptikon::inferio::worker:   File "<frozen importlib._bootstrap_external>", line 999, in exec_module worker=cpu_alloc_oom_test
2026-09-17T02:36:55.970373Z  INFO panoptikon::inferio::worker:   File "<frozen importlib._bootstrap>", line 488, in _call_with_frames_removed worker=cpu_alloc_oom_test
2026-09-17T02:36:55.970378Z  INFO panoptikon::inferio::worker:   File "/Users/moot/projects/panoptikon-pr27/python/tests/inferio_worker/fixture_impls/broken_impl.py", line 8, in <module> worker=cpu_alloc_oom_test
2026-09-17T02:36:55.970382Z  INFO panoptikon::inferio::worker:     raise RuntimeError("broken_impl is intentionally broken at import time") worker=cpu_alloc_oom_test
2026-09-17T02:36:55.970386Z  INFO panoptikon::inferio::worker: RuntimeError: broken_impl is intentionally broken at import time worker=cpu_alloc_oom_test
2026-09-17T02:36:55.971323Z  INFO panoptikon::inferio::worker: 2026-09-17 04:36:55,971 [INFO] inferio_worker: Resolved impl class cpu_alloc_oom_test to /Users/moot/projects/panoptikon-pr27/python/tests/inferio_worker/fixture_impls/cpu_alloc_oom_impl.py worker=cpu_alloc_oom_test
2026-09-17T02:36:55.971366Z  INFO panoptikon::inferio::worker: 2026-09-17 04:36:55,971 [INFO] inferio_worker: Handshake ok for impl class cpu_alloc_oom_test worker=cpu_alloc_oom_test
2026-09-17T02:36:55.971433Z  INFO panoptikon::inferio::worker: 2026-09-17 04:36:55,971 [INFO] inferio_worker: Configured as calibfixture/cpu_alloc_oom worker=cpu_alloc_oom_test
2026-09-17T02:36:55.977514Z DEBUG panoptikon::inferio::worker: worker reported its load footprint worker=calibfixture/cpu_alloc_oom gpu_name="CPU (128 GB)" gpu_arch="cpu" gpu_total_mb=131072 torch="2.7.1"
2026-09-17T02:36:55.977530Z DEBUG panoptikon::inferio::manager: replica loaded model=calibfixture/cpu_alloc_oom replica=0 device="<unpinned>"
2026-09-17T02:36:55.977547Z DEBUG panoptikon::inferio::ledger: admitted a worker to a GPU's ledger model=calibfixture/cpu_alloc_oom gpu=CPU replica=2 base_mb=None base_method="<none>" reserved_at_load_mb=Some(228) seeded_from_store=false
2026-09-17T02:36:55.977617Z DEBUG panoptikon::inferio::ledger: issued a memory grant model=calibfixture/cpu_alloc_oom gpu=CPU unit_budget=8 mb=98304 canvas_pixels=none share_mb=98304 room_mb=98304 headroom_mb=98304 external_mb=20819 reserve_mb=1024 reserve_rule="capped_default" pre_fit=true ramp_step=0 deflation=0 squeezed=false window_requests=1
2026-09-17T02:36:55.977869Z DEBUG panoptikon::inferio::worker: spawned an inferio worker worker=cpu_alloc_oom_test inference_id="<unconfigured>" pid=Some(58292)
2026-09-17T02:36:55.979378Z  INFO panoptikon::inferio::worker: 2026-09-17 04:36:55,978 [ERROR] inferio_worker: calibfixture/cpu_alloc_oom - predict failed: INFERENCE_OOM_WINDOW: out of GPU memory on a packed batch of 8 inputs (8 item units): [enforce fail at alloc_cpu.cpp:117] data. DefaultCPUAllocator: can't allocate memory: you tried to allocate 8589934592 bytes. worker=cpu_alloc_oom_test
2026-09-17T02:36:55.979384Z  INFO panoptikon::inferio::worker: Traceback (most recent call last): worker=cpu_alloc_oom_test
2026-09-17T02:36:55.979388Z  INFO panoptikon::inferio::worker:   File "/Users/moot/projects/panoptikon-pr27/python/inferio_worker/packing.py", line 1402, in run_window worker=cpu_alloc_oom_test
2026-09-17T02:36:55.979392Z  INFO panoptikon::inferio::worker:     produced = list(instance.predict([inputs[index] for index in batch])) worker=cpu_alloc_oom_test
2026-09-17T02:36:55.979396Z  INFO panoptikon::inferio::worker:                     ^^^^^^^^^^^^^^^^^^^^^^^^^^^^^^^^^^^^^^^^^^^^^^^^^^^^ worker=cpu_alloc_oom_test
2026-09-17T02:36:55.979400Z  INFO panoptikon::inferio::worker:   File "/Users/moot/projects/panoptikon-pr27/python/tests/inferio_worker/fixture_impls/cpu_alloc_oom_impl.py", line 22, in predict worker=cpu_alloc_oom_test
2026-09-17T02:36:55.979404Z  INFO panoptikon::inferio::worker:     raise RuntimeError( worker=cpu_alloc_oom_test
2026-09-17T02:36:55.979408Z  INFO panoptikon::inferio::worker: RuntimeError: [enforce fail at alloc_cpu.cpp:117] data. DefaultCPUAllocator: can't allocate memory: you tried to allocate 8589934592 bytes. worker=cpu_alloc_oom_test
2026-09-17T02:36:55.979411Z  INFO panoptikon::inferio::worker: The above exception was the direct cause of the following exception: worker=cpu_alloc_oom_test
2026-09-17T02:36:55.979415Z  INFO panoptikon::inferio::worker: Traceback (most recent call last): worker=cpu_alloc_oom_test
2026-09-17T02:36:55.979419Z  INFO panoptikon::inferio::worker:   File "/Users/moot/projects/panoptikon-pr27/python/inferio_worker/__main__.py", line 360, in _serve worker=cpu_alloc_oom_test
2026-09-17T02:36:55.979422Z  INFO panoptikon::inferio::worker:     **packing.run_window( worker=cpu_alloc_oom_test
2026-09-17T02:36:55.979426Z  INFO panoptikon::inferio::worker:       ^^^^^^^^^^^^^^^^^^^ worker=cpu_alloc_oom_test
2026-09-17T02:36:55.979430Z  INFO panoptikon::inferio::worker:   File "/Users/moot/projects/panoptikon-pr27/python/inferio_worker/packing.py", line 1443, in run_window worker=cpu_alloc_oom_test
2026-09-17T02:36:55.979434Z  INFO panoptikon::inferio::worker:     raise WindowFailure(message, measurements, exc) from exc worker=cpu_alloc_oom_test
2026-09-17T02:36:55.979442Z  INFO panoptikon::inferio::worker: inferio_worker.packing.WindowFailure: INFERENCE_OOM_WINDOW: out of GPU memory on a packed batch of 8 inputs (8 item units): [enforce fail at alloc_cpu.cpp:117] data. DefaultCPUAllocator: can't allocate memory: you tried to allocate 8589934592 bytes. worker=cpu_alloc_oom_test
2026-09-17T02:36:55.979814Z  WARN panoptikon::inferio::ledger: not deflating on this window's out-of-memory report: the worker classified it from the failure's *wording* alone, and its own live reading at that instant had at least the whole envelope this window was priced at still free. A batch this size was not what the GPU ran out of, so halving the budget would cost throughput and fix nothing (run2 change R3, finding Q1/B11) model=calibfixture/cpu_alloc_oom gpu=CPU contradicted=1 free_mb_at_failure=110253 grant_mb=98304
2026-09-17T02:36:55.979828Z DEBUG panoptikon::inferio::ledger: skipped the calibration store update: the worker reported no dtype model=calibfixture/cpu_alloc_oom gpu=CPU reason="no_dtype"
2026-09-17T02:36:55.979836Z  INFO panoptikon::inferio::ledger: classified this window as an out-of-memory negative: naming the tier that decided it, because a classification the ledger trusts outright is acted on silently otherwise and the deflation it causes cannot be attributed from the log (run2 defect C2) model=calibfixture/cpu_alloc_oom gpu=CPU source=marker exception=unknown trust="trusted" free_mb_at_failure=-1 grant_mb=98304 oom_samples=0
2026-09-17T02:36:55.979843Z  WARN panoptikon::inferio::ledger: settled a granted window model=calibfixture/cpu_alloc_oom gpu=CPU outcome="negative" reason="oom" fit_samples=0 throughput_samples=0 clamped_samples=0 clamped=none ramp_step=0 deflation=1 clean_windows=0 max_units_measured=0
2026-09-17T02:36:55.979874Z ERROR panoptikon::inferio::http: prediction failed model=calibfixture/cpu_alloc_oom error=predict failed for inferio worker calibfixture/cpu_alloc_oom: worker error: INFERENCE_OOM_WINDOW: out of GPU memory on a packed batch of 8 inputs (8 item units): [enforce fail at alloc_cpu.cpp:117] data. DefaultCPUAllocator: can't allocate memory: you tried to allocate 8589934592 bytes.
worker traceback:
Traceback (most recent call last):
  File "/Users/moot/projects/panoptikon-pr27/python/inferio_worker/packing.py", line 1402, in run_window
    produced = list(instance.predict([inputs[index] for index in batch]))
                    ^^^^^^^^^^^^^^^^^^^^^^^^^^^^^^^^^^^^^^^^^^^^^^^^^^^^
  File "/Users/moot/projects/panoptikon-pr27/python/tests/inferio_worker/fixture_impls/cpu_alloc_oom_impl.py", line 22, in predict
    raise RuntimeError(
RuntimeError: [enforce fail at alloc_cpu.cpp:117] data. DefaultCPUAllocator: can't allocate memory: you tried to allocate 8589934592 bytes.

The above exception was the direct cause of the following exception:

Traceback (most recent call last):
  File "/Users/moot/projects/panoptikon-pr27/python/inferio_worker/__main__.py", line 360, in _serve
    **packing.run_window(
      ^^^^^^^^^^^^^^^^^^^
  File "/Users/moot/projects/panoptikon-pr27/python/inferio_worker/packing.py", line 1443, in run_window
    raise WindowFailure(message, measurements, exc) from exc
inferio_worker.packing.WindowFailure: INFERENCE_OOM_WINDOW: out of GPU memory on a packed batch of 8 inputs (8 item units): [enforce fail at alloc_cpu.cpp:117] data. DefaultCPUAllocator: can't allocate memory: you tried to allocate 8589934592 bytes.

worker stderr tail:
2026-09-17 04:36:55,969 [WARNING] inferio_worker: Failed to import impl module /Users/moot/projects/panoptikon-pr27/python/tests/inferio_worker/fixture_impls/broken_impl.py: broken_impl is intentionally broken at import time
Traceback (most recent call last):
  File "/Users/moot/projects/panoptikon-pr27/python/inferio_worker/discovery.py", line 69, in _load_impl_from_file
    spec.loader.exec_module(mod)
  File "<frozen importlib._bootstrap_external>", line 999, in exec_module
  File "<frozen importlib._bootstrap>", line 488, in _call_with_frames_removed
  File "/Users/moot/projects/panoptikon-pr27/python/tests/inferio_worker/fixture_impls/broken_impl.py", line 8, in <module>
    raise RuntimeError("broken_impl is intentionally broken at import time")
RuntimeError: broken_impl is intentionally broken at import time
2026-09-17 04:36:55,971 [INFO] inferio_worker: Resolved impl class cpu_alloc_oom_test to /Users/moot/projects/panoptikon-pr27/python/tests/inferio_worker/fixture_impls/cpu_alloc_oom_impl.py
2026-09-17 04:36:55,971 [INFO] inferio_worker: Handshake ok for impl class cpu_alloc_oom_test
2026-09-17 04:36:55,971 [INFO] inferio_worker: Configured as calibfixture/cpu_alloc_oom
2026-09-17 04:36:55,978 [ERROR] inferio_worker: calibfixture/cpu_alloc_oom - predict failed: INFERENCE_OOM_WINDOW: out of GPU memory on a packed batch of 8 inputs (8 item units): [enforce fail at alloc_cpu.cpp:117] data. DefaultCPUAllocator: can't allocate memory: you tried to allocate 8589934592 bytes.
Traceback (most recent call last):
  File "/Users/moot/projects/panoptikon-pr27/python/inferio_worker/packing.py", line 1402, in run_window
    produced = list(instance.predict([inputs[index] for index in batch]))
                    ^^^^^^^^^^^^^^^^^^^^^^^^^^^^^^^^^^^^^^^^^^^^^^^^^^^^
  File "/Users/moot/projects/panoptikon-pr27/python/tests/inferio_worker/fixture_impls/cpu_alloc_oom_impl.py", line 22, in predict
    raise RuntimeError(
RuntimeError: [enforce fail at alloc_cpu.cpp:117] data. DefaultCPUAllocator: can't allocate memory: you tried to allocate 8589934592 bytes.
The above exception was the direct cause of the following exception:
Traceback (most recent call last):
  File "/Users/moot/projects/panoptikon-pr27/python/inferio_worker/__main__.py", line 360, in _serve
    **packing.run_window(
      ^^^^^^^^^^^^^^^^^^^
  File "/Users/moot/projects/panoptikon-pr27/python/inferio_worker/packing.py", line 1443, in run_window
    raise WindowFailure(message, measurements, exc) from exc
inferio_worker.packing.WindowFailure: INFERENCE_OOM_WINDOW: out of GPU memory on a packed batch of 8 inputs (8 item units): [enforce fail at alloc_cpu.cpp:117] data. DefaultCPUAllocator: can't allocate memory: you tried to allocate 8589934592 bytes.
2026-09-17T02:36:55.979895Z ERROR tower_http::trace::on_failure: response failed classification=Status code: 500 Internal Server Error latency=722 ms
2026-09-17T02:36:55.980953Z DEBUG panoptikon::inferio::http: processing local inference predict model=calibfixture/cpu_alloc_oom inputs=8
2026-09-17T02:36:55.984736Z DEBUG panoptikon::inferio::ledger: issued a memory grant model=calibfixture/cpu_alloc_oom gpu=CPU unit_budget=4 mb=98304 canvas_pixels=none share_mb=98304 room_mb=98304 headroom_mb=98304 external_mb=20819 reserve_mb=1024 reserve_rule="capped_default" pre_fit=true ramp_step=0 deflation=1 squeezed=false window_requests=1
2026-09-17T02:36:55.985734Z  INFO panoptikon::inferio::worker: 2026-09-17 04:36:55,985 [ERROR] inferio_worker: calibfixture/cpu_alloc_oom - predict failed: INFERENCE_OOM_WINDOW: out of GPU memory on a packed batch of 4 inputs (4 item units): [enforce fail at alloc_cpu.cpp:117] data. DefaultCPUAllocator: can't allocate memory: you tried to allocate 8589934592 bytes. worker=cpu_alloc_oom_test
2026-09-17T02:36:55.985746Z  INFO panoptikon::inferio::worker: Traceback (most recent call last): worker=cpu_alloc_oom_test
2026-09-17T02:36:55.985750Z  INFO panoptikon::inferio::worker:   File "/Users/moot/projects/panoptikon-pr27/python/inferio_worker/packing.py", line 1402, in run_window worker=cpu_alloc_oom_test
2026-09-17T02:36:55.985754Z  INFO panoptikon::inferio::worker:     produced = list(instance.predict([inputs[index] for index in batch])) worker=cpu_alloc_oom_test
2026-09-17T02:36:55.985758Z  INFO panoptikon::inferio::worker:                     ^^^^^^^^^^^^^^^^^^^^^^^^^^^^^^^^^^^^^^^^^^^^^^^^^^^^ worker=cpu_alloc_oom_test
2026-09-17T02:36:55.985762Z  INFO panoptikon::inferio::worker:   File "/Users/moot/projects/panoptikon-pr27/python/tests/inferio_worker/fixture_impls/cpu_alloc_oom_impl.py", line 22, in predict worker=cpu_alloc_oom_test
2026-09-17T02:36:55.985766Z  INFO panoptikon::inferio::worker:     raise RuntimeError( worker=cpu_alloc_oom_test
2026-09-17T02:36:55.985770Z  INFO panoptikon::inferio::worker: RuntimeError: [enforce fail at alloc_cpu.cpp:117] data. DefaultCPUAllocator: can't allocate memory: you tried to allocate 8589934592 bytes. worker=cpu_alloc_oom_test
2026-09-17T02:36:55.985774Z  INFO panoptikon::inferio::worker: The above exception was the direct cause of the following exception: worker=cpu_alloc_oom_test
2026-09-17T02:36:55.985777Z  INFO panoptikon::inferio::worker: Traceback (most recent call last): worker=cpu_alloc_oom_test
2026-09-17T02:36:55.985781Z  INFO panoptikon::inferio::worker:   File "/Users/moot/projects/panoptikon-pr27/python/inferio_worker/__main__.py", line 360, in _serve worker=cpu_alloc_oom_test
2026-09-17T02:36:55.985784Z  INFO panoptikon::inferio::worker:     **packing.run_window( worker=cpu_alloc_oom_test
2026-09-17T02:36:55.985788Z  INFO panoptikon::inferio::worker:       ^^^^^^^^^^^^^^^^^^^ worker=cpu_alloc_oom_test
2026-09-17T02:36:55.985791Z  INFO panoptikon::inferio::worker:   File "/Users/moot/projects/panoptikon-pr27/python/inferio_worker/packing.py", line 1443, in run_window worker=cpu_alloc_oom_test
2026-09-17T02:36:55.985795Z  INFO panoptikon::inferio::worker:     raise WindowFailure(message, measurements, exc) from exc worker=cpu_alloc_oom_test
2026-09-17T02:36:55.985799Z  INFO panoptikon::inferio::worker: inferio_worker.packing.WindowFailure: INFERENCE_OOM_WINDOW: out of GPU memory on a packed batch of 4 inputs (4 item units): [enforce fail at alloc_cpu.cpp:117] data. DefaultCPUAllocator: can't allocate memory: you tried to allocate 8589934592 bytes. worker=cpu_alloc_oom_test
2026-09-17T02:36:55.986139Z  WARN panoptikon::inferio::ledger: not deflating on this window's out-of-memory report: the worker classified it from the failure's *wording* alone, and its own live reading at that instant had at least the whole envelope this window was priced at still free. A batch this size was not what the GPU ran out of, so halving the budget would cost throughput and fix nothing (run2 change R3, finding Q1/B11) model=calibfixture/cpu_alloc_oom gpu=CPU contradicted=1 free_mb_at_failure=110253 grant_mb=98304
2026-09-17T02:36:55.986153Z  INFO panoptikon::inferio::ledger: classified this window as an out-of-memory negative: naming the tier that decided it, because a classification the ledger trusts outright is acted on silently otherwise and the deflation it causes cannot be attributed from the log (run2 defect C2) model=calibfixture/cpu_alloc_oom gpu=CPU source=marker exception=unknown trust="trusted" free_mb_at_failure=-1 grant_mb=98304 oom_samples=0
2026-09-17T02:36:55.986160Z  WARN panoptikon::inferio::ledger: settled a granted window model=calibfixture/cpu_alloc_oom gpu=CPU outcome="negative" reason="oom" fit_samples=0 throughput_samples=0 clamped_samples=0 clamped=none ramp_step=0 deflation=2 clean_windows=0 max_units_measured=0
2026-09-17T02:36:55.986184Z ERROR panoptikon::inferio::http: prediction failed model=calibfixture/cpu_alloc_oom error=predict failed for inferio worker calibfixture/cpu_alloc_oom: worker error: INFERENCE_OOM_WINDOW: out of GPU memory on a packed batch of 4 inputs (4 item units): [enforce fail at alloc_cpu.cpp:117] data. DefaultCPUAllocator: can't allocate memory: you tried to allocate 8589934592 bytes.
worker traceback:
Traceback (most recent call last):
  File "/Users/moot/projects/panoptikon-pr27/python/inferio_worker/packing.py", line 1402, in run_window
    produced = list(instance.predict([inputs[index] for index in batch]))
                    ^^^^^^^^^^^^^^^^^^^^^^^^^^^^^^^^^^^^^^^^^^^^^^^^^^^^
  File "/Users/moot/projects/panoptikon-pr27/python/tests/inferio_worker/fixture_impls/cpu_alloc_oom_impl.py", line 22, in predict
    raise RuntimeError(
RuntimeError: [enforce fail at alloc_cpu.cpp:117] data. DefaultCPUAllocator: can't allocate memory: you tried to allocate 8589934592 bytes.

The above exception was the direct cause of the following exception:

Traceback (most recent call last):
  File "/Users/moot/projects/panoptikon-pr27/python/inferio_worker/__main__.py", line 360, in _serve
    **packing.run_window(
      ^^^^^^^^^^^^^^^^^^^
  File "/Users/moot/projects/panoptikon-pr27/python/inferio_worker/packing.py", line 1443, in run_window
    raise WindowFailure(message, measurements, exc) from exc
inferio_worker.packing.WindowFailure: INFERENCE_OOM_WINDOW: out of GPU memory on a packed batch of 4 inputs (4 item units): [enforce fail at alloc_cpu.cpp:117] data. DefaultCPUAllocator: can't allocate memory: you tried to allocate 8589934592 bytes.

worker stderr tail:
2026-09-17 04:36:55,969 [WARNING] inferio_worker: Failed to import impl module /Users/moot/projects/panoptikon-pr27/python/tests/inferio_worker/fixture_impls/broken_impl.py: broken_impl is intentionally broken at import time
Traceback (most recent call last):
  File "/Users/moot/projects/panoptikon-pr27/python/inferio_worker/discovery.py", line 69, in _load_impl_from_file
    spec.loader.exec_module(mod)
  File "<frozen importlib._bootstrap_external>", line 999, in exec_module
  File "<frozen importlib._bootstrap>", line 488, in _call_with_frames_removed
  File "/Users/moot/projects/panoptikon-pr27/python/tests/inferio_worker/fixture_impls/broken_impl.py", line 8, in <module>
    raise RuntimeError("broken_impl is intentionally broken at import time")
RuntimeError: broken_impl is intentionally broken at import time
2026-09-17 04:36:55,971 [INFO] inferio_worker: Resolved impl class cpu_alloc_oom_test to /Users/moot/projects/panoptikon-pr27/python/tests/inferio_worker/fixture_impls/cpu_alloc_oom_impl.py
2026-09-17 04:36:55,971 [INFO] inferio_worker: Handshake ok for impl class cpu_alloc_oom_test
2026-09-17 04:36:55,971 [INFO] inferio_worker: Configured as calibfixture/cpu_alloc_oom
2026-09-17 04:36:55,978 [ERROR] inferio_worker: calibfixture/cpu_alloc_oom - predict failed: INFERENCE_OOM_WINDOW: out of GPU memory on a packed batch of 8 inputs (8 item units): [enforce fail at alloc_cpu.cpp:117] data. DefaultCPUAllocator: can't allocate memory: you tried to allocate 8589934592 bytes.
Traceback (most recent call last):
  File "/Users/moot/projects/panoptikon-pr27/python/inferio_worker/packing.py", line 1402, in run_window
    produced = list(instance.predict([inputs[index] for index in batch]))
                    ^^^^^^^^^^^^^^^^^^^^^^^^^^^^^^^^^^^^^^^^^^^^^^^^^^^^
  File "/Users/moot/projects/panoptikon-pr27/python/tests/inferio_worker/fixture_impls/cpu_alloc_oom_impl.py", line 22, in predict
    raise RuntimeError(
RuntimeError: [enforce fail at alloc_cpu.cpp:117] data. DefaultCPUAllocator: can't allocate memory: you tried to allocate 8589934592 bytes.
The above exception was the direct cause of the following exception:
Traceback (most recent call last):
  File "/Users/moot/projects/panoptikon-pr27/python/inferio_worker/__main__.py", line 360, in _serve
    **packing.run_window(
      ^^^^^^^^^^^^^^^^^^^
  File "/Users/moot/projects/panoptikon-pr27/python/inferio_worker/packing.py", line 1443, in run_window
    raise WindowFailure(message, measurements, exc) from exc
inferio_worker.packing.WindowFailure: INFERENCE_OOM_WINDOW: out of GPU memory on a packed batch of 8 inputs (8 item units): [enforce fail at alloc_cpu.cpp:117] data. DefaultCPUAllocator: can't allocate memory: you tried to allocate 8589934592 bytes.
2026-09-17 04:36:55,985 [ERROR] inferio_worker: calibfixture/cpu_alloc_oom - predict failed: INFERENCE_OOM_WINDOW: out of GPU memory on a packed batch of 4 inputs (4 item units): [enforce fail at alloc_cpu.cpp:117] data. DefaultCPUAllocator: can't allocate memory: you tried to allocate 8589934592 bytes.
Traceback (most recent call last):
  File "/Users/moot/projects/panoptikon-pr27/python/inferio_worker/packing.py", line 1402, in run_window
    produced = list(instance.predict([inputs[index] for index in batch]))
                    ^^^^^^^^^^^^^^^^^^^^^^^^^^^^^^^^^^^^^^^^^^^^^^^^^^^^
  File "/Users/moot/projects/panoptikon-pr27/python/tests/inferio_worker/fixture_impls/cpu_alloc_oom_impl.py", line 22, in predict
    raise RuntimeError(
RuntimeError: [enforce fail at alloc_cpu.cpp:117] data. DefaultCPUAllocator: can't allocate memory: you tried to allocate 8589934592 bytes.
The above exception was the direct cause of the following exception:
Traceback (most recent call last):
  File "/Users/moot/projects/panoptikon-pr27/python/inferio_worker/__main__.py", line 360, in _serve
    **packing.run_window(
      ^^^^^^^^^^^^^^^^^^^
  File "/Users/moot/projects/panoptikon-pr27/python/inferio_worker/packing.py", line 1443, in run_window
    raise WindowFailure(message, measurements, exc) from exc
inferio_worker.packing.WindowFailure: INFERENCE_OOM_WINDOW: out of GPU memory on a packed batch of 4 inputs (4 item units): [enforce fail at alloc_cpu.cpp:117] data. DefaultCPUAllocator: can't allocate memory: you tried to allocate 8589934592 bytes.
2026-09-17T02:36:55.986200Z ERROR tower_http::trace::on_failure: response failed classification=Status code: 500 Internal Server Error latency=5 ms
2026-09-17T02:36:55.987056Z DEBUG panoptikon::inferio::http: processing local inference predict model=calibfixture/cpu_alloc_oom inputs=8
2026-09-17T02:36:55.987076Z DEBUG panoptikon::inferio::ledger: issued a memory grant model=calibfixture/cpu_alloc_oom gpu=CPU unit_budget=2 mb=98304 canvas_pixels=none share_mb=98304 room_mb=98304 headroom_mb=98304 external_mb=20819 reserve_mb=1024 reserve_rule="capped_default" pre_fit=true ramp_step=0 deflation=2 squeezed=false window_requests=1
2026-09-17T02:36:55.988217Z  INFO panoptikon::inferio::worker: 2026-09-17 04:36:55,987 [ERROR] inferio_worker: calibfixture/cpu_alloc_oom - predict failed: INFERENCE_OOM_WINDOW: out of GPU memory on a packed batch of 2 inputs (2 item units): [enforce fail at alloc_cpu.cpp:117] data. DefaultCPUAllocator: can't allocate memory: you tried to allocate 8589934592 bytes. worker=cpu_alloc_oom_test
2026-09-17T02:36:55.988225Z  INFO panoptikon::inferio::worker: Traceback (most recent call last): worker=cpu_alloc_oom_test
2026-09-17T02:36:55.988229Z  INFO panoptikon::inferio::worker:   File "/Users/moot/projects/panoptikon-pr27/python/inferio_worker/packing.py", line 1402, in run_window worker=cpu_alloc_oom_test
2026-09-17T02:36:55.988234Z  INFO panoptikon::inferio::worker:     produced = list(instance.predict([inputs[index] for index in batch])) worker=cpu_alloc_oom_test
2026-09-17T02:36:55.988238Z  INFO panoptikon::inferio::worker:                     ^^^^^^^^^^^^^^^^^^^^^^^^^^^^^^^^^^^^^^^^^^^^^^^^^^^^ worker=cpu_alloc_oom_test
2026-09-17T02:36:55.988242Z  INFO panoptikon::inferio::worker:   File "/Users/moot/projects/panoptikon-pr27/python/tests/inferio_worker/fixture_impls/cpu_alloc_oom_impl.py", line 22, in predict worker=cpu_alloc_oom_test
2026-09-17T02:36:55.988246Z  INFO panoptikon::inferio::worker:     raise RuntimeError( worker=cpu_alloc_oom_test
2026-09-17T02:36:55.988250Z  INFO panoptikon::inferio::worker: RuntimeError: [enforce fail at alloc_cpu.cpp:117] data. DefaultCPUAllocator: can't allocate memory: you tried to allocate 8589934592 bytes. worker=cpu_alloc_oom_test
2026-09-17T02:36:55.988254Z  INFO panoptikon::inferio::worker: The above exception was the direct cause of the following exception: worker=cpu_alloc_oom_test
2026-09-17T02:36:55.988258Z  INFO panoptikon::inferio::worker: Traceback (most recent call last): worker=cpu_alloc_oom_test
2026-09-17T02:36:55.988261Z  INFO panoptikon::inferio::worker:   File "/Users/moot/projects/panoptikon-pr27/python/inferio_worker/__main__.py", line 360, in _serve worker=cpu_alloc_oom_test
2026-09-17T02:36:55.988265Z  INFO panoptikon::inferio::worker:     **packing.run_window( worker=cpu_alloc_oom_test
2026-09-17T02:36:55.988268Z  INFO panoptikon::inferio::worker:       ^^^^^^^^^^^^^^^^^^^ worker=cpu_alloc_oom_test
2026-09-17T02:36:55.988272Z  INFO panoptikon::inferio::worker:   File "/Users/moot/projects/panoptikon-pr27/python/inferio_worker/packing.py", line 1443, in run_window worker=cpu_alloc_oom_test
2026-09-17T02:36:55.988276Z  INFO panoptikon::inferio::worker:     raise WindowFailure(message, measurements, exc) from exc worker=cpu_alloc_oom_test
2026-09-17T02:36:55.988280Z  INFO panoptikon::inferio::worker: inferio_worker.packing.WindowFailure: INFERENCE_OOM_WINDOW: out of GPU memory on a packed batch of 2 inputs (2 item units): [enforce fail at alloc_cpu.cpp:117] data. DefaultCPUAllocator: can't allocate memory: you tried to allocate 8589934592 bytes. worker=cpu_alloc_oom_test
2026-09-17T02:36:55.988649Z  WARN panoptikon::inferio::ledger: not deflating on this window's out-of-memory report: the worker classified it from the failure's *wording* alone, and its own live reading at that instant had at least the whole envelope this window was priced at still free. A batch this size was not what the GPU ran out of, so halving the budget would cost throughput and fix nothing (run2 change R3, finding Q1/B11) model=calibfixture/cpu_alloc_oom gpu=CPU contradicted=1 free_mb_at_failure=110253 grant_mb=98304
2026-09-17T02:36:55.988668Z  INFO panoptikon::inferio::ledger: classified this window as an out-of-memory negative: naming the tier that decided it, because a classification the ledger trusts outright is acted on silently otherwise and the deflation it causes cannot be attributed from the log (run2 defect C2) model=calibfixture/cpu_alloc_oom gpu=CPU source=marker exception=unknown trust="trusted" free_mb_at_failure=-1 grant_mb=98304 oom_samples=0
2026-09-17T02:36:55.988677Z  WARN panoptikon::inferio::ledger: settled a granted window model=calibfixture/cpu_alloc_oom gpu=CPU outcome="negative" reason="oom" fit_samples=0 throughput_samples=0 clamped_samples=0 clamped=none ramp_step=0 deflation=3 clean_windows=0 max_units_measured=0
2026-09-17T02:36:55.988704Z ERROR panoptikon::inferio::http: prediction failed model=calibfixture/cpu_alloc_oom error=predict failed for inferio worker calibfixture/cpu_alloc_oom: worker error: INFERENCE_OOM_WINDOW: out of GPU memory on a packed batch of 2 inputs (2 item units): [enforce fail at alloc_cpu.cpp:117] data. DefaultCPUAllocator: can't allocate memory: you tried to allocate 8589934592 bytes.
worker traceback:
Traceback (most recent call last):
  File "/Users/moot/projects/panoptikon-pr27/python/inferio_worker/packing.py", line 1402, in run_window
    produced = list(instance.predict([inputs[index] for index in batch]))
                    ^^^^^^^^^^^^^^^^^^^^^^^^^^^^^^^^^^^^^^^^^^^^^^^^^^^^
  File "/Users/moot/projects/panoptikon-pr27/python/tests/inferio_worker/fixture_impls/cpu_alloc_oom_impl.py", line 22, in predict
    raise RuntimeError(
RuntimeError: [enforce fail at alloc_cpu.cpp:117] data. DefaultCPUAllocator: can't allocate memory: you tried to allocate 8589934592 bytes.

The above exception was the direct cause of the following exception:

Traceback (most recent call last):
  File "/Users/moot/projects/panoptikon-pr27/python/inferio_worker/__main__.py", line 360, in _serve
    **packing.run_window(
      ^^^^^^^^^^^^^^^^^^^
  File "/Users/moot/projects/panoptikon-pr27/python/inferio_worker/packing.py", line 1443, in run_window
    raise WindowFailure(message, measurements, exc) from exc
inferio_worker.packing.WindowFailure: INFERENCE_OOM_WINDOW: out of GPU memory on a packed batch of 2 inputs (2 item units): [enforce fail at alloc_cpu.cpp:117] data. DefaultCPUAllocator: can't allocate memory: you tried to allocate 8589934592 bytes.

worker stderr tail:
2026-09-17 04:36:55,971 [INFO] inferio_worker: Handshake ok for impl class cpu_alloc_oom_test
2026-09-17 04:36:55,971 [INFO] inferio_worker: Configured as calibfixture/cpu_alloc_oom
2026-09-17 04:36:55,978 [ERROR] inferio_worker: calibfixture/cpu_alloc_oom - predict failed: INFERENCE_OOM_WINDOW: out of GPU memory on a packed batch of 8 inputs (8 item units): [enforce fail at alloc_cpu.cpp:117] data. DefaultCPUAllocator: can't allocate memory: you tried to allocate 8589934592 bytes.
Traceback (most recent call last):
  File "/Users/moot/projects/panoptikon-pr27/python/inferio_worker/packing.py", line 1402, in run_window
    produced = list(instance.predict([inputs[index] for index in batch]))
                    ^^^^^^^^^^^^^^^^^^^^^^^^^^^^^^^^^^^^^^^^^^^^^^^^^^^^
  File "/Users/moot/projects/panoptikon-pr27/python/tests/inferio_worker/fixture_impls/cpu_alloc_oom_impl.py", line 22, in predict
    raise RuntimeError(
RuntimeError: [enforce fail at alloc_cpu.cpp:117] data. DefaultCPUAllocator: can't allocate memory: you tried to allocate 8589934592 bytes.
The above exception was the direct cause of the following exception:
Traceback (most recent call last):
  File "/Users/moot/projects/panoptikon-pr27/python/inferio_worker/__main__.py", line 360, in _serve
    **packing.run_window(
      ^^^^^^^^^^^^^^^^^^^
  File "/Users/moot/projects/panoptikon-pr27/python/inferio_worker/packing.py", line 1443, in run_window
    raise WindowFailure(message, measurements, exc) from exc
inferio_worker.packing.WindowFailure: INFERENCE_OOM_WINDOW: out of GPU memory on a packed batch of 8 inputs (8 item units): [enforce fail at alloc_cpu.cpp:117] data. DefaultCPUAllocator: can't allocate memory: you tried to allocate 8589934592 bytes.
2026-09-17 04:36:55,985 [ERROR] inferio_worker: calibfixture/cpu_alloc_oom - predict failed: INFERENCE_OOM_WINDOW: out of GPU memory on a packed batch of 4 inputs (4 item units): [enforce fail at alloc_cpu.cpp:117] data. DefaultCPUAllocator: can't allocate memory: you tried to allocate 8589934592 bytes.
Traceback (most recent call last):
  File "/Users/moot/projects/panoptikon-pr27/python/inferio_worker/packing.py", line 1402, in run_window
    produced = list(instance.predict([inputs[index] for index in batch]))
                    ^^^^^^^^^^^^^^^^^^^^^^^^^^^^^^^^^^^^^^^^^^^^^^^^^^^^
  File "/Users/moot/projects/panoptikon-pr27/python/tests/inferio_worker/fixture_impls/cpu_alloc_oom_impl.py", line 22, in predict
    raise RuntimeError(
RuntimeError: [enforce fail at alloc_cpu.cpp:117] data. DefaultCPUAllocator: can't allocate memory: you tried to allocate 8589934592 bytes.
The above exception was the direct cause of the following exception:
Traceback (most recent call last):
  File "/Users/moot/projects/panoptikon-pr27/python/inferio_worker/__main__.py", line 360, in _serve
    **packing.run_window(
      ^^^^^^^^^^^^^^^^^^^
  File "/Users/moot/projects/panoptikon-pr27/python/inferio_worker/packing.py", line 1443, in run_window
    raise WindowFailure(message, measurements, exc) from exc
inferio_worker.packing.WindowFailure: INFERENCE_OOM_WINDOW: out of GPU memory on a packed batch of 4 inputs (4 item units): [enforce fail at alloc_cpu.cpp:117] data. DefaultCPUAllocator: can't allocate memory: you tried to allocate 8589934592 bytes.
2026-09-17 04:36:55,987 [ERROR] inferio_worker: calibfixture/cpu_alloc_oom - predict failed: INFERENCE_OOM_WINDOW: out of GPU memory on a packed batch of 2 inputs (2 item units): [enforce fail at alloc_cpu.cpp:117] data. DefaultCPUAllocator: can't allocate memory: you tried to allocate 8589934592 bytes.
Traceback (most recent call last):
  File "/Users/moot/projects/panoptikon-pr27/python/inferio_worker/packing.py", line 1402, in run_window
    produced = list(instance.predict([inputs[index] for index in batch]))
                    ^^^^^^^^^^^^^^^^^^^^^^^^^^^^^^^^^^^^^^^^^^^^^^^^^^^^
  File "/Users/moot/projects/panoptikon-pr27/python/tests/inferio_worker/fixture_impls/cpu_alloc_oom_impl.py", line 22, in predict
    raise RuntimeError(
RuntimeError: [enforce fail at alloc_cpu.cpp:117] data. DefaultCPUAllocator: can't allocate memory: you tried to allocate 8589934592 bytes.
The above exception was the direct cause of the following exception:
Traceback (most recent call last):
  File "/Users/moot/projects/panoptikon-pr27/python/inferio_worker/__main__.py", line 360, in _serve
    **packing.run_window(
      ^^^^^^^^^^^^^^^^^^^
  File "/Users/moot/projects/panoptikon-pr27/python/inferio_worker/packing.py", line 1443, in run_window
    raise WindowFailure(message, measurements, exc) from exc
inferio_worker.packing.WindowFailure: INFERENCE_OOM_WINDOW: out of GPU memory on a packed batch of 2 inputs (2 item units): [enforce fail at alloc_cpu.cpp:117] data. DefaultCPUAllocator: can't allocate memory: you tried to allocate 8589934592 bytes.
2026-09-17T02:36:55.988723Z ERROR tower_http::trace::on_failure: response failed classification=Status code: 500 Internal Server Error latency=1 ms
2026-09-17T02:36:55.989687Z DEBUG panoptikon::inferio::http: processing local inference predict model=calibfixture/cpu_alloc_oom inputs=8
2026-09-17T02:36:55.989706Z DEBUG panoptikon::inferio::ledger: issued a memory grant model=calibfixture/cpu_alloc_oom gpu=CPU unit_budget=1 mb=98304 canvas_pixels=none share_mb=98304 room_mb=98304 headroom_mb=98304 external_mb=20819 reserve_mb=1024 reserve_rule="capped_default" pre_fit=true ramp_step=0 deflation=3 squeezed=false window_requests=1
2026-09-17T02:36:55.990772Z  INFO panoptikon::inferio::worker: 2026-09-17 04:36:55,990 [ERROR] inferio_worker: calibfixture/cpu_alloc_oom - predict failed: [enforce fail at alloc_cpu.cpp:117] data. DefaultCPUAllocator: can't allocate memory: you tried to allocate 8589934592 bytes. worker=cpu_alloc_oom_test
2026-09-17T02:36:55.990780Z  INFO panoptikon::inferio::worker: Traceback (most recent call last): worker=cpu_alloc_oom_test
2026-09-17T02:36:55.990784Z  INFO panoptikon::inferio::worker:   File "/Users/moot/projects/panoptikon-pr27/python/inferio_worker/packing.py", line 1402, in run_window worker=cpu_alloc_oom_test
2026-09-17T02:36:55.990788Z  INFO panoptikon::inferio::worker:     produced = list(instance.predict([inputs[index] for index in batch])) worker=cpu_alloc_oom_test
2026-09-17T02:36:55.990792Z  INFO panoptikon::inferio::worker:                     ^^^^^^^^^^^^^^^^^^^^^^^^^^^^^^^^^^^^^^^^^^^^^^^^^^^^ worker=cpu_alloc_oom_test
2026-09-17T02:36:55.990796Z  INFO panoptikon::inferio::worker:   File "/Users/moot/projects/panoptikon-pr27/python/tests/inferio_worker/fixture_impls/cpu_alloc_oom_impl.py", line 22, in predict worker=cpu_alloc_oom_test
2026-09-17T02:36:55.990800Z  INFO panoptikon::inferio::worker:     raise RuntimeError( worker=cpu_alloc_oom_test
2026-09-17T02:36:55.990803Z  INFO panoptikon::inferio::worker: RuntimeError: [enforce fail at alloc_cpu.cpp:117] data. DefaultCPUAllocator: can't allocate memory: you tried to allocate 8589934592 bytes. worker=cpu_alloc_oom_test
2026-09-17T02:36:55.990807Z  INFO panoptikon::inferio::worker: The above exception was the direct cause of the following exception: worker=cpu_alloc_oom_test
2026-09-17T02:36:55.990812Z  INFO panoptikon::inferio::worker: Traceback (most recent call last): worker=cpu_alloc_oom_test
2026-09-17T02:36:55.990815Z  INFO panoptikon::inferio::worker:   File "/Users/moot/projects/panoptikon-pr27/python/inferio_worker/__main__.py", line 360, in _serve worker=cpu_alloc_oom_test
2026-09-17T02:36:55.990819Z  INFO panoptikon::inferio::worker:     **packing.run_window( worker=cpu_alloc_oom_test
2026-09-17T02:36:55.990822Z  INFO panoptikon::inferio::worker:       ^^^^^^^^^^^^^^^^^^^ worker=cpu_alloc_oom_test
2026-09-17T02:36:55.990826Z  INFO panoptikon::inferio::worker:   File "/Users/moot/projects/panoptikon-pr27/python/inferio_worker/packing.py", line 1443, in run_window worker=cpu_alloc_oom_test
2026-09-17T02:36:55.990838Z  INFO panoptikon::inferio::worker:     raise WindowFailure(message, measurements, exc) from exc worker=cpu_alloc_oom_test
2026-09-17T02:36:55.990844Z  INFO panoptikon::inferio::worker: inferio_worker.packing.WindowFailure: [enforce fail at alloc_cpu.cpp:117] data. DefaultCPUAllocator: can't allocate memory: you tried to allocate 8589934592 bytes. worker=cpu_alloc_oom_test
2026-09-17T02:36:55.991195Z  WARN panoptikon::inferio::ledger: not deflating on this window's out-of-memory report: the worker classified it from the failure's *wording* alone, and its own live reading at that instant had at least the whole envelope this window was priced at still free. A batch this size was not what the GPU ran out of, so halving the budget would cost throughput and fix nothing (run2 change R3, finding Q1/B11) model=calibfixture/cpu_alloc_oom gpu=CPU contradicted=1 free_mb_at_failure=110253 grant_mb=98304
2026-09-17T02:36:55.991208Z  INFO panoptikon::inferio::ledger: classified this window as an out-of-memory negative: naming the tier that decided it, because a classification the ledger trusts outright is acted on silently otherwise and the deflation it causes cannot be attributed from the log (run2 defect C2) model=calibfixture/cpu_alloc_oom gpu=CPU source=error_frame exception=unknown trust="trusted" free_mb_at_failure=-1 grant_mb=98304 oom_samples=0
2026-09-17T02:36:55.991214Z  WARN panoptikon::inferio::ledger: settled a granted window model=calibfixture/cpu_alloc_oom gpu=CPU outcome="negative" reason="oom" fit_samples=0 throughput_samples=0 clamped_samples=0 clamped=none ramp_step=0 deflation=4 clean_windows=0 max_units_measured=0
2026-09-17T02:36:55.991236Z ERROR panoptikon::inferio::http: prediction failed model=calibfixture/cpu_alloc_oom error=predict failed for inferio worker calibfixture/cpu_alloc_oom: worker error: [enforce fail at alloc_cpu.cpp:117] data. DefaultCPUAllocator: can't allocate memory: you tried to allocate 8589934592 bytes.
worker traceback:
Traceback (most recent call last):
  File "/Users/moot/projects/panoptikon-pr27/python/inferio_worker/packing.py", line 1402, in run_window
    produced = list(instance.predict([inputs[index] for index in batch]))
                    ^^^^^^^^^^^^^^^^^^^^^^^^^^^^^^^^^^^^^^^^^^^^^^^^^^^^
  File "/Users/moot/projects/panoptikon-pr27/python/tests/inferio_worker/fixture_impls/cpu_alloc_oom_impl.py", line 22, in predict
    raise RuntimeError(
RuntimeError: [enforce fail at alloc_cpu.cpp:117] data. DefaultCPUAllocator: can't allocate memory: you tried to allocate 8589934592 bytes.

The above exception was the direct cause of the following exception:

Traceback (most recent call last):
  File "/Users/moot/projects/panoptikon-pr27/python/inferio_worker/__main__.py", line 360, in _serve
    **packing.run_window(
      ^^^^^^^^^^^^^^^^^^^
  File "/Users/moot/projects/panoptikon-pr27/python/inferio_worker/packing.py", line 1443, in run_window
    raise WindowFailure(message, measurements, exc) from exc
inferio_worker.packing.WindowFailure: [enforce fail at alloc_cpu.cpp:117] data. DefaultCPUAllocator: can't allocate memory: you tried to allocate 8589934592 bytes.

worker stderr tail:
    raise WindowFailure(message, measurements, exc) from exc
inferio_worker.packing.WindowFailure: INFERENCE_OOM_WINDOW: out of GPU memory on a packed batch of 8 inputs (8 item units): [enforce fail at alloc_cpu.cpp:117] data. DefaultCPUAllocator: can't allocate memory: you tried to allocate 8589934592 bytes.
2026-09-17 04:36:55,985 [ERROR] inferio_worker: calibfixture/cpu_alloc_oom - predict failed: INFERENCE_OOM_WINDOW: out of GPU memory on a packed batch of 4 inputs (4 item units): [enforce fail at alloc_cpu.cpp:117] data. DefaultCPUAllocator: can't allocate memory: you tried to allocate 8589934592 bytes.
Traceback (most recent call last):
  File "/Users/moot/projects/panoptikon-pr27/python/inferio_worker/packing.py", line 1402, in run_window
    produced = list(instance.predict([inputs[index] for index in batch]))
                    ^^^^^^^^^^^^^^^^^^^^^^^^^^^^^^^^^^^^^^^^^^^^^^^^^^^^
  File "/Users/moot/projects/panoptikon-pr27/python/tests/inferio_worker/fixture_impls/cpu_alloc_oom_impl.py", line 22, in predict
    raise RuntimeError(
RuntimeError: [enforce fail at alloc_cpu.cpp:117] data. DefaultCPUAllocator: can't allocate memory: you tried to allocate 8589934592 bytes.
The above exception was the direct cause of the following exception:
Traceback (most recent call last):
  File "/Users/moot/projects/panoptikon-pr27/python/inferio_worker/__main__.py", line 360, in _serve
    **packing.run_window(
      ^^^^^^^^^^^^^^^^^^^
  File "/Users/moot/projects/panoptikon-pr27/python/inferio_worker/packing.py", line 1443, in run_window
    raise WindowFailure(message, measurements, exc) from exc
inferio_worker.packing.WindowFailure: INFERENCE_OOM_WINDOW: out of GPU memory on a packed batch of 4 inputs (4 item units): [enforce fail at alloc_cpu.cpp:117] data. DefaultCPUAllocator: can't allocate memory: you tried to allocate 8589934592 bytes.
2026-09-17 04:36:55,987 [ERROR] inferio_worker: calibfixture/cpu_alloc_oom - predict failed: INFERENCE_OOM_WINDOW: out of GPU memory on a packed batch of 2 inputs (2 item units): [enforce fail at alloc_cpu.cpp:117] data. DefaultCPUAllocator: can't allocate memory: you tried to allocate 8589934592 bytes.
Traceback (most recent call last):
  File "/Users/moot/projects/panoptikon-pr27/python/inferio_worker/packing.py", line 1402, in run_window
    produced = list(instance.predict([inputs[index] for index in batch]))
                    ^^^^^^^^^^^^^^^^^^^^^^^^^^^^^^^^^^^^^^^^^^^^^^^^^^^^
  File "/Users/moot/projects/panoptikon-pr27/python/tests/inferio_worker/fixture_impls/cpu_alloc_oom_impl.py", line 22, in predict
    raise RuntimeError(
RuntimeError: [enforce fail at alloc_cpu.cpp:117] data. DefaultCPUAllocator: can't allocate memory: you tried to allocate 8589934592 bytes.
The above exception was the direct cause of the following exception:
Traceback (most recent call last):
  File "/Users/moot/projects/panoptikon-pr27/python/inferio_worker/__main__.py", line 360, in _serve
    **packing.run_window(
      ^^^^^^^^^^^^^^^^^^^
  File "/Users/moot/projects/panoptikon-pr27/python/inferio_worker/packing.py", line 1443, in run_window
    raise WindowFailure(message, measurements, exc) from exc
inferio_worker.packing.WindowFailure: INFERENCE_OOM_WINDOW: out of GPU memory on a packed batch of 2 inputs (2 item units): [enforce fail at alloc_cpu.cpp:117] data. DefaultCPUAllocator: can't allocate memory: you tried to allocate 8589934592 bytes.
2026-09-17 04:36:55,990 [ERROR] inferio_worker: calibfixture/cpu_alloc_oom - predict failed: [enforce fail at alloc_cpu.cpp:117] data. DefaultCPUAllocator: can't allocate memory: you tried to allocate 8589934592 bytes.
Traceback (most recent call last):
  File "/Users/moot/projects/panoptikon-pr27/python/inferio_worker/packing.py", line 1402, in run_window
    produced = list(instance.predict([inputs[index] for index in batch]))
                    ^^^^^^^^^^^^^^^^^^^^^^^^^^^^^^^^^^^^^^^^^^^^^^^^^^^^
  File "/Users/moot/projects/panoptikon-pr27/python/tests/inferio_worker/fixture_impls/cpu_alloc_oom_impl.py", line 22, in predict
    raise RuntimeError(
RuntimeError: [enforce fail at alloc_cpu.cpp:117] data. DefaultCPUAllocator: can't allocate memory: you tried to allocate 8589934592 bytes.
The above exception was the direct cause of the following exception:
Traceback (most recent call last):
  File "/Users/moot/projects/panoptikon-pr27/python/inferio_worker/__main__.py", line 360, in _serve
    **packing.run_window(
      ^^^^^^^^^^^^^^^^^^^
  File "/Users/moot/projects/panoptikon-pr27/python/inferio_worker/packing.py", line 1443, in run_window
    raise WindowFailure(message, measurements, exc) from exc
inferio_worker.packing.WindowFailure: [enforce fail at alloc_cpu.cpp:117] data. DefaultCPUAllocator: can't allocate memory: you tried to allocate 8589934592 bytes.
2026-09-17T02:36:55.991255Z ERROR tower_http::trace::on_failure: response failed classification=Status code: 500 Internal Server Error latency=1 ms
2026-09-17T02:36:55.992290Z DEBUG panoptikon::inferio::http: processing local inference predict model=calibfixture/cpu_alloc_oom inputs=8
2026-09-17T02:36:55.992311Z DEBUG panoptikon::inferio::ledger: issued a memory grant model=calibfixture/cpu_alloc_oom gpu=CPU unit_budget=1 mb=98304 canvas_pixels=none share_mb=98304 room_mb=98304 headroom_mb=98304 external_mb=20819 reserve_mb=1024 reserve_rule="capped_default" pre_fit=true ramp_step=0 deflation=4 squeezed=false window_requests=1
2026-09-17T02:36:55.993577Z  INFO panoptikon::inferio::worker: 2026-09-17 04:36:55,993 [ERROR] inferio_worker: calibfixture/cpu_alloc_oom - predict failed: [enforce fail at alloc_cpu.cpp:117] data. DefaultCPUAllocator: can't allocate memory: you tried to allocate 8589934592 bytes. worker=cpu_alloc_oom_test
2026-09-17T02:36:55.993586Z  INFO panoptikon::inferio::worker: Traceback (most recent call last): worker=cpu_alloc_oom_test
2026-09-17T02:36:55.993591Z  INFO panoptikon::inferio::worker:   File "/Users/moot/projects/panoptikon-pr27/python/inferio_worker/packing.py", line 1402, in run_window worker=cpu_alloc_oom_test
2026-09-17T02:36:55.993596Z  INFO panoptikon::inferio::worker:     produced = list(instance.predict([inputs[index] for index in batch])) worker=cpu_alloc_oom_test
2026-09-17T02:36:55.993600Z  INFO panoptikon::inferio::worker:                     ^^^^^^^^^^^^^^^^^^^^^^^^^^^^^^^^^^^^^^^^^^^^^^^^^^^^ worker=cpu_alloc_oom_test
2026-09-17T02:36:55.993606Z  INFO panoptikon::inferio::worker:   File "/Users/moot/projects/panoptikon-pr27/python/tests/inferio_worker/fixture_impls/cpu_alloc_oom_impl.py", line 22, in predict worker=cpu_alloc_oom_test
2026-09-17T02:36:55.993611Z  INFO panoptikon::inferio::worker:     raise RuntimeError( worker=cpu_alloc_oom_test
2026-09-17T02:36:55.993615Z  INFO panoptikon::inferio::worker: RuntimeError: [enforce fail at alloc_cpu.cpp:117] data. DefaultCPUAllocator: can't allocate memory: you tried to allocate 8589934592 bytes. worker=cpu_alloc_oom_test
2026-09-17T02:36:55.993619Z  INFO panoptikon::inferio::worker: The above exception was the direct cause of the following exception: worker=cpu_alloc_oom_test
2026-09-17T02:36:55.993623Z  INFO panoptikon::inferio::worker: Traceback (most recent call last): worker=cpu_alloc_oom_test
2026-09-17T02:36:55.993627Z  INFO panoptikon::inferio::worker:   File "/Users/moot/projects/panoptikon-pr27/python/inferio_worker/__main__.py", line 360, in _serve worker=cpu_alloc_oom_test
2026-09-17T02:36:55.993634Z  INFO panoptikon::inferio::worker:     **packing.run_window( worker=cpu_alloc_oom_test
2026-09-17T02:36:55.993637Z  INFO panoptikon::inferio::worker:       ^^^^^^^^^^^^^^^^^^^ worker=cpu_alloc_oom_test
2026-09-17T02:36:55.993640Z  INFO panoptikon::inferio::worker:   File "/Users/moot/projects/panoptikon-pr27/python/inferio_worker/packing.py", line 1443, in run_window worker=cpu_alloc_oom_test
2026-09-17T02:36:55.993643Z  INFO panoptikon::inferio::worker:     raise WindowFailure(message, measurements, exc) from exc worker=cpu_alloc_oom_test
2026-09-17T02:36:55.993646Z  INFO panoptikon::inferio::worker: inferio_worker.packing.WindowFailure: [enforce fail at alloc_cpu.cpp:117] data. DefaultCPUAllocator: can't allocate memory: you tried to allocate 8589934592 bytes. worker=cpu_alloc_oom_test
2026-09-17T02:36:55.994053Z  WARN panoptikon::inferio::ledger: not deflating on this window's out-of-memory report: the worker classified it from the failure's *wording* alone, and its own live reading at that instant had at least the whole envelope this window was priced at still free. A batch this size was not what the GPU ran out of, so halving the budget would cost throughput and fix nothing (run2 change R3, finding Q1/B11) model=calibfixture/cpu_alloc_oom gpu=CPU contradicted=1 free_mb_at_failure=110253 grant_mb=98304
2026-09-17T02:36:55.994068Z  INFO panoptikon::inferio::ledger: classified this window as an out-of-memory negative: naming the tier that decided it, because a classification the ledger trusts outright is acted on silently otherwise and the deflation it causes cannot be attributed from the log (run2 defect C2) model=calibfixture/cpu_alloc_oom gpu=CPU source=error_frame exception=unknown trust="trusted" free_mb_at_failure=-1 grant_mb=98304 oom_samples=0
2026-09-17T02:36:55.994076Z  WARN panoptikon::inferio::ledger: settled a granted window model=calibfixture/cpu_alloc_oom gpu=CPU outcome="negative" reason="oom" fit_samples=0 throughput_samples=0 clamped_samples=0 clamped=none ramp_step=0 deflation=4 clean_windows=0 max_units_measured=0
2026-09-17T02:36:55.994098Z ERROR panoptikon::inferio::http: prediction failed model=calibfixture/cpu_alloc_oom error=predict failed for inferio worker calibfixture/cpu_alloc_oom: worker error: [enforce fail at alloc_cpu.cpp:117] data. DefaultCPUAllocator: can't allocate memory: you tried to allocate 8589934592 bytes.
worker traceback:
Traceback (most recent call last):
  File "/Users/moot/projects/panoptikon-pr27/python/inferio_worker/packing.py", line 1402, in run_window
    produced = list(instance.predict([inputs[index] for index in batch]))
                    ^^^^^^^^^^^^^^^^^^^^^^^^^^^^^^^^^^^^^^^^^^^^^^^^^^^^
  File "/Users/moot/projects/panoptikon-pr27/python/tests/inferio_worker/fixture_impls/cpu_alloc_oom_impl.py", line 22, in predict
    raise RuntimeError(
RuntimeError: [enforce fail at alloc_cpu.cpp:117] data. DefaultCPUAllocator: can't allocate memory: you tried to allocate 8589934592 bytes.

The above exception was the direct cause of the following exception:

Traceback (most recent call last):
  File "/Users/moot/projects/panoptikon-pr27/python/inferio_worker/__main__.py", line 360, in _serve
    **packing.run_window(
      ^^^^^^^^^^^^^^^^^^^
  File "/Users/moot/projects/panoptikon-pr27/python/inferio_worker/packing.py", line 1443, in run_window
    raise WindowFailure(message, measurements, exc) from exc
inferio_worker.packing.WindowFailure: [enforce fail at alloc_cpu.cpp:117] data. DefaultCPUAllocator: can't allocate memory: you tried to allocate 8589934592 bytes.

worker stderr tail:
    raise WindowFailure(message, measurements, exc) from exc
inferio_worker.packing.WindowFailure: INFERENCE_OOM_WINDOW: out of GPU memory on a packed batch of 4 inputs (4 item units): [enforce fail at alloc_cpu.cpp:117] data. DefaultCPUAllocator: can't allocate memory: you tried to allocate 8589934592 bytes.
2026-09-17 04:36:55,987 [ERROR] inferio_worker: calibfixture/cpu_alloc_oom - predict failed: INFERENCE_OOM_WINDOW: out of GPU memory on a packed batch of 2 inputs (2 item units): [enforce fail at alloc_cpu.cpp:117] data. DefaultCPUAllocator: can't allocate memory: you tried to allocate 8589934592 bytes.
Traceback (most recent call last):
  File "/Users/moot/projects/panoptikon-pr27/python/inferio_worker/packing.py", line 1402, in run_window
    produced = list(instance.predict([inputs[index] for index in batch]))
                    ^^^^^^^^^^^^^^^^^^^^^^^^^^^^^^^^^^^^^^^^^^^^^^^^^^^^
  File "/Users/moot/projects/panoptikon-pr27/python/tests/inferio_worker/fixture_impls/cpu_alloc_oom_impl.py", line 22, in predict
    raise RuntimeError(
RuntimeError: [enforce fail at alloc_cpu.cpp:117] data. DefaultCPUAllocator: can't allocate memory: you tried to allocate 8589934592 bytes.
The above exception was the direct cause of the following exception:
Traceback (most recent call last):
  File "/Users/moot/projects/panoptikon-pr27/python/inferio_worker/__main__.py", line 360, in _serve
    **packing.run_window(
      ^^^^^^^^^^^^^^^^^^^
  File "/Users/moot/projects/panoptikon-pr27/python/inferio_worker/packing.py", line 1443, in run_window
    raise WindowFailure(message, measurements, exc) from exc
inferio_worker.packing.WindowFailure: INFERENCE_OOM_WINDOW: out of GPU memory on a packed batch of 2 inputs (2 item units): [enforce fail at alloc_cpu.cpp:117] data. DefaultCPUAllocator: can't allocate memory: you tried to allocate 8589934592 bytes.
2026-09-17 04:36:55,990 [ERROR] inferio_worker: calibfixture/cpu_alloc_oom - predict failed: [enforce fail at alloc_cpu.cpp:117] data. DefaultCPUAllocator: can't allocate memory: you tried to allocate 8589934592 bytes.
Traceback (most recent call last):
  File "/Users/moot/projects/panoptikon-pr27/python/inferio_worker/packing.py", line 1402, in run_window
    produced = list(instance.predict([inputs[index] for index in batch]))
                    ^^^^^^^^^^^^^^^^^^^^^^^^^^^^^^^^^^^^^^^^^^^^^^^^^^^^
  File "/Users/moot/projects/panoptikon-pr27/python/tests/inferio_worker/fixture_impls/cpu_alloc_oom_impl.py", line 22, in predict
    raise RuntimeError(
RuntimeError: [enforce fail at alloc_cpu.cpp:117] data. DefaultCPUAllocator: can't allocate memory: you tried to allocate 8589934592 bytes.
The above exception was the direct cause of the following exception:
Traceback (most recent call last):
  File "/Users/moot/projects/panoptikon-pr27/python/inferio_worker/__main__.py", line 360, in _serve
    **packing.run_window(
      ^^^^^^^^^^^^^^^^^^^
  File "/Users/moot/projects/panoptikon-pr27/python/inferio_worker/packing.py", line 1443, in run_window
    raise WindowFailure(message, measurements, exc) from exc
inferio_worker.packing.WindowFailure: [enforce fail at alloc_cpu.cpp:117] data. DefaultCPUAllocator: can't allocate memory: you tried to allocate 8589934592 bytes.
2026-09-17 04:36:55,993 [ERROR] inferio_worker: calibfixture/cpu_alloc_oom - predict failed: [enforce fail at alloc_cpu.cpp:117] data. DefaultCPUAllocator: can't allocate memory: you tried to allocate 8589934592 bytes.
Traceback (most recent call last):
  File "/Users/moot/projects/panoptikon-pr27/python/inferio_worker/packing.py", line 1402, in run_window
    produced = list(instance.predict([inputs[index] for index in batch]))
                    ^^^^^^^^^^^^^^^^^^^^^^^^^^^^^^^^^^^^^^^^^^^^^^^^^^^^
  File "/Users/moot/projects/panoptikon-pr27/python/tests/inferio_worker/fixture_impls/cpu_alloc_oom_impl.py", line 22, in predict
    raise RuntimeError(
RuntimeError: [enforce fail at alloc_cpu.cpp:117] data. DefaultCPUAllocator: can't allocate memory: you tried to allocate 8589934592 bytes.
The above exception was the direct cause of the following exception:
Traceback (most recent call last):
  File "/Users/moot/projects/panoptikon-pr27/python/inferio_worker/__main__.py", line 360, in _serve
    **packing.run_window(
      ^^^^^^^^^^^^^^^^^^^
  File "/Users/moot/projects/panoptikon-pr27/python/inferio_worker/packing.py", line 1443, in run_window
    raise WindowFailure(message, measurements, exc) from exc
inferio_worker.packing.WindowFailure: [enforce fail at alloc_cpu.cpp:117] data. DefaultCPUAllocator: can't allocate memory: you tried to allocate 8589934592 bytes.
2026-09-17T02:36:55.994112Z ERROR tower_http::trace::on_failure: response failed classification=Status code: 500 Internal Server Error latency=2 ms
2026-09-17T02:36:55.994980Z DEBUG panoptikon::inferio::http: processing local inference predict model=calibfixture/cpu_alloc_oom inputs=8
2026-09-17T02:36:55.995001Z DEBUG panoptikon::inferio::ledger: issued a memory grant model=calibfixture/cpu_alloc_oom gpu=CPU unit_budget=1 mb=98304 canvas_pixels=none share_mb=98304 room_mb=98304 headroom_mb=98304 external_mb=20819 reserve_mb=1024 reserve_rule="capped_default" pre_fit=true ramp_step=0 deflation=4 squeezed=false window_requests=1
2026-09-17T02:36:55.996129Z  INFO panoptikon::inferio::worker: 2026-09-17 04:36:55,995 [ERROR] inferio_worker: calibfixture/cpu_alloc_oom - predict failed: [enforce fail at alloc_cpu.cpp:117] data. DefaultCPUAllocator: can't allocate memory: you tried to allocate 8589934592 bytes. worker=cpu_alloc_oom_test
2026-09-17T02:36:55.996137Z  INFO panoptikon::inferio::worker: Traceback (most recent call last): worker=cpu_alloc_oom_test
2026-09-17T02:36:55.996142Z  INFO panoptikon::inferio::worker:   File "/Users/moot/projects/panoptikon-pr27/python/inferio_worker/packing.py", line 1402, in run_window worker=cpu_alloc_oom_test
2026-09-17T02:36:55.996147Z  INFO panoptikon::inferio::worker:     produced = list(instance.predict([inputs[index] for index in batch])) worker=cpu_alloc_oom_test
2026-09-17T02:36:55.996152Z  INFO panoptikon::inferio::worker:                     ^^^^^^^^^^^^^^^^^^^^^^^^^^^^^^^^^^^^^^^^^^^^^^^^^^^^ worker=cpu_alloc_oom_test
2026-09-17T02:36:55.996156Z  INFO panoptikon::inferio::worker:   File "/Users/moot/projects/panoptikon-pr27/python/tests/inferio_worker/fixture_impls/cpu_alloc_oom_impl.py", line 22, in predict worker=cpu_alloc_oom_test
2026-09-17T02:36:55.996160Z  INFO panoptikon::inferio::worker:     raise RuntimeError( worker=cpu_alloc_oom_test
2026-09-17T02:36:55.996164Z  INFO panoptikon::inferio::worker: RuntimeError: [enforce fail at alloc_cpu.cpp:117] data. DefaultCPUAllocator: can't allocate memory: you tried to allocate 8589934592 bytes. worker=cpu_alloc_oom_test
2026-09-17T02:36:55.996167Z  INFO panoptikon::inferio::worker: The above exception was the direct cause of the following exception: worker=cpu_alloc_oom_test
2026-09-17T02:36:55.996171Z  INFO panoptikon::inferio::worker: Traceback (most recent call last): worker=cpu_alloc_oom_test
2026-09-17T02:36:55.996178Z  INFO panoptikon::inferio::worker:   File "/Users/moot/projects/panoptikon-pr27/python/inferio_worker/__main__.py", line 360, in _serve worker=cpu_alloc_oom_test
2026-09-17T02:36:55.996182Z  INFO panoptikon::inferio::worker:     **packing.run_window( worker=cpu_alloc_oom_test
2026-09-17T02:36:55.996186Z  INFO panoptikon::inferio::worker:       ^^^^^^^^^^^^^^^^^^^ worker=cpu_alloc_oom_test
2026-09-17T02:36:55.996190Z  INFO panoptikon::inferio::worker:   File "/Users/moot/projects/panoptikon-pr27/python/inferio_worker/packing.py", line 1443, in run_window worker=cpu_alloc_oom_test
2026-09-17T02:36:55.996193Z  INFO panoptikon::inferio::worker:     raise WindowFailure(message, measurements, exc) from exc worker=cpu_alloc_oom_test
2026-09-17T02:36:55.996196Z  INFO panoptikon::inferio::worker: inferio_worker.packing.WindowFailure: [enforce fail at alloc_cpu.cpp:117] data. DefaultCPUAllocator: can't allocate memory: you tried to allocate 8589934592 bytes. worker=cpu_alloc_oom_test
2026-09-17T02:36:55.996564Z  WARN panoptikon::inferio::ledger: not deflating on this window's out-of-memory report: the worker classified it from the failure's *wording* alone, and its own live reading at that instant had at least the whole envelope this window was priced at still free. A batch this size was not what the GPU ran out of, so halving the budget would cost throughput and fix nothing (run2 change R3, finding Q1/B11) model=calibfixture/cpu_alloc_oom gpu=CPU contradicted=1 free_mb_at_failure=110253 grant_mb=98304
2026-09-17T02:36:55.996578Z  INFO panoptikon::inferio::ledger: classified this window as an out-of-memory negative: naming the tier that decided it, because a classification the ledger trusts outright is acted on silently otherwise and the deflation it causes cannot be attributed from the log (run2 defect C2) model=calibfixture/cpu_alloc_oom gpu=CPU source=error_frame exception=unknown trust="trusted" free_mb_at_failure=-1 grant_mb=98304 oom_samples=0
2026-09-17T02:36:55.996584Z  WARN panoptikon::inferio::ledger: settled a granted window model=calibfixture/cpu_alloc_oom gpu=CPU outcome="negative" reason="oom" fit_samples=0 throughput_samples=0 clamped_samples=0 clamped=none ramp_step=0 deflation=4 clean_windows=0 max_units_measured=0
2026-09-17T02:36:55.996606Z ERROR panoptikon::inferio::http: prediction failed model=calibfixture/cpu_alloc_oom error=predict failed for inferio worker calibfixture/cpu_alloc_oom: worker error: [enforce fail at alloc_cpu.cpp:117] data. DefaultCPUAllocator: can't allocate memory: you tried to allocate 8589934592 bytes.
worker traceback:
Traceback (most recent call last):
  File "/Users/moot/projects/panoptikon-pr27/python/inferio_worker/packing.py", line 1402, in run_window
    produced = list(instance.predict([inputs[index] for index in batch]))
                    ^^^^^^^^^^^^^^^^^^^^^^^^^^^^^^^^^^^^^^^^^^^^^^^^^^^^
  File "/Users/moot/projects/panoptikon-pr27/python/tests/inferio_worker/fixture_impls/cpu_alloc_oom_impl.py", line 22, in predict
    raise RuntimeError(
RuntimeError: [enforce fail at alloc_cpu.cpp:117] data. DefaultCPUAllocator: can't allocate memory: you tried to allocate 8589934592 bytes.

The above exception was the direct cause of the following exception:

Traceback (most recent call last):
  File "/Users/moot/projects/panoptikon-pr27/python/inferio_worker/__main__.py", line 360, in _serve
    **packing.run_window(
      ^^^^^^^^^^^^^^^^^^^
  File "/Users/moot/projects/panoptikon-pr27/python/inferio_worker/packing.py", line 1443, in run_window
    raise WindowFailure(message, measurements, exc) from exc
inferio_worker.packing.WindowFailure: [enforce fail at alloc_cpu.cpp:117] data. DefaultCPUAllocator: can't allocate memory: you tried to allocate 8589934592 bytes.

worker stderr tail:
    raise WindowFailure(message, measurements, exc) from exc
inferio_worker.packing.WindowFailure: INFERENCE_OOM_WINDOW: out of GPU memory on a packed batch of 2 inputs (2 item units): [enforce fail at alloc_cpu.cpp:117] data. DefaultCPUAllocator: can't allocate memory: you tried to allocate 8589934592 bytes.
2026-09-17 04:36:55,990 [ERROR] inferio_worker: calibfixture/cpu_alloc_oom - predict failed: [enforce fail at alloc_cpu.cpp:117] data. DefaultCPUAllocator: can't allocate memory: you tried to allocate 8589934592 bytes.
Traceback (most recent call last):
  File "/Users/moot/projects/panoptikon-pr27/python/inferio_worker/packing.py", line 1402, in run_window
    produced = list(instance.predict([inputs[index] for index in batch]))
                    ^^^^^^^^^^^^^^^^^^^^^^^^^^^^^^^^^^^^^^^^^^^^^^^^^^^^
  File "/Users/moot/projects/panoptikon-pr27/python/tests/inferio_worker/fixture_impls/cpu_alloc_oom_impl.py", line 22, in predict
    raise RuntimeError(
RuntimeError: [enforce fail at alloc_cpu.cpp:117] data. DefaultCPUAllocator: can't allocate memory: you tried to allocate 8589934592 bytes.
The above exception was the direct cause of the following exception:
Traceback (most recent call last):
  File "/Users/moot/projects/panoptikon-pr27/python/inferio_worker/__main__.py", line 360, in _serve
    **packing.run_window(
      ^^^^^^^^^^^^^^^^^^^
  File "/Users/moot/projects/panoptikon-pr27/python/inferio_worker/packing.py", line 1443, in run_window
    raise WindowFailure(message, measurements, exc) from exc
inferio_worker.packing.WindowFailure: [enforce fail at alloc_cpu.cpp:117] data. DefaultCPUAllocator: can't allocate memory: you tried to allocate 8589934592 bytes.
2026-09-17 04:36:55,993 [ERROR] inferio_worker: calibfixture/cpu_alloc_oom - predict failed: [enforce fail at alloc_cpu.cpp:117] data. DefaultCPUAllocator: can't allocate memory: you tried to allocate 8589934592 bytes.
Traceback (most recent call last):
  File "/Users/moot/projects/panoptikon-pr27/python/inferio_worker/packing.py", line 1402, in run_window
    produced = list(instance.predict([inputs[index] for index in batch]))
                    ^^^^^^^^^^^^^^^^^^^^^^^^^^^^^^^^^^^^^^^^^^^^^^^^^^^^
  File "/Users/moot/projects/panoptikon-pr27/python/tests/inferio_worker/fixture_impls/cpu_alloc_oom_impl.py", line 22, in predict
    raise RuntimeError(
RuntimeError: [enforce fail at alloc_cpu.cpp:117] data. DefaultCPUAllocator: can't allocate memory: you tried to allocate 8589934592 bytes.
The above exception was the direct cause of the following exception:
Traceback (most recent call last):
  File "/Users/moot/projects/panoptikon-pr27/python/inferio_worker/__main__.py", line 360, in _serve
    **packing.run_window(
      ^^^^^^^^^^^^^^^^^^^
  File "/Users/moot/projects/panoptikon-pr27/python/inferio_worker/packing.py", line 1443, in run_window
    raise WindowFailure(message, measurements, exc) from exc
inferio_worker.packing.WindowFailure: [enforce fail at alloc_cpu.cpp:117] data. DefaultCPUAllocator: can't allocate memory: you tried to allocate 8589934592 bytes.
2026-09-17 04:36:55,995 [ERROR] inferio_worker: calibfixture/cpu_alloc_oom - predict failed: [enforce fail at alloc_cpu.cpp:117] data. DefaultCPUAllocator: can't allocate memory: you tried to allocate 8589934592 bytes.
Traceback (most recent call last):
  File "/Users/moot/projects/panoptikon-pr27/python/inferio_worker/packing.py", line 1402, in run_window
    produced = list(instance.predict([inputs[index] for index in batch]))
                    ^^^^^^^^^^^^^^^^^^^^^^^^^^^^^^^^^^^^^^^^^^^^^^^^^^^^
  File "/Users/moot/projects/panoptikon-pr27/python/tests/inferio_worker/fixture_impls/cpu_alloc_oom_impl.py", line 22, in predict
    raise RuntimeError(
RuntimeError: [enforce fail at alloc_cpu.cpp:117] data. DefaultCPUAllocator: can't allocate memory: you tried to allocate 8589934592 bytes.
The above exception was the direct cause of the following exception:
Traceback (most recent call last):
  File "/Users/moot/projects/panoptikon-pr27/python/inferio_worker/__main__.py", line 360, in _serve
    **packing.run_window(
      ^^^^^^^^^^^^^^^^^^^
  File "/Users/moot/projects/panoptikon-pr27/python/inferio_worker/packing.py", line 1443, in run_window
    raise WindowFailure(message, measurements, exc) from exc
inferio_worker.packing.WindowFailure: [enforce fail at alloc_cpu.cpp:117] data. DefaultCPUAllocator: can't allocate memory: you tried to allocate 8589934592 bytes.
2026-09-17T02:36:55.996629Z ERROR tower_http::trace::on_failure: response failed classification=Status code: 500 Internal Server Error latency=1 ms
2026-09-17T02:36:56.649962Z  INFO panoptikon::inferio::worker: 2026-09-17 04:36:56,649 [WARNING] inferio_worker: Failed to import impl module /Users/moot/projects/panoptikon-pr27/python/tests/inferio_worker/fixture_impls/broken_impl.py: broken_impl is intentionally broken at import time worker=cpu_alloc_oom_test
2026-09-17T02:36:56.649975Z  INFO panoptikon::inferio::worker: Traceback (most recent call last): worker=cpu_alloc_oom_test
2026-09-17T02:36:56.649981Z  INFO panoptikon::inferio::worker:   File "/Users/moot/projects/panoptikon-pr27/python/inferio_worker/discovery.py", line 69, in _load_impl_from_file worker=cpu_alloc_oom_test
2026-09-17T02:36:56.649986Z  INFO panoptikon::inferio::worker:     spec.loader.exec_module(mod) worker=cpu_alloc_oom_test
2026-09-17T02:36:56.649991Z  INFO panoptikon::inferio::worker:   File "<frozen importlib._bootstrap_external>", line 999, in exec_module worker=cpu_alloc_oom_test
2026-09-17T02:36:56.649995Z  INFO panoptikon::inferio::worker:   File "<frozen importlib._bootstrap>", line 488, in _call_with_frames_removed worker=cpu_alloc_oom_test
2026-09-17T02:36:56.650000Z  INFO panoptikon::inferio::worker:   File "/Users/moot/projects/panoptikon-pr27/python/tests/inferio_worker/fixture_impls/broken_impl.py", line 8, in <module> worker=cpu_alloc_oom_test
2026-09-17T02:36:56.650003Z  INFO panoptikon::inferio::worker:     raise RuntimeError("broken_impl is intentionally broken at import time") worker=cpu_alloc_oom_test
2026-09-17T02:36:56.650007Z  INFO panoptikon::inferio::worker: RuntimeError: broken_impl is intentionally broken at import time worker=cpu_alloc_oom_test
2026-09-17T02:36:56.650091Z  INFO panoptikon::inferio::worker: 2026-09-17 04:36:56,650 [INFO] inferio_worker: Resolved impl class cpu_alloc_oom_test to /Users/moot/projects/panoptikon-pr27/python/tests/inferio_worker/fixture_impls/cpu_alloc_oom_impl.py worker=cpu_alloc_oom_test
2026-09-17T02:36:56.650141Z  INFO panoptikon::inferio::worker: 2026-09-17 04:36:56,650 [INFO] inferio_worker: Handshake ok for impl class cpu_alloc_oom_test worker=cpu_alloc_oom_test
2026-09-17T02:36:56.650213Z  INFO panoptikon::inferio::prewarm: prewarmed worker parked impl_class=cpu_alloc_oom_test failed_prepare=false device="<unpinned>"
2026-09-17T02:37:06.081938Z  INFO panoptikon::shutdown: shutdown signal received; stopping gracefully (repeat the signal to force exit)
2026-09-17T02:37:06.083974Z  INFO panoptikon::shutdown: index DB writers drained writers=1
2026-09-17T02:37:06.084467Z  INFO panoptikon::inferio::worker: 2026-09-17 04:37:06,084 [INFO] inferio_worker: Unloaded; exiting. worker=cpu_alloc_oom_test
2026-09-17T02:37:06.084541Z  INFO panoptikon::inferio::worker: 2026-09-17 04:37:06,084 [INFO] inferio_worker: Unloaded; exiting. worker=cpu_alloc_oom_test
2026-09-17T02:37:06.255754Z  INFO panoptikon::shutdown: local inference workers stopped
2026-09-17T02:37:06.255766Z  INFO panoptikon::shutdown: background work stopped cleanly
2026-09-17T02:37:06.255778Z  INFO panoptikon: gateway stopped
