=== n1-c start 2026-09-17T03:31:30+00:00
waiting (0s) load=6.85
QUIET after 60s  load=3.42
--- free -m BEFORE
               total        used        free      shared  buff/cache   available
Mem:          128649       37409       15933        4549       81076       91240
Swap:              0           0           0
--- uptime BEFORE
 03:32:30 up 4 days, 22:12,  5 users,  load average: 3.42, 10.41, 8.38
{
 "schema": "legs/1",
 "scenario": "S2",
 "note": "N1 quiet-box repeat n1-c",
 "directory": "/home/admin/tmp-n1/legs/n1-c/S2",
 "platform": {
  "system": "Linux",
  "release": "6.12.73-1-lts",
  "machine": "x86_64",
  "python": "3.14.7"
 },
 "bin": "/home/admin/projects/panoptikon-wt/final-deploy/target/release/panoptikon",
 "config": "/home/admin/tmp-n1/legs-config/server-N1.toml",
 "gateway_config": "/home/admin/tmp-n1/legs/n1-c/S2/server-N1.toml",
 "inference_python": "/home/admin/projects/panoptikon-wt/final-deploy/pyenv/.venv/bin/python",
 "inference_python_source": "--python",
 "device_env": {
  "CUDA_VISIBLE_DEVICES": ""
 },
 "env_file": "/home/admin/tmp-n1/legs-config/env.N1",
 "dotenv": null,
 "base_url": "http://127.0.0.1:6912",
 "legacy_port": null,
 "endpoints": [
  {
   "name": "test",
   "port": 6913
  },
  {
   "name": "legacy_ui",
   "port": 6909
  }
 ],
 "model": "tags/wd-vit-tagger-v3",
 "models": [
  "tags/wd-vit-tagger-v3"
 ],
 "scan_audio": false,
 "corpus": "/home/admin/tmp-final-deploy/corpus/ramp",
 "gpu_total_mb": 128649,
 "gpu_total_mb_source": "--gpu-total-mb",
 "hog": null,
 "hog_events": [],
 "floor_bound": [],
 "checks": "all",
 "learning": true,
 "preconditions": [
  "the GPU is idle (stop any other tenant)",
  "no calibration.toml is seeded: the ramp must start from the seed",
  "run ceiling_probe.py for the same model first, and pass its --probe/bisect files to analyze.py"
 ],
 "analyze_command": [
  "/home/admin/projects/panoptikon-wt/final-deploy/pyenv/.venv/bin/python",
  "/home/admin/projects/panoptikon-wt/n1/tools/calibration-protocol/analyze.py",
  "--scenario",
  "/home/admin/tmp-n1/legs/n1-c/S2",
  "--checks",
  "all",
  "--learning",
  "--json",
  "/home/admin/tmp-n1/legs/n1-c/S2/verdicts.json"
 ]
}
PRECONDITION: the GPU is idle (stop any other tenant)
PRECONDITION: no calibration.toml is seeded: the ramp must start from the seed
PRECONDITION: run ceiling_probe.py for the same model first, and pass its --probe/bisect files to analyze.py
[2026-09-17T03:32:33.973Z] inference_python {"python": "/home/admin/projects/panoptikon-wt/final-deploy/pyenv/.venv/bin/python", "source": "--python", "config": "/home/admin/tmp-n1/legs/n1-c/S2/server-N1.toml"}
[2026-09-17T03:32:34.007Z] vramrec_started
[2026-09-17T03:32:34.008Z] healthrec_started
[2026-09-17T03:32:34.009Z] gateway_started {"child": "gateway", "pid": 768202, "argv": ["/home/admin/projects/panoptikon-wt/final-deploy/target/release/panoptikon", "--config", "/home/admin/tmp-n1/legs/n1-c/S2/server-N1.toml", "--root", "/home/admin/tmp-n1/legs/n1-c/S2/root", "--disable-update-check"]}
[2026-09-17T03:32:35.027Z] gateway_ready
[2026-09-17T03:32:35.156Z] rescan_start {"corpus": "/home/admin/tmp-final-deploy/corpus/ramp", "index_db": "cal", "scan_audio": false}
[2026-09-17T03:32:51.170Z] rescan_done {"indexed_files": 2000, "index_db": "cal"}
[2026-09-17T03:32:51.170Z] job_start {"model": "tags/wd-vit-tagger-v3", "tag": "", "index_db": "cal"}
[2026-09-17T03:32:51.273Z] job_posted {"http_status": 202}
[2026-09-17T03:38:33.499Z] job_end {"outcome": "drained"}
[2026-09-17T03:38:33.507Z] job_items {"model": "tags/wd-vit-tagger-v3", "items": 2000}
[2026-09-17T03:38:33.509Z] settling {"seconds": 40.0}
[2026-09-17T03:39:14.112Z] processes_stopped {"gateway": "SIGTERM, rc=0", "healthrec": "SIGTERM, rc=0", "vramrec": "SIGTERM, rc=0"}

DONE /home/admin/tmp-n1/legs/n1-c/S2  outcome=drained
analyze with:
  /home/admin/projects/panoptikon-wt/final-deploy/pyenv/.venv/bin/python /home/admin/projects/panoptikon-wt/n1/tools/calibration-protocol/analyze.py --scenario /home/admin/tmp-n1/legs/n1-c/S2 --checks all --learning --json /home/admin/tmp-n1/legs/n1-c/S2/verdicts.json
--- legs.py exit=0
--- free -m AFTER
               total        used        free      shared  buff/cache   available
Mem:          128649       37479       15862        4549       81076       91170
Swap:              0           0           0
--- uptime AFTER
 03:39:14 up 4 days, 22:18,  5 users,  load average: 12.15, 16.29, 12.12
=== n1-c done 2026-09-17T03:39:14+00:00
