[2m2026-09-17T01:01:10.691158Z[0m [32m INFO[0m [2mpanoptikon::logging[0m[2m:[0m logging to file [3mpath[0m[2m=[0mdata/panoptikon.log
[2m2026-09-17T01:01:10.691260Z[0m [32m INFO[0m [2mpanoptikon::rlimit[0m[2m:[0m open file descriptor limit is already at its maximum [3msoft_nofile[0m[2m=[0m524288
[2m2026-09-17T01:01:10.692413Z[0m [32m INFO[0m [2mpanoptikon::config[0m[2m:[0m the managed Python environment is missing or incomplete; setup will run automatically at startup [3mreason[0m[2m=[0m"uv.lock changed since setup last completed"
[2m2026-09-17T01:01:10.733292Z[0m [32m INFO[0m [2mpanoptikon::accelerator_report[0m[2m:[0m accelerator backend: using CPU [3mbackend[0m[2m=[0m"cpu" [3mbackend_source[0m[2m=[0mmanaged venv (setup sentinel) [3mdevices[0m[2m=[0m["nvidia:NVIDIA RTX PRO 6000 Blackwell Workstation Edition (CC 12.0)", "nvidia:NVIDIA RTX PRO 6000 Blackwell Workstation Edition (CC 12.0)"]
[2m2026-09-17T01:01:10.804298Z[0m [32m INFO[0m [2mpanoptikon::db::migrations[0m[2m:[0m migrations applied; running ANALYZE to refresh planner statistics [3mdb[0m[2m=[0mdata/index/default/index.db
[2m2026-09-17T01:01:10.806646Z[0m [32m INFO[0m [2mpanoptikon::db::migrations[0m[2m:[0m post-migration ANALYZE complete [3mdb[0m[2m=[0mdata/index/default/index.db [3melapsed_ms[0m[2m=[0m2
[2m2026-09-17T01:01:10.825143Z[0m [32m INFO[0m [2mpanoptikon::db::migrations[0m[2m:[0m migrations applied; running ANALYZE to refresh planner statistics [3mdb[0m[2m=[0mdata/index/up/index.db
[2m2026-09-17T01:01:10.844482Z[0m [32m INFO[0m [2mpanoptikon::db::migrations[0m[2m:[0m post-migration ANALYZE complete [3mdb[0m[2m=[0mdata/index/up/index.db [3melapsed_ms[0m[2m=[0m19
[2m2026-09-17T01:01:10.846014Z[0m [32m INFO[0m [2mpanoptikon::db::batch_auto[0m[2m:[0m batch sizes in the stored job settings and cron schedule were reset to auto [3mindex_db[0m[2m=[0m"up"
[2m2026-09-17T01:01:10.859046Z[0m [32m INFO[0m [2mpanoptikon::setup[0m[2m:[0m running setup automatically (disable with [inference_local.python_env] auto_setup = false) [3mreason[0m[2m=[0m"uv.lock changed since setup last completed"
[2m2026-09-17T01:01:10.867186Z[0m [32m INFO[0m [2mpanoptikon::setup[0m[2m:[0m using uv [3muv[0m[2m=[0m/home/admin/.local/bin/uv [3mversion[0m[2m=[0m0.6.14
[2m2026-09-17T01:01:10.867246Z[0m [32m INFO[0m [2mpanoptikon::setup[0m[2m:[0m accelerator selected [3mrequested[0m[2m=[0mCpu [3maccelerator[0m[2m=[0mCpu [3mextra[0m[2m=[0m"cpu" [3mevidence[0m[2m=[0m"the extra the managed venv was synced for"
[2m2026-09-17T01:01:10.867324Z[0m [32m INFO[0m [2mpanoptikon::setup[0m[2m:[0m syncing the locked environment (uv sync); the first run downloads several GB of packages and can take a while [3mextra[0m[2m=[0m"cpu" [3mwheels[0m[2m=[0m"cpu"
[2m2026-09-17T01:01:10.974457Z[0m [32m INFO[0m [2mpanoptikon::setup[0m[2m:[0m Resolved 138 packages in 2ms [3msetup[0m[2m=[0m"uv sync" [3mstream[0m[2m=[0m"stderr"
[2m2026-09-17T01:01:11.040386Z[0m [32m INFO[0m [2mpanoptikon::setup[0m[2m:[0m Uninstalled 5 packages in 39ms [3msetup[0m[2m=[0m"uv sync" [3mstream[0m[2m=[0m"stderr"
[2m2026-09-17T01:01:11.041115Z[0m [32m INFO[0m [2mpanoptikon::setup[0m[2m:[0m  - iniconfig==2.3.0 [3msetup[0m[2m=[0m"uv sync" [3mstream[0m[2m=[0m"stderr"
[2m2026-09-17T01:01:11.041171Z[0m [32m INFO[0m [2mpanoptikon::setup[0m[2m:[0m  - pluggy==1.6.0 [3msetup[0m[2m=[0m"uv sync" [3mstream[0m[2m=[0m"stderr"
[2m2026-09-17T01:01:11.041202Z[0m [32m INFO[0m [2mpanoptikon::setup[0m[2m:[0m  - pygments==2.19.1 [3msetup[0m[2m=[0m"uv sync" [3mstream[0m[2m=[0m"stderr"
[2m2026-09-17T01:01:11.041223Z[0m [32m INFO[0m [2mpanoptikon::setup[0m[2m:[0m  - pytest==8.4.2 [3msetup[0m[2m=[0m"uv sync" [3mstream[0m[2m=[0m"stderr"
[2m2026-09-17T01:01:11.041238Z[0m [32m INFO[0m [2mpanoptikon::setup[0m[2m:[0m  - python-dotenv==1.2.2 [3msetup[0m[2m=[0m"uv sync" [3mstream[0m[2m=[0m"stderr"
[2m2026-09-17T01:01:11.046672Z[0m [32m INFO[0m [2mpanoptikon::setup[0m[2m:[0m fetching the ffmpeg/ffprobe binaries (static-ffmpeg)
[2m2026-09-17T01:01:21.034293Z[0m [32m INFO[0m [2mpanoptikon::setup[0m[2m:[0m ffmpeg/ffprobe are ready
[2m2026-09-17T01:01:21.034422Z[0m [32m INFO[0m [2mpanoptikon::setup[0m[2m:[0m Python inference environment is ready [3minterpreter[0m[2m=[0m/home/admin/tmp-final-deploy/A/app/python/.venv/bin/python [3mextra[0m[2m=[0m"cpu"
[2m2026-09-17T01:01:21.034468Z[0m [32m INFO[0m [2mpanoptikon::setup[0m[2m:[0m automatic Python environment setup finished
[2m2026-09-17T01:01:21.034738Z[0m [32m INFO[0m [2mpanoptikon::inferio::gpu[0m[2m:[0m admitting batches from workers that run on the CPU against system RAM (running out of it is an OS process kill rather than a catchable allocation failure, so the device ships with a default ceiling) [3muuid[0m[2m=[0mCPU [3mname[0m[2m=[0mCPU (128 GB) [3mtotal_mb[0m[2m=[0m128649 [3mdefault_cap_fraction[0m[2m=[0m0.75 [3maccelerators[0m[2m=[0m0
[2m2026-09-17T01:01:21.035153Z[0m [32m INFO[0m [2mpanoptikon[0m[2m:[0m serving /api/inference locally (inference_local.enabled)
[2m2026-09-17T01:01:21.139911Z[0m [32m INFO[0m [2mpanoptikon[0m[2m:[0m gateway listening [3mendpoint[0m[2m=[0mdefault [3maddress[0m[2m=[0m127.0.0.1:17842
[2m2026-09-17T01:01:21.140012Z[0m [32m INFO[0m [2mpanoptikon[0m[2m:[0m gateway listening [3mendpoint[0m[2m=[0mtest [3maddress[0m[2m=[0m127.0.0.1:17843
[2m2026-09-17T01:01:21.140059Z[0m [32m INFO[0m [2mpanoptikon[0m[2m:[0m gateway listening [3mendpoint[0m[2m=[0mlegacy_ui [3maddress[0m[2m=[0m127.0.0.1:17839
[2m2026-09-17T01:01:21.140083Z[0m [32m INFO[0m [2mpanoptikon[0m[2m:[0m serving HTTP/1.1 and HTTP/2 cleartext [3mmax_concurrent_streams[0m[2m=[0m512
[2m2026-09-17T01:01:21.563421Z[0m [32m INFO[0m [2mpanoptikon::media_tools[0m[2m:[0m media tools resolved [3mffmpeg[0m[2m=[0m/home/admin/tmp-final-deploy/A/app/python/.venv/lib/python3.12/site-packages/static_ffmpeg/bin/linux/ffmpeg [3mffprobe[0m[2m=[0m/home/admin/tmp-final-deploy/A/app/python/.venv/lib/python3.12/site-packages/static_ffmpeg/bin/linux/ffprobe
[2m2026-09-17T01:01:21.843674Z[0m [32m INFO[0m [2mpanoptikon::media_tools::transcode::hw[0m[2m:[0m no hardware H.264 encoder; the fast channel uses libx264 [3mhwaccel[0m[2m=[0m"auto"
[2m2026-09-17T01:01:23.060832Z[0m [32m INFO[0m [2mpanoptikon::inferio::worker[0m[2m:[0m 2026-09-17 01:01:23,060 [INFO] inferio_worker: Resolved impl class openclip to /home/admin/tmp-final-deploy/A/app/python/inferio/impl/clip.py [3mworker[0m[2m=[0mopenclip
[2m2026-09-17T01:01:23.060929Z[0m [32m INFO[0m [2mpanoptikon::inferio::worker[0m[2m:[0m 2026-09-17 01:01:23,060 [INFO] inferio_worker: Handshake ok for impl class openclip [3mworker[0m[2m=[0mopenclip
[2m2026-09-17T01:01:23.061217Z[0m [32m INFO[0m [2mpanoptikon::inferio::prewarm[0m[2m:[0m prewarmed worker parked [3mimpl_class[0m[2m=[0mopenclip [3mfailed_prepare[0m[2m=[0mfalse [3mdevice[0m[2m=[0m"<unpinned>"
[2m2026-09-17T01:02:18.059613Z[0m [32m INFO[0m [2mpanoptikon::inferio::worker[0m[2m:[0m 2026-09-17 01:02:18,059 [INFO] inferio_worker: Resolved impl class doctr to /home/admin/tmp-final-deploy/A/app/python/inferio/impl/ocr.py [3mworker[0m[2m=[0mdoctr
[2m2026-09-17T01:02:18.059786Z[0m [32m INFO[0m [2mpanoptikon::inferio::worker[0m[2m:[0m 2026-09-17 01:02:18,059 [INFO] inferio_worker: Handshake ok for impl class doctr [3mworker[0m[2m=[0mdoctr
[2m2026-09-17T01:02:18.059964Z[0m [32m INFO[0m [2mpanoptikon::inferio::worker[0m[2m:[0m 2026-09-17 01:02:18,059 [INFO] inferio_worker: Configured as doctr/db_resnet50_crnn_mobilenet_v3_small [3mworker[0m[2m=[0mdoctr
[2m2026-09-17T01:02:22.103095Z[0m [32m INFO[0m [2mpanoptikon::inferio::worker[0m[2m:[0m 2026-09-17 01:02:22,102 [INFO] root: Using downloaded & verified file: /home/admin/.cache/doctr/models/db_resnet50-79bd7d70.pt [3mworker[0m[2m=[0mdoctr
[2m2026-09-17T01:02:22.427579Z[0m [32m INFO[0m [2mpanoptikon::inferio::worker[0m[2m:[0m 2026-09-17 01:02:22,427 [INFO] root: Using downloaded & verified file: /home/admin/.cache/doctr/models/crnn_mobilenet_v3_small_pt-3b919a02.pt [3mworker[0m[2m=[0mdoctr
[2m2026-09-17T01:02:24.237896Z[0m [32m INFO[0m [2mpanoptikon::inferio::calibration[0m[2m:[0m wrote the local calibration store [3mpath[0m[2m=[0mdata/inferio/calibration.toml [3mprofiles[0m[2m=[0m1
[2m2026-09-17T01:02:41.849769Z[0m [32m INFO[0m [2mpanoptikon::inferio::ledger[0m[2m:[0m holding the throughput ramp at this rung: the ring cannot certify this rung yet [3mmodel[0m[2m=[0mdoctr/db_resnet50_crnn_mobilenet_v3_small [3mgpu[0m[2m=[0mCPU [3munits[0m[2m=[0m8 [3mcertified[0m[2m=[0mfalse [3mknee_binds[0m[2m=[0mfalse
[2m2026-09-17T01:02:41.855679Z[0m [32m INFO[0m [2mpanoptikon::jobs::extraction[0m[2m:[0m extraction job phase timing [3mdata_load_busy_secs[0m[2m=[0m0.010364386 [3mdata_load_work_secs[0m[2m=[0m0.063265597 [3minference_busy_secs[0m[2m=[0m19.369917069 [3minference_work_secs[0m[2m=[0m382.56366594200006
[2m2026-09-17T01:02:41.861154Z[0m [32m INFO[0m [1mActor[0m[1m{[0m[3mid[0m[2m=[0m"0.3" [3mname[0m[2m=[0m"job-runner"[1m}[0m[2m:[0m [2mpanoptikon::jobs::queue[0m[2m:[0m scheduling deferred database maintenance [3mindex_db[0m[2m=[0m"up" [3mqueue_id[0m[2m=[0m2 [3mowed[0m[2m=[0mwrote_data
[2m2026-09-17T01:02:41.861224Z[0m [32m INFO[0m [1mActor[0m[1m{[0m[3mid[0m[2m=[0m"0.3" [3mname[0m[2m=[0m"job-runner"[1m}[0m[2m:[0m [2mpanoptikon::jobs::queue[0m[2m:[0m unloading batch model at job boundary [3msetter[0m[2m=[0mdoctr/db_resnet50_crnn_mobilenet_v3_small
[2m2026-09-17T01:02:41.868653Z[0m [32m INFO[0m [2mpanoptikon::inferio::worker[0m[2m:[0m 2026-09-17 01:02:41,868 [INFO] inferio_worker: Unloaded; exiting. [3mworker[0m[2m=[0mdoctr
[2m2026-09-17T01:02:54.240125Z[0m [32m INFO[0m [2mpanoptikon::inferio::calibration[0m[2m:[0m wrote the local calibration store [3mpath[0m[2m=[0mdata/inferio/calibration.toml [3mprofiles[0m[2m=[0m1
[2m2026-09-17T01:03:17.619427Z[0m [32m INFO[0m [2mpanoptikon::shutdown[0m[2m:[0m shutdown signal received; stopping gracefully (repeat the signal to force exit)
[2m2026-09-17T01:03:17.619901Z[0m [32m INFO[0m [2mpanoptikon::shutdown[0m[2m:[0m index DB writers drained [3mwriters[0m[2m=[0m1
[2m2026-09-17T01:03:17.620360Z[0m [32m INFO[0m [2mpanoptikon::inferio::worker[0m[2m:[0m 2026-09-17 01:03:17,620 [INFO] inferio_worker: Unloaded; exiting. [3mworker[0m[2m=[0mopenclip
[2m2026-09-17T01:03:17.974619Z[0m [32m INFO[0m [2mpanoptikon::shutdown[0m[2m:[0m local inference workers stopped
[2m2026-09-17T01:03:17.974702Z[0m [32m INFO[0m [2mpanoptikon::shutdown[0m[2m:[0m background work stopped cleanly
[2m2026-09-17T01:03:17.974750Z[0m [32m INFO[0m [2mpanoptikon[0m[2m:[0m gateway stopped
