[2m2026-09-17T01:03:29.772322Z[0m [32m INFO[0m [2mpanoptikon::logging[0m[2m:[0m logging to file [3mpath[0m[2m=[0mdata/panoptikon.log
[2m2026-09-17T01:03:29.772417Z[0m [32m INFO[0m [2mpanoptikon::rlimit[0m[2m:[0m open file descriptor limit is already at its maximum [3msoft_nofile[0m[2m=[0m524288
[2m2026-09-17T01:03:29.774005Z[0m [32m INFO[0m [2mpanoptikon::config[0m[2m:[0m the managed Python environment is missing or incomplete; setup will run automatically at startup [3mreason[0m[2m=[0m"uv.lock changed since setup last completed"
[2m2026-09-17T01:03:29.812310Z[0m [32m INFO[0m [2mpanoptikon::accelerator_report[0m[2m:[0m accelerator backend [3mbackend[0m[2m=[0m"mps" [3mbackend_source[0m[2m=[0mmanaged venv (setup sentinel) [3mdevices[0m[2m=[0m[]
[2m2026-09-17T01:03:29.900287Z[0m [32m INFO[0m [2mpanoptikon::setup[0m[2m:[0m running setup automatically (disable with [inference_local.python_env] auto_setup = false) [3mreason[0m[2m=[0m"uv.lock changed since setup last completed"
[2m2026-09-17T01:03:29.900628Z[0m [33m WARN[0m [2mpanoptikon::setup[0m[2m:[0m the managed venv was synced for an accelerator this platform cannot install; re-probing the host [3minstalled[0m[2m=[0mMps
[2m2026-09-17T01:03:29.909347Z[0m [32m INFO[0m [2mpanoptikon::setup[0m[2m:[0m using uv [3muv[0m[2m=[0m/home/admin/.local/bin/uv [3mversion[0m[2m=[0m0.6.14
[2m2026-09-17T01:03:29.909396Z[0m [32m INFO[0m [2mpanoptikon::setup[0m[2m:[0m accelerator selected [3mrequested[0m[2m=[0mAuto [3maccelerator[0m[2m=[0mCuda [3mextra[0m[2m=[0m"cu128" [3mevidence[0m[2m=[0m"nvidia-smi on PATH"
[2m2026-09-17T01:03:29.909441Z[0m [32m INFO[0m [2mpanoptikon::setup[0m[2m:[0m syncing the locked environment (uv sync); the first run downloads several GB of packages and can take a while [3mextra[0m[2m=[0m"cu128" [3mwheels[0m[2m=[0m"cu128"
[2m2026-09-17T01:03:30.014181Z[0m [32m INFO[0m [2mpanoptikon::setup[0m[2m:[0m Resolved 138 packages in 1ms [3msetup[0m[2m=[0m"uv sync" [3mstream[0m[2m=[0m"stderr"
[2m2026-09-17T01:03:30.914539Z[0m [32m INFO[0m [2mpanoptikon::setup[0m[2m:[0m Uninstalled 3 packages in 871ms [3msetup[0m[2m=[0m"uv sync" [3mstream[0m[2m=[0m"stderr"
[2m2026-09-17T01:03:30.939219Z[0m [32m INFO[0m [2mpanoptikon::setup[0m[2m:[0m warning: Failed to hardlink files; falling back to full copy. This may lead to degraded performance. [3msetup[0m[2m=[0m"uv sync" [3mstream[0m[2m=[0m"stderr"
[2m2026-09-17T01:03:30.939296Z[0m [32m INFO[0m [2mpanoptikon::setup[0m[2m:[0m          If the cache and target directories are on different filesystems, hardlinking may not be supported. [3msetup[0m[2m=[0m"uv sync" [3mstream[0m[2m=[0m"stderr"
[2m2026-09-17T01:03:30.939335Z[0m [32m INFO[0m [2mpanoptikon::setup[0m[2m:[0m          If this is intentional, set `export UV_LINK_MODE=copy` or use `--link-mode=copy` to suppress this warning. [3msetup[0m[2m=[0m"uv sync" [3mstream[0m[2m=[0m"stderr"
[2m2026-09-17T01:03:32.808787Z[0m [32m INFO[0m [2mpanoptikon::setup[0m[2m:[0m Installed 18 packages in 1.89s [3msetup[0m[2m=[0m"uv sync" [3mstream[0m[2m=[0m"stderr"
[2m2026-09-17T01:03:32.808884Z[0m [32m INFO[0m [2mpanoptikon::setup[0m[2m:[0m  + nvidia-cublas-cu12==12.8.3.14 [3msetup[0m[2m=[0m"uv sync" [3mstream[0m[2m=[0m"stderr"
[2m2026-09-17T01:03:32.808904Z[0m [32m INFO[0m [2mpanoptikon::setup[0m[2m:[0m  + nvidia-cuda-cupti-cu12==12.8.57 [3msetup[0m[2m=[0m"uv sync" [3mstream[0m[2m=[0m"stderr"
[2m2026-09-17T01:03:32.808942Z[0m [32m INFO[0m [2mpanoptikon::setup[0m[2m:[0m  + nvidia-cuda-nvrtc-cu12==12.8.61 [3msetup[0m[2m=[0m"uv sync" [3mstream[0m[2m=[0m"stderr"
[2m2026-09-17T01:03:32.808962Z[0m [32m INFO[0m [2mpanoptikon::setup[0m[2m:[0m  + nvidia-cuda-runtime-cu12==12.8.57 [3msetup[0m[2m=[0m"uv sync" [3mstream[0m[2m=[0m"stderr"
[2m2026-09-17T01:03:32.808983Z[0m [32m INFO[0m [2mpanoptikon::setup[0m[2m:[0m  + nvidia-cudnn-cu12==9.7.1.26 [3msetup[0m[2m=[0m"uv sync" [3mstream[0m[2m=[0m"stderr"
[2m2026-09-17T01:03:32.809015Z[0m [32m INFO[0m [2mpanoptikon::setup[0m[2m:[0m  + nvidia-cufft-cu12==11.3.3.41 [3msetup[0m[2m=[0m"uv sync" [3mstream[0m[2m=[0m"stderr"
[2m2026-09-17T01:03:32.809062Z[0m [32m INFO[0m [2mpanoptikon::setup[0m[2m:[0m  + nvidia-cufile-cu12==1.13.0.11 [3msetup[0m[2m=[0m"uv sync" [3mstream[0m[2m=[0m"stderr"
[2m2026-09-17T01:03:32.809108Z[0m [32m INFO[0m [2mpanoptikon::setup[0m[2m:[0m  + nvidia-curand-cu12==10.3.9.55 [3msetup[0m[2m=[0m"uv sync" [3mstream[0m[2m=[0m"stderr"
[2m2026-09-17T01:03:32.809142Z[0m [32m INFO[0m [2mpanoptikon::setup[0m[2m:[0m  + nvidia-cusolver-cu12==11.7.2.55 [3msetup[0m[2m=[0m"uv sync" [3mstream[0m[2m=[0m"stderr"
[2m2026-09-17T01:03:32.809189Z[0m [32m INFO[0m [2mpanoptikon::setup[0m[2m:[0m  + nvidia-cusparse-cu12==12.5.7.53 [3msetup[0m[2m=[0m"uv sync" [3mstream[0m[2m=[0m"stderr"
[2m2026-09-17T01:03:32.809218Z[0m [32m INFO[0m [2mpanoptikon::setup[0m[2m:[0m  + nvidia-cusparselt-cu12==0.6.3 [3msetup[0m[2m=[0m"uv sync" [3mstream[0m[2m=[0m"stderr"
[2m2026-09-17T01:03:32.809267Z[0m [32m INFO[0m [2mpanoptikon::setup[0m[2m:[0m  + nvidia-nccl-cu12==2.26.2 [3msetup[0m[2m=[0m"uv sync" [3mstream[0m[2m=[0m"stderr"
[2m2026-09-17T01:03:32.809309Z[0m [32m INFO[0m [2mpanoptikon::setup[0m[2m:[0m  + nvidia-nvjitlink-cu12==12.8.61 [3msetup[0m[2m=[0m"uv sync" [3mstream[0m[2m=[0m"stderr"
[2m2026-09-17T01:03:32.809345Z[0m [32m INFO[0m [2mpanoptikon::setup[0m[2m:[0m  + nvidia-nvtx-cu12==12.8.55 [3msetup[0m[2m=[0m"uv sync" [3mstream[0m[2m=[0m"stderr"
[2m2026-09-17T01:03:32.809397Z[0m [32m INFO[0m [2mpanoptikon::setup[0m[2m:[0m  - torch==2.7.1+cpu [3msetup[0m[2m=[0m"uv sync" [3mstream[0m[2m=[0m"stderr"
[2m2026-09-17T01:03:32.809441Z[0m [32m INFO[0m [2mpanoptikon::setup[0m[2m:[0m  + torch==2.7.1+cu128 [3msetup[0m[2m=[0m"uv sync" [3mstream[0m[2m=[0m"stderr"
[2m2026-09-17T01:03:32.809479Z[0m [32m INFO[0m [2mpanoptikon::setup[0m[2m:[0m  - torchaudio==2.7.1+cpu [3msetup[0m[2m=[0m"uv sync" [3mstream[0m[2m=[0m"stderr"
[2m2026-09-17T01:03:32.809522Z[0m [32m INFO[0m [2mpanoptikon::setup[0m[2m:[0m  + torchaudio==2.7.1+cu128 [3msetup[0m[2m=[0m"uv sync" [3mstream[0m[2m=[0m"stderr"
[2m2026-09-17T01:03:32.809562Z[0m [32m INFO[0m [2mpanoptikon::setup[0m[2m:[0m  - torchvision==0.22.1+cpu [3msetup[0m[2m=[0m"uv sync" [3mstream[0m[2m=[0m"stderr"
[2m2026-09-17T01:03:32.809603Z[0m [32m INFO[0m [2mpanoptikon::setup[0m[2m:[0m  + torchvision==0.22.1+cu128 [3msetup[0m[2m=[0m"uv sync" [3mstream[0m[2m=[0m"stderr"
[2m2026-09-17T01:03:32.809657Z[0m [32m INFO[0m [2mpanoptikon::setup[0m[2m:[0m  + triton==3.3.1 [3msetup[0m[2m=[0m"uv sync" [3mstream[0m[2m=[0m"stderr"
[2m2026-09-17T01:03:32.816663Z[0m [32m INFO[0m [2mpanoptikon::setup[0m[2m:[0m fetching the ffmpeg/ffprobe binaries (static-ffmpeg)
[2m2026-09-17T01:03:33.131998Z[0m [32m INFO[0m [2mpanoptikon::setup[0m[2m:[0m ffmpeg/ffprobe are ready
[2m2026-09-17T01:03:33.132068Z[0m [32m INFO[0m [2mpanoptikon::setup[0m[2m:[0m Python inference environment is ready [3minterpreter[0m[2m=[0m/home/admin/tmp-final-deploy/A-mps/app/python/.venv/bin/python [3mextra[0m[2m=[0m"cu128"
[2m2026-09-17T01:03:33.132114Z[0m [32m INFO[0m [2mpanoptikon::setup[0m[2m:[0m automatic Python environment setup finished
[2m2026-09-17T01:03:33.175433Z[0m [32m INFO[0m [2mpanoptikon::inferio::gpu[0m[2m:[0m CUDA_VISIBLE_DEVICES is set and names no device, which is how CUDA is told to expose no GPU at all — every worker spawned here inherits it, so this host has no GPU devices and its models run on the CPU device and are priced against RAM [3mgpus[0m[2m=[0m2
[2m2026-09-17T01:03:33.175588Z[0m [32m INFO[0m [2mpanoptikon::inferio::gpu[0m[2m:[0m admitting batches from workers that run on the CPU against system RAM (running out of it is an OS process kill rather than a catchable allocation failure, so the device ships with a default ceiling) [3muuid[0m[2m=[0mCPU [3mname[0m[2m=[0mCPU (128 GB) [3mtotal_mb[0m[2m=[0m128649 [3mdefault_cap_fraction[0m[2m=[0m0.75 [3maccelerators[0m[2m=[0m0
[2m2026-09-17T01:03:33.175854Z[0m [32m INFO[0m [2mpanoptikon[0m[2m:[0m serving /api/inference locally (inference_local.enabled)
[2m2026-09-17T01:03:33.281298Z[0m [32m INFO[0m [2mpanoptikon[0m[2m:[0m gateway listening [3mendpoint[0m[2m=[0mdefault [3maddress[0m[2m=[0m127.0.0.1:17842
[2m2026-09-17T01:03:33.281395Z[0m [32m INFO[0m [2mpanoptikon[0m[2m:[0m gateway listening [3mendpoint[0m[2m=[0mtest [3maddress[0m[2m=[0m127.0.0.1:17843
[2m2026-09-17T01:03:33.281424Z[0m [32m INFO[0m [2mpanoptikon[0m[2m:[0m gateway listening [3mendpoint[0m[2m=[0mlegacy_ui [3maddress[0m[2m=[0m127.0.0.1:17839
[2m2026-09-17T01:03:33.281444Z[0m [32m INFO[0m [2mpanoptikon[0m[2m:[0m serving HTTP/1.1 and HTTP/2 cleartext [3mmax_concurrent_streams[0m[2m=[0m512
[2m2026-09-17T01:03:33.734034Z[0m [32m INFO[0m [2mpanoptikon::media_tools[0m[2m:[0m media tools resolved [3mffmpeg[0m[2m=[0m/home/admin/tmp-final-deploy/A-mps/app/python/.venv/lib/python3.12/site-packages/static_ffmpeg/bin/linux/ffmpeg [3mffprobe[0m[2m=[0m/home/admin/tmp-final-deploy/A-mps/app/python/.venv/lib/python3.12/site-packages/static_ffmpeg/bin/linux/ffprobe
[2m2026-09-17T01:03:34.016218Z[0m [32m INFO[0m [2mpanoptikon::media_tools::transcode::hw[0m[2m:[0m no hardware H.264 encoder; the fast channel uses libx264 [3mhwaccel[0m[2m=[0m"auto"
[2m2026-09-17T01:03:36.794343Z[0m [32m INFO[0m [2mpanoptikon::shutdown[0m[2m:[0m shutdown signal received; stopping gracefully (repeat the signal to force exit)
[2m2026-09-17T01:03:36.795465Z[0m [32m INFO[0m [2mpanoptikon::shutdown[0m[2m:[0m local inference workers stopped
[2m2026-09-17T01:03:36.795568Z[0m [32m INFO[0m [2mpanoptikon::shutdown[0m[2m:[0m background work stopped cleanly
[2m2026-09-17T01:03:36.795623Z[0m [32m INFO[0m [2mpanoptikon[0m[2m:[0m gateway stopped
