[2m2026-09-17T01:00:01.107643Z[0m [32m INFO[0m [2mpanoptikon::logging[0m[2m:[0m logging to file [3mpath[0m[2m=[0mdata/panoptikon.log
[2m2026-09-17T01:00:01.107930Z[0m [32m INFO[0m [2mpanoptikon::rlimit[0m[2m:[0m raised the open file descriptor soft limit to the hard limit [3msoft_nofile_before[0m[2m=[0m256 [3msoft_nofile_after[0m[2m=[0m1048576
[2m2026-09-17T01:00:01.108505Z[0m [32m INFO[0m [2mpanoptikon::accelerator_report[0m[2m:[0m accelerator backend [3mbackend[0m[2m=[0m"mps" [3mbackend_source[0m[2m=[0mmacOS: default PyPI wheels (MPS on Apple Silicon); no CUDA/ROCm builds exist [3mdevices[0m[2m=[0m[]
[2m2026-09-17T01:00:01.154601Z[0m [32m INFO[0m [2mpanoptikon::inferio::gpu[0m[2m:[0m detected GPU (unified memory; the total is the 75% seed until a worker reports the exact recommended-max figure) [3mindex[0m[2m=[0m0 [3muuid[0m[2m=[0mGPU-MPS [3mname[0m[2m=[0mApple M3 Max (128 GB) [3mtotal_mb[0m[2m=[0m98304 [3mram_mb[0m[2m=[0m131072 [3munified[0m[2m=[0mtrue
[2m2026-09-17T01:00:01.154651Z[0m [32m INFO[0m [2mpanoptikon::inferio::gpu[0m[2m:[0m admitting batches from workers that run on the CPU against system RAM (running out of it is an OS process kill rather than a catchable allocation failure, so the device ships with a default ceiling) [3muuid[0m[2m=[0mCPU [3mname[0m[2m=[0mCPU (128 GB) [3mtotal_mb[0m[2m=[0m131072 [3mdefault_cap_fraction[0m[2m=[0m0.75 [3maccelerators[0m[2m=[0m1
[2m2026-09-17T01:00:01.155352Z[0m [32m INFO[0m [2mpanoptikon[0m[2m:[0m serving /api/inference locally (inference_local.enabled)
[2m2026-09-17T01:00:01.225390Z[0m [32m INFO[0m [2mpanoptikon[0m[2m:[0m gateway listening [3mendpoint[0m[2m=[0mdefault [3maddress[0m[2m=[0m127.0.0.1:6342
[2m2026-09-17T01:00:01.225425Z[0m [32m INFO[0m [2mpanoptikon[0m[2m:[0m gateway listening [3mendpoint[0m[2m=[0mtest [3maddress[0m[2m=[0m127.0.0.1:6343
[2m2026-09-17T01:00:01.225439Z[0m [32m INFO[0m [2mpanoptikon[0m[2m:[0m gateway listening [3mendpoint[0m[2m=[0mlegacy_ui [3maddress[0m[2m=[0m127.0.0.1:6339
[2m2026-09-17T01:00:01.225449Z[0m [32m INFO[0m [2mpanoptikon[0m[2m:[0m serving HTTP/1.1 and HTTP/2 cleartext [3mmax_concurrent_streams[0m[2m=[0m512
[2m2026-09-17T01:00:01.240360Z[0m [32m INFO[0m [2mpanoptikon::media_tools[0m[2m:[0m media tools resolved [3mffmpeg[0m[2m=[0m/Users/moot/projects/panoptikon-pr27/python/.venv/lib/python3.12/site-packages/static_ffmpeg/bin/darwin_arm64/ffmpeg [3mffprobe[0m[2m=[0m/Users/moot/projects/panoptikon-pr27/python/.venv/lib/python3.12/site-packages/static_ffmpeg/bin/darwin_arm64/ffprobe
[2m2026-09-17T01:00:01.423728Z[0m [32m INFO[0m [2mpanoptikon::media_tools::transcode::hw[0m[2m:[0m hardware H.264 encoder validated [3mencoder[0m[2m=[0m"h264_videotoolbox"
[2m2026-09-17T01:00:03.444524Z[0m [32m INFO[0m [2mpanoptikon::jobs::files[0m[2m:[0m file scan phase timing [3mfolder[0m[2m=[0m"/Users/moot/projects/panoptikon-pr27/tools/calibration-protocol/results/corpus/smoke/" [3mhashing_busy_secs[0m[2m=[0m0.05131833299999999 [3mhashing_work_secs[0m[2m=[0m0.10515683399999999 [3mmetadata_busy_secs[0m[2m=[0m0.018336415999999994 [3mmetadata_work_secs[0m[2m=[0m0.023319004 [3mthumbgen_busy_secs[0m[2m=[0m1.430314 [3mthumbgen_work_secs[0m[2m=[0m9.783980993999998 [3mblurhash_busy_secs[0m[2m=[0m0.17625550300000006 [3mblurhash_work_secs[0m[2m=[0m0.3573608740000002
[2m2026-09-17T01:00:03.491336Z[0m [32m INFO[0m [2mpanoptikon::jobs::files[0m[2m:[0m file scan phase timing [3mfolder[0m[2m=[0m"/Users/moot/projects/panoptikon-pr27/tools/calibration-protocol/results/corpus/smoke/" [3mhashing_busy_secs[0m[2m=[0m0.0 [3mhashing_work_secs[0m[2m=[0m0.0 [3mmetadata_busy_secs[0m[2m=[0m0.0 [3mmetadata_work_secs[0m[2m=[0m0.0 [3mthumbgen_busy_secs[0m[2m=[0m0.0 [3mthumbgen_work_secs[0m[2m=[0m0.0 [3mblurhash_busy_secs[0m[2m=[0m0.0 [3mblurhash_work_secs[0m[2m=[0m0.0
[2m2026-09-17T01:00:03.492463Z[0m [32m INFO[0m [1mActor[0m[1m{[0m[3mid[0m[2m=[0m"0.5" [3mname[0m[2m=[0m"job-runner"[1m}[0m[2m:[0m [2mpanoptikon::jobs::queue[0m[2m:[0m scheduling deferred database maintenance [3mindex_db[0m[2m=[0m"cal" [3mqueue_id[0m[2m=[0m3 [3mowed[0m[2m=[0mwrote_data
[2m2026-09-17T01:00:04.019280Z[0m [34mDEBUG[0m [2mpanoptikon::inferio_client[0m[2m:[0m multiplexing inference requests over HTTP/2 cleartext [3mendpoint[0m[2m=[0mhttp://127.0.0.1:6342/api/inference [3mconnection_lanes[0m[2m=[0m64 [3mstreams_per_lane[0m[2m=[0m64 [3mmax_concurrent[0m[2m=[0m256 [3mmax_concurrent_ceiling[0m[2m=[0m4096
[2m2026-09-17T01:00:04.051547Z[0m [34mDEBUG[0m [2mpanoptikon::inferio::manager[0m[2m:[0m resolved cost dimension [3mmodel[0m[2m=[0mtags/wd-vit-tagger-v3 [3munit[0m[2m=[0m"item" [3maggregation[0m[2m=[0m"count" [3mepoch[0m[2m=[0m1 [3mseed_units[0m[2m=[0m64 [3mpriced[0m[2m=[0mtrue [3mdegraded[0m[2m=[0mfalse
[2m2026-09-17T01:00:04.051588Z[0m [34mDEBUG[0m [2mpanoptikon::inferio::ledger[0m[2m:[0m probing the host for this GPU's free memory before pricing a load against it [3mmodel[0m[2m=[0m"tags/wd-vit-tagger-v3" [3mgpu[0m[2m=[0m"GPU-MPS" [3mreason[0m[2m=[0m"no free sample: this GPU has never had a resident" [3msample_age_ms[0m[2m=[0mNone
[2m2026-09-17T01:00:04.051647Z[0m [34mDEBUG[0m [2mpanoptikon::inferio::ledger[0m[2m:[0m refreshed the GPU's free memory from the host probe [3mgpu[0m[2m=[0mGPU-MPS [3msource[0m[2m=[0m"mps" [3mfree_mb[0m[2m=[0m106589 [3mtotal_mb[0m[2m=[0m98304 [3mexternal_mb[0m[2m=[0m24483 [3mprevious_age_ms[0m[2m=[0mNone [3mrecorded[0m[2m=[0mtrue
[2m2026-09-17T01:00:04.052373Z[0m [34mDEBUG[0m [2mpanoptikon::inferio::worker[0m[2m:[0m spawned an inferio worker [3mworker[0m[2m=[0mwd_tagger [3minference_id[0m[2m=[0m"tags/wd-vit-tagger-v3" [3mpid[0m[2m=[0mSome(46388)
[2m2026-09-17T01:00:04.712288Z[0m [32m INFO[0m [2mpanoptikon::inferio::worker[0m[2m:[0m 2026-09-17 03:00:04,712 [INFO] inferio_worker: Resolved impl class wd_tagger to /Users/moot/projects/panoptikon-pr27/python/inferio/impl/wd_tagger.py [3mworker[0m[2m=[0mwd_tagger
[2m2026-09-17T01:00:04.712326Z[0m [32m INFO[0m [2mpanoptikon::inferio::worker[0m[2m:[0m 2026-09-17 03:00:04,712 [INFO] inferio_worker: Handshake ok for impl class wd_tagger [3mworker[0m[2m=[0mwd_tagger
[2m2026-09-17T01:00:04.712446Z[0m [32m INFO[0m [2mpanoptikon::inferio::worker[0m[2m:[0m 2026-09-17 03:00:04,712 [INFO] inferio_worker: Configured as tags/wd-vit-tagger-v3 [3mworker[0m[2m=[0mwd_tagger
[2m2026-09-17T01:00:04.722909Z[0m [32m INFO[0m [2mpanoptikon::inferio::worker[0m[2m:[0m 2026-09-17 03:00:04,722 [DEBUG] inferio_worker.memory: NVML init failed (NVML Shared Library Not Found) [3mworker[0m[2m=[0mwd_tagger
[2m2026-09-17T01:00:05.363570Z[0m [32m INFO[0m [2mpanoptikon::inferio::worker[0m[2m:[0m 2026-09-17 03:00:05,363 [DEBUG] urllib3.connectionpool: Starting new HTTPS connection (1): huggingface.co:443 [3mworker[0m[2m=[0mwd_tagger
[2m2026-09-17T01:00:05.527707Z[0m [32m INFO[0m [2mpanoptikon::inferio::worker[0m[2m:[0m 2026-09-17 03:00:05,527 [DEBUG] urllib3.connectionpool: https://huggingface.co:443 "HEAD /SmilingWolf/wd-vit-tagger-v3/resolve/main/selected_tags.csv HTTP/1.1" 307 0 [3mworker[0m[2m=[0mwd_tagger
[2m2026-09-17T01:00:05.544408Z[0m [32m INFO[0m [2mpanoptikon::inferio::worker[0m[2m:[0m 2026-09-17 03:00:05,544 [DEBUG] urllib3.connectionpool: https://huggingface.co:443 "HEAD /api/resolve-cache/models/SmilingWolf/wd-vit-tagger-v3/7f6b584d0bd3f55c4531f14ba3d4761b2bccdc0f/selected_tags.csv HTTP/1.1" 200 0 [3mworker[0m[2m=[0mwd_tagger
[2m2026-09-17T01:00:05.684150Z[0m [32m INFO[0m [2mpanoptikon::inferio::worker[0m[2m:[0m 2026-09-17 03:00:05,683 [DEBUG] urllib3.connectionpool: https://huggingface.co:443 "HEAD /SmilingWolf/wd-vit-tagger-v3/resolve/main/config.json HTTP/1.1" 307 0 [3mworker[0m[2m=[0mwd_tagger
[2m2026-09-17T01:00:05.701152Z[0m [32m INFO[0m [2mpanoptikon::inferio::worker[0m[2m:[0m 2026-09-17 03:00:05,700 [DEBUG] urllib3.connectionpool: https://huggingface.co:443 "HEAD /api/resolve-cache/models/SmilingWolf/wd-vit-tagger-v3/7f6b584d0bd3f55c4531f14ba3d4761b2bccdc0f/config.json HTTP/1.1" 200 0 [3mworker[0m[2m=[0mwd_tagger
[2m2026-09-17T01:00:06.437155Z[0m [32m INFO[0m [2mpanoptikon::inferio::worker[0m[2m:[0m 2026-09-17 03:00:06,437 [DEBUG] urllib3.connectionpool: https://huggingface.co:443 "HEAD /SmilingWolf/wd-vit-tagger-v3/resolve/main/model.safetensors HTTP/1.1" 302 0 [3mworker[0m[2m=[0mwd_tagger
[2m2026-09-17T01:00:06.438218Z[0m [32m INFO[0m [2mpanoptikon::inferio::worker[0m[2m:[0m 2026-09-17 03:00:06,438 [INFO] timm.models._hub: [SmilingWolf/wd-vit-tagger-v3] Safe alternative available for 'pytorch_model.bin' (as 'model.safetensors'). Loading weights using safetensors. [3mworker[0m[2m=[0mwd_tagger
[2m2026-09-17T01:00:06.564207Z[0m [32m INFO[0m [2mpanoptikon::inferio::worker[0m[2m:[0m 2026-09-17 03:00:06,564 [DEBUG] inferio_worker_impl_0_wd_tagger: Model SmilingWolf/wd-vit-tagger-v3 loaded [3mworker[0m[2m=[0mwd_tagger
[2m2026-09-17T01:00:06.566716Z[0m [34mDEBUG[0m [2mpanoptikon::inferio::worker[0m[2m:[0m worker reported its load footprint [3mworker[0m[2m=[0mtags/wd-vit-tagger-v3 [3mbase_mb[0m[2m=[0m1384 [3mbase_method[0m[2m=[0m"mps" [3mdtype[0m[2m=[0m"fp32" [3mdtype_method[0m[2m=[0m"inferred" [3mgpu_name[0m[2m=[0m"Apple M3 Max (128 GB)" [3mgpu_arch[0m[2m=[0m"apple-m3" [3mgpu_total_mb[0m[2m=[0m110100 [3mtorch[0m[2m=[0m"2.7.1"
[2m2026-09-17T01:00:06.566755Z[0m [34mDEBUG[0m [2mpanoptikon::inferio::manager[0m[2m:[0m replica loaded [3mmodel[0m[2m=[0mtags/wd-vit-tagger-v3 [3mreplica[0m[2m=[0m0 [3mdevice[0m[2m=[0m"<unpinned>"
[2m2026-09-17T01:00:06.566789Z[0m [32m INFO[0m [2mpanoptikon::inferio::ledger[0m[2m:[0m this unified-memory device's admission total is now the figure the worker's own runtime reports, which is what its allocations are actually judged against; the probe's seed was a default fraction of host RAM and a raised GPU memory limit moves the real figure well away from it [3mmodel[0m[2m=[0mtags/wd-vit-tagger-v3 [3mgpu[0m[2m=[0mGPU-MPS [3mseed_total_mb[0m[2m=[0m98304 [3mreported_total_mb[0m[2m=[0m110100 [3mram_mb[0m[2m=[0m131072
[2m2026-09-17T01:00:06.566941Z[0m [34mDEBUG[0m [2mpanoptikon::inferio::ledger[0m[2m:[0m admitted a worker to a GPU's ledger [3mmodel[0m[2m=[0mtags/wd-vit-tagger-v3 [3mgpu[0m[2m=[0mGPU-MPS [3mreplica[0m[2m=[0m2 [3mbase_mb[0m[2m=[0mSome(1384) [3mbase_method[0m[2m=[0m"mps" [3mreserved_at_load_mb[0m[2m=[0mSome(1384) [3mseeded_from_store[0m[2m=[0mfalse
[2m2026-09-17T01:00:06.571374Z[0m [34mDEBUG[0m [2mpanoptikon::inferio::http[0m[2m:[0m processing local inference predict [3mmodel[0m[2m=[0mtags/wd-vit-tagger-v3 [3minputs[0m[2m=[0m1
[2m2026-09-17T01:00:06.571375Z[0m [34mDEBUG[0m [2mpanoptikon::inferio::http[0m[2m:[0m processing local inference predict [3mmodel[0m[2m=[0mtags/wd-vit-tagger-v3 [3minputs[0m[2m=[0m1
[2m2026-09-17T01:00:06.571571Z[0m [34mDEBUG[0m [2mpanoptikon::inferio::ledger[0m[2m:[0m issued a memory grant [3mmodel[0m[2m=[0mtags/wd-vit-tagger-v3 [3mgpu[0m[2m=[0mGPU-MPS [3munit_budget[0m[2m=[0m1 [3mmb[0m[2m=[0m103416 [3mcanvas_pixels[0m[2m=[0mnone [3mshare_mb[0m[2m=[0m103416 [3mroom_mb[0m[2m=[0m103416 [3mheadroom_mb[0m[2m=[0m103416 [3mexternal_mb[0m[2m=[0m25248 [3mreserve_mb[0m[2m=[0m1024 [3mreserve_rule[0m[2m=[0m"capped_default" [3mpre_fit[0m[2m=[0mtrue [3mramp_step[0m[2m=[0m0 [3mdeflation[0m[2m=[0m0 [3msqueezed[0m[2m=[0mfalse [3mwindow_requests[0m[2m=[0m1
[2m2026-09-17T01:00:06.571863Z[0m [34mDEBUG[0m [2mpanoptikon::inferio::http[0m[2m:[0m processing local inference predict [3mmodel[0m[2m=[0mtags/wd-vit-tagger-v3 [3minputs[0m[2m=[0m1
[2m2026-09-17T01:00:06.571914Z[0m [34mDEBUG[0m [2mpanoptikon::inferio::http[0m[2m:[0m processing local inference predict [3mmodel[0m[2m=[0mtags/wd-vit-tagger-v3 [3minputs[0m[2m=[0m1
[2m2026-09-17T01:00:06.571946Z[0m [34mDEBUG[0m [2mpanoptikon::inferio::http[0m[2m:[0m processing local inference predict [3mmodel[0m[2m=[0mtags/wd-vit-tagger-v3 [3minputs[0m[2m=[0m1
[2m2026-09-17T01:00:06.571971Z[0m [34mDEBUG[0m [2mpanoptikon::inferio::http[0m[2m:[0m processing local inference predict [3mmodel[0m[2m=[0mtags/wd-vit-tagger-v3 [3minputs[0m[2m=[0m1
[2m2026-09-17T01:00:06.571927Z[0m [34mDEBUG[0m [2mpanoptikon::inferio::http[0m[2m:[0m processing local inference predict [3mmodel[0m[2m=[0mtags/wd-vit-tagger-v3 [3minputs[0m[2m=[0m1
[2m2026-09-17T01:00:06.572316Z[0m [34mDEBUG[0m [2mpanoptikon::inferio::http[0m[2m:[0m processing local inference predict [3mmodel[0m[2m=[0mtags/wd-vit-tagger-v3 [3minputs[0m[2m=[0m1
[2m2026-09-17T01:00:06.572340Z[0m [34mDEBUG[0m [2mpanoptikon::inferio::http[0m[2m:[0m processing local inference predict [3mmodel[0m[2m=[0mtags/wd-vit-tagger-v3 [3minputs[0m[2m=[0m1
[2m2026-09-17T01:00:06.572406Z[0m [34mDEBUG[0m [2mpanoptikon::inferio::http[0m[2m:[0m processing local inference predict [3mmodel[0m[2m=[0mtags/wd-vit-tagger-v3 [3minputs[0m[2m=[0m1
[2m2026-09-17T01:00:06.572755Z[0m [34mDEBUG[0m [2mpanoptikon::inferio::http[0m[2m:[0m processing local inference predict [3mmodel[0m[2m=[0mtags/wd-vit-tagger-v3 [3minputs[0m[2m=[0m1
[2m2026-09-17T01:00:06.572769Z[0m [34mDEBUG[0m [2mpanoptikon::inferio::http[0m[2m:[0m processing local inference predict [3mmodel[0m[2m=[0mtags/wd-vit-tagger-v3 [3minputs[0m[2m=[0m1
[2m2026-09-17T01:00:06.572799Z[0m [34mDEBUG[0m [2mpanoptikon::inferio::http[0m[2m:[0m processing local inference predict [3mmodel[0m[2m=[0mtags/wd-vit-tagger-v3 [3minputs[0m[2m=[0m1
[2m2026-09-17T01:00:06.572809Z[0m [34mDEBUG[0m [2mpanoptikon::inferio::http[0m[2m:[0m processing local inference predict [3mmodel[0m[2m=[0mtags/wd-vit-tagger-v3 [3minputs[0m[2m=[0m1
[2m2026-09-17T01:00:06.572887Z[0m [34mDEBUG[0m [2mpanoptikon::inferio::http[0m[2m:[0m processing local inference predict [3mmodel[0m[2m=[0mtags/wd-vit-tagger-v3 [3minputs[0m[2m=[0m1
[2m2026-09-17T01:00:06.572905Z[0m [34mDEBUG[0m [2mpanoptikon::inferio::http[0m[2m:[0m processing local inference predict [3mmodel[0m[2m=[0mtags/wd-vit-tagger-v3 [3minputs[0m[2m=[0m1
[2m2026-09-17T01:00:06.572904Z[0m [34mDEBUG[0m [2mpanoptikon::inferio::http[0m[2m:[0m processing local inference predict [3mmodel[0m[2m=[0mtags/wd-vit-tagger-v3 [3minputs[0m[2m=[0m1
[2m2026-09-17T01:00:06.573273Z[0m [34mDEBUG[0m [2mpanoptikon::inferio::http[0m[2m:[0m processing local inference predict [3mmodel[0m[2m=[0mtags/wd-vit-tagger-v3 [3minputs[0m[2m=[0m1
[2m2026-09-17T01:00:06.573412Z[0m [34mDEBUG[0m [2mpanoptikon::inferio::http[0m[2m:[0m processing local inference predict [3mmodel[0m[2m=[0mtags/wd-vit-tagger-v3 [3minputs[0m[2m=[0m1
[2m2026-09-17T01:00:06.573473Z[0m [34mDEBUG[0m [2mpanoptikon::inferio::http[0m[2m:[0m processing local inference predict [3mmodel[0m[2m=[0mtags/wd-vit-tagger-v3 [3minputs[0m[2m=[0m1
[2m2026-09-17T01:00:06.573609Z[0m [34mDEBUG[0m [2mpanoptikon::inferio::http[0m[2m:[0m processing local inference predict [3mmodel[0m[2m=[0mtags/wd-vit-tagger-v3 [3minputs[0m[2m=[0m1
[2m2026-09-17T01:00:06.573724Z[0m [34mDEBUG[0m [2mpanoptikon::inferio::http[0m[2m:[0m processing local inference predict [3mmodel[0m[2m=[0mtags/wd-vit-tagger-v3 [3minputs[0m[2m=[0m1
[2m2026-09-17T01:00:06.573757Z[0m [34mDEBUG[0m [2mpanoptikon::inferio::http[0m[2m:[0m processing local inference predict [3mmodel[0m[2m=[0mtags/wd-vit-tagger-v3 [3minputs[0m[2m=[0m1
[2m2026-09-17T01:00:06.573838Z[0m [34mDEBUG[0m [2mpanoptikon::inferio::http[0m[2m:[0m processing local inference predict [3mmodel[0m[2m=[0mtags/wd-vit-tagger-v3 [3minputs[0m[2m=[0m1
[2m2026-09-17T01:00:06.573963Z[0m [34mDEBUG[0m [2mpanoptikon::inferio::http[0m[2m:[0m processing local inference predict [3mmodel[0m[2m=[0mtags/wd-vit-tagger-v3 [3minputs[0m[2m=[0m1
[2m2026-09-17T01:00:06.574024Z[0m [34mDEBUG[0m [2mpanoptikon::inferio::http[0m[2m:[0m processing local inference predict [3mmodel[0m[2m=[0mtags/wd-vit-tagger-v3 [3minputs[0m[2m=[0m1
[2m2026-09-17T01:00:06.574035Z[0m [34mDEBUG[0m [2mpanoptikon::inferio::http[0m[2m:[0m processing local inference predict [3mmodel[0m[2m=[0mtags/wd-vit-tagger-v3 [3minputs[0m[2m=[0m1
[2m2026-09-17T01:00:06.574267Z[0m [34mDEBUG[0m [2mpanoptikon::inferio::http[0m[2m:[0m processing local inference predict [3mmodel[0m[2m=[0mtags/wd-vit-tagger-v3 [3minputs[0m[2m=[0m1
[2m2026-09-17T01:00:06.574523Z[0m [34mDEBUG[0m [2mpanoptikon::inferio::http[0m[2m:[0m processing local inference predict [3mmodel[0m[2m=[0mtags/wd-vit-tagger-v3 [3minputs[0m[2m=[0m1
[2m2026-09-17T01:00:06.574609Z[0m [34mDEBUG[0m [2mpanoptikon::inferio::http[0m[2m:[0m processing local inference predict [3mmodel[0m[2m=[0mtags/wd-vit-tagger-v3 [3minputs[0m[2m=[0m1
[2m2026-09-17T01:00:06.574794Z[0m [34mDEBUG[0m [2mpanoptikon::inferio::http[0m[2m:[0m processing local inference predict [3mmodel[0m[2m=[0mtags/wd-vit-tagger-v3 [3minputs[0m[2m=[0m1
[2m2026-09-17T01:00:06.574820Z[0m [34mDEBUG[0m [2mpanoptikon::inferio::http[0m[2m:[0m processing local inference predict [3mmodel[0m[2m=[0mtags/wd-vit-tagger-v3 [3minputs[0m[2m=[0m1
[2m2026-09-17T01:00:06.575060Z[0m [34mDEBUG[0m [2mpanoptikon::inferio::http[0m[2m:[0m processing local inference predict [3mmodel[0m[2m=[0mtags/wd-vit-tagger-v3 [3minputs[0m[2m=[0m1
[2m2026-09-17T01:00:06.575109Z[0m [34mDEBUG[0m [2mpanoptikon::inferio::http[0m[2m:[0m processing local inference predict [3mmodel[0m[2m=[0mtags/wd-vit-tagger-v3 [3minputs[0m[2m=[0m1
[2m2026-09-17T01:00:06.575125Z[0m [34mDEBUG[0m [2mpanoptikon::inferio::http[0m[2m:[0m processing local inference predict [3mmodel[0m[2m=[0mtags/wd-vit-tagger-v3 [3minputs[0m[2m=[0m1
[2m2026-09-17T01:00:06.575283Z[0m [34mDEBUG[0m [2mpanoptikon::inferio::http[0m[2m:[0m processing local inference predict [3mmodel[0m[2m=[0mtags/wd-vit-tagger-v3 [3minputs[0m[2m=[0m1
[2m2026-09-17T01:00:06.575303Z[0m [34mDEBUG[0m [2mpanoptikon::inferio::http[0m[2m:[0m processing local inference predict [3mmodel[0m[2m=[0mtags/wd-vit-tagger-v3 [3minputs[0m[2m=[0m1
[2m2026-09-17T01:00:06.575872Z[0m [34mDEBUG[0m [2mpanoptikon::inferio::http[0m[2m:[0m processing local inference predict [3mmodel[0m[2m=[0mtags/wd-vit-tagger-v3 [3minputs[0m[2m=[0m1
[2m2026-09-17T01:00:06.575893Z[0m [34mDEBUG[0m [2mpanoptikon::inferio::http[0m[2m:[0m processing local inference predict [3mmodel[0m[2m=[0mtags/wd-vit-tagger-v3 [3minputs[0m[2m=[0m1
[2m2026-09-17T01:00:06.575875Z[0m [34mDEBUG[0m [2mpanoptikon::inferio::http[0m[2m:[0m processing local inference predict [3mmodel[0m[2m=[0mtags/wd-vit-tagger-v3 [3minputs[0m[2m=[0m1
[2m2026-09-17T01:00:06.575897Z[0m [34mDEBUG[0m [2mpanoptikon::inferio::http[0m[2m:[0m processing local inference predict [3mmodel[0m[2m=[0mtags/wd-vit-tagger-v3 [3minputs[0m[2m=[0m1
[2m2026-09-17T01:00:06.575962Z[0m [34mDEBUG[0m [2mpanoptikon::inferio::http[0m[2m:[0m processing local inference predict [3mmodel[0m[2m=[0mtags/wd-vit-tagger-v3 [3minputs[0m[2m=[0m1
[2m2026-09-17T01:00:06.576098Z[0m [34mDEBUG[0m [2mpanoptikon::inferio::http[0m[2m:[0m processing local inference predict [3mmodel[0m[2m=[0mtags/wd-vit-tagger-v3 [3minputs[0m[2m=[0m1
[2m2026-09-17T01:00:06.576192Z[0m [34mDEBUG[0m [2mpanoptikon::inferio::http[0m[2m:[0m processing local inference predict [3mmodel[0m[2m=[0mtags/wd-vit-tagger-v3 [3minputs[0m[2m=[0m1
[2m2026-09-17T01:00:06.576122Z[0m [34mDEBUG[0m [2mpanoptikon::inferio::http[0m[2m:[0m processing local inference predict [3mmodel[0m[2m=[0mtags/wd-vit-tagger-v3 [3minputs[0m[2m=[0m1
[2m2026-09-17T01:00:06.576336Z[0m [34mDEBUG[0m [2mpanoptikon::inferio::http[0m[2m:[0m processing local inference predict [3mmodel[0m[2m=[0mtags/wd-vit-tagger-v3 [3minputs[0m[2m=[0m1
[2m2026-09-17T01:00:06.576353Z[0m [34mDEBUG[0m [2mpanoptikon::inferio::http[0m[2m:[0m processing local inference predict [3mmodel[0m[2m=[0mtags/wd-vit-tagger-v3 [3minputs[0m[2m=[0m1
[2m2026-09-17T01:00:06.576360Z[0m [34mDEBUG[0m [2mpanoptikon::inferio::http[0m[2m:[0m processing local inference predict [3mmodel[0m[2m=[0mtags/wd-vit-tagger-v3 [3minputs[0m[2m=[0m1
[2m2026-09-17T01:00:06.576371Z[0m [34mDEBUG[0m [2mpanoptikon::inferio::http[0m[2m:[0m processing local inference predict [3mmodel[0m[2m=[0mtags/wd-vit-tagger-v3 [3minputs[0m[2m=[0m1
[2m2026-09-17T01:00:06.576502Z[0m [34mDEBUG[0m [2mpanoptikon::inferio::http[0m[2m:[0m processing local inference predict [3mmodel[0m[2m=[0mtags/wd-vit-tagger-v3 [3minputs[0m[2m=[0m1
[2m2026-09-17T01:00:06.576508Z[0m [34mDEBUG[0m [2mpanoptikon::inferio::http[0m[2m:[0m processing local inference predict [3mmodel[0m[2m=[0mtags/wd-vit-tagger-v3 [3minputs[0m[2m=[0m1
[2m2026-09-17T01:00:06.576508Z[0m [34mDEBUG[0m [2mpanoptikon::inferio::http[0m[2m:[0m processing local inference predict [3mmodel[0m[2m=[0mtags/wd-vit-tagger-v3 [3minputs[0m[2m=[0m1
[2m2026-09-17T01:00:06.576558Z[0m [34mDEBUG[0m [2mpanoptikon::inferio::http[0m[2m:[0m processing local inference predict [3mmodel[0m[2m=[0mtags/wd-vit-tagger-v3 [3minputs[0m[2m=[0m1
[2m2026-09-17T01:00:06.576666Z[0m [34mDEBUG[0m [2mpanoptikon::inferio::http[0m[2m:[0m processing local inference predict [3mmodel[0m[2m=[0mtags/wd-vit-tagger-v3 [3minputs[0m[2m=[0m1
[2m2026-09-17T01:00:06.576710Z[0m [34mDEBUG[0m [2mpanoptikon::inferio::http[0m[2m:[0m processing local inference predict [3mmodel[0m[2m=[0mtags/wd-vit-tagger-v3 [3minputs[0m[2m=[0m1
[2m2026-09-17T01:00:06.576872Z[0m [34mDEBUG[0m [2mpanoptikon::inferio::http[0m[2m:[0m processing local inference predict [3mmodel[0m[2m=[0mtags/wd-vit-tagger-v3 [3minputs[0m[2m=[0m1
[2m2026-09-17T01:00:06.577018Z[0m [34mDEBUG[0m [2mpanoptikon::inferio::http[0m[2m:[0m processing local inference predict [3mmodel[0m[2m=[0mtags/wd-vit-tagger-v3 [3minputs[0m[2m=[0m1
[2m2026-09-17T01:00:06.577023Z[0m [34mDEBUG[0m [2mpanoptikon::inferio::http[0m[2m:[0m processing local inference predict [3mmodel[0m[2m=[0mtags/wd-vit-tagger-v3 [3minputs[0m[2m=[0m1
[2m2026-09-17T01:00:06.577134Z[0m [34mDEBUG[0m [2mpanoptikon::inferio::http[0m[2m:[0m processing local inference predict [3mmodel[0m[2m=[0mtags/wd-vit-tagger-v3 [3minputs[0m[2m=[0m1
[2m2026-09-17T01:00:06.577143Z[0m [34mDEBUG[0m [2mpanoptikon::inferio::http[0m[2m:[0m processing local inference predict [3mmodel[0m[2m=[0mtags/wd-vit-tagger-v3 [3minputs[0m[2m=[0m1
[2m2026-09-17T01:00:06.577326Z[0m [34mDEBUG[0m [2mpanoptikon::inferio::http[0m[2m:[0m processing local inference predict [3mmodel[0m[2m=[0mtags/wd-vit-tagger-v3 [3minputs[0m[2m=[0m1
[2m2026-09-17T01:00:06.577336Z[0m [34mDEBUG[0m [2mpanoptikon::inferio::http[0m[2m:[0m processing local inference predict [3mmodel[0m[2m=[0mtags/wd-vit-tagger-v3 [3minputs[0m[2m=[0m1
[2m2026-09-17T01:00:06.577339Z[0m [34mDEBUG[0m [2mpanoptikon::inferio::http[0m[2m:[0m processing local inference predict [3mmodel[0m[2m=[0mtags/wd-vit-tagger-v3 [3minputs[0m[2m=[0m1
[2m2026-09-17T01:00:06.577351Z[0m [34mDEBUG[0m [2mpanoptikon::inferio::http[0m[2m:[0m processing local inference predict [3mmodel[0m[2m=[0mtags/wd-vit-tagger-v3 [3minputs[0m[2m=[0m1
[2m2026-09-17T01:00:06.583744Z[0m [32m INFO[0m [2mpanoptikon::inferio::worker[0m[2m:[0m 2026-09-17 03:00:06,583 [DEBUG] inferio_worker_impl_0_wd_tagger: Running inference on 1 images [3mworker[0m[2m=[0mwd_tagger
[2m2026-09-17T01:00:06.674174Z[0m [34mDEBUG[0m [2mpanoptikon::inferio::ledger[0m[2m:[0m queued a calibration profile update for the store [3mmodel[0m[2m=[0mtags/wd-vit-tagger-v3 [3mgpu[0m[2m=[0mGPU-MPS [3mreason[0m[2m=[0m"anchor_advanced" [3mmax_units_measured[0m[2m=[0m0 [3mfit_version[0m[2m=[0m0
[2m2026-09-17T01:00:06.674214Z[0m [34mDEBUG[0m [2mpanoptikon::inferio::ledger[0m[2m:[0m settled a granted window [3mmodel[0m[2m=[0mtags/wd-vit-tagger-v3 [3mgpu[0m[2m=[0mGPU-MPS [3moutcome[0m[2m=[0m"clean" [3mfit_samples[0m[2m=[0m1 [3mthroughput_samples[0m[2m=[0m0 [3mclamped_samples[0m[2m=[0m0 [3mclamped[0m[2m=[0mnone [3mramp_step[0m[2m=[0m0 [3mdeflation[0m[2m=[0m0 [3mclean_windows[0m[2m=[0m1 [3mmax_units_measured[0m[2m=[0m1
[2m2026-09-17T01:00:06.674247Z[0m [34mDEBUG[0m [2mpanoptikon::inferio::ledger[0m[2m:[0m issued a memory grant [3mmodel[0m[2m=[0mtags/wd-vit-tagger-v3 [3mgpu[0m[2m=[0mGPU-MPS [3munit_budget[0m[2m=[0m2 [3mmb[0m[2m=[0m103369 [3mcanvas_pixels[0m[2m=[0mnone [3mshare_mb[0m[2m=[0m103369 [3mroom_mb[0m[2m=[0m103369 [3mheadroom_mb[0m[2m=[0m103297 [3mexternal_mb[0m[2m=[0m25295 [3mreserve_mb[0m[2m=[0m1024 [3mreserve_rule[0m[2m=[0m"capped_default" [3mpre_fit[0m[2m=[0mtrue [3mramp_step[0m[2m=[0m0 [3mdeflation[0m[2m=[0m0 [3msqueezed[0m[2m=[0mfalse [3mwindow_requests[0m[2m=[0m6
[2m2026-09-17T01:00:06.674822Z[0m [34mDEBUG[0m [2mpanoptikon::inferio::http[0m[2m:[0m processing local inference predict [3mmodel[0m[2m=[0mtags/wd-vit-tagger-v3 [3minputs[0m[2m=[0m1
[2m2026-09-17T01:00:06.674823Z[0m [34mDEBUG[0m [2mpanoptikon::inferio::http[0m[2m:[0m processing local inference predict [3mmodel[0m[2m=[0mtags/wd-vit-tagger-v3 [3minputs[0m[2m=[0m1
[2m2026-09-17T01:00:06.675419Z[0m [34mDEBUG[0m [2mpanoptikon::inferio::http[0m[2m:[0m processing local inference predict [3mmodel[0m[2m=[0mtags/wd-vit-tagger-v3 [3minputs[0m[2m=[0m1
[2m2026-09-17T01:00:06.675553Z[0m [34mDEBUG[0m [2mpanoptikon::inferio::http[0m[2m:[0m processing local inference predict [3mmodel[0m[2m=[0mtags/wd-vit-tagger-v3 [3minputs[0m[2m=[0m1
[2m2026-09-17T01:00:06.675572Z[0m [34mDEBUG[0m [2mpanoptikon::inferio::http[0m[2m:[0m processing local inference predict [3mmodel[0m[2m=[0mtags/wd-vit-tagger-v3 [3minputs[0m[2m=[0m1
[2m2026-09-17T01:00:06.675727Z[0m [34mDEBUG[0m [2mpanoptikon::inferio::http[0m[2m:[0m processing local inference predict [3mmodel[0m[2m=[0mtags/wd-vit-tagger-v3 [3minputs[0m[2m=[0m1
[2m2026-09-17T01:00:06.677271Z[0m [34mDEBUG[0m [2mpanoptikon::inferio::http[0m[2m:[0m processing local inference predict [3mmodel[0m[2m=[0mtags/wd-vit-tagger-v3 [3minputs[0m[2m=[0m1
[2m2026-09-17T01:00:06.675730Z[0m [34mDEBUG[0m [2mpanoptikon::inferio::http[0m[2m:[0m processing local inference predict [3mmodel[0m[2m=[0mtags/wd-vit-tagger-v3 [3minputs[0m[2m=[0m1
[2m2026-09-17T01:00:06.675756Z[0m [34mDEBUG[0m [2mpanoptikon::inferio::http[0m[2m:[0m processing local inference predict [3mmodel[0m[2m=[0mtags/wd-vit-tagger-v3 [3minputs[0m[2m=[0m1
[2m2026-09-17T01:00:06.675780Z[0m [34mDEBUG[0m [2mpanoptikon::inferio::http[0m[2m:[0m processing local inference predict [3mmodel[0m[2m=[0mtags/wd-vit-tagger-v3 [3minputs[0m[2m=[0m1
[2m2026-09-17T01:00:06.675799Z[0m [34mDEBUG[0m [2mpanoptikon::inferio::http[0m[2m:[0m processing local inference predict [3mmodel[0m[2m=[0mtags/wd-vit-tagger-v3 [3minputs[0m[2m=[0m1
[2m2026-09-17T01:00:06.675897Z[0m [34mDEBUG[0m [2mpanoptikon::inferio::http[0m[2m:[0m processing local inference predict [3mmodel[0m[2m=[0mtags/wd-vit-tagger-v3 [3minputs[0m[2m=[0m1
[2m2026-09-17T01:00:06.675984Z[0m [34mDEBUG[0m [2mpanoptikon::inferio::http[0m[2m:[0m processing local inference predict [3mmodel[0m[2m=[0mtags/wd-vit-tagger-v3 [3minputs[0m[2m=[0m1
[2m2026-09-17T01:00:06.676291Z[0m [34mDEBUG[0m [2mpanoptikon::inferio::http[0m[2m:[0m processing local inference predict [3mmodel[0m[2m=[0mtags/wd-vit-tagger-v3 [3minputs[0m[2m=[0m1
[2m2026-09-17T01:00:06.677405Z[0m [34mDEBUG[0m [2mpanoptikon::inferio::http[0m[2m:[0m processing local inference predict [3mmodel[0m[2m=[0mtags/wd-vit-tagger-v3 [3minputs[0m[2m=[0m1
[2m2026-09-17T01:00:06.675747Z[0m [34mDEBUG[0m [2mpanoptikon::inferio::http[0m[2m:[0m processing local inference predict [3mmodel[0m[2m=[0mtags/wd-vit-tagger-v3 [3minputs[0m[2m=[0m1
[2m2026-09-17T01:00:06.677446Z[0m [34mDEBUG[0m [2mpanoptikon::inferio::http[0m[2m:[0m processing local inference predict [3mmodel[0m[2m=[0mtags/wd-vit-tagger-v3 [3minputs[0m[2m=[0m1
[2m2026-09-17T01:00:06.677340Z[0m [34mDEBUG[0m [2mpanoptikon::inferio::http[0m[2m:[0m processing local inference predict [3mmodel[0m[2m=[0mtags/wd-vit-tagger-v3 [3minputs[0m[2m=[0m1
[2m2026-09-17T01:00:06.677307Z[0m [34mDEBUG[0m [2mpanoptikon::inferio::http[0m[2m:[0m processing local inference predict [3mmodel[0m[2m=[0mtags/wd-vit-tagger-v3 [3minputs[0m[2m=[0m1
[2m2026-09-17T01:00:06.677541Z[0m [34mDEBUG[0m [2mpanoptikon::inferio::http[0m[2m:[0m processing local inference predict [3mmodel[0m[2m=[0mtags/wd-vit-tagger-v3 [3minputs[0m[2m=[0m1
[2m2026-09-17T01:00:06.677560Z[0m [34mDEBUG[0m [2mpanoptikon::inferio::http[0m[2m:[0m processing local inference predict [3mmodel[0m[2m=[0mtags/wd-vit-tagger-v3 [3minputs[0m[2m=[0m1
[2m2026-09-17T01:00:06.677561Z[0m [34mDEBUG[0m [2mpanoptikon::inferio::http[0m[2m:[0m processing local inference predict [3mmodel[0m[2m=[0mtags/wd-vit-tagger-v3 [3minputs[0m[2m=[0m1
[2m2026-09-17T01:00:06.677566Z[0m [34mDEBUG[0m [2mpanoptikon::inferio::http[0m[2m:[0m processing local inference predict [3mmodel[0m[2m=[0mtags/wd-vit-tagger-v3 [3minputs[0m[2m=[0m1
[2m2026-09-17T01:00:06.677627Z[0m [34mDEBUG[0m [2mpanoptikon::inferio::http[0m[2m:[0m processing local inference predict [3mmodel[0m[2m=[0mtags/wd-vit-tagger-v3 [3minputs[0m[2m=[0m1
[2m2026-09-17T01:00:06.677797Z[0m [34mDEBUG[0m [2mpanoptikon::inferio::http[0m[2m:[0m processing local inference predict [3mmodel[0m[2m=[0mtags/wd-vit-tagger-v3 [3minputs[0m[2m=[0m1
[2m2026-09-17T01:00:06.677858Z[0m [34mDEBUG[0m [2mpanoptikon::inferio::http[0m[2m:[0m processing local inference predict [3mmodel[0m[2m=[0mtags/wd-vit-tagger-v3 [3minputs[0m[2m=[0m1
[2m2026-09-17T01:00:06.677927Z[0m [34mDEBUG[0m [2mpanoptikon::inferio::http[0m[2m:[0m processing local inference predict [3mmodel[0m[2m=[0mtags/wd-vit-tagger-v3 [3minputs[0m[2m=[0m1
[2m2026-09-17T01:00:06.678001Z[0m [34mDEBUG[0m [2mpanoptikon::inferio::http[0m[2m:[0m processing local inference predict [3mmodel[0m[2m=[0mtags/wd-vit-tagger-v3 [3minputs[0m[2m=[0m1
[2m2026-09-17T01:00:06.678052Z[0m [34mDEBUG[0m [2mpanoptikon::inferio::http[0m[2m:[0m processing local inference predict [3mmodel[0m[2m=[0mtags/wd-vit-tagger-v3 [3minputs[0m[2m=[0m1
[2m2026-09-17T01:00:06.678552Z[0m [32m INFO[0m [2mpanoptikon::inferio::worker[0m[2m:[0m 2026-09-17 03:00:06,678 [DEBUG] inferio_worker_impl_0_wd_tagger: Running inference on 2 images [3mworker[0m[2m=[0mwd_tagger
[2m2026-09-17T01:00:06.678562Z[0m [34mDEBUG[0m [2mpanoptikon::inferio::http[0m[2m:[0m processing local inference predict [3mmodel[0m[2m=[0mtags/wd-vit-tagger-v3 [3minputs[0m[2m=[0m1
[2m2026-09-17T01:00:06.681370Z[0m [34mDEBUG[0m [2mpanoptikon::inferio::http[0m[2m:[0m processing local inference predict [3mmodel[0m[2m=[0mtags/wd-vit-tagger-v3 [3minputs[0m[2m=[0m1
[2m2026-09-17T01:00:06.678636Z[0m [34mDEBUG[0m [2mpanoptikon::inferio::http[0m[2m:[0m processing local inference predict [3mmodel[0m[2m=[0mtags/wd-vit-tagger-v3 [3minputs[0m[2m=[0m1
[2m2026-09-17T01:00:06.678644Z[0m [34mDEBUG[0m [2mpanoptikon::inferio::http[0m[2m:[0m processing local inference predict [3mmodel[0m[2m=[0mtags/wd-vit-tagger-v3 [3minputs[0m[2m=[0m1
[2m2026-09-17T01:00:06.678655Z[0m [34mDEBUG[0m [2mpanoptikon::inferio::http[0m[2m:[0m processing local inference predict [3mmodel[0m[2m=[0mtags/wd-vit-tagger-v3 [3minputs[0m[2m=[0m1
[2m2026-09-17T01:00:06.678658Z[0m [34mDEBUG[0m [2mpanoptikon::inferio::http[0m[2m:[0m processing local inference predict [3mmodel[0m[2m=[0mtags/wd-vit-tagger-v3 [3minputs[0m[2m=[0m1
[2m2026-09-17T01:00:06.678667Z[0m [34mDEBUG[0m [2mpanoptikon::inferio::http[0m[2m:[0m processing local inference predict [3mmodel[0m[2m=[0mtags/wd-vit-tagger-v3 [3minputs[0m[2m=[0m1
[2m2026-09-17T01:00:06.678669Z[0m [34mDEBUG[0m [2mpanoptikon::inferio::http[0m[2m:[0m processing local inference predict [3mmodel[0m[2m=[0mtags/wd-vit-tagger-v3 [3minputs[0m[2m=[0m1
[2m2026-09-17T01:00:06.678804Z[0m [34mDEBUG[0m [2mpanoptikon::inferio::http[0m[2m:[0m processing local inference predict [3mmodel[0m[2m=[0mtags/wd-vit-tagger-v3 [3minputs[0m[2m=[0m1
[2m2026-09-17T01:00:06.678840Z[0m [34mDEBUG[0m [2mpanoptikon::inferio::http[0m[2m:[0m processing local inference predict [3mmodel[0m[2m=[0mtags/wd-vit-tagger-v3 [3minputs[0m[2m=[0m1
[2m2026-09-17T01:00:06.678889Z[0m [34mDEBUG[0m [2mpanoptikon::inferio::http[0m[2m:[0m processing local inference predict [3mmodel[0m[2m=[0mtags/wd-vit-tagger-v3 [3minputs[0m[2m=[0m1
[2m2026-09-17T01:00:06.679010Z[0m [34mDEBUG[0m [2mpanoptikon::inferio::http[0m[2m:[0m processing local inference predict [3mmodel[0m[2m=[0mtags/wd-vit-tagger-v3 [3minputs[0m[2m=[0m1
[2m2026-09-17T01:00:06.679020Z[0m [34mDEBUG[0m [2mpanoptikon::inferio::http[0m[2m:[0m processing local inference predict [3mmodel[0m[2m=[0mtags/wd-vit-tagger-v3 [3minputs[0m[2m=[0m1
[2m2026-09-17T01:00:06.679032Z[0m [34mDEBUG[0m [2mpanoptikon::inferio::http[0m[2m:[0m processing local inference predict [3mmodel[0m[2m=[0mtags/wd-vit-tagger-v3 [3minputs[0m[2m=[0m1
[2m2026-09-17T01:00:06.678591Z[0m [34mDEBUG[0m [2mpanoptikon::inferio::http[0m[2m:[0m processing local inference predict [3mmodel[0m[2m=[0mtags/wd-vit-tagger-v3 [3minputs[0m[2m=[0m1
[2m2026-09-17T01:00:06.681396Z[0m [34mDEBUG[0m [2mpanoptikon::inferio::http[0m[2m:[0m processing local inference predict [3mmodel[0m[2m=[0mtags/wd-vit-tagger-v3 [3minputs[0m[2m=[0m1
[2m2026-09-17T01:00:06.681400Z[0m [34mDEBUG[0m [2mpanoptikon::inferio::http[0m[2m:[0m processing local inference predict [3mmodel[0m[2m=[0mtags/wd-vit-tagger-v3 [3minputs[0m[2m=[0m1
[2m2026-09-17T01:00:06.681968Z[0m [34mDEBUG[0m [2mpanoptikon::inferio::http[0m[2m:[0m processing local inference predict [3mmodel[0m[2m=[0mtags/wd-vit-tagger-v3 [3minputs[0m[2m=[0m1
[2m2026-09-17T01:00:06.681435Z[0m [34mDEBUG[0m [2mpanoptikon::inferio::http[0m[2m:[0m processing local inference predict [3mmodel[0m[2m=[0mtags/wd-vit-tagger-v3 [3minputs[0m[2m=[0m1
[2m2026-09-17T01:00:06.681624Z[0m [34mDEBUG[0m [2mpanoptikon::inferio::http[0m[2m:[0m processing local inference predict [3mmodel[0m[2m=[0mtags/wd-vit-tagger-v3 [3minputs[0m[2m=[0m1
[2m2026-09-17T01:00:06.681661Z[0m [34mDEBUG[0m [2mpanoptikon::inferio::http[0m[2m:[0m processing local inference predict [3mmodel[0m[2m=[0mtags/wd-vit-tagger-v3 [3minputs[0m[2m=[0m1
[2m2026-09-17T01:00:06.681696Z[0m [34mDEBUG[0m [2mpanoptikon::inferio::http[0m[2m:[0m processing local inference predict [3mmodel[0m[2m=[0mtags/wd-vit-tagger-v3 [3minputs[0m[2m=[0m1
[2m2026-09-17T01:00:06.681777Z[0m [34mDEBUG[0m [2mpanoptikon::inferio::http[0m[2m:[0m processing local inference predict [3mmodel[0m[2m=[0mtags/wd-vit-tagger-v3 [3minputs[0m[2m=[0m1
[2m2026-09-17T01:00:06.681795Z[0m [34mDEBUG[0m [2mpanoptikon::inferio::http[0m[2m:[0m processing local inference predict [3mmodel[0m[2m=[0mtags/wd-vit-tagger-v3 [3minputs[0m[2m=[0m1
[2m2026-09-17T01:00:06.681899Z[0m [34mDEBUG[0m [2mpanoptikon::inferio::http[0m[2m:[0m processing local inference predict [3mmodel[0m[2m=[0mtags/wd-vit-tagger-v3 [3minputs[0m[2m=[0m1
[2m2026-09-17T01:00:06.681714Z[0m [34mDEBUG[0m [2mpanoptikon::inferio::http[0m[2m:[0m processing local inference predict [3mmodel[0m[2m=[0mtags/wd-vit-tagger-v3 [3minputs[0m[2m=[0m1
[2m2026-09-17T01:00:06.682194Z[0m [34mDEBUG[0m [2mpanoptikon::inferio::http[0m[2m:[0m processing local inference predict [3mmodel[0m[2m=[0mtags/wd-vit-tagger-v3 [3minputs[0m[2m=[0m1
[2m2026-09-17T01:00:06.682202Z[0m [34mDEBUG[0m [2mpanoptikon::inferio::http[0m[2m:[0m processing local inference predict [3mmodel[0m[2m=[0mtags/wd-vit-tagger-v3 [3minputs[0m[2m=[0m1
[2m2026-09-17T01:00:06.682314Z[0m [34mDEBUG[0m [2mpanoptikon::inferio::http[0m[2m:[0m processing local inference predict [3mmodel[0m[2m=[0mtags/wd-vit-tagger-v3 [3minputs[0m[2m=[0m1
[2m2026-09-17T01:00:06.682323Z[0m [34mDEBUG[0m [2mpanoptikon::inferio::http[0m[2m:[0m processing local inference predict [3mmodel[0m[2m=[0mtags/wd-vit-tagger-v3 [3minputs[0m[2m=[0m1
[2m2026-09-17T01:00:06.682324Z[0m [34mDEBUG[0m [2mpanoptikon::inferio::http[0m[2m:[0m processing local inference predict [3mmodel[0m[2m=[0mtags/wd-vit-tagger-v3 [3minputs[0m[2m=[0m1
[2m2026-09-17T01:00:06.682335Z[0m [34mDEBUG[0m [2mpanoptikon::inferio::http[0m[2m:[0m processing local inference predict [3mmodel[0m[2m=[0mtags/wd-vit-tagger-v3 [3minputs[0m[2m=[0m1
[2m2026-09-17T01:00:06.682338Z[0m [34mDEBUG[0m [2mpanoptikon::inferio::http[0m[2m:[0m processing local inference predict [3mmodel[0m[2m=[0mtags/wd-vit-tagger-v3 [3minputs[0m[2m=[0m1
[2m2026-09-17T01:00:06.682352Z[0m [34mDEBUG[0m [2mpanoptikon::inferio::http[0m[2m:[0m processing local inference predict [3mmodel[0m[2m=[0mtags/wd-vit-tagger-v3 [3minputs[0m[2m=[0m1
[2m2026-09-17T01:00:06.682374Z[0m [34mDEBUG[0m [2mpanoptikon::inferio::http[0m[2m:[0m processing local inference predict [3mmodel[0m[2m=[0mtags/wd-vit-tagger-v3 [3minputs[0m[2m=[0m1
[2m2026-09-17T01:00:06.682379Z[0m [34mDEBUG[0m [2mpanoptikon::inferio::http[0m[2m:[0m processing local inference predict [3mmodel[0m[2m=[0mtags/wd-vit-tagger-v3 [3minputs[0m[2m=[0m1
[2m2026-09-17T01:00:06.682390Z[0m [34mDEBUG[0m [2mpanoptikon::inferio::http[0m[2m:[0m processing local inference predict [3mmodel[0m[2m=[0mtags/wd-vit-tagger-v3 [3minputs[0m[2m=[0m1
[2m2026-09-17T01:00:06.682395Z[0m [34mDEBUG[0m [2mpanoptikon::inferio::http[0m[2m:[0m processing local inference predict [3mmodel[0m[2m=[0mtags/wd-vit-tagger-v3 [3minputs[0m[2m=[0m1
[2m2026-09-17T01:00:06.682397Z[0m [34mDEBUG[0m [2mpanoptikon::inferio::http[0m[2m:[0m processing local inference predict [3mmodel[0m[2m=[0mtags/wd-vit-tagger-v3 [3minputs[0m[2m=[0m1
[2m2026-09-17T01:00:06.682421Z[0m [34mDEBUG[0m [2mpanoptikon::inferio::http[0m[2m:[0m processing local inference predict [3mmodel[0m[2m=[0mtags/wd-vit-tagger-v3 [3minputs[0m[2m=[0m1
[2m2026-09-17T01:00:06.682515Z[0m [34mDEBUG[0m [2mpanoptikon::inferio::http[0m[2m:[0m processing local inference predict [3mmodel[0m[2m=[0mtags/wd-vit-tagger-v3 [3minputs[0m[2m=[0m1
[2m2026-09-17T01:00:06.682619Z[0m [34mDEBUG[0m [2mpanoptikon::inferio::http[0m[2m:[0m processing local inference predict [3mmodel[0m[2m=[0mtags/wd-vit-tagger-v3 [3minputs[0m[2m=[0m1
[2m2026-09-17T01:00:06.685417Z[0m [32m INFO[0m [2mpanoptikon::inferio::calibration[0m[2m:[0m wrote the local calibration store [3mpath[0m[2m=[0mdata/inferio/calibration.toml [3mprofiles[0m[2m=[0m1
[2m2026-09-17T01:00:06.685455Z[0m [34mDEBUG[0m [2mpanoptikon::inferio::http[0m[2m:[0m processing local inference predict [3mmodel[0m[2m=[0mtags/wd-vit-tagger-v3 [3minputs[0m[2m=[0m1
[2m2026-09-17T01:00:06.685466Z[0m [34mDEBUG[0m [2mpanoptikon::inferio::http[0m[2m:[0m processing local inference predict [3mmodel[0m[2m=[0mtags/wd-vit-tagger-v3 [3minputs[0m[2m=[0m1
[2m2026-09-17T01:00:06.685706Z[0m [34mDEBUG[0m [2mpanoptikon::inferio::http[0m[2m:[0m processing local inference predict [3mmodel[0m[2m=[0mtags/wd-vit-tagger-v3 [3minputs[0m[2m=[0m1
[2m2026-09-17T01:00:06.685729Z[0m [34mDEBUG[0m [2mpanoptikon::inferio::http[0m[2m:[0m processing local inference predict [3mmodel[0m[2m=[0mtags/wd-vit-tagger-v3 [3minputs[0m[2m=[0m1
[2m2026-09-17T01:00:06.685750Z[0m [34mDEBUG[0m [2mpanoptikon::inferio::http[0m[2m:[0m processing local inference predict [3mmodel[0m[2m=[0mtags/wd-vit-tagger-v3 [3minputs[0m[2m=[0m1
[2m2026-09-17T01:00:06.685765Z[0m [34mDEBUG[0m [2mpanoptikon::inferio::http[0m[2m:[0m processing local inference predict [3mmodel[0m[2m=[0mtags/wd-vit-tagger-v3 [3minputs[0m[2m=[0m1
[2m2026-09-17T01:00:06.685787Z[0m [34mDEBUG[0m [2mpanoptikon::inferio::http[0m[2m:[0m processing local inference predict [3mmodel[0m[2m=[0mtags/wd-vit-tagger-v3 [3minputs[0m[2m=[0m1
[2m2026-09-17T01:00:06.685754Z[0m [34mDEBUG[0m [2mpanoptikon::inferio::http[0m[2m:[0m processing local inference predict [3mmodel[0m[2m=[0mtags/wd-vit-tagger-v3 [3minputs[0m[2m=[0m1
[2m2026-09-17T01:00:06.685804Z[0m [34mDEBUG[0m [2mpanoptikon::inferio::http[0m[2m:[0m processing local inference predict [3mmodel[0m[2m=[0mtags/wd-vit-tagger-v3 [3minputs[0m[2m=[0m1
[2m2026-09-17T01:00:06.685857Z[0m [34mDEBUG[0m [2mpanoptikon::inferio::http[0m[2m:[0m processing local inference predict [3mmodel[0m[2m=[0mtags/wd-vit-tagger-v3 [3minputs[0m[2m=[0m1
[2m2026-09-17T01:00:06.685856Z[0m [34mDEBUG[0m [2mpanoptikon::inferio::http[0m[2m:[0m processing local inference predict [3mmodel[0m[2m=[0mtags/wd-vit-tagger-v3 [3minputs[0m[2m=[0m1
[2m2026-09-17T01:00:06.685859Z[0m [34mDEBUG[0m [2mpanoptikon::inferio::http[0m[2m:[0m processing local inference predict [3mmodel[0m[2m=[0mtags/wd-vit-tagger-v3 [3minputs[0m[2m=[0m1
[2m2026-09-17T01:00:06.686194Z[0m [34mDEBUG[0m [2mpanoptikon::inferio::http[0m[2m:[0m processing local inference predict [3mmodel[0m[2m=[0mtags/wd-vit-tagger-v3 [3minputs[0m[2m=[0m1
[2m2026-09-17T01:00:06.686224Z[0m [34mDEBUG[0m [2mpanoptikon::inferio::http[0m[2m:[0m processing local inference predict [3mmodel[0m[2m=[0mtags/wd-vit-tagger-v3 [3minputs[0m[2m=[0m1
[2m2026-09-17T01:00:06.686263Z[0m [34mDEBUG[0m [2mpanoptikon::inferio::http[0m[2m:[0m processing local inference predict [3mmodel[0m[2m=[0mtags/wd-vit-tagger-v3 [3minputs[0m[2m=[0m1
[2m2026-09-17T01:00:06.686371Z[0m [34mDEBUG[0m [2mpanoptikon::inferio::http[0m[2m:[0m processing local inference predict [3mmodel[0m[2m=[0mtags/wd-vit-tagger-v3 [3minputs[0m[2m=[0m1
[2m2026-09-17T01:00:06.686404Z[0m [34mDEBUG[0m [2mpanoptikon::inferio::http[0m[2m:[0m processing local inference predict [3mmodel[0m[2m=[0mtags/wd-vit-tagger-v3 [3minputs[0m[2m=[0m1
[2m2026-09-17T01:00:06.686483Z[0m [34mDEBUG[0m [2mpanoptikon::inferio::http[0m[2m:[0m processing local inference predict [3mmodel[0m[2m=[0mtags/wd-vit-tagger-v3 [3minputs[0m[2m=[0m1
[2m2026-09-17T01:00:06.686585Z[0m [34mDEBUG[0m [2mpanoptikon::inferio::http[0m[2m:[0m processing local inference predict [3mmodel[0m[2m=[0mtags/wd-vit-tagger-v3 [3minputs[0m[2m=[0m1
[2m2026-09-17T01:00:06.686594Z[0m [34mDEBUG[0m [2mpanoptikon::inferio::http[0m[2m:[0m processing local inference predict [3mmodel[0m[2m=[0mtags/wd-vit-tagger-v3 [3minputs[0m[2m=[0m1
[2m2026-09-17T01:00:06.686612Z[0m [34mDEBUG[0m [2mpanoptikon::inferio::http[0m[2m:[0m processing local inference predict [3mmodel[0m[2m=[0mtags/wd-vit-tagger-v3 [3minputs[0m[2m=[0m1
[2m2026-09-17T01:00:06.686631Z[0m [34mDEBUG[0m [2mpanoptikon::inferio::http[0m[2m:[0m processing local inference predict [3mmodel[0m[2m=[0mtags/wd-vit-tagger-v3 [3minputs[0m[2m=[0m1
[2m2026-09-17T01:00:06.686631Z[0m [34mDEBUG[0m [2mpanoptikon::inferio::http[0m[2m:[0m processing local inference predict [3mmodel[0m[2m=[0mtags/wd-vit-tagger-v3 [3minputs[0m[2m=[0m1
[2m2026-09-17T01:00:06.686652Z[0m [34mDEBUG[0m [2mpanoptikon::inferio::http[0m[2m:[0m processing local inference predict [3mmodel[0m[2m=[0mtags/wd-vit-tagger-v3 [3minputs[0m[2m=[0m1
[2m2026-09-17T01:00:06.686689Z[0m [34mDEBUG[0m [2mpanoptikon::inferio::http[0m[2m:[0m processing local inference predict [3mmodel[0m[2m=[0mtags/wd-vit-tagger-v3 [3minputs[0m[2m=[0m1
[2m2026-09-17T01:00:06.686702Z[0m [34mDEBUG[0m [2mpanoptikon::inferio::http[0m[2m:[0m processing local inference predict [3mmodel[0m[2m=[0mtags/wd-vit-tagger-v3 [3minputs[0m[2m=[0m1
[2m2026-09-17T01:00:06.686725Z[0m [34mDEBUG[0m [2mpanoptikon::inferio::http[0m[2m:[0m processing local inference predict [3mmodel[0m[2m=[0mtags/wd-vit-tagger-v3 [3minputs[0m[2m=[0m1
[2m2026-09-17T01:00:06.686740Z[0m [34mDEBUG[0m [2mpanoptikon::inferio::http[0m[2m:[0m processing local inference predict [3mmodel[0m[2m=[0mtags/wd-vit-tagger-v3 [3minputs[0m[2m=[0m1
[2m2026-09-17T01:00:06.686753Z[0m [34mDEBUG[0m [2mpanoptikon::inferio::http[0m[2m:[0m processing local inference predict [3mmodel[0m[2m=[0mtags/wd-vit-tagger-v3 [3minputs[0m[2m=[0m1
[2m2026-09-17T01:00:06.686762Z[0m [34mDEBUG[0m [2mpanoptikon::inferio::http[0m[2m:[0m processing local inference predict [3mmodel[0m[2m=[0mtags/wd-vit-tagger-v3 [3minputs[0m[2m=[0m1
[2m2026-09-17T01:00:06.686741Z[0m [34mDEBUG[0m [2mpanoptikon::inferio::http[0m[2m:[0m processing local inference predict [3mmodel[0m[2m=[0mtags/wd-vit-tagger-v3 [3minputs[0m[2m=[0m1
[2m2026-09-17T01:00:06.686763Z[0m [34mDEBUG[0m [2mpanoptikon::inferio::http[0m[2m:[0m processing local inference predict [3mmodel[0m[2m=[0mtags/wd-vit-tagger-v3 [3minputs[0m[2m=[0m1
[2m2026-09-17T01:00:06.686794Z[0m [34mDEBUG[0m [2mpanoptikon::inferio::http[0m[2m:[0m processing local inference predict [3mmodel[0m[2m=[0mtags/wd-vit-tagger-v3 [3minputs[0m[2m=[0m1
[2m2026-09-17T01:00:06.686839Z[0m [34mDEBUG[0m [2mpanoptikon::inferio::http[0m[2m:[0m processing local inference predict [3mmodel[0m[2m=[0mtags/wd-vit-tagger-v3 [3minputs[0m[2m=[0m1
[2m2026-09-17T01:00:06.686840Z[0m [34mDEBUG[0m [2mpanoptikon::inferio::http[0m[2m:[0m processing local inference predict [3mmodel[0m[2m=[0mtags/wd-vit-tagger-v3 [3minputs[0m[2m=[0m1
[2m2026-09-17T01:00:06.686845Z[0m [34mDEBUG[0m [2mpanoptikon::inferio::http[0m[2m:[0m processing local inference predict [3mmodel[0m[2m=[0mtags/wd-vit-tagger-v3 [3minputs[0m[2m=[0m1
[2m2026-09-17T01:00:06.686871Z[0m [34mDEBUG[0m [2mpanoptikon::inferio::http[0m[2m:[0m processing local inference predict [3mmodel[0m[2m=[0mtags/wd-vit-tagger-v3 [3minputs[0m[2m=[0m1
[2m2026-09-17T01:00:06.686883Z[0m [34mDEBUG[0m [2mpanoptikon::inferio::http[0m[2m:[0m processing local inference predict [3mmodel[0m[2m=[0mtags/wd-vit-tagger-v3 [3minputs[0m[2m=[0m1
[2m2026-09-17T01:00:06.686944Z[0m [34mDEBUG[0m [2mpanoptikon::inferio::http[0m[2m:[0m processing local inference predict [3mmodel[0m[2m=[0mtags/wd-vit-tagger-v3 [3minputs[0m[2m=[0m1
[2m2026-09-17T01:00:06.686971Z[0m [34mDEBUG[0m [2mpanoptikon::inferio::http[0m[2m:[0m processing local inference predict [3mmodel[0m[2m=[0mtags/wd-vit-tagger-v3 [3minputs[0m[2m=[0m1
[2m2026-09-17T01:00:06.687807Z[0m [34mDEBUG[0m [2mpanoptikon::inferio::http[0m[2m:[0m processing local inference predict [3mmodel[0m[2m=[0mtags/wd-vit-tagger-v3 [3minputs[0m[2m=[0m1
[2m2026-09-17T01:00:06.688784Z[0m [34mDEBUG[0m [2mpanoptikon::inferio::http[0m[2m:[0m processing local inference predict [3mmodel[0m[2m=[0mtags/wd-vit-tagger-v3 [3minputs[0m[2m=[0m1
[2m2026-09-17T01:00:06.688792Z[0m [34mDEBUG[0m [2mpanoptikon::inferio::http[0m[2m:[0m processing local inference predict [3mmodel[0m[2m=[0mtags/wd-vit-tagger-v3 [3minputs[0m[2m=[0m1
[2m2026-09-17T01:00:06.688803Z[0m [34mDEBUG[0m [2mpanoptikon::inferio::http[0m[2m:[0m processing local inference predict [3mmodel[0m[2m=[0mtags/wd-vit-tagger-v3 [3minputs[0m[2m=[0m1
[2m2026-09-17T01:00:06.688841Z[0m [34mDEBUG[0m [2mpanoptikon::inferio::http[0m[2m:[0m processing local inference predict [3mmodel[0m[2m=[0mtags/wd-vit-tagger-v3 [3minputs[0m[2m=[0m1
[2m2026-09-17T01:00:06.770635Z[0m [32m INFO[0m [2mpanoptikon::inferio::worker[0m[2m:[0m 2026-09-17 03:00:06,770 [DEBUG] inferio_worker_impl_0_wd_tagger: Running inference on 2 images [3mworker[0m[2m=[0mwd_tagger
[2m2026-09-17T01:00:06.839819Z[0m [32m INFO[0m [2mpanoptikon::inferio::worker[0m[2m:[0m 2026-09-17 03:00:06,839 [DEBUG] inferio_worker_impl_0_wd_tagger: Running inference on 2 images [3mworker[0m[2m=[0mwd_tagger
[2m2026-09-17T01:00:06.905873Z[0m [34mDEBUG[0m [2mpanoptikon::inferio::ledger[0m[2m:[0m declining to fit a throughput knee: the ring's quiet buckets hold too few observations to read as a curve [3mobservations[0m[2m=[0m2 [3mmin_observations[0m[2m=[0m12 [3mbuckets[0m[2m=[0m1 [3mmin_buckets[0m[2m=[0m3
[2m2026-09-17T01:00:06.905905Z[0m [34mDEBUG[0m [2mpanoptikon::inferio::ledger[0m[2m:[0m queued a calibration profile update for the store [3mmodel[0m[2m=[0mtags/wd-vit-tagger-v3 [3mgpu[0m[2m=[0mGPU-MPS [3mreason[0m[2m=[0m"anchor_advanced" [3mmax_units_measured[0m[2m=[0m2 [3mfit_version[0m[2m=[0m0
[2m2026-09-17T01:00:06.905915Z[0m [34mDEBUG[0m [2mpanoptikon::inferio::ledger[0m[2m:[0m settled a granted window [3mmodel[0m[2m=[0mtags/wd-vit-tagger-v3 [3mgpu[0m[2m=[0mGPU-MPS [3moutcome[0m[2m=[0m"clean" [3mfit_samples[0m[2m=[0m3 [3mthroughput_samples[0m[2m=[0m2 [3mclamped_samples[0m[2m=[0m0 [3mclamped[0m[2m=[0mnone [3mramp_step[0m[2m=[0m1 [3mdeflation[0m[2m=[0m0 [3mclean_windows[0m[2m=[0m2 [3mmax_units_measured[0m[2m=[0m2
[2m2026-09-17T01:00:06.905950Z[0m [34mDEBUG[0m [2mpanoptikon::inferio::ledger[0m[2m:[0m issued a memory grant [3mmodel[0m[2m=[0mtags/wd-vit-tagger-v3 [3mgpu[0m[2m=[0mGPU-MPS [3munit_budget[0m[2m=[0m4 [3mmb[0m[2m=[0m103484 [3mcanvas_pixels[0m[2m=[0mnone [3mshare_mb[0m[2m=[0m103484 [3mroom_mb[0m[2m=[0m103484 [3mheadroom_mb[0m[2m=[0m103296 [3mexternal_mb[0m[2m=[0m25180 [3mreserve_mb[0m[2m=[0m1024 [3mreserve_rule[0m[2m=[0m"capped_default" [3mpre_fit[0m[2m=[0mtrue [3mramp_step[0m[2m=[0m1 [3mdeflation[0m[2m=[0m0 [3msqueezed[0m[2m=[0mfalse [3mwindow_requests[0m[2m=[0m12
[2m2026-09-17T01:00:06.912654Z[0m [32m INFO[0m [2mpanoptikon::inferio::worker[0m[2m:[0m 2026-09-17 03:00:06,912 [DEBUG] inferio_worker_impl_0_wd_tagger: Running inference on 4 images [3mworker[0m[2m=[0mwd_tagger
[2m2026-09-17T01:00:07.063340Z[0m [32m INFO[0m [2mpanoptikon::inferio::worker[0m[2m:[0m 2026-09-17 03:00:07,063 [DEBUG] inferio_worker_impl_0_wd_tagger: Running inference on 4 images [3mworker[0m[2m=[0mwd_tagger
[2m2026-09-17T01:00:07.195080Z[0m [32m INFO[0m [2mpanoptikon::inferio::worker[0m[2m:[0m 2026-09-17 03:00:07,195 [DEBUG] inferio_worker_impl_0_wd_tagger: Running inference on 4 images [3mworker[0m[2m=[0mwd_tagger
[2m2026-09-17T01:00:07.321108Z[0m [34mDEBUG[0m [2mpanoptikon::inferio::ledger[0m[2m:[0m declining to fit a throughput knee: the ring's quiet buckets hold too few observations to read as a curve [3mobservations[0m[2m=[0m4 [3mmin_observations[0m[2m=[0m12 [3mbuckets[0m[2m=[0m2 [3mmin_buckets[0m[2m=[0m3
[2m2026-09-17T01:00:07.321132Z[0m [34mDEBUG[0m [2mpanoptikon::inferio::ledger[0m[2m:[0m queued a calibration profile update for the store [3mmodel[0m[2m=[0mtags/wd-vit-tagger-v3 [3mgpu[0m[2m=[0mGPU-MPS [3mreason[0m[2m=[0m"anchor_advanced" [3mmax_units_measured[0m[2m=[0m4 [3mfit_version[0m[2m=[0m0
[2m2026-09-17T01:00:07.321148Z[0m [34mDEBUG[0m [2mpanoptikon::inferio::ledger[0m[2m:[0m settled a granted window [3mmodel[0m[2m=[0mtags/wd-vit-tagger-v3 [3mgpu[0m[2m=[0mGPU-MPS [3moutcome[0m[2m=[0m"clean" [3mfit_samples[0m[2m=[0m3 [3mthroughput_samples[0m[2m=[0m2 [3mclamped_samples[0m[2m=[0m0 [3mclamped[0m[2m=[0mnone [3mramp_step[0m[2m=[0m2 [3mdeflation[0m[2m=[0m0 [3mclean_windows[0m[2m=[0m3 [3mmax_units_measured[0m[2m=[0m4
[2m2026-09-17T01:00:07.321188Z[0m [34mDEBUG[0m [2mpanoptikon::inferio::ledger[0m[2m:[0m issued a memory grant [3mmodel[0m[2m=[0mtags/wd-vit-tagger-v3 [3mgpu[0m[2m=[0mGPU-MPS [3munit_budget[0m[2m=[0m8 [3mmb[0m[2m=[0m103712 [3mcanvas_pixels[0m[2m=[0mnone [3mshare_mb[0m[2m=[0m103712 [3mroom_mb[0m[2m=[0m103712 [3mheadroom_mb[0m[2m=[0m103296 [3mexternal_mb[0m[2m=[0m24952 [3mreserve_mb[0m[2m=[0m1024 [3mreserve_rule[0m[2m=[0m"capped_default" [3mpre_fit[0m[2m=[0mtrue [3mramp_step[0m[2m=[0m2 [3mdeflation[0m[2m=[0m0 [3msqueezed[0m[2m=[0mfalse [3mwindow_requests[0m[2m=[0m24
[2m2026-09-17T01:00:07.333563Z[0m [32m INFO[0m [2mpanoptikon::inferio::worker[0m[2m:[0m 2026-09-17 03:00:07,333 [DEBUG] inferio_worker_impl_0_wd_tagger: Running inference on 8 images [3mworker[0m[2m=[0mwd_tagger
[2m2026-09-17T01:00:07.607401Z[0m [32m INFO[0m [2mpanoptikon::inferio::worker[0m[2m:[0m 2026-09-17 03:00:07,607 [DEBUG] inferio_worker_impl_0_wd_tagger: Running inference on 8 images [3mworker[0m[2m=[0mwd_tagger
[2m2026-09-17T01:00:07.866965Z[0m [32m INFO[0m [2mpanoptikon::inferio::worker[0m[2m:[0m 2026-09-17 03:00:07,866 [DEBUG] inferio_worker_impl_0_wd_tagger: Running inference on 8 images [3mworker[0m[2m=[0mwd_tagger
[2m2026-09-17T01:00:08.117097Z[0m [34mDEBUG[0m [2mpanoptikon::inferio::ledger[0m[2m:[0m declining to fit a throughput knee: the ring's quiet buckets hold too few observations to read as a curve [3mobservations[0m[2m=[0m6 [3mmin_observations[0m[2m=[0m12 [3mbuckets[0m[2m=[0m3 [3mmin_buckets[0m[2m=[0m3
[2m2026-09-17T01:00:08.117120Z[0m [34mDEBUG[0m [2mpanoptikon::inferio::ledger[0m[2m:[0m queued a calibration profile update for the store [3mmodel[0m[2m=[0mtags/wd-vit-tagger-v3 [3mgpu[0m[2m=[0mGPU-MPS [3mreason[0m[2m=[0m"anchor_advanced" [3mmax_units_measured[0m[2m=[0m8 [3mfit_version[0m[2m=[0m0
[2m2026-09-17T01:00:08.117132Z[0m [34mDEBUG[0m [2mpanoptikon::inferio::ledger[0m[2m:[0m settled a granted window [3mmodel[0m[2m=[0mtags/wd-vit-tagger-v3 [3mgpu[0m[2m=[0mGPU-MPS [3moutcome[0m[2m=[0m"clean" [3mfit_samples[0m[2m=[0m3 [3mthroughput_samples[0m[2m=[0m2 [3mclamped_samples[0m[2m=[0m0 [3mclamped[0m[2m=[0mnone [3mramp_step[0m[2m=[0m3 [3mdeflation[0m[2m=[0m0 [3mclean_windows[0m[2m=[0m4 [3mmax_units_measured[0m[2m=[0m8
[2m2026-09-17T01:00:08.117159Z[0m [34mDEBUG[0m [2mpanoptikon::inferio::ledger[0m[2m:[0m issued a memory grant [3mmodel[0m[2m=[0mtags/wd-vit-tagger-v3 [3mgpu[0m[2m=[0mGPU-MPS [3munit_budget[0m[2m=[0m16 [3mmb[0m[2m=[0m103330 [3mcanvas_pixels[0m[2m=[0mnone [3mshare_mb[0m[2m=[0m103330 [3mroom_mb[0m[2m=[0m103330 [3mheadroom_mb[0m[2m=[0m102462 [3mexternal_mb[0m[2m=[0m25334 [3mreserve_mb[0m[2m=[0m1024 [3mreserve_rule[0m[2m=[0m"capped_default" [3mpre_fit[0m[2m=[0mtrue [3mramp_step[0m[2m=[0m3 [3mdeflation[0m[2m=[0m0 [3msqueezed[0m[2m=[0mfalse [3mwindow_requests[0m[2m=[0m48
[2m2026-09-17T01:00:08.142928Z[0m [32m INFO[0m [2mpanoptikon::inferio::worker[0m[2m:[0m 2026-09-17 03:00:08,142 [DEBUG] inferio_worker_impl_0_wd_tagger: Running inference on 16 images [3mworker[0m[2m=[0mwd_tagger
[2m2026-09-17T01:00:08.705727Z[0m [32m INFO[0m [2mpanoptikon::inferio::worker[0m[2m:[0m 2026-09-17 03:00:08,705 [DEBUG] inferio_worker_impl_0_wd_tagger: Running inference on 16 images [3mworker[0m[2m=[0mwd_tagger
[2m2026-09-17T01:00:09.241352Z[0m [32m INFO[0m [2mpanoptikon::inferio::worker[0m[2m:[0m 2026-09-17 03:00:09,241 [DEBUG] PIL.PngImagePlugin: STREAM b'IHDR' 16 13 [3mworker[0m[2m=[0mwd_tagger
[2m2026-09-17T01:00:09.241379Z[0m [32m INFO[0m [2mpanoptikon::inferio::worker[0m[2m:[0m 2026-09-17 03:00:09,241 [DEBUG] PIL.PngImagePlugin: STREAM b'IDAT' 41 65536 [3mworker[0m[2m=[0mwd_tagger
[2m2026-09-17T01:00:09.251533Z[0m [32m INFO[0m [2mpanoptikon::inferio::worker[0m[2m:[0m 2026-09-17 03:00:09,251 [DEBUG] inferio_worker_impl_0_wd_tagger: Running inference on 16 images [3mworker[0m[2m=[0mwd_tagger
[2m2026-09-17T01:00:09.833255Z[0m [32m INFO[0m [2mpanoptikon::inferio::ledger[0m[2m:[0m holding the throughput ramp at this rung: the rung is the top of a measured plateau [3mmodel[0m[2m=[0mtags/wd-vit-tagger-v3 [3mgpu[0m[2m=[0mGPU-MPS [3munits[0m[2m=[0m32 [3mcertified[0m[2m=[0mtrue [3mknee_binds[0m[2m=[0mfalse
[2m2026-09-17T01:00:09.833285Z[0m [34mDEBUG[0m [2mpanoptikon::inferio::ledger[0m[2m:[0m refitted the memory cost model [3mmodel[0m[2m=[0mtags/wd-vit-tagger-v3 [3mgpu[0m[2m=[0mGPU-MPS [3mslope_mb_per_unit[0m[2m=[0m2.416666666666667 [3mintercept_mb[0m[2m=[0m0.33333333333333215 [3mresidual_mb[0m[2m=[0m0.6666666666666679 [3msamples[0m[2m=[0m5 [3mversion[0m[2m=[0m1
[2m2026-09-17T01:00:09.833296Z[0m [34mDEBUG[0m [2mpanoptikon::inferio::ledger[0m[2m:[0m declining to fit a throughput knee: the ring's quiet buckets hold too few observations to read as a curve [3mobservations[0m[2m=[0m8 [3mmin_observations[0m[2m=[0m12 [3mbuckets[0m[2m=[0m4 [3mmin_buckets[0m[2m=[0m3
[2m2026-09-17T01:00:09.833305Z[0m [34mDEBUG[0m [2mpanoptikon::inferio::ledger[0m[2m:[0m queued a calibration profile update for the store [3mmodel[0m[2m=[0mtags/wd-vit-tagger-v3 [3mgpu[0m[2m=[0mGPU-MPS [3mreason[0m[2m=[0m"fit_changed" [3mmax_units_measured[0m[2m=[0m16 [3mfit_version[0m[2m=[0m1
[2m2026-09-17T01:00:09.833316Z[0m [34mDEBUG[0m [2mpanoptikon::inferio::ledger[0m[2m:[0m settled a granted window [3mmodel[0m[2m=[0mtags/wd-vit-tagger-v3 [3mgpu[0m[2m=[0mGPU-MPS [3moutcome[0m[2m=[0m"clean" [3mfit_samples[0m[2m=[0m3 [3mthroughput_samples[0m[2m=[0m2 [3mclamped_samples[0m[2m=[0m0 [3mclamped[0m[2m=[0mnone [3mramp_step[0m[2m=[0m3 [3mdeflation[0m[2m=[0m0 [3mclean_windows[0m[2m=[0m5 [3mmax_units_measured[0m[2m=[0m16
[2m2026-09-17T01:00:09.836245Z[0m [34mDEBUG[0m [2mpanoptikon::inferio::ledger[0m[2m:[0m issued a memory grant [3mmodel[0m[2m=[0mtags/wd-vit-tagger-v3 [3mgpu[0m[2m=[0mGPU-MPS [3munit_budget[0m[2m=[0m32 [3mmb[0m[2m=[0m283 [3mcanvas_pixels[0m[2m=[0mnone [3mshare_mb[0m[2m=[0m103309 [3mroom_mb[0m[2m=[0m103309 [3mheadroom_mb[0m[2m=[0m100513 [3mexternal_mb[0m[2m=[0m25355 [3mreserve_mb[0m[2m=[0m1024 [3mreserve_rule[0m[2m=[0m"capped_default" [3mpre_fit[0m[2m=[0mfalse [3mramp_step[0m[2m=[0m3 [3mdeflation[0m[2m=[0m0 [3msqueezed[0m[2m=[0mfalse [3mwindow_requests[0m[2m=[0m89
[2m2026-09-17T01:00:09.845566Z[0m [32m INFO[0m [2mpanoptikon::inferio::worker[0m[2m:[0m 2026-09-17 03:00:09,845 [DEBUG] inferio_worker.packing: this window's 283 MiB grant is below 80% of the 3820 MiB of releasable slack in the 4180 MiB pool (1/2 consecutive windows before releasing it) [3mworker[0m[2m=[0mwd_tagger
[2m2026-09-17T01:00:09.846093Z[0m [32m INFO[0m [2mpanoptikon::inferio::worker[0m[2m:[0m 2026-09-17 03:00:09,846 [DEBUG] PIL.PngImagePlugin: STREAM b'IHDR' 16 13 [3mworker[0m[2m=[0mwd_tagger
[2m2026-09-17T01:00:09.846122Z[0m [32m INFO[0m [2mpanoptikon::inferio::worker[0m[2m:[0m 2026-09-17 03:00:09,846 [DEBUG] PIL.PngImagePlugin: STREAM b'IDAT' 41 65536 [3mworker[0m[2m=[0mwd_tagger
[2m2026-09-17T01:00:09.856957Z[0m [32m INFO[0m [2mpanoptikon::inferio::worker[0m[2m:[0m 2026-09-17 03:00:09,856 [DEBUG] PIL.PngImagePlugin: STREAM b'IHDR' 16 13 [3mworker[0m[2m=[0mwd_tagger
[2m2026-09-17T01:00:09.856977Z[0m [32m INFO[0m [2mpanoptikon::inferio::worker[0m[2m:[0m 2026-09-17 03:00:09,856 [DEBUG] PIL.PngImagePlugin: STREAM b'IDAT' 41 65536 [3mworker[0m[2m=[0mwd_tagger
[2m2026-09-17T01:00:09.869180Z[0m [32m INFO[0m [2mpanoptikon::inferio::worker[0m[2m:[0m 2026-09-17 03:00:09,869 [DEBUG] PIL.Image: Importing BlpImagePlugin [3mworker[0m[2m=[0mwd_tagger
[2m2026-09-17T01:00:09.869717Z[0m [32m INFO[0m [2mpanoptikon::inferio::worker[0m[2m:[0m 2026-09-17 03:00:09,869 [DEBUG] PIL.Image: Importing BmpImagePlugin [3mworker[0m[2m=[0mwd_tagger
[2m2026-09-17T01:00:09.869735Z[0m [32m INFO[0m [2mpanoptikon::inferio::worker[0m[2m:[0m 2026-09-17 03:00:09,869 [DEBUG] PIL.Image: Importing BufrStubImagePlugin [3mworker[0m[2m=[0mwd_tagger
[2m2026-09-17T01:00:09.869866Z[0m [32m INFO[0m [2mpanoptikon::inferio::worker[0m[2m:[0m 2026-09-17 03:00:09,869 [DEBUG] PIL.Image: Importing CurImagePlugin [3mworker[0m[2m=[0mwd_tagger
[2m2026-09-17T01:00:09.869984Z[0m [32m INFO[0m [2mpanoptikon::inferio::worker[0m[2m:[0m 2026-09-17 03:00:09,869 [DEBUG] PIL.Image: Importing DcxImagePlugin [3mworker[0m[2m=[0mwd_tagger
[2m2026-09-17T01:00:09.870192Z[0m [32m INFO[0m [2mpanoptikon::inferio::worker[0m[2m:[0m 2026-09-17 03:00:09,870 [DEBUG] PIL.Image: Importing DdsImagePlugin [3mworker[0m[2m=[0mwd_tagger
[2m2026-09-17T01:00:09.871511Z[0m [32m INFO[0m [2mpanoptikon::inferio::worker[0m[2m:[0m 2026-09-17 03:00:09,871 [DEBUG] PIL.Image: Importing EpsImagePlugin [3mworker[0m[2m=[0mwd_tagger
[2m2026-09-17T01:00:09.871775Z[0m [32m INFO[0m [2mpanoptikon::inferio::worker[0m[2m:[0m 2026-09-17 03:00:09,871 [DEBUG] PIL.Image: Importing FitsImagePlugin [3mworker[0m[2m=[0mwd_tagger
[2m2026-09-17T01:00:09.871896Z[0m [32m INFO[0m [2mpanoptikon::inferio::worker[0m[2m:[0m 2026-09-17 03:00:09,871 [DEBUG] PIL.Image: Importing FliImagePlugin [3mworker[0m[2m=[0mwd_tagger
[2m2026-09-17T01:00:09.872011Z[0m [32m INFO[0m [2mpanoptikon::inferio::worker[0m[2m:[0m 2026-09-17 03:00:09,871 [DEBUG] PIL.Image: Importing FpxImagePlugin [3mworker[0m[2m=[0mwd_tagger
[2m2026-09-17T01:00:09.872189Z[0m [32m INFO[0m [2mpanoptikon::inferio::worker[0m[2m:[0m 2026-09-17 03:00:09,872 [DEBUG] PIL.Image: Image: failed to import FpxImagePlugin: No module named 'olefile' [3mworker[0m[2m=[0mwd_tagger
[2m2026-09-17T01:00:09.872203Z[0m [32m INFO[0m [2mpanoptikon::inferio::worker[0m[2m:[0m 2026-09-17 03:00:09,872 [DEBUG] PIL.Image: Importing FtexImagePlugin [3mworker[0m[2m=[0mwd_tagger
[2m2026-09-17T01:00:09.872339Z[0m [32m INFO[0m [2mpanoptikon::inferio::worker[0m[2m:[0m 2026-09-17 03:00:09,872 [DEBUG] PIL.Image: Importing GbrImagePlugin [3mworker[0m[2m=[0mwd_tagger
[2m2026-09-17T01:00:09.872437Z[0m [32m INFO[0m [2mpanoptikon::inferio::worker[0m[2m:[0m 2026-09-17 03:00:09,872 [DEBUG] PIL.Image: Importing GifImagePlugin [3mworker[0m[2m=[0mwd_tagger
[2m2026-09-17T01:00:09.872451Z[0m [32m INFO[0m [2mpanoptikon::inferio::worker[0m[2m:[0m 2026-09-17 03:00:09,872 [DEBUG] PIL.Image: Importing GribStubImagePlugin [3mworker[0m[2m=[0mwd_tagger
[2m2026-09-17T01:00:09.872543Z[0m [32m INFO[0m [2mpanoptikon::inferio::worker[0m[2m:[0m 2026-09-17 03:00:09,872 [DEBUG] PIL.Image: Importing Hdf5StubImagePlugin [3mworker[0m[2m=[0mwd_tagger
[2m2026-09-17T01:00:09.872635Z[0m [32m INFO[0m [2mpanoptikon::inferio::worker[0m[2m:[0m 2026-09-17 03:00:09,872 [DEBUG] PIL.Image: Importing IcnsImagePlugin [3mworker[0m[2m=[0mwd_tagger
[2m2026-09-17T01:00:09.873088Z[0m [32m INFO[0m [2mpanoptikon::inferio::worker[0m[2m:[0m 2026-09-17 03:00:09,873 [DEBUG] PIL.Image: Importing IcoImagePlugin [3mworker[0m[2m=[0mwd_tagger
[2m2026-09-17T01:00:09.873218Z[0m [32m INFO[0m [2mpanoptikon::inferio::worker[0m[2m:[0m 2026-09-17 03:00:09,873 [DEBUG] PIL.Image: Importing ImImagePlugin [3mworker[0m[2m=[0mwd_tagger
[2m2026-09-17T01:00:09.873409Z[0m [32m INFO[0m [2mpanoptikon::inferio::worker[0m[2m:[0m 2026-09-17 03:00:09,873 [DEBUG] PIL.Image: Importing ImtImagePlugin [3mworker[0m[2m=[0mwd_tagger
[2m2026-09-17T01:00:09.873538Z[0m [32m INFO[0m [2mpanoptikon::inferio::worker[0m[2m:[0m 2026-09-17 03:00:09,873 [DEBUG] PIL.Image: Importing IptcImagePlugin [3mworker[0m[2m=[0mwd_tagger
[2m2026-09-17T01:00:09.873650Z[0m [32m INFO[0m [2mpanoptikon::inferio::worker[0m[2m:[0m 2026-09-17 03:00:09,873 [DEBUG] PIL.Image: Importing JpegImagePlugin [3mworker[0m[2m=[0mwd_tagger
[2m2026-09-17T01:00:09.873663Z[0m [32m INFO[0m [2mpanoptikon::inferio::worker[0m[2m:[0m 2026-09-17 03:00:09,873 [DEBUG] PIL.Image: Importing Jpeg2KImagePlugin [3mworker[0m[2m=[0mwd_tagger
[2m2026-09-17T01:00:09.873667Z[0m [32m INFO[0m [2mpanoptikon::inferio::worker[0m[2m:[0m 2026-09-17 03:00:09,873 [DEBUG] PIL.Image: Importing McIdasImagePlugin [3mworker[0m[2m=[0mwd_tagger
[2m2026-09-17T01:00:09.873755Z[0m [32m INFO[0m [2mpanoptikon::inferio::worker[0m[2m:[0m 2026-09-17 03:00:09,873 [DEBUG] PIL.Image: Importing MicImagePlugin [3mworker[0m[2m=[0mwd_tagger
[2m2026-09-17T01:00:09.873888Z[0m [32m INFO[0m [2mpanoptikon::inferio::worker[0m[2m:[0m 2026-09-17 03:00:09,873 [DEBUG] PIL.Image: Image: failed to import MicImagePlugin: No module named 'olefile' [3mworker[0m[2m=[0mwd_tagger
[2m2026-09-17T01:00:09.873896Z[0m [32m INFO[0m [2mpanoptikon::inferio::worker[0m[2m:[0m 2026-09-17 03:00:09,873 [DEBUG] PIL.Image: Importing MpegImagePlugin [3mworker[0m[2m=[0mwd_tagger
[2m2026-09-17T01:00:09.874004Z[0m [32m INFO[0m [2mpanoptikon::inferio::worker[0m[2m:[0m 2026-09-17 03:00:09,873 [DEBUG] PIL.Image: Importing MpoImagePlugin [3mworker[0m[2m=[0mwd_tagger
[2m2026-09-17T01:00:09.874640Z[0m [32m INFO[0m [2mpanoptikon::inferio::worker[0m[2m:[0m 2026-09-17 03:00:09,874 [DEBUG] PIL.Image: Importing MspImagePlugin [3mworker[0m[2m=[0mwd_tagger
[2m2026-09-17T01:00:09.874750Z[0m [32m INFO[0m [2mpanoptikon::inferio::worker[0m[2m:[0m 2026-09-17 03:00:09,874 [DEBUG] PIL.Image: Importing PalmImagePlugin [3mworker[0m[2m=[0mwd_tagger
[2m2026-09-17T01:00:09.874997Z[0m [32m INFO[0m [2mpanoptikon::inferio::worker[0m[2m:[0m 2026-09-17 03:00:09,874 [DEBUG] PIL.Image: Importing PcdImagePlugin [3mworker[0m[2m=[0mwd_tagger
[2m2026-09-17T01:00:09.875075Z[0m [32m INFO[0m [2mpanoptikon::inferio::worker[0m[2m:[0m 2026-09-17 03:00:09,875 [DEBUG] PIL.Image: Importing PcxImagePlugin [3mworker[0m[2m=[0mwd_tagger
[2m2026-09-17T01:00:09.875081Z[0m [32m INFO[0m [2mpanoptikon::inferio::worker[0m[2m:[0m 2026-09-17 03:00:09,875 [DEBUG] PIL.Image: Importing PdfImagePlugin [3mworker[0m[2m=[0mwd_tagger
[2m2026-09-17T01:00:09.876766Z[0m [32m INFO[0m [2mpanoptikon::inferio::worker[0m[2m:[0m 2026-09-17 03:00:09,876 [DEBUG] PIL.Image: Importing PixarImagePlugin [3mworker[0m[2m=[0mwd_tagger
[2m2026-09-17T01:00:09.876860Z[0m [32m INFO[0m [2mpanoptikon::inferio::worker[0m[2m:[0m 2026-09-17 03:00:09,876 [DEBUG] PIL.Image: Importing PngImagePlugin [3mworker[0m[2m=[0mwd_tagger
[2m2026-09-17T01:00:09.876866Z[0m [32m INFO[0m [2mpanoptikon::inferio::worker[0m[2m:[0m 2026-09-17 03:00:09,876 [DEBUG] PIL.Image: Importing PpmImagePlugin [3mworker[0m[2m=[0mwd_tagger
[2m2026-09-17T01:00:09.876883Z[0m [32m INFO[0m [2mpanoptikon::inferio::worker[0m[2m:[0m 2026-09-17 03:00:09,876 [DEBUG] PIL.Image: Importing PsdImagePlugin [3mworker[0m[2m=[0mwd_tagger
[2m2026-09-17T01:00:09.877003Z[0m [32m INFO[0m [2mpanoptikon::inferio::worker[0m[2m:[0m 2026-09-17 03:00:09,876 [DEBUG] PIL.Image: Importing QoiImagePlugin [3mworker[0m[2m=[0mwd_tagger
[2m2026-09-17T01:00:09.877113Z[0m [32m INFO[0m [2mpanoptikon::inferio::worker[0m[2m:[0m 2026-09-17 03:00:09,877 [DEBUG] PIL.Image: Importing SgiImagePlugin [3mworker[0m[2m=[0mwd_tagger
[2m2026-09-17T01:00:09.877228Z[0m [32m INFO[0m [2mpanoptikon::inferio::worker[0m[2m:[0m 2026-09-17 03:00:09,877 [DEBUG] PIL.Image: Importing SpiderImagePlugin [3mworker[0m[2m=[0mwd_tagger
[2m2026-09-17T01:00:09.877349Z[0m [32m INFO[0m [2mpanoptikon::inferio::worker[0m[2m:[0m 2026-09-17 03:00:09,877 [DEBUG] PIL.Image: Importing SunImagePlugin [3mworker[0m[2m=[0mwd_tagger
[2m2026-09-17T01:00:09.877434Z[0m [32m INFO[0m [2mpanoptikon::inferio::worker[0m[2m:[0m 2026-09-17 03:00:09,877 [DEBUG] PIL.Image: Importing TgaImagePlugin [3mworker[0m[2m=[0mwd_tagger
[2m2026-09-17T01:00:09.877532Z[0m [32m INFO[0m [2mpanoptikon::inferio::worker[0m[2m:[0m 2026-09-17 03:00:09,877 [DEBUG] PIL.Image: Importing TiffImagePlugin [3mworker[0m[2m=[0mwd_tagger
[2m2026-09-17T01:00:09.877546Z[0m [32m INFO[0m [2mpanoptikon::inferio::worker[0m[2m:[0m 2026-09-17 03:00:09,877 [DEBUG] PIL.Image: Importing WebPImagePlugin [3mworker[0m[2m=[0mwd_tagger
[2m2026-09-17T01:00:09.881238Z[0m [32m INFO[0m [2mpanoptikon::inferio::worker[0m[2m:[0m 2026-09-17 03:00:09,881 [DEBUG] PIL.Image: Importing WmfImagePlugin [3mworker[0m[2m=[0mwd_tagger
[2m2026-09-17T01:00:09.881524Z[0m [32m INFO[0m [2mpanoptikon::inferio::worker[0m[2m:[0m 2026-09-17 03:00:09,881 [DEBUG] PIL.Image: Importing XbmImagePlugin [3mworker[0m[2m=[0mwd_tagger
[2m2026-09-17T01:00:09.881784Z[0m [32m INFO[0m [2mpanoptikon::inferio::worker[0m[2m:[0m 2026-09-17 03:00:09,881 [DEBUG] PIL.Image: Importing XpmImagePlugin [3mworker[0m[2m=[0mwd_tagger
[2m2026-09-17T01:00:09.881933Z[0m [32m INFO[0m [2mpanoptikon::inferio::worker[0m[2m:[0m 2026-09-17 03:00:09,881 [DEBUG] PIL.Image: Importing XVThumbImagePlugin [3mworker[0m[2m=[0mwd_tagger
[2m2026-09-17T01:00:09.898680Z[0m [32m INFO[0m [2mpanoptikon::inferio::worker[0m[2m:[0m 2026-09-17 03:00:09,898 [DEBUG] PIL.PngImagePlugin: STREAM b'IHDR' 16 13 [3mworker[0m[2m=[0mwd_tagger
[2m2026-09-17T01:00:09.898693Z[0m [32m INFO[0m [2mpanoptikon::inferio::worker[0m[2m:[0m 2026-09-17 03:00:09,898 [DEBUG] PIL.PngImagePlugin: STREAM b'IDAT' 41 65536 [3mworker[0m[2m=[0mwd_tagger
[2m2026-09-17T01:00:09.917092Z[0m [32m INFO[0m [2mpanoptikon::inferio::worker[0m[2m:[0m 2026-09-17 03:00:09,917 [DEBUG] inferio_worker_impl_0_wd_tagger: Running inference on 32 images [3mworker[0m[2m=[0mwd_tagger
[2m2026-09-17T01:00:10.911874Z[0m [32m INFO[0m [2mpanoptikon::inferio::worker[0m[2m:[0m 2026-09-17 03:00:10,911 [DEBUG] PIL.PngImagePlugin: STREAM b'IHDR' 16 13 [3mworker[0m[2m=[0mwd_tagger
[2m2026-09-17T01:00:10.911903Z[0m [32m INFO[0m [2mpanoptikon::inferio::worker[0m[2m:[0m 2026-09-17 03:00:10,911 [DEBUG] PIL.PngImagePlugin: STREAM b'IDAT' 41 65536 [3mworker[0m[2m=[0mwd_tagger
[2m2026-09-17T01:00:10.921278Z[0m [32m INFO[0m [2mpanoptikon::inferio::worker[0m[2m:[0m 2026-09-17 03:00:10,921 [DEBUG] PIL.PngImagePlugin: STREAM b'IHDR' 16 13 [3mworker[0m[2m=[0mwd_tagger
[2m2026-09-17T01:00:10.921292Z[0m [32m INFO[0m [2mpanoptikon::inferio::worker[0m[2m:[0m 2026-09-17 03:00:10,921 [DEBUG] PIL.PngImagePlugin: STREAM b'IDAT' 41 65536 [3mworker[0m[2m=[0mwd_tagger
[2m2026-09-17T01:00:10.931132Z[0m [32m INFO[0m [2mpanoptikon::inferio::worker[0m[2m:[0m 2026-09-17 03:00:10,931 [DEBUG] PIL.PngImagePlugin: STREAM b'IHDR' 16 13 [3mworker[0m[2m=[0mwd_tagger
[2m2026-09-17T01:00:10.931141Z[0m [32m INFO[0m [2mpanoptikon::inferio::worker[0m[2m:[0m 2026-09-17 03:00:10,931 [DEBUG] PIL.PngImagePlugin: STREAM b'IDAT' 41 65536 [3mworker[0m[2m=[0mwd_tagger
[2m2026-09-17T01:00:10.941265Z[0m [32m INFO[0m [2mpanoptikon::inferio::worker[0m[2m:[0m 2026-09-17 03:00:10,941 [DEBUG] PIL.PngImagePlugin: STREAM b'IHDR' 16 13 [3mworker[0m[2m=[0mwd_tagger
[2m2026-09-17T01:00:10.941273Z[0m [32m INFO[0m [2mpanoptikon::inferio::worker[0m[2m:[0m 2026-09-17 03:00:10,941 [DEBUG] PIL.PngImagePlugin: STREAM b'IDAT' 41 65536 [3mworker[0m[2m=[0mwd_tagger
[2m2026-09-17T01:00:10.949720Z[0m [32m INFO[0m [2mpanoptikon::inferio::worker[0m[2m:[0m 2026-09-17 03:00:10,949 [DEBUG] PIL.PngImagePlugin: STREAM b'IHDR' 16 13 [3mworker[0m[2m=[0mwd_tagger
[2m2026-09-17T01:00:10.949731Z[0m [32m INFO[0m [2mpanoptikon::inferio::worker[0m[2m:[0m 2026-09-17 03:00:10,949 [DEBUG] PIL.PngImagePlugin: STREAM b'IDAT' 41 65536 [3mworker[0m[2m=[0mwd_tagger
[2m2026-09-17T01:00:10.991776Z[0m [32m INFO[0m [2mpanoptikon::inferio::worker[0m[2m:[0m 2026-09-17 03:00:10,991 [DEBUG] PIL.PngImagePlugin: STREAM b'IHDR' 16 13 [3mworker[0m[2m=[0mwd_tagger
[2m2026-09-17T01:00:10.991797Z[0m [32m INFO[0m [2mpanoptikon::inferio::worker[0m[2m:[0m 2026-09-17 03:00:10,991 [DEBUG] PIL.PngImagePlugin: STREAM b'IDAT' 41 65536 [3mworker[0m[2m=[0mwd_tagger
[2m2026-09-17T01:00:11.000181Z[0m [32m INFO[0m [2mpanoptikon::inferio::worker[0m[2m:[0m 2026-09-17 03:00:11,000 [DEBUG] PIL.PngImagePlugin: STREAM b'IHDR' 16 13 [3mworker[0m[2m=[0mwd_tagger
[2m2026-09-17T01:00:11.000188Z[0m [32m INFO[0m [2mpanoptikon::inferio::worker[0m[2m:[0m 2026-09-17 03:00:11,000 [DEBUG] PIL.PngImagePlugin: STREAM b'IDAT' 41 65536 [3mworker[0m[2m=[0mwd_tagger
[2m2026-09-17T01:00:11.010938Z[0m [32m INFO[0m [2mpanoptikon::inferio::worker[0m[2m:[0m 2026-09-17 03:00:11,010 [DEBUG] inferio_worker_impl_0_wd_tagger: Running inference on 32 images [3mworker[0m[2m=[0mwd_tagger
[2m2026-09-17T01:00:12.108969Z[0m [32m INFO[0m [2mpanoptikon::inferio::worker[0m[2m:[0m 2026-09-17 03:00:12,108 [DEBUG] PIL.PngImagePlugin: STREAM b'IHDR' 16 13 [3mworker[0m[2m=[0mwd_tagger
[2m2026-09-17T01:00:12.108993Z[0m [32m INFO[0m [2mpanoptikon::inferio::worker[0m[2m:[0m 2026-09-17 03:00:12,108 [DEBUG] PIL.PngImagePlugin: STREAM b'IDAT' 41 65536 [3mworker[0m[2m=[0mwd_tagger
[2m2026-09-17T01:00:12.120368Z[0m [32m INFO[0m [2mpanoptikon::inferio::worker[0m[2m:[0m 2026-09-17 03:00:12,120 [DEBUG] PIL.PngImagePlugin: STREAM b'IHDR' 16 13 [3mworker[0m[2m=[0mwd_tagger
[2m2026-09-17T01:00:12.120382Z[0m [32m INFO[0m [2mpanoptikon::inferio::worker[0m[2m:[0m 2026-09-17 03:00:12,120 [DEBUG] PIL.PngImagePlugin: STREAM b'IDAT' 41 65536 [3mworker[0m[2m=[0mwd_tagger
[2m2026-09-17T01:00:12.133877Z[0m [32m INFO[0m [2mpanoptikon::inferio::worker[0m[2m:[0m 2026-09-17 03:00:12,133 [DEBUG] PIL.PngImagePlugin: STREAM b'IHDR' 16 13 [3mworker[0m[2m=[0mwd_tagger
[2m2026-09-17T01:00:12.133896Z[0m [32m INFO[0m [2mpanoptikon::inferio::worker[0m[2m:[0m 2026-09-17 03:00:12,133 [DEBUG] PIL.PngImagePlugin: STREAM b'IDAT' 41 65536 [3mworker[0m[2m=[0mwd_tagger
[2m2026-09-17T01:00:12.145928Z[0m [32m INFO[0m [2mpanoptikon::inferio::worker[0m[2m:[0m 2026-09-17 03:00:12,145 [DEBUG] PIL.PngImagePlugin: STREAM b'IHDR' 16 13 [3mworker[0m[2m=[0mwd_tagger
[2m2026-09-17T01:00:12.145942Z[0m [32m INFO[0m [2mpanoptikon::inferio::worker[0m[2m:[0m 2026-09-17 03:00:12,145 [DEBUG] PIL.PngImagePlugin: STREAM b'IDAT' 41 65536 [3mworker[0m[2m=[0mwd_tagger
[2m2026-09-17T01:00:12.155408Z[0m [32m INFO[0m [2mpanoptikon::inferio::worker[0m[2m:[0m 2026-09-17 03:00:12,155 [DEBUG] PIL.PngImagePlugin: STREAM b'IHDR' 16 13 [3mworker[0m[2m=[0mwd_tagger
[2m2026-09-17T01:00:12.155416Z[0m [32m INFO[0m [2mpanoptikon::inferio::worker[0m[2m:[0m 2026-09-17 03:00:12,155 [DEBUG] PIL.PngImagePlugin: STREAM b'IDAT' 41 65536 [3mworker[0m[2m=[0mwd_tagger
[2m2026-09-17T01:00:12.165044Z[0m [32m INFO[0m [2mpanoptikon::inferio::worker[0m[2m:[0m 2026-09-17 03:00:12,165 [DEBUG] PIL.PngImagePlugin: STREAM b'IHDR' 16 13 [3mworker[0m[2m=[0mwd_tagger
[2m2026-09-17T01:00:12.165052Z[0m [32m INFO[0m [2mpanoptikon::inferio::worker[0m[2m:[0m 2026-09-17 03:00:12,165 [DEBUG] PIL.PngImagePlugin: STREAM b'IDAT' 41 65536 [3mworker[0m[2m=[0mwd_tagger
[2m2026-09-17T01:00:12.174592Z[0m [32m INFO[0m [2mpanoptikon::inferio::worker[0m[2m:[0m 2026-09-17 03:00:12,174 [DEBUG] PIL.PngImagePlugin: STREAM b'IHDR' 16 13 [3mworker[0m[2m=[0mwd_tagger
[2m2026-09-17T01:00:12.174604Z[0m [32m INFO[0m [2mpanoptikon::inferio::worker[0m[2m:[0m 2026-09-17 03:00:12,174 [DEBUG] PIL.PngImagePlugin: STREAM b'IDAT' 41 65536 [3mworker[0m[2m=[0mwd_tagger
[2m2026-09-17T01:00:12.184384Z[0m [32m INFO[0m [2mpanoptikon::inferio::worker[0m[2m:[0m 2026-09-17 03:00:12,184 [DEBUG] PIL.PngImagePlugin: STREAM b'IHDR' 16 13 [3mworker[0m[2m=[0mwd_tagger
[2m2026-09-17T01:00:12.184395Z[0m [32m INFO[0m [2mpanoptikon::inferio::worker[0m[2m:[0m 2026-09-17 03:00:12,184 [DEBUG] PIL.PngImagePlugin: STREAM b'IDAT' 41 65536 [3mworker[0m[2m=[0mwd_tagger
[2m2026-09-17T01:00:12.192920Z[0m [32m INFO[0m [2mpanoptikon::inferio::worker[0m[2m:[0m 2026-09-17 03:00:12,192 [DEBUG] PIL.PngImagePlugin: STREAM b'IHDR' 16 13 [3mworker[0m[2m=[0mwd_tagger
[2m2026-09-17T01:00:12.192928Z[0m [32m INFO[0m [2mpanoptikon::inferio::worker[0m[2m:[0m 2026-09-17 03:00:12,192 [DEBUG] PIL.PngImagePlugin: STREAM b'IDAT' 41 65536 [3mworker[0m[2m=[0mwd_tagger
[2m2026-09-17T01:00:12.492941Z[0m [32m INFO[0m [2mpanoptikon::inferio::worker[0m[2m:[0m 2026-09-17 03:00:12,492 [DEBUG] inferio_worker_impl_0_wd_tagger: Running inference on 25 images [3mworker[0m[2m=[0mwd_tagger
[2m2026-09-17T01:00:14.610995Z[0m [34mDEBUG[0m [2mpanoptikon::inferio::ledger[0m[2m:[0m refitted the memory cost model [3mmodel[0m[2m=[0mtags/wd-vit-tagger-v3 [3mgpu[0m[2m=[0mGPU-MPS [3mslope_mb_per_unit[0m[2m=[0m41.5 [3mintercept_mb[0m[2m=[0m-78.0 [3mresidual_mb[0m[2m=[0m235.0 [3msamples[0m[2m=[0m7 [3mversion[0m[2m=[0m2
[2m2026-09-17T01:00:14.611024Z[0m [34mDEBUG[0m [2mpanoptikon::inferio::ledger[0m[2m:[0m declining to fit a throughput knee: the ring's quiet buckets hold too few observations to read as a curve [3mobservations[0m[2m=[0m8 [3mmin_observations[0m[2m=[0m12 [3mbuckets[0m[2m=[0m4 [3mmin_buckets[0m[2m=[0m3
[2m2026-09-17T01:00:14.611032Z[0m [34mDEBUG[0m [2mpanoptikon::inferio::ledger[0m[2m:[0m queued a calibration profile update for the store [3mmodel[0m[2m=[0mtags/wd-vit-tagger-v3 [3mgpu[0m[2m=[0mGPU-MPS [3mreason[0m[2m=[0m"fit_changed" [3mmax_units_measured[0m[2m=[0m32 [3mfit_version[0m[2m=[0m2
[2m2026-09-17T01:00:14.611043Z[0m [34mDEBUG[0m [2mpanoptikon::inferio::ledger[0m[2m:[0m settled a granted window [3mmodel[0m[2m=[0mtags/wd-vit-tagger-v3 [3mgpu[0m[2m=[0mGPU-MPS [3moutcome[0m[2m=[0m"clean" [3mfit_samples[0m[2m=[0m3 [3mthroughput_samples[0m[2m=[0m1 [3mclamped_samples[0m[2m=[0m0 [3mclamped[0m[2m=[0mnone [3mramp_step[0m[2m=[0m3 [3mdeflation[0m[2m=[0m0 [3mclean_windows[0m[2m=[0m6 [3mmax_units_measured[0m[2m=[0m32
[2m2026-09-17T01:00:14.686525Z[0m [32m INFO[0m [2mpanoptikon::jobs::extraction[0m[2m:[0m extraction job phase timing [3mdata_load_busy_secs[0m[2m=[0m0.005675334000000001 [3mdata_load_work_secs[0m[2m=[0m0.031058001000000002 [3minference_busy_secs[0m[2m=[0m8.041661916 [3minference_work_secs[0m[2m=[0m908.4430828679996
[2m2026-09-17T01:00:14.687752Z[0m [32m INFO[0m [1mActor[0m[1m{[0m[3mid[0m[2m=[0m"0.5" [3mname[0m[2m=[0m"job-runner"[1m}[0m[2m:[0m [2mpanoptikon::jobs::queue[0m[2m:[0m scheduling deferred database maintenance [3mindex_db[0m[2m=[0m"cal" [3mqueue_id[0m[2m=[0m5 [3mowed[0m[2m=[0mwrote_data,tags_changed
[2m2026-09-17T01:00:14.687768Z[0m [32m INFO[0m [1mActor[0m[1m{[0m[3mid[0m[2m=[0m"0.5" [3mname[0m[2m=[0m"job-runner"[1m}[0m[2m:[0m [2mpanoptikon::jobs::queue[0m[2m:[0m unloading batch model at job boundary [3msetter[0m[2m=[0mtags/wd-vit-tagger-v3
[2m2026-09-17T01:00:14.687975Z[0m [34mDEBUG[0m [2mpanoptikon::inferio::manager[0m[2m:[0m unload requested [3mmodel[0m[2m=[0mtags/wd-vit-tagger-v3 [3mcache_key[0m[2m=[0mbatch
[2m2026-09-17T01:00:14.687993Z[0m [34mDEBUG[0m [2mpanoptikon::inferio::manager[0m[2m:[0m unloading model [3mmodel[0m[2m=[0mtags/wd-vit-tagger-v3
[2m2026-09-17T01:00:14.688030Z[0m [34mDEBUG[0m [2mpanoptikon::inferio::ledger[0m[2m:[0m credited a departed replica's footprint back to the GPU's free reading, so its memory is not reattributed to external usage, and flagged the reading for a refresh [3mmodel[0m[2m=[0mtags/wd-vit-tagger-v3 [3mgpu[0m[2m=[0mGPU-MPS [3mfootprint_mb[0m[2m=[0m6030 [3madjusted_free_mb[0m[2m=[0m104600
[2m2026-09-17T01:00:14.715356Z[0m [32m INFO[0m [2mpanoptikon::inferio::worker[0m[2m:[0m 2026-09-17 03:00:14,715 [DEBUG] inferio_worker.memory: released the allocator pool (impl): handed back 3318 MiB in 26.9 ms [3mworker[0m[2m=[0mwd_tagger
[2m2026-09-17T01:00:14.715382Z[0m [32m INFO[0m [2mpanoptikon::inferio::worker[0m[2m:[0m 2026-09-17 03:00:14,715 [DEBUG] inferio_worker_impl_0_wd_tagger: Model SmilingWolf/wd-vit-tagger-v3 unloaded [3mworker[0m[2m=[0mwd_tagger
[2m2026-09-17T01:00:14.715413Z[0m [32m INFO[0m [2mpanoptikon::inferio::worker[0m[2m:[0m 2026-09-17 03:00:14,715 [INFO] inferio_worker: Unloaded; exiting. [3mworker[0m[2m=[0mwd_tagger
[2m2026-09-17T01:00:36.692450Z[0m [32m INFO[0m [2mpanoptikon::inferio::calibration[0m[2m:[0m wrote the local calibration store [3mpath[0m[2m=[0mdata/inferio/calibration.toml [3mprofiles[0m[2m=[0m1
[2m2026-09-17T01:00:56.134350Z[0m [32m INFO[0m [2mpanoptikon::shutdown[0m[2m:[0m shutdown signal received; stopping gracefully (repeat the signal to force exit)
[2m2026-09-17T01:00:56.139077Z[0m [32m INFO[0m [2mpanoptikon::shutdown[0m[2m:[0m index DB writers drained [3mwriters[0m[2m=[0m2
[2m2026-09-17T01:00:56.139777Z[0m [32m INFO[0m [2mpanoptikon::shutdown[0m[2m:[0m local inference workers stopped
[2m2026-09-17T01:00:56.139876Z[0m [32m INFO[0m [2mpanoptikon::shutdown[0m[2m:[0m background work stopped cleanly
[2m2026-09-17T01:00:56.166729Z[0m [32m INFO[0m [2mpanoptikon[0m[2m:[0m gateway stopped
