2026-09-17T01:00:01.107894Z  INFO panoptikon::logging: logging to file path=data/panoptikon.log
2026-09-17T01:00:01.108072Z  INFO panoptikon::rlimit: raised the open file descriptor soft limit to the hard limit soft_nofile_before=256 soft_nofile_after=1048576
2026-09-17T01:00:01.108565Z  INFO panoptikon::accelerator_report: accelerator backend backend="mps" backend_source=macOS: default PyPI wheels (MPS on Apple Silicon); no CUDA/ROCm builds exist devices=[]
2026-09-17T01:00:01.154618Z  INFO panoptikon::inferio::gpu: detected GPU (unified memory; the total is the 75% seed until a worker reports the exact recommended-max figure) index=0 uuid=GPU-MPS name=Apple M3 Max (128 GB) total_mb=98304 ram_mb=131072 unified=true
2026-09-17T01:00:01.154686Z  INFO panoptikon::inferio::gpu: admitting batches from workers that run on the CPU against system RAM (running out of it is an OS process kill rather than a catchable allocation failure, so the device ships with a default ceiling) uuid=CPU name=CPU (128 GB) total_mb=131072 default_cap_fraction=0.75 accelerators=1
2026-09-17T01:00:01.160249Z  INFO panoptikon: serving /api/inference locally (inference_local.enabled)
2026-09-17T01:00:01.225408Z  INFO panoptikon: gateway listening endpoint=default address=127.0.0.1:6342
2026-09-17T01:00:01.225430Z  INFO panoptikon: gateway listening endpoint=test address=127.0.0.1:6343
2026-09-17T01:00:01.225444Z  INFO panoptikon: gateway listening endpoint=legacy_ui address=127.0.0.1:6339
2026-09-17T01:00:01.225454Z  INFO panoptikon: serving HTTP/1.1 and HTTP/2 cleartext max_concurrent_streams=512
2026-09-17T01:00:01.240377Z  INFO panoptikon::media_tools: media tools resolved ffmpeg=/Users/moot/projects/panoptikon-pr27/python/.venv/lib/python3.12/site-packages/static_ffmpeg/bin/darwin_arm64/ffmpeg ffprobe=/Users/moot/projects/panoptikon-pr27/python/.venv/lib/python3.12/site-packages/static_ffmpeg/bin/darwin_arm64/ffprobe
2026-09-17T01:00:01.423757Z  INFO panoptikon::media_tools::transcode::hw: hardware H.264 encoder validated encoder="h264_videotoolbox"
2026-09-17T01:00:03.444547Z  INFO panoptikon::jobs::files: file scan phase timing folder="/Users/moot/projects/panoptikon-pr27/tools/calibration-protocol/results/corpus/smoke/" hashing_busy_secs=0.05131833299999999 hashing_work_secs=0.10515683399999999 metadata_busy_secs=0.018336415999999994 metadata_work_secs=0.023319004 thumbgen_busy_secs=1.430314 thumbgen_work_secs=9.783980993999998 blurhash_busy_secs=0.17625550300000006 blurhash_work_secs=0.3573608740000002
2026-09-17T01:00:03.491346Z  INFO panoptikon::jobs::files: file scan phase timing folder="/Users/moot/projects/panoptikon-pr27/tools/calibration-protocol/results/corpus/smoke/" hashing_busy_secs=0.0 hashing_work_secs=0.0 metadata_busy_secs=0.0 metadata_work_secs=0.0 thumbgen_busy_secs=0.0 thumbgen_work_secs=0.0 blurhash_busy_secs=0.0 blurhash_work_secs=0.0
2026-09-17T01:00:03.492488Z  INFO Actor{[3mid[0m[2m=[0m"0.5" [3mname[0m[2m=[0m"job-runner"}: panoptikon::jobs::queue: scheduling deferred database maintenance index_db="cal" queue_id=3 owed=wrote_data
2026-09-17T01:00:04.019397Z DEBUG panoptikon::inferio_client: multiplexing inference requests over HTTP/2 cleartext endpoint=http://127.0.0.1:6342/api/inference connection_lanes=64 streams_per_lane=64 max_concurrent=256 max_concurrent_ceiling=4096
2026-09-17T01:00:04.051569Z DEBUG panoptikon::inferio::manager: resolved cost dimension model=tags/wd-vit-tagger-v3 unit="item" aggregation="count" epoch=1 seed_units=64 priced=true degraded=false
2026-09-17T01:00:04.051600Z DEBUG panoptikon::inferio::ledger: probing the host for this GPU's free memory before pricing a load against it model="tags/wd-vit-tagger-v3" gpu="GPU-MPS" reason="no free sample: this GPU has never had a resident" sample_age_ms=None
2026-09-17T01:00:04.051668Z DEBUG panoptikon::inferio::ledger: refreshed the GPU's free memory from the host probe gpu=GPU-MPS source="mps" free_mb=106589 total_mb=98304 external_mb=24483 previous_age_ms=None recorded=true
2026-09-17T01:00:04.052383Z DEBUG panoptikon::inferio::worker: spawned an inferio worker worker=wd_tagger inference_id="tags/wd-vit-tagger-v3" pid=Some(46388)
2026-09-17T01:00:04.712311Z  INFO panoptikon::inferio::worker: 2026-09-17 03:00:04,712 [INFO] inferio_worker: Resolved impl class wd_tagger to /Users/moot/projects/panoptikon-pr27/python/inferio/impl/wd_tagger.py worker=wd_tagger
2026-09-17T01:00:04.712338Z  INFO panoptikon::inferio::worker: 2026-09-17 03:00:04,712 [INFO] inferio_worker: Handshake ok for impl class wd_tagger worker=wd_tagger
2026-09-17T01:00:04.712456Z  INFO panoptikon::inferio::worker: 2026-09-17 03:00:04,712 [INFO] inferio_worker: Configured as tags/wd-vit-tagger-v3 worker=wd_tagger
2026-09-17T01:00:04.722926Z  INFO panoptikon::inferio::worker: 2026-09-17 03:00:04,722 [DEBUG] inferio_worker.memory: NVML init failed (NVML Shared Library Not Found) worker=wd_tagger
2026-09-17T01:00:05.363589Z  INFO panoptikon::inferio::worker: 2026-09-17 03:00:05,363 [DEBUG] urllib3.connectionpool: Starting new HTTPS connection (1): huggingface.co:443 worker=wd_tagger
2026-09-17T01:00:05.527841Z  INFO panoptikon::inferio::worker: 2026-09-17 03:00:05,527 [DEBUG] urllib3.connectionpool: https://huggingface.co:443 "HEAD /SmilingWolf/wd-vit-tagger-v3/resolve/main/selected_tags.csv HTTP/1.1" 307 0 worker=wd_tagger
2026-09-17T01:00:05.544529Z  INFO panoptikon::inferio::worker: 2026-09-17 03:00:05,544 [DEBUG] urllib3.connectionpool: https://huggingface.co:443 "HEAD /api/resolve-cache/models/SmilingWolf/wd-vit-tagger-v3/7f6b584d0bd3f55c4531f14ba3d4761b2bccdc0f/selected_tags.csv HTTP/1.1" 200 0 worker=wd_tagger
2026-09-17T01:00:05.684298Z  INFO panoptikon::inferio::worker: 2026-09-17 03:00:05,683 [DEBUG] urllib3.connectionpool: https://huggingface.co:443 "HEAD /SmilingWolf/wd-vit-tagger-v3/resolve/main/config.json HTTP/1.1" 307 0 worker=wd_tagger
2026-09-17T01:00:05.701473Z  INFO panoptikon::inferio::worker: 2026-09-17 03:00:05,700 [DEBUG] urllib3.connectionpool: https://huggingface.co:443 "HEAD /api/resolve-cache/models/SmilingWolf/wd-vit-tagger-v3/7f6b584d0bd3f55c4531f14ba3d4761b2bccdc0f/config.json HTTP/1.1" 200 0 worker=wd_tagger
2026-09-17T01:00:06.437182Z  INFO panoptikon::inferio::worker: 2026-09-17 03:00:06,437 [DEBUG] urllib3.connectionpool: https://huggingface.co:443 "HEAD /SmilingWolf/wd-vit-tagger-v3/resolve/main/model.safetensors HTTP/1.1" 302 0 worker=wd_tagger
2026-09-17T01:00:06.438229Z  INFO panoptikon::inferio::worker: 2026-09-17 03:00:06,438 [INFO] timm.models._hub: [SmilingWolf/wd-vit-tagger-v3] Safe alternative available for 'pytorch_model.bin' (as 'model.safetensors'). Loading weights using safetensors. worker=wd_tagger
2026-09-17T01:00:06.564240Z  INFO panoptikon::inferio::worker: 2026-09-17 03:00:06,564 [DEBUG] inferio_worker_impl_0_wd_tagger: Model SmilingWolf/wd-vit-tagger-v3 loaded worker=wd_tagger
2026-09-17T01:00:06.566730Z DEBUG panoptikon::inferio::worker: worker reported its load footprint worker=tags/wd-vit-tagger-v3 base_mb=1384 base_method="mps" dtype="fp32" dtype_method="inferred" gpu_name="Apple M3 Max (128 GB)" gpu_arch="apple-m3" gpu_total_mb=110100 torch="2.7.1"
2026-09-17T01:00:06.566765Z DEBUG panoptikon::inferio::manager: replica loaded model=tags/wd-vit-tagger-v3 replica=0 device="<unpinned>"
2026-09-17T01:00:06.566796Z  INFO panoptikon::inferio::ledger: this unified-memory device's admission total is now the figure the worker's own runtime reports, which is what its allocations are actually judged against; the probe's seed was a default fraction of host RAM and a raised GPU memory limit moves the real figure well away from it model=tags/wd-vit-tagger-v3 gpu=GPU-MPS seed_total_mb=98304 reported_total_mb=110100 ram_mb=131072
2026-09-17T01:00:06.566950Z DEBUG panoptikon::inferio::ledger: admitted a worker to a GPU's ledger model=tags/wd-vit-tagger-v3 gpu=GPU-MPS replica=2 base_mb=Some(1384) base_method="mps" reserved_at_load_mb=Some(1384) seeded_from_store=false
2026-09-17T01:00:06.571392Z DEBUG panoptikon::inferio::http: processing local inference predict model=tags/wd-vit-tagger-v3 inputs=1
2026-09-17T01:00:06.571405Z DEBUG panoptikon::inferio::http: processing local inference predict model=tags/wd-vit-tagger-v3 inputs=1
2026-09-17T01:00:06.571583Z DEBUG panoptikon::inferio::ledger: issued a memory grant model=tags/wd-vit-tagger-v3 gpu=GPU-MPS unit_budget=1 mb=103416 canvas_pixels=none share_mb=103416 room_mb=103416 headroom_mb=103416 external_mb=25248 reserve_mb=1024 reserve_rule="capped_default" pre_fit=true ramp_step=0 deflation=0 squeezed=false window_requests=1
2026-09-17T01:00:06.571888Z DEBUG panoptikon::inferio::http: processing local inference predict model=tags/wd-vit-tagger-v3 inputs=1
2026-09-17T01:00:06.571943Z DEBUG panoptikon::inferio::http: processing local inference predict model=tags/wd-vit-tagger-v3 inputs=1
2026-09-17T01:00:06.571978Z DEBUG panoptikon::inferio::http: processing local inference predict model=tags/wd-vit-tagger-v3 inputs=1
2026-09-17T01:00:06.571999Z DEBUG panoptikon::inferio::http: processing local inference predict model=tags/wd-vit-tagger-v3 inputs=1
2026-09-17T01:00:06.572100Z DEBUG panoptikon::inferio::http: processing local inference predict model=tags/wd-vit-tagger-v3 inputs=1
2026-09-17T01:00:06.572331Z DEBUG panoptikon::inferio::http: processing local inference predict model=tags/wd-vit-tagger-v3 inputs=1
2026-09-17T01:00:06.572361Z DEBUG panoptikon::inferio::http: processing local inference predict model=tags/wd-vit-tagger-v3 inputs=1
2026-09-17T01:00:06.572425Z DEBUG panoptikon::inferio::http: processing local inference predict model=tags/wd-vit-tagger-v3 inputs=1
2026-09-17T01:00:06.572770Z DEBUG panoptikon::inferio::http: processing local inference predict model=tags/wd-vit-tagger-v3 inputs=1
2026-09-17T01:00:06.572777Z DEBUG panoptikon::inferio::http: processing local inference predict model=tags/wd-vit-tagger-v3 inputs=1
2026-09-17T01:00:06.572822Z DEBUG panoptikon::inferio::http: processing local inference predict model=tags/wd-vit-tagger-v3 inputs=1
2026-09-17T01:00:06.572853Z DEBUG panoptikon::inferio::http: processing local inference predict model=tags/wd-vit-tagger-v3 inputs=1
2026-09-17T01:00:06.572901Z DEBUG panoptikon::inferio::http: processing local inference predict model=tags/wd-vit-tagger-v3 inputs=1
2026-09-17T01:00:06.572917Z DEBUG panoptikon::inferio::http: processing local inference predict model=tags/wd-vit-tagger-v3 inputs=1
2026-09-17T01:00:06.572961Z DEBUG panoptikon::inferio::http: processing local inference predict model=tags/wd-vit-tagger-v3 inputs=1
2026-09-17T01:00:06.573283Z DEBUG panoptikon::inferio::http: processing local inference predict model=tags/wd-vit-tagger-v3 inputs=1
2026-09-17T01:00:06.573425Z DEBUG panoptikon::inferio::http: processing local inference predict model=tags/wd-vit-tagger-v3 inputs=1
2026-09-17T01:00:06.573486Z DEBUG panoptikon::inferio::http: processing local inference predict model=tags/wd-vit-tagger-v3 inputs=1
2026-09-17T01:00:06.573624Z DEBUG panoptikon::inferio::http: processing local inference predict model=tags/wd-vit-tagger-v3 inputs=1
2026-09-17T01:00:06.573740Z DEBUG panoptikon::inferio::http: processing local inference predict model=tags/wd-vit-tagger-v3 inputs=1
2026-09-17T01:00:06.573768Z DEBUG panoptikon::inferio::http: processing local inference predict model=tags/wd-vit-tagger-v3 inputs=1
2026-09-17T01:00:06.573854Z DEBUG panoptikon::inferio::http: processing local inference predict model=tags/wd-vit-tagger-v3 inputs=1
2026-09-17T01:00:06.573990Z DEBUG panoptikon::inferio::http: processing local inference predict model=tags/wd-vit-tagger-v3 inputs=1
2026-09-17T01:00:06.574041Z DEBUG panoptikon::inferio::http: processing local inference predict model=tags/wd-vit-tagger-v3 inputs=1
2026-09-17T01:00:06.574095Z DEBUG panoptikon::inferio::http: processing local inference predict model=tags/wd-vit-tagger-v3 inputs=1
2026-09-17T01:00:06.574278Z DEBUG panoptikon::inferio::http: processing local inference predict model=tags/wd-vit-tagger-v3 inputs=1
2026-09-17T01:00:06.574534Z DEBUG panoptikon::inferio::http: processing local inference predict model=tags/wd-vit-tagger-v3 inputs=1
2026-09-17T01:00:06.574623Z DEBUG panoptikon::inferio::http: processing local inference predict model=tags/wd-vit-tagger-v3 inputs=1
2026-09-17T01:00:06.574805Z DEBUG panoptikon::inferio::http: processing local inference predict model=tags/wd-vit-tagger-v3 inputs=1
2026-09-17T01:00:06.574840Z DEBUG panoptikon::inferio::http: processing local inference predict model=tags/wd-vit-tagger-v3 inputs=1
2026-09-17T01:00:06.575069Z DEBUG panoptikon::inferio::http: processing local inference predict model=tags/wd-vit-tagger-v3 inputs=1
2026-09-17T01:00:06.575123Z DEBUG panoptikon::inferio::http: processing local inference predict model=tags/wd-vit-tagger-v3 inputs=1
2026-09-17T01:00:06.575139Z DEBUG panoptikon::inferio::http: processing local inference predict model=tags/wd-vit-tagger-v3 inputs=1
2026-09-17T01:00:06.575290Z DEBUG panoptikon::inferio::http: processing local inference predict model=tags/wd-vit-tagger-v3 inputs=1
2026-09-17T01:00:06.575316Z DEBUG panoptikon::inferio::http: processing local inference predict model=tags/wd-vit-tagger-v3 inputs=1
2026-09-17T01:00:06.575895Z DEBUG panoptikon::inferio::http: processing local inference predict model=tags/wd-vit-tagger-v3 inputs=1
2026-09-17T01:00:06.575907Z DEBUG panoptikon::inferio::http: processing local inference predict model=tags/wd-vit-tagger-v3 inputs=1
2026-09-17T01:00:06.576025Z DEBUG panoptikon::inferio::http: processing local inference predict model=tags/wd-vit-tagger-v3 inputs=1
2026-09-17T01:00:06.576069Z DEBUG panoptikon::inferio::http: processing local inference predict model=tags/wd-vit-tagger-v3 inputs=1
2026-09-17T01:00:06.576149Z DEBUG panoptikon::inferio::http: processing local inference predict model=tags/wd-vit-tagger-v3 inputs=1
2026-09-17T01:00:06.576177Z DEBUG panoptikon::inferio::http: processing local inference predict model=tags/wd-vit-tagger-v3 inputs=1
2026-09-17T01:00:06.576202Z DEBUG panoptikon::inferio::http: processing local inference predict model=tags/wd-vit-tagger-v3 inputs=1
2026-09-17T01:00:06.576230Z DEBUG panoptikon::inferio::http: processing local inference predict model=tags/wd-vit-tagger-v3 inputs=1
2026-09-17T01:00:06.576344Z DEBUG panoptikon::inferio::http: processing local inference predict model=tags/wd-vit-tagger-v3 inputs=1
2026-09-17T01:00:06.576360Z DEBUG panoptikon::inferio::http: processing local inference predict model=tags/wd-vit-tagger-v3 inputs=1
2026-09-17T01:00:06.576366Z DEBUG panoptikon::inferio::http: processing local inference predict model=tags/wd-vit-tagger-v3 inputs=1
2026-09-17T01:00:06.576381Z DEBUG panoptikon::inferio::http: processing local inference predict model=tags/wd-vit-tagger-v3 inputs=1
2026-09-17T01:00:06.576507Z DEBUG panoptikon::inferio::http: processing local inference predict model=tags/wd-vit-tagger-v3 inputs=1
2026-09-17T01:00:06.576519Z DEBUG panoptikon::inferio::http: processing local inference predict model=tags/wd-vit-tagger-v3 inputs=1
2026-09-17T01:00:06.576529Z DEBUG panoptikon::inferio::http: processing local inference predict model=tags/wd-vit-tagger-v3 inputs=1
2026-09-17T01:00:06.576561Z DEBUG panoptikon::inferio::http: processing local inference predict model=tags/wd-vit-tagger-v3 inputs=1
2026-09-17T01:00:06.576671Z DEBUG panoptikon::inferio::http: processing local inference predict model=tags/wd-vit-tagger-v3 inputs=1
2026-09-17T01:00:06.576720Z DEBUG panoptikon::inferio::http: processing local inference predict model=tags/wd-vit-tagger-v3 inputs=1
2026-09-17T01:00:06.576880Z DEBUG panoptikon::inferio::http: processing local inference predict model=tags/wd-vit-tagger-v3 inputs=1
2026-09-17T01:00:06.577023Z DEBUG panoptikon::inferio::http: processing local inference predict model=tags/wd-vit-tagger-v3 inputs=1
2026-09-17T01:00:06.577028Z DEBUG panoptikon::inferio::http: processing local inference predict model=tags/wd-vit-tagger-v3 inputs=1
2026-09-17T01:00:06.577142Z DEBUG panoptikon::inferio::http: processing local inference predict model=tags/wd-vit-tagger-v3 inputs=1
2026-09-17T01:00:06.577157Z DEBUG panoptikon::inferio::http: processing local inference predict model=tags/wd-vit-tagger-v3 inputs=1
2026-09-17T01:00:06.577336Z DEBUG panoptikon::inferio::http: processing local inference predict model=tags/wd-vit-tagger-v3 inputs=1
2026-09-17T01:00:06.577342Z DEBUG panoptikon::inferio::http: processing local inference predict model=tags/wd-vit-tagger-v3 inputs=1
2026-09-17T01:00:06.577357Z DEBUG panoptikon::inferio::http: processing local inference predict model=tags/wd-vit-tagger-v3 inputs=1
2026-09-17T01:00:06.577368Z DEBUG panoptikon::inferio::http: processing local inference predict model=tags/wd-vit-tagger-v3 inputs=1
2026-09-17T01:00:06.583752Z  INFO panoptikon::inferio::worker: 2026-09-17 03:00:06,583 [DEBUG] inferio_worker_impl_0_wd_tagger: Running inference on 1 images worker=wd_tagger
2026-09-17T01:00:06.674207Z DEBUG panoptikon::inferio::ledger: queued a calibration profile update for the store model=tags/wd-vit-tagger-v3 gpu=GPU-MPS reason="anchor_advanced" max_units_measured=0 fit_version=0
2026-09-17T01:00:06.674221Z DEBUG panoptikon::inferio::ledger: settled a granted window model=tags/wd-vit-tagger-v3 gpu=GPU-MPS outcome="clean" fit_samples=1 throughput_samples=0 clamped_samples=0 clamped=none ramp_step=0 deflation=0 clean_windows=1 max_units_measured=1
2026-09-17T01:00:06.674256Z DEBUG panoptikon::inferio::ledger: issued a memory grant model=tags/wd-vit-tagger-v3 gpu=GPU-MPS unit_budget=2 mb=103369 canvas_pixels=none share_mb=103369 room_mb=103369 headroom_mb=103297 external_mb=25295 reserve_mb=1024 reserve_rule="capped_default" pre_fit=true ramp_step=0 deflation=0 squeezed=false window_requests=6
2026-09-17T01:00:06.677160Z DEBUG panoptikon::inferio::http: processing local inference predict model=tags/wd-vit-tagger-v3 inputs=1
2026-09-17T01:00:06.677182Z DEBUG panoptikon::inferio::http: processing local inference predict model=tags/wd-vit-tagger-v3 inputs=1
2026-09-17T01:00:06.677193Z DEBUG panoptikon::inferio::http: processing local inference predict model=tags/wd-vit-tagger-v3 inputs=1
2026-09-17T01:00:06.677207Z DEBUG panoptikon::inferio::http: processing local inference predict model=tags/wd-vit-tagger-v3 inputs=1
2026-09-17T01:00:06.677246Z DEBUG panoptikon::inferio::http: processing local inference predict model=tags/wd-vit-tagger-v3 inputs=1
2026-09-17T01:00:06.677271Z DEBUG panoptikon::inferio::http: processing local inference predict model=tags/wd-vit-tagger-v3 inputs=1
2026-09-17T01:00:06.677285Z DEBUG panoptikon::inferio::http: processing local inference predict model=tags/wd-vit-tagger-v3 inputs=1
2026-09-17T01:00:06.677297Z DEBUG panoptikon::inferio::http: processing local inference predict model=tags/wd-vit-tagger-v3 inputs=1
2026-09-17T01:00:06.677316Z DEBUG panoptikon::inferio::http: processing local inference predict model=tags/wd-vit-tagger-v3 inputs=1
2026-09-17T01:00:06.677328Z DEBUG panoptikon::inferio::http: processing local inference predict model=tags/wd-vit-tagger-v3 inputs=1
2026-09-17T01:00:06.677348Z DEBUG panoptikon::inferio::http: processing local inference predict model=tags/wd-vit-tagger-v3 inputs=1
2026-09-17T01:00:06.677368Z DEBUG panoptikon::inferio::http: processing local inference predict model=tags/wd-vit-tagger-v3 inputs=1
2026-09-17T01:00:06.677382Z DEBUG panoptikon::inferio::http: processing local inference predict model=tags/wd-vit-tagger-v3 inputs=1
2026-09-17T01:00:06.677407Z DEBUG panoptikon::inferio::http: processing local inference predict model=tags/wd-vit-tagger-v3 inputs=1
2026-09-17T01:00:06.677420Z DEBUG panoptikon::inferio::http: processing local inference predict model=tags/wd-vit-tagger-v3 inputs=1
2026-09-17T01:00:06.677442Z DEBUG panoptikon::inferio::http: processing local inference predict model=tags/wd-vit-tagger-v3 inputs=1
2026-09-17T01:00:06.677459Z DEBUG panoptikon::inferio::http: processing local inference predict model=tags/wd-vit-tagger-v3 inputs=1
2026-09-17T01:00:06.677479Z DEBUG panoptikon::inferio::http: processing local inference predict model=tags/wd-vit-tagger-v3 inputs=1
2026-09-17T01:00:06.677501Z DEBUG panoptikon::inferio::http: processing local inference predict model=tags/wd-vit-tagger-v3 inputs=1
2026-09-17T01:00:06.677548Z DEBUG panoptikon::inferio::http: processing local inference predict model=tags/wd-vit-tagger-v3 inputs=1
2026-09-17T01:00:06.677575Z DEBUG panoptikon::inferio::http: processing local inference predict model=tags/wd-vit-tagger-v3 inputs=1
2026-09-17T01:00:06.677589Z DEBUG panoptikon::inferio::http: processing local inference predict model=tags/wd-vit-tagger-v3 inputs=1
2026-09-17T01:00:06.677600Z DEBUG panoptikon::inferio::http: processing local inference predict model=tags/wd-vit-tagger-v3 inputs=1
2026-09-17T01:00:06.677636Z DEBUG panoptikon::inferio::http: processing local inference predict model=tags/wd-vit-tagger-v3 inputs=1
2026-09-17T01:00:06.677804Z DEBUG panoptikon::inferio::http: processing local inference predict model=tags/wd-vit-tagger-v3 inputs=1
2026-09-17T01:00:06.677867Z DEBUG panoptikon::inferio::http: processing local inference predict model=tags/wd-vit-tagger-v3 inputs=1
2026-09-17T01:00:06.677935Z DEBUG panoptikon::inferio::http: processing local inference predict model=tags/wd-vit-tagger-v3 inputs=1
2026-09-17T01:00:06.678013Z DEBUG panoptikon::inferio::http: processing local inference predict model=tags/wd-vit-tagger-v3 inputs=1
2026-09-17T01:00:06.681343Z DEBUG panoptikon::inferio::http: processing local inference predict model=tags/wd-vit-tagger-v3 inputs=1
2026-09-17T01:00:06.681356Z  INFO panoptikon::inferio::worker: 2026-09-17 03:00:06,678 [DEBUG] inferio_worker_impl_0_wd_tagger: Running inference on 2 images worker=wd_tagger
2026-09-17T01:00:06.681365Z DEBUG panoptikon::inferio::http: processing local inference predict model=tags/wd-vit-tagger-v3 inputs=1
2026-09-17T01:00:06.681379Z DEBUG panoptikon::inferio::http: processing local inference predict model=tags/wd-vit-tagger-v3 inputs=1
2026-09-17T01:00:06.681390Z DEBUG panoptikon::inferio::http: processing local inference predict model=tags/wd-vit-tagger-v3 inputs=1
2026-09-17T01:00:06.681409Z DEBUG panoptikon::inferio::http: processing local inference predict model=tags/wd-vit-tagger-v3 inputs=1
2026-09-17T01:00:06.681600Z DEBUG panoptikon::inferio::http: processing local inference predict model=tags/wd-vit-tagger-v3 inputs=1
2026-09-17T01:00:06.681608Z DEBUG panoptikon::inferio::http: processing local inference predict model=tags/wd-vit-tagger-v3 inputs=1
2026-09-17T01:00:06.681621Z DEBUG panoptikon::inferio::http: processing local inference predict model=tags/wd-vit-tagger-v3 inputs=1
2026-09-17T01:00:06.681636Z DEBUG panoptikon::inferio::http: processing local inference predict model=tags/wd-vit-tagger-v3 inputs=1
2026-09-17T01:00:06.681650Z DEBUG panoptikon::inferio::http: processing local inference predict model=tags/wd-vit-tagger-v3 inputs=1
2026-09-17T01:00:06.681867Z DEBUG panoptikon::inferio::http: processing local inference predict model=tags/wd-vit-tagger-v3 inputs=1
2026-09-17T01:00:06.681874Z DEBUG panoptikon::inferio::http: processing local inference predict model=tags/wd-vit-tagger-v3 inputs=1
2026-09-17T01:00:06.681881Z DEBUG panoptikon::inferio::http: processing local inference predict model=tags/wd-vit-tagger-v3 inputs=1
2026-09-17T01:00:06.681895Z DEBUG panoptikon::inferio::http: processing local inference predict model=tags/wd-vit-tagger-v3 inputs=1
2026-09-17T01:00:06.681908Z DEBUG panoptikon::inferio::http: processing local inference predict model=tags/wd-vit-tagger-v3 inputs=1
2026-09-17T01:00:06.681921Z DEBUG panoptikon::inferio::http: processing local inference predict model=tags/wd-vit-tagger-v3 inputs=1
2026-09-17T01:00:06.681932Z DEBUG panoptikon::inferio::http: processing local inference predict model=tags/wd-vit-tagger-v3 inputs=1
2026-09-17T01:00:06.681950Z DEBUG panoptikon::inferio::http: processing local inference predict model=tags/wd-vit-tagger-v3 inputs=1
2026-09-17T01:00:06.681982Z DEBUG panoptikon::inferio::http: processing local inference predict model=tags/wd-vit-tagger-v3 inputs=1
2026-09-17T01:00:06.681991Z DEBUG panoptikon::inferio::http: processing local inference predict model=tags/wd-vit-tagger-v3 inputs=1
2026-09-17T01:00:06.682001Z DEBUG panoptikon::inferio::http: processing local inference predict model=tags/wd-vit-tagger-v3 inputs=1
2026-09-17T01:00:06.682011Z DEBUG panoptikon::inferio::http: processing local inference predict model=tags/wd-vit-tagger-v3 inputs=1
2026-09-17T01:00:06.682023Z DEBUG panoptikon::inferio::http: processing local inference predict model=tags/wd-vit-tagger-v3 inputs=1
2026-09-17T01:00:06.682040Z DEBUG panoptikon::inferio::http: processing local inference predict model=tags/wd-vit-tagger-v3 inputs=1
2026-09-17T01:00:06.682049Z DEBUG panoptikon::inferio::http: processing local inference predict model=tags/wd-vit-tagger-v3 inputs=1
2026-09-17T01:00:06.682063Z DEBUG panoptikon::inferio::http: processing local inference predict model=tags/wd-vit-tagger-v3 inputs=1
2026-09-17T01:00:06.682070Z DEBUG panoptikon::inferio::http: processing local inference predict model=tags/wd-vit-tagger-v3 inputs=1
2026-09-17T01:00:06.685407Z DEBUG panoptikon::inferio::http: processing local inference predict model=tags/wd-vit-tagger-v3 inputs=1
2026-09-17T01:00:06.685425Z DEBUG panoptikon::inferio::http: processing local inference predict model=tags/wd-vit-tagger-v3 inputs=1
2026-09-17T01:00:06.685433Z DEBUG panoptikon::inferio::http: processing local inference predict model=tags/wd-vit-tagger-v3 inputs=1
2026-09-17T01:00:06.685444Z DEBUG panoptikon::inferio::http: processing local inference predict model=tags/wd-vit-tagger-v3 inputs=1
2026-09-17T01:00:06.685461Z DEBUG panoptikon::inferio::http: processing local inference predict model=tags/wd-vit-tagger-v3 inputs=1
2026-09-17T01:00:06.685475Z DEBUG panoptikon::inferio::http: processing local inference predict model=tags/wd-vit-tagger-v3 inputs=1
2026-09-17T01:00:06.685483Z DEBUG panoptikon::inferio::http: processing local inference predict model=tags/wd-vit-tagger-v3 inputs=1
2026-09-17T01:00:06.685491Z DEBUG panoptikon::inferio::http: processing local inference predict model=tags/wd-vit-tagger-v3 inputs=1
2026-09-17T01:00:06.685511Z DEBUG panoptikon::inferio::http: processing local inference predict model=tags/wd-vit-tagger-v3 inputs=1
2026-09-17T01:00:06.685526Z DEBUG panoptikon::inferio::http: processing local inference predict model=tags/wd-vit-tagger-v3 inputs=1
2026-09-17T01:00:06.685538Z DEBUG panoptikon::inferio::http: processing local inference predict model=tags/wd-vit-tagger-v3 inputs=1
2026-09-17T01:00:06.685550Z DEBUG panoptikon::inferio::http: processing local inference predict model=tags/wd-vit-tagger-v3 inputs=1
2026-09-17T01:00:06.685566Z DEBUG panoptikon::inferio::http: processing local inference predict model=tags/wd-vit-tagger-v3 inputs=1
2026-09-17T01:00:06.685581Z DEBUG panoptikon::inferio::http: processing local inference predict model=tags/wd-vit-tagger-v3 inputs=1
2026-09-17T01:00:06.685593Z DEBUG panoptikon::inferio::http: processing local inference predict model=tags/wd-vit-tagger-v3 inputs=1
2026-09-17T01:00:06.685608Z DEBUG panoptikon::inferio::http: processing local inference predict model=tags/wd-vit-tagger-v3 inputs=1
2026-09-17T01:00:06.685625Z  INFO panoptikon::inferio::calibration: wrote the local calibration store path=data/inferio/calibration.toml profiles=1
2026-09-17T01:00:06.685636Z DEBUG panoptikon::inferio::http: processing local inference predict model=tags/wd-vit-tagger-v3 inputs=1
2026-09-17T01:00:06.685645Z DEBUG panoptikon::inferio::http: processing local inference predict model=tags/wd-vit-tagger-v3 inputs=1
2026-09-17T01:00:06.685717Z DEBUG panoptikon::inferio::http: processing local inference predict model=tags/wd-vit-tagger-v3 inputs=1
2026-09-17T01:00:06.685734Z DEBUG panoptikon::inferio::http: processing local inference predict model=tags/wd-vit-tagger-v3 inputs=1
2026-09-17T01:00:06.685760Z DEBUG panoptikon::inferio::http: processing local inference predict model=tags/wd-vit-tagger-v3 inputs=1
2026-09-17T01:00:06.685779Z DEBUG panoptikon::inferio::http: processing local inference predict model=tags/wd-vit-tagger-v3 inputs=1
2026-09-17T01:00:06.685800Z DEBUG panoptikon::inferio::http: processing local inference predict model=tags/wd-vit-tagger-v3 inputs=1
2026-09-17T01:00:06.685839Z DEBUG panoptikon::inferio::http: processing local inference predict model=tags/wd-vit-tagger-v3 inputs=1
2026-09-17T01:00:06.685857Z DEBUG panoptikon::inferio::http: processing local inference predict model=tags/wd-vit-tagger-v3 inputs=1
2026-09-17T01:00:06.685862Z DEBUG panoptikon::inferio::http: processing local inference predict model=tags/wd-vit-tagger-v3 inputs=1
2026-09-17T01:00:06.685884Z DEBUG panoptikon::inferio::http: processing local inference predict model=tags/wd-vit-tagger-v3 inputs=1
2026-09-17T01:00:06.685906Z DEBUG panoptikon::inferio::http: processing local inference predict model=tags/wd-vit-tagger-v3 inputs=1
2026-09-17T01:00:06.686204Z DEBUG panoptikon::inferio::http: processing local inference predict model=tags/wd-vit-tagger-v3 inputs=1
2026-09-17T01:00:06.686230Z DEBUG panoptikon::inferio::http: processing local inference predict model=tags/wd-vit-tagger-v3 inputs=1
2026-09-17T01:00:06.686270Z DEBUG panoptikon::inferio::http: processing local inference predict model=tags/wd-vit-tagger-v3 inputs=1
2026-09-17T01:00:06.686375Z DEBUG panoptikon::inferio::http: processing local inference predict model=tags/wd-vit-tagger-v3 inputs=1
2026-09-17T01:00:06.686414Z DEBUG panoptikon::inferio::http: processing local inference predict model=tags/wd-vit-tagger-v3 inputs=1
2026-09-17T01:00:06.686492Z DEBUG panoptikon::inferio::http: processing local inference predict model=tags/wd-vit-tagger-v3 inputs=1
2026-09-17T01:00:06.686592Z DEBUG panoptikon::inferio::http: processing local inference predict model=tags/wd-vit-tagger-v3 inputs=1
2026-09-17T01:00:06.686599Z DEBUG panoptikon::inferio::http: processing local inference predict model=tags/wd-vit-tagger-v3 inputs=1
2026-09-17T01:00:06.686619Z DEBUG panoptikon::inferio::http: processing local inference predict model=tags/wd-vit-tagger-v3 inputs=1
2026-09-17T01:00:06.686644Z DEBUG panoptikon::inferio::http: processing local inference predict model=tags/wd-vit-tagger-v3 inputs=1
2026-09-17T01:00:06.686659Z DEBUG panoptikon::inferio::http: processing local inference predict model=tags/wd-vit-tagger-v3 inputs=1
2026-09-17T01:00:06.686679Z DEBUG panoptikon::inferio::http: processing local inference predict model=tags/wd-vit-tagger-v3 inputs=1
2026-09-17T01:00:06.686696Z DEBUG panoptikon::inferio::http: processing local inference predict model=tags/wd-vit-tagger-v3 inputs=1
2026-09-17T01:00:06.686711Z DEBUG panoptikon::inferio::http: processing local inference predict model=tags/wd-vit-tagger-v3 inputs=1
2026-09-17T01:00:06.686734Z DEBUG panoptikon::inferio::http: processing local inference predict model=tags/wd-vit-tagger-v3 inputs=1
2026-09-17T01:00:06.686752Z DEBUG panoptikon::inferio::http: processing local inference predict model=tags/wd-vit-tagger-v3 inputs=1
2026-09-17T01:00:06.686765Z DEBUG panoptikon::inferio::http: processing local inference predict model=tags/wd-vit-tagger-v3 inputs=1
2026-09-17T01:00:06.686771Z DEBUG panoptikon::inferio::http: processing local inference predict model=tags/wd-vit-tagger-v3 inputs=1
2026-09-17T01:00:06.686778Z DEBUG panoptikon::inferio::http: processing local inference predict model=tags/wd-vit-tagger-v3 inputs=1
2026-09-17T01:00:06.686788Z DEBUG panoptikon::inferio::http: processing local inference predict model=tags/wd-vit-tagger-v3 inputs=1
2026-09-17T01:00:06.686804Z DEBUG panoptikon::inferio::http: processing local inference predict model=tags/wd-vit-tagger-v3 inputs=1
2026-09-17T01:00:06.686851Z DEBUG panoptikon::inferio::http: processing local inference predict model=tags/wd-vit-tagger-v3 inputs=1
2026-09-17T01:00:06.686863Z DEBUG panoptikon::inferio::http: processing local inference predict model=tags/wd-vit-tagger-v3 inputs=1
2026-09-17T01:00:06.686870Z DEBUG panoptikon::inferio::http: processing local inference predict model=tags/wd-vit-tagger-v3 inputs=1
2026-09-17T01:00:06.686878Z DEBUG panoptikon::inferio::http: processing local inference predict model=tags/wd-vit-tagger-v3 inputs=1
2026-09-17T01:00:06.686894Z DEBUG panoptikon::inferio::http: processing local inference predict model=tags/wd-vit-tagger-v3 inputs=1
2026-09-17T01:00:06.686950Z DEBUG panoptikon::inferio::http: processing local inference predict model=tags/wd-vit-tagger-v3 inputs=1
2026-09-17T01:00:06.686979Z DEBUG panoptikon::inferio::http: processing local inference predict model=tags/wd-vit-tagger-v3 inputs=1
2026-09-17T01:00:06.687811Z DEBUG panoptikon::inferio::http: processing local inference predict model=tags/wd-vit-tagger-v3 inputs=1
2026-09-17T01:00:06.688789Z DEBUG panoptikon::inferio::http: processing local inference predict model=tags/wd-vit-tagger-v3 inputs=1
2026-09-17T01:00:06.688802Z DEBUG panoptikon::inferio::http: processing local inference predict model=tags/wd-vit-tagger-v3 inputs=1
2026-09-17T01:00:06.688821Z DEBUG panoptikon::inferio::http: processing local inference predict model=tags/wd-vit-tagger-v3 inputs=1
2026-09-17T01:00:06.688850Z DEBUG panoptikon::inferio::http: processing local inference predict model=tags/wd-vit-tagger-v3 inputs=1
2026-09-17T01:00:06.770660Z  INFO panoptikon::inferio::worker: 2026-09-17 03:00:06,770 [DEBUG] inferio_worker_impl_0_wd_tagger: Running inference on 2 images worker=wd_tagger
2026-09-17T01:00:06.839836Z  INFO panoptikon::inferio::worker: 2026-09-17 03:00:06,839 [DEBUG] inferio_worker_impl_0_wd_tagger: Running inference on 2 images worker=wd_tagger
2026-09-17T01:00:06.905894Z DEBUG panoptikon::inferio::ledger: declining to fit a throughput knee: the ring's quiet buckets hold too few observations to read as a curve observations=2 min_observations=12 buckets=1 min_buckets=3
2026-09-17T01:00:06.905911Z DEBUG panoptikon::inferio::ledger: queued a calibration profile update for the store model=tags/wd-vit-tagger-v3 gpu=GPU-MPS reason="anchor_advanced" max_units_measured=2 fit_version=0
2026-09-17T01:00:06.905921Z DEBUG panoptikon::inferio::ledger: settled a granted window model=tags/wd-vit-tagger-v3 gpu=GPU-MPS outcome="clean" fit_samples=3 throughput_samples=2 clamped_samples=0 clamped=none ramp_step=1 deflation=0 clean_windows=2 max_units_measured=2
2026-09-17T01:00:06.905957Z DEBUG panoptikon::inferio::ledger: issued a memory grant model=tags/wd-vit-tagger-v3 gpu=GPU-MPS unit_budget=4 mb=103484 canvas_pixels=none share_mb=103484 room_mb=103484 headroom_mb=103296 external_mb=25180 reserve_mb=1024 reserve_rule="capped_default" pre_fit=true ramp_step=1 deflation=0 squeezed=false window_requests=12
2026-09-17T01:00:06.912662Z  INFO panoptikon::inferio::worker: 2026-09-17 03:00:06,912 [DEBUG] inferio_worker_impl_0_wd_tagger: Running inference on 4 images worker=wd_tagger
2026-09-17T01:00:07.063367Z  INFO panoptikon::inferio::worker: 2026-09-17 03:00:07,063 [DEBUG] inferio_worker_impl_0_wd_tagger: Running inference on 4 images worker=wd_tagger
2026-09-17T01:00:07.195093Z  INFO panoptikon::inferio::worker: 2026-09-17 03:00:07,195 [DEBUG] inferio_worker_impl_0_wd_tagger: Running inference on 4 images worker=wd_tagger
2026-09-17T01:00:07.321126Z DEBUG panoptikon::inferio::ledger: declining to fit a throughput knee: the ring's quiet buckets hold too few observations to read as a curve observations=4 min_observations=12 buckets=2 min_buckets=3
2026-09-17T01:00:07.321144Z DEBUG panoptikon::inferio::ledger: queued a calibration profile update for the store model=tags/wd-vit-tagger-v3 gpu=GPU-MPS reason="anchor_advanced" max_units_measured=4 fit_version=0
2026-09-17T01:00:07.321163Z DEBUG panoptikon::inferio::ledger: settled a granted window model=tags/wd-vit-tagger-v3 gpu=GPU-MPS outcome="clean" fit_samples=3 throughput_samples=2 clamped_samples=0 clamped=none ramp_step=2 deflation=0 clean_windows=3 max_units_measured=4
2026-09-17T01:00:07.321194Z DEBUG panoptikon::inferio::ledger: issued a memory grant model=tags/wd-vit-tagger-v3 gpu=GPU-MPS unit_budget=8 mb=103712 canvas_pixels=none share_mb=103712 room_mb=103712 headroom_mb=103296 external_mb=24952 reserve_mb=1024 reserve_rule="capped_default" pre_fit=true ramp_step=2 deflation=0 squeezed=false window_requests=24
2026-09-17T01:00:07.333578Z  INFO panoptikon::inferio::worker: 2026-09-17 03:00:07,333 [DEBUG] inferio_worker_impl_0_wd_tagger: Running inference on 8 images worker=wd_tagger
2026-09-17T01:00:07.607419Z  INFO panoptikon::inferio::worker: 2026-09-17 03:00:07,607 [DEBUG] inferio_worker_impl_0_wd_tagger: Running inference on 8 images worker=wd_tagger
2026-09-17T01:00:07.866980Z  INFO panoptikon::inferio::worker: 2026-09-17 03:00:07,866 [DEBUG] inferio_worker_impl_0_wd_tagger: Running inference on 8 images worker=wd_tagger
2026-09-17T01:00:08.117114Z DEBUG panoptikon::inferio::ledger: declining to fit a throughput knee: the ring's quiet buckets hold too few observations to read as a curve observations=6 min_observations=12 buckets=3 min_buckets=3
2026-09-17T01:00:08.117128Z DEBUG panoptikon::inferio::ledger: queued a calibration profile update for the store model=tags/wd-vit-tagger-v3 gpu=GPU-MPS reason="anchor_advanced" max_units_measured=8 fit_version=0
2026-09-17T01:00:08.117137Z DEBUG panoptikon::inferio::ledger: settled a granted window model=tags/wd-vit-tagger-v3 gpu=GPU-MPS outcome="clean" fit_samples=3 throughput_samples=2 clamped_samples=0 clamped=none ramp_step=3 deflation=0 clean_windows=4 max_units_measured=8
2026-09-17T01:00:08.117166Z DEBUG panoptikon::inferio::ledger: issued a memory grant model=tags/wd-vit-tagger-v3 gpu=GPU-MPS unit_budget=16 mb=103330 canvas_pixels=none share_mb=103330 room_mb=103330 headroom_mb=102462 external_mb=25334 reserve_mb=1024 reserve_rule="capped_default" pre_fit=true ramp_step=3 deflation=0 squeezed=false window_requests=48
2026-09-17T01:00:08.142940Z  INFO panoptikon::inferio::worker: 2026-09-17 03:00:08,142 [DEBUG] inferio_worker_impl_0_wd_tagger: Running inference on 16 images worker=wd_tagger
2026-09-17T01:00:08.705749Z  INFO panoptikon::inferio::worker: 2026-09-17 03:00:08,705 [DEBUG] inferio_worker_impl_0_wd_tagger: Running inference on 16 images worker=wd_tagger
2026-09-17T01:00:09.241369Z  INFO panoptikon::inferio::worker: 2026-09-17 03:00:09,241 [DEBUG] PIL.PngImagePlugin: STREAM b'IHDR' 16 13 worker=wd_tagger
2026-09-17T01:00:09.241384Z  INFO panoptikon::inferio::worker: 2026-09-17 03:00:09,241 [DEBUG] PIL.PngImagePlugin: STREAM b'IDAT' 41 65536 worker=wd_tagger
2026-09-17T01:00:09.251551Z  INFO panoptikon::inferio::worker: 2026-09-17 03:00:09,251 [DEBUG] inferio_worker_impl_0_wd_tagger: Running inference on 16 images worker=wd_tagger
2026-09-17T01:00:09.833275Z  INFO panoptikon::inferio::ledger: holding the throughput ramp at this rung: the rung is the top of a measured plateau model=tags/wd-vit-tagger-v3 gpu=GPU-MPS units=32 certified=true knee_binds=false
2026-09-17T01:00:09.833293Z DEBUG panoptikon::inferio::ledger: refitted the memory cost model model=tags/wd-vit-tagger-v3 gpu=GPU-MPS slope_mb_per_unit=2.416666666666667 intercept_mb=0.33333333333333215 residual_mb=0.6666666666666679 samples=5 version=1
2026-09-17T01:00:09.833302Z DEBUG panoptikon::inferio::ledger: declining to fit a throughput knee: the ring's quiet buckets hold too few observations to read as a curve observations=8 min_observations=12 buckets=4 min_buckets=3
2026-09-17T01:00:09.833310Z DEBUG panoptikon::inferio::ledger: queued a calibration profile update for the store model=tags/wd-vit-tagger-v3 gpu=GPU-MPS reason="fit_changed" max_units_measured=16 fit_version=1
2026-09-17T01:00:09.833323Z DEBUG panoptikon::inferio::ledger: settled a granted window model=tags/wd-vit-tagger-v3 gpu=GPU-MPS outcome="clean" fit_samples=3 throughput_samples=2 clamped_samples=0 clamped=none ramp_step=3 deflation=0 clean_windows=5 max_units_measured=16
2026-09-17T01:00:09.836260Z DEBUG panoptikon::inferio::ledger: issued a memory grant model=tags/wd-vit-tagger-v3 gpu=GPU-MPS unit_budget=32 mb=283 canvas_pixels=none share_mb=103309 room_mb=103309 headroom_mb=100513 external_mb=25355 reserve_mb=1024 reserve_rule="capped_default" pre_fit=false ramp_step=3 deflation=0 squeezed=false window_requests=89
2026-09-17T01:00:09.845591Z  INFO panoptikon::inferio::worker: 2026-09-17 03:00:09,845 [DEBUG] inferio_worker.packing: this window's 283 MiB grant is below 80% of the 3820 MiB of releasable slack in the 4180 MiB pool (1/2 consecutive windows before releasing it) worker=wd_tagger
2026-09-17T01:00:09.846101Z  INFO panoptikon::inferio::worker: 2026-09-17 03:00:09,846 [DEBUG] PIL.PngImagePlugin: STREAM b'IHDR' 16 13 worker=wd_tagger
2026-09-17T01:00:09.846132Z  INFO panoptikon::inferio::worker: 2026-09-17 03:00:09,846 [DEBUG] PIL.PngImagePlugin: STREAM b'IDAT' 41 65536 worker=wd_tagger
2026-09-17T01:00:09.856965Z  INFO panoptikon::inferio::worker: 2026-09-17 03:00:09,856 [DEBUG] PIL.PngImagePlugin: STREAM b'IHDR' 16 13 worker=wd_tagger
2026-09-17T01:00:09.856982Z  INFO panoptikon::inferio::worker: 2026-09-17 03:00:09,856 [DEBUG] PIL.PngImagePlugin: STREAM b'IDAT' 41 65536 worker=wd_tagger
2026-09-17T01:00:09.869187Z  INFO panoptikon::inferio::worker: 2026-09-17 03:00:09,869 [DEBUG] PIL.Image: Importing BlpImagePlugin worker=wd_tagger
2026-09-17T01:00:09.869731Z  INFO panoptikon::inferio::worker: 2026-09-17 03:00:09,869 [DEBUG] PIL.Image: Importing BmpImagePlugin worker=wd_tagger
2026-09-17T01:00:09.869743Z  INFO panoptikon::inferio::worker: 2026-09-17 03:00:09,869 [DEBUG] PIL.Image: Importing BufrStubImagePlugin worker=wd_tagger
2026-09-17T01:00:09.869871Z  INFO panoptikon::inferio::worker: 2026-09-17 03:00:09,869 [DEBUG] PIL.Image: Importing CurImagePlugin worker=wd_tagger
2026-09-17T01:00:09.869988Z  INFO panoptikon::inferio::worker: 2026-09-17 03:00:09,869 [DEBUG] PIL.Image: Importing DcxImagePlugin worker=wd_tagger
2026-09-17T01:00:09.870196Z  INFO panoptikon::inferio::worker: 2026-09-17 03:00:09,870 [DEBUG] PIL.Image: Importing DdsImagePlugin worker=wd_tagger
2026-09-17T01:00:09.871515Z  INFO panoptikon::inferio::worker: 2026-09-17 03:00:09,871 [DEBUG] PIL.Image: Importing EpsImagePlugin worker=wd_tagger
2026-09-17T01:00:09.871778Z  INFO panoptikon::inferio::worker: 2026-09-17 03:00:09,871 [DEBUG] PIL.Image: Importing FitsImagePlugin worker=wd_tagger
2026-09-17T01:00:09.871900Z  INFO panoptikon::inferio::worker: 2026-09-17 03:00:09,871 [DEBUG] PIL.Image: Importing FliImagePlugin worker=wd_tagger
2026-09-17T01:00:09.872015Z  INFO panoptikon::inferio::worker: 2026-09-17 03:00:09,871 [DEBUG] PIL.Image: Importing FpxImagePlugin worker=wd_tagger
2026-09-17T01:00:09.872192Z  INFO panoptikon::inferio::worker: 2026-09-17 03:00:09,872 [DEBUG] PIL.Image: Image: failed to import FpxImagePlugin: No module named 'olefile' worker=wd_tagger
2026-09-17T01:00:09.872206Z  INFO panoptikon::inferio::worker: 2026-09-17 03:00:09,872 [DEBUG] PIL.Image: Importing FtexImagePlugin worker=wd_tagger
2026-09-17T01:00:09.872343Z  INFO panoptikon::inferio::worker: 2026-09-17 03:00:09,872 [DEBUG] PIL.Image: Importing GbrImagePlugin worker=wd_tagger
2026-09-17T01:00:09.872441Z  INFO panoptikon::inferio::worker: 2026-09-17 03:00:09,872 [DEBUG] PIL.Image: Importing GifImagePlugin worker=wd_tagger
2026-09-17T01:00:09.872456Z  INFO panoptikon::inferio::worker: 2026-09-17 03:00:09,872 [DEBUG] PIL.Image: Importing GribStubImagePlugin worker=wd_tagger
2026-09-17T01:00:09.872548Z  INFO panoptikon::inferio::worker: 2026-09-17 03:00:09,872 [DEBUG] PIL.Image: Importing Hdf5StubImagePlugin worker=wd_tagger
2026-09-17T01:00:09.872639Z  INFO panoptikon::inferio::worker: 2026-09-17 03:00:09,872 [DEBUG] PIL.Image: Importing IcnsImagePlugin worker=wd_tagger
2026-09-17T01:00:09.873092Z  INFO panoptikon::inferio::worker: 2026-09-17 03:00:09,873 [DEBUG] PIL.Image: Importing IcoImagePlugin worker=wd_tagger
2026-09-17T01:00:09.873222Z  INFO panoptikon::inferio::worker: 2026-09-17 03:00:09,873 [DEBUG] PIL.Image: Importing ImImagePlugin worker=wd_tagger
2026-09-17T01:00:09.873413Z  INFO panoptikon::inferio::worker: 2026-09-17 03:00:09,873 [DEBUG] PIL.Image: Importing ImtImagePlugin worker=wd_tagger
2026-09-17T01:00:09.873542Z  INFO panoptikon::inferio::worker: 2026-09-17 03:00:09,873 [DEBUG] PIL.Image: Importing IptcImagePlugin worker=wd_tagger
2026-09-17T01:00:09.873659Z  INFO panoptikon::inferio::worker: 2026-09-17 03:00:09,873 [DEBUG] PIL.Image: Importing JpegImagePlugin worker=wd_tagger
2026-09-17T01:00:09.873666Z  INFO panoptikon::inferio::worker: 2026-09-17 03:00:09,873 [DEBUG] PIL.Image: Importing Jpeg2KImagePlugin worker=wd_tagger
2026-09-17T01:00:09.873670Z  INFO panoptikon::inferio::worker: 2026-09-17 03:00:09,873 [DEBUG] PIL.Image: Importing McIdasImagePlugin worker=wd_tagger
2026-09-17T01:00:09.873759Z  INFO panoptikon::inferio::worker: 2026-09-17 03:00:09,873 [DEBUG] PIL.Image: Importing MicImagePlugin worker=wd_tagger
2026-09-17T01:00:09.873892Z  INFO panoptikon::inferio::worker: 2026-09-17 03:00:09,873 [DEBUG] PIL.Image: Image: failed to import MicImagePlugin: No module named 'olefile' worker=wd_tagger
2026-09-17T01:00:09.873899Z  INFO panoptikon::inferio::worker: 2026-09-17 03:00:09,873 [DEBUG] PIL.Image: Importing MpegImagePlugin worker=wd_tagger
2026-09-17T01:00:09.874008Z  INFO panoptikon::inferio::worker: 2026-09-17 03:00:09,873 [DEBUG] PIL.Image: Importing MpoImagePlugin worker=wd_tagger
2026-09-17T01:00:09.874644Z  INFO panoptikon::inferio::worker: 2026-09-17 03:00:09,874 [DEBUG] PIL.Image: Importing MspImagePlugin worker=wd_tagger
2026-09-17T01:00:09.874754Z  INFO panoptikon::inferio::worker: 2026-09-17 03:00:09,874 [DEBUG] PIL.Image: Importing PalmImagePlugin worker=wd_tagger
2026-09-17T01:00:09.875001Z  INFO panoptikon::inferio::worker: 2026-09-17 03:00:09,874 [DEBUG] PIL.Image: Importing PcdImagePlugin worker=wd_tagger
2026-09-17T01:00:09.875078Z  INFO panoptikon::inferio::worker: 2026-09-17 03:00:09,875 [DEBUG] PIL.Image: Importing PcxImagePlugin worker=wd_tagger
2026-09-17T01:00:09.875084Z  INFO panoptikon::inferio::worker: 2026-09-17 03:00:09,875 [DEBUG] PIL.Image: Importing PdfImagePlugin worker=wd_tagger
2026-09-17T01:00:09.876769Z  INFO panoptikon::inferio::worker: 2026-09-17 03:00:09,876 [DEBUG] PIL.Image: Importing PixarImagePlugin worker=wd_tagger
2026-09-17T01:00:09.876863Z  INFO panoptikon::inferio::worker: 2026-09-17 03:00:09,876 [DEBUG] PIL.Image: Importing PngImagePlugin worker=wd_tagger
2026-09-17T01:00:09.876869Z  INFO panoptikon::inferio::worker: 2026-09-17 03:00:09,876 [DEBUG] PIL.Image: Importing PpmImagePlugin worker=wd_tagger
2026-09-17T01:00:09.876887Z  INFO panoptikon::inferio::worker: 2026-09-17 03:00:09,876 [DEBUG] PIL.Image: Importing PsdImagePlugin worker=wd_tagger
2026-09-17T01:00:09.877008Z  INFO panoptikon::inferio::worker: 2026-09-17 03:00:09,876 [DEBUG] PIL.Image: Importing QoiImagePlugin worker=wd_tagger
2026-09-17T01:00:09.877117Z  INFO panoptikon::inferio::worker: 2026-09-17 03:00:09,877 [DEBUG] PIL.Image: Importing SgiImagePlugin worker=wd_tagger
2026-09-17T01:00:09.877232Z  INFO panoptikon::inferio::worker: 2026-09-17 03:00:09,877 [DEBUG] PIL.Image: Importing SpiderImagePlugin worker=wd_tagger
2026-09-17T01:00:09.877353Z  INFO panoptikon::inferio::worker: 2026-09-17 03:00:09,877 [DEBUG] PIL.Image: Importing SunImagePlugin worker=wd_tagger
2026-09-17T01:00:09.877438Z  INFO panoptikon::inferio::worker: 2026-09-17 03:00:09,877 [DEBUG] PIL.Image: Importing TgaImagePlugin worker=wd_tagger
2026-09-17T01:00:09.877543Z  INFO panoptikon::inferio::worker: 2026-09-17 03:00:09,877 [DEBUG] PIL.Image: Importing TiffImagePlugin worker=wd_tagger
2026-09-17T01:00:09.877549Z  INFO panoptikon::inferio::worker: 2026-09-17 03:00:09,877 [DEBUG] PIL.Image: Importing WebPImagePlugin worker=wd_tagger
2026-09-17T01:00:09.881242Z  INFO panoptikon::inferio::worker: 2026-09-17 03:00:09,881 [DEBUG] PIL.Image: Importing WmfImagePlugin worker=wd_tagger
2026-09-17T01:00:09.881527Z  INFO panoptikon::inferio::worker: 2026-09-17 03:00:09,881 [DEBUG] PIL.Image: Importing XbmImagePlugin worker=wd_tagger
2026-09-17T01:00:09.881788Z  INFO panoptikon::inferio::worker: 2026-09-17 03:00:09,881 [DEBUG] PIL.Image: Importing XpmImagePlugin worker=wd_tagger
2026-09-17T01:00:09.881936Z  INFO panoptikon::inferio::worker: 2026-09-17 03:00:09,881 [DEBUG] PIL.Image: Importing XVThumbImagePlugin worker=wd_tagger
2026-09-17T01:00:09.898688Z  INFO panoptikon::inferio::worker: 2026-09-17 03:00:09,898 [DEBUG] PIL.PngImagePlugin: STREAM b'IHDR' 16 13 worker=wd_tagger
2026-09-17T01:00:09.898697Z  INFO panoptikon::inferio::worker: 2026-09-17 03:00:09,898 [DEBUG] PIL.PngImagePlugin: STREAM b'IDAT' 41 65536 worker=wd_tagger
2026-09-17T01:00:09.917099Z  INFO panoptikon::inferio::worker: 2026-09-17 03:00:09,917 [DEBUG] inferio_worker_impl_0_wd_tagger: Running inference on 32 images worker=wd_tagger
2026-09-17T01:00:10.911892Z  INFO panoptikon::inferio::worker: 2026-09-17 03:00:10,911 [DEBUG] PIL.PngImagePlugin: STREAM b'IHDR' 16 13 worker=wd_tagger
2026-09-17T01:00:10.911908Z  INFO panoptikon::inferio::worker: 2026-09-17 03:00:10,911 [DEBUG] PIL.PngImagePlugin: STREAM b'IDAT' 41 65536 worker=wd_tagger
2026-09-17T01:00:10.921288Z  INFO panoptikon::inferio::worker: 2026-09-17 03:00:10,921 [DEBUG] PIL.PngImagePlugin: STREAM b'IHDR' 16 13 worker=wd_tagger
2026-09-17T01:00:10.921296Z  INFO panoptikon::inferio::worker: 2026-09-17 03:00:10,921 [DEBUG] PIL.PngImagePlugin: STREAM b'IDAT' 41 65536 worker=wd_tagger
2026-09-17T01:00:10.931137Z  INFO panoptikon::inferio::worker: 2026-09-17 03:00:10,931 [DEBUG] PIL.PngImagePlugin: STREAM b'IHDR' 16 13 worker=wd_tagger
2026-09-17T01:00:10.931145Z  INFO panoptikon::inferio::worker: 2026-09-17 03:00:10,931 [DEBUG] PIL.PngImagePlugin: STREAM b'IDAT' 41 65536 worker=wd_tagger
2026-09-17T01:00:10.941270Z  INFO panoptikon::inferio::worker: 2026-09-17 03:00:10,941 [DEBUG] PIL.PngImagePlugin: STREAM b'IHDR' 16 13 worker=wd_tagger
2026-09-17T01:00:10.941276Z  INFO panoptikon::inferio::worker: 2026-09-17 03:00:10,941 [DEBUG] PIL.PngImagePlugin: STREAM b'IDAT' 41 65536 worker=wd_tagger
2026-09-17T01:00:10.949724Z  INFO panoptikon::inferio::worker: 2026-09-17 03:00:10,949 [DEBUG] PIL.PngImagePlugin: STREAM b'IHDR' 16 13 worker=wd_tagger
2026-09-17T01:00:10.949734Z  INFO panoptikon::inferio::worker: 2026-09-17 03:00:10,949 [DEBUG] PIL.PngImagePlugin: STREAM b'IDAT' 41 65536 worker=wd_tagger
2026-09-17T01:00:10.991790Z  INFO panoptikon::inferio::worker: 2026-09-17 03:00:10,991 [DEBUG] PIL.PngImagePlugin: STREAM b'IHDR' 16 13 worker=wd_tagger
2026-09-17T01:00:10.991800Z  INFO panoptikon::inferio::worker: 2026-09-17 03:00:10,991 [DEBUG] PIL.PngImagePlugin: STREAM b'IDAT' 41 65536 worker=wd_tagger
2026-09-17T01:00:11.000185Z  INFO panoptikon::inferio::worker: 2026-09-17 03:00:11,000 [DEBUG] PIL.PngImagePlugin: STREAM b'IHDR' 16 13 worker=wd_tagger
2026-09-17T01:00:11.000191Z  INFO panoptikon::inferio::worker: 2026-09-17 03:00:11,000 [DEBUG] PIL.PngImagePlugin: STREAM b'IDAT' 41 65536 worker=wd_tagger
2026-09-17T01:00:11.010943Z  INFO panoptikon::inferio::worker: 2026-09-17 03:00:11,010 [DEBUG] inferio_worker_impl_0_wd_tagger: Running inference on 32 images worker=wd_tagger
2026-09-17T01:00:12.108986Z  INFO panoptikon::inferio::worker: 2026-09-17 03:00:12,108 [DEBUG] PIL.PngImagePlugin: STREAM b'IHDR' 16 13 worker=wd_tagger
2026-09-17T01:00:12.108998Z  INFO panoptikon::inferio::worker: 2026-09-17 03:00:12,108 [DEBUG] PIL.PngImagePlugin: STREAM b'IDAT' 41 65536 worker=wd_tagger
2026-09-17T01:00:12.120378Z  INFO panoptikon::inferio::worker: 2026-09-17 03:00:12,120 [DEBUG] PIL.PngImagePlugin: STREAM b'IHDR' 16 13 worker=wd_tagger
2026-09-17T01:00:12.120385Z  INFO panoptikon::inferio::worker: 2026-09-17 03:00:12,120 [DEBUG] PIL.PngImagePlugin: STREAM b'IDAT' 41 65536 worker=wd_tagger
2026-09-17T01:00:12.133891Z  INFO panoptikon::inferio::worker: 2026-09-17 03:00:12,133 [DEBUG] PIL.PngImagePlugin: STREAM b'IHDR' 16 13 worker=wd_tagger
2026-09-17T01:00:12.133905Z  INFO panoptikon::inferio::worker: 2026-09-17 03:00:12,133 [DEBUG] PIL.PngImagePlugin: STREAM b'IDAT' 41 65536 worker=wd_tagger
2026-09-17T01:00:12.145938Z  INFO panoptikon::inferio::worker: 2026-09-17 03:00:12,145 [DEBUG] PIL.PngImagePlugin: STREAM b'IHDR' 16 13 worker=wd_tagger
2026-09-17T01:00:12.145945Z  INFO panoptikon::inferio::worker: 2026-09-17 03:00:12,145 [DEBUG] PIL.PngImagePlugin: STREAM b'IDAT' 41 65536 worker=wd_tagger
2026-09-17T01:00:12.155413Z  INFO panoptikon::inferio::worker: 2026-09-17 03:00:12,155 [DEBUG] PIL.PngImagePlugin: STREAM b'IHDR' 16 13 worker=wd_tagger
2026-09-17T01:00:12.155420Z  INFO panoptikon::inferio::worker: 2026-09-17 03:00:12,155 [DEBUG] PIL.PngImagePlugin: STREAM b'IDAT' 41 65536 worker=wd_tagger
2026-09-17T01:00:12.165049Z  INFO panoptikon::inferio::worker: 2026-09-17 03:00:12,165 [DEBUG] PIL.PngImagePlugin: STREAM b'IHDR' 16 13 worker=wd_tagger
2026-09-17T01:00:12.165055Z  INFO panoptikon::inferio::worker: 2026-09-17 03:00:12,165 [DEBUG] PIL.PngImagePlugin: STREAM b'IDAT' 41 65536 worker=wd_tagger
2026-09-17T01:00:12.174601Z  INFO panoptikon::inferio::worker: 2026-09-17 03:00:12,174 [DEBUG] PIL.PngImagePlugin: STREAM b'IHDR' 16 13 worker=wd_tagger
2026-09-17T01:00:12.174607Z  INFO panoptikon::inferio::worker: 2026-09-17 03:00:12,174 [DEBUG] PIL.PngImagePlugin: STREAM b'IDAT' 41 65536 worker=wd_tagger
2026-09-17T01:00:12.184392Z  INFO panoptikon::inferio::worker: 2026-09-17 03:00:12,184 [DEBUG] PIL.PngImagePlugin: STREAM b'IHDR' 16 13 worker=wd_tagger
2026-09-17T01:00:12.184398Z  INFO panoptikon::inferio::worker: 2026-09-17 03:00:12,184 [DEBUG] PIL.PngImagePlugin: STREAM b'IDAT' 41 65536 worker=wd_tagger
2026-09-17T01:00:12.192924Z  INFO panoptikon::inferio::worker: 2026-09-17 03:00:12,192 [DEBUG] PIL.PngImagePlugin: STREAM b'IHDR' 16 13 worker=wd_tagger
2026-09-17T01:00:12.192931Z  INFO panoptikon::inferio::worker: 2026-09-17 03:00:12,192 [DEBUG] PIL.PngImagePlugin: STREAM b'IDAT' 41 65536 worker=wd_tagger
2026-09-17T01:00:12.492958Z  INFO panoptikon::inferio::worker: 2026-09-17 03:00:12,492 [DEBUG] inferio_worker_impl_0_wd_tagger: Running inference on 25 images worker=wd_tagger
2026-09-17T01:00:14.611013Z DEBUG panoptikon::inferio::ledger: refitted the memory cost model model=tags/wd-vit-tagger-v3 gpu=GPU-MPS slope_mb_per_unit=41.5 intercept_mb=-78.0 residual_mb=235.0 samples=7 version=2
2026-09-17T01:00:14.611029Z DEBUG panoptikon::inferio::ledger: declining to fit a throughput knee: the ring's quiet buckets hold too few observations to read as a curve observations=8 min_observations=12 buckets=4 min_buckets=3
2026-09-17T01:00:14.611037Z DEBUG panoptikon::inferio::ledger: queued a calibration profile update for the store model=tags/wd-vit-tagger-v3 gpu=GPU-MPS reason="fit_changed" max_units_measured=32 fit_version=2
2026-09-17T01:00:14.611048Z DEBUG panoptikon::inferio::ledger: settled a granted window model=tags/wd-vit-tagger-v3 gpu=GPU-MPS outcome="clean" fit_samples=3 throughput_samples=1 clamped_samples=0 clamped=none ramp_step=3 deflation=0 clean_windows=6 max_units_measured=32
2026-09-17T01:00:14.686538Z  INFO panoptikon::jobs::extraction: extraction job phase timing data_load_busy_secs=0.005675334000000001 data_load_work_secs=0.031058001000000002 inference_busy_secs=8.041661916 inference_work_secs=908.4430828679996
2026-09-17T01:00:14.687764Z  INFO Actor{[3mid[0m[2m=[0m"0.5" [3mname[0m[2m=[0m"job-runner"}: panoptikon::jobs::queue: scheduling deferred database maintenance index_db="cal" queue_id=5 owed=wrote_data,tags_changed
2026-09-17T01:00:14.687773Z  INFO Actor{[3mid[0m[2m=[0m"0.5" [3mname[0m[2m=[0m"job-runner"}: panoptikon::jobs::queue: unloading batch model at job boundary setter=tags/wd-vit-tagger-v3
2026-09-17T01:00:14.687985Z DEBUG panoptikon::inferio::manager: unload requested model=tags/wd-vit-tagger-v3 cache_key=batch
2026-09-17T01:00:14.687997Z DEBUG panoptikon::inferio::manager: unloading model model=tags/wd-vit-tagger-v3
2026-09-17T01:00:14.688045Z DEBUG panoptikon::inferio::ledger: credited a departed replica's footprint back to the GPU's free reading, so its memory is not reattributed to external usage, and flagged the reading for a refresh model=tags/wd-vit-tagger-v3 gpu=GPU-MPS footprint_mb=6030 adjusted_free_mb=104600
2026-09-17T01:00:14.715372Z  INFO panoptikon::inferio::worker: 2026-09-17 03:00:14,715 [DEBUG] inferio_worker.memory: released the allocator pool (impl): handed back 3318 MiB in 26.9 ms worker=wd_tagger
2026-09-17T01:00:14.715389Z  INFO panoptikon::inferio::worker: 2026-09-17 03:00:14,715 [DEBUG] inferio_worker_impl_0_wd_tagger: Model SmilingWolf/wd-vit-tagger-v3 unloaded worker=wd_tagger
2026-09-17T01:00:14.715419Z  INFO panoptikon::inferio::worker: 2026-09-17 03:00:14,715 [INFO] inferio_worker: Unloaded; exiting. worker=wd_tagger
2026-09-17T01:00:36.692710Z  INFO panoptikon::inferio::calibration: wrote the local calibration store path=data/inferio/calibration.toml profiles=1
2026-09-17T01:00:56.134507Z  INFO panoptikon::shutdown: shutdown signal received; stopping gracefully (repeat the signal to force exit)
2026-09-17T01:00:56.139199Z  INFO panoptikon::shutdown: index DB writers drained writers=2
2026-09-17T01:00:56.139869Z  INFO panoptikon::shutdown: local inference workers stopped
2026-09-17T01:00:56.139918Z  INFO panoptikon::shutdown: background work stopped cleanly
2026-09-17T01:00:56.166814Z  INFO panoptikon: gateway stopped
