{
 "schema": "legs/1",
 "scenario": "S5",
 "note": "OOM backstop: a fault-injection fixture, whose failures must be absorbed without losing the job",
 "directory": "Q:\\projects\\panoptikon-pr27\\.win\\final\\legs\\f-S5-failbatch\\S5",
 "platform": {
  "system": "Windows",
  "release": "11",
  "machine": "AMD64",
  "python": "3.12.9"
 },
 "bin": "Q:\\projects\\panoptikon-pr27\\target\\release\\panoptikon.exe",
 "config": "Q:\\projects\\panoptikon-pr27\\tools\\calibration-protocol\\config\\server-C1win.toml",
 "gateway_config": "Q:\\projects\\panoptikon-pr27\\tools\\calibration-protocol\\config\\server-C1win.toml",
 "inference_python": "Q:/projects/panoptikon-pr27/python/.venv/Scripts/python.exe",
 "inference_python_source": "config",
 "device_env": {},
 "env_file": "Q:\\projects\\panoptikon-pr27\\tools\\calibration-protocol\\config\\env.C1win",
 "dotenv": null,
 "base_url": "http://127.0.0.1:6382",
 "legacy_port": null,
 "endpoints": [
  {
   "name": "test",
   "port": 6383
  },
  {
   "name": "legacy_ui",
   "port": 6379
  }
 ],
 "model": "calibfixture/failbatch_cuda",
 "models": [
  "calibfixture/failbatch_cuda"
 ],
 "scan_audio": false,
 "corpus": "Q:\\projects\\panoptikon-pr27\\.win\\results\\corpus\\smoke",
 "gpu_total_mb": 32607,
 "gpu_total_mb_source": "--gpu-total-mb",
 "hog": null,
 "hog_events": [],
 "floor_bound": [],
 "checks": "all",
 "learning": false,
 "preconditions": [
  "run fixtures/install-fixtures.sh first, or point the gateway's config_dirs/impl_dirs at fixtures/registry and fixtures/impls",
  "record which classifier tier fired on every OOM (`oom_class.source`); on ROCm and MPS a missing message pattern means NO DEFLATION AT ALL (run2 report \u00a710)"
 ],
 "analyze_command": [
  "Q:\\projects\\panoptikon-pr27\\python\\.venv\\Scripts\\python.exe",
  "Q:\\projects\\panoptikon-pr27\\tools\\calibration-protocol\\analyze.py",
  "--scenario",
  "Q:\\projects\\panoptikon-pr27\\.win\\final\\legs\\f-S5-failbatch\\S5",
  "--checks",
  "all",
  "--expect-ooms",
  "1",
  "--json",
  "Q:\\projects\\panoptikon-pr27\\.win\\final\\legs\\f-S5-failbatch\\S5\\verdicts.json"
 ]
}
PRECONDITION: run fixtures/install-fixtures.sh first, or point the gateway's config_dirs/impl_dirs at fixtures/registry and fixtures/impls
PRECONDITION: record which classifier tier fired on every OOM (`oom_class.source`); on ROCm and MPS a missing message pattern means NO DEFLATION AT ALL (run2 report §10)
[2026-09-17T01:53:56.554Z] inference_python {"python": "Q:/projects/panoptikon-pr27/python/.venv/Scripts/python.exe", "source": "config", "config": "Q:\\projects\\panoptikon-pr27\\tools\\calibration-protocol\\config\\server-C1win.toml"}
[2026-09-17T01:53:56.560Z] vramrec_started
[2026-09-17T01:53:56.565Z] healthrec_started
[2026-09-17T01:53:56.569Z] gateway_started {"child": "gateway", "pid": 49740, "argv": ["Q:\\projects\\panoptikon-pr27\\target\\release\\panoptikon.exe", "--config", "Q:\\projects\\panoptikon-pr27\\tools\\calibration-protocol\\config\\server-C1win.toml", "--root", "Q:\\projects\\panoptikon-pr27\\.win\\final\\legs\\f-S5-failbatch\\S5\\root", "--disable-update-check"]}
[2026-09-17T01:53:57.752Z] gateway_ready
[2026-09-17T01:53:57.949Z] rescan_start {"corpus": "Q:\\projects\\panoptikon-pr27\\.win\\results\\corpus\\smoke", "index_db": "cal", "scan_audio": false}
[2026-09-17T01:53:59.979Z] rescan_done {"indexed_files": 180, "index_db": "cal"}
[2026-09-17T01:53:59.979Z] job_start {"model": "calibfixture/failbatch_cuda", "tag": "", "index_db": "cal"}
[2026-09-17T01:53:59.990Z] job_posted {"http_status": 202}
[2026-09-17T01:55:06.305Z] job_end {"outcome": "drained"}
[2026-09-17T01:55:06.340Z] job_items {"model": "calibfixture/failbatch_cuda", "items": 180}
[2026-09-17T01:55:06.354Z] settling {"seconds": 40.0}
[2026-09-17T01:55:46.962Z] processes_stopped {"gateway": "CTRL_BREAK, rc=0", "healthrec": "CTRL_BREAK, rc=0", "vramrec": "CTRL_BREAK, rc=0"}

DONE Q:\projects\panoptikon-pr27\.win\final\legs\f-S5-failbatch\S5  outcome=drained
analyze with:
  Q:\projects\panoptikon-pr27\python\.venv\Scripts\python.exe Q:\projects\panoptikon-pr27\tools\calibration-protocol\analyze.py --scenario Q:\projects\panoptikon-pr27\.win\final\legs\f-S5-failbatch\S5 --checks all --expect-ooms 1 --json Q:\projects\panoptikon-pr27\.win\final\legs\f-S5-failbatch\S5\verdicts.json
