[2m2026-09-16T17:46:36.380663Z[0m [32m INFO[0m [2mpanoptikon::logging[0m[2m:[0m logging to file [3mpath[0m[2m=[0mdata/panoptikon.log
[2m2026-09-16T17:46:36.380753Z[0m [32m INFO[0m [2mpanoptikon::rlimit[0m[2m:[0m open file descriptor limit is already at its maximum [3msoft_nofile[0m[2m=[0m524288
[2m2026-09-16T17:46:36.419762Z[0m [32m INFO[0m [2mpanoptikon::accelerator_report[0m[2m:[0m accelerator backend: using CPU [3mbackend[0m[2m=[0m"cpu" [3mbackend_source[0m[2m=[0mmanaged venv (setup sentinel) [3mdevices[0m[2m=[0m["nvidia:NVIDIA RTX PRO 6000 Blackwell Workstation Edition (CC 12.0)", "nvidia:NVIDIA RTX PRO 6000 Blackwell Workstation Edition (CC 12.0)"]
[2m2026-09-16T17:46:36.500173Z[0m [32m INFO[0m [2mpanoptikon::inferio::gpu[0m[2m:[0m no accelerator on this host; admitting batches against system RAM (running out of it is an OS process kill rather than a catchable allocation failure, so the GPU ships with a default ceiling) [3mindex[0m[2m=[0m0 [3muuid[0m[2m=[0mCPU [3mname[0m[2m=[0mCPU (128 GB) [3mtotal_mb[0m[2m=[0m128649 [3mdefault_cap_fraction[0m[2m=[0m0.75 [3munified[0m[2m=[0mtrue
[2m2026-09-16T17:46:36.500470Z[0m [32m INFO[0m [2mpanoptikon[0m[2m:[0m serving /api/inference locally (inference_local.enabled)
[2m2026-09-16T17:46:36.589257Z[0m [32m INFO[0m [2mpanoptikon[0m[2m:[0m gateway listening [3mendpoint[0m[2m=[0mdefault [3maddress[0m[2m=[0m127.0.0.1:17342
[2m2026-09-16T17:46:36.589357Z[0m [32m INFO[0m [2mpanoptikon[0m[2m:[0m gateway listening [3mendpoint[0m[2m=[0mtest [3maddress[0m[2m=[0m127.0.0.1:17343
[2m2026-09-16T17:46:36.589408Z[0m [32m INFO[0m [2mpanoptikon[0m[2m:[0m gateway listening [3mendpoint[0m[2m=[0mlegacy_ui [3maddress[0m[2m=[0m127.0.0.1:17339
[2m2026-09-16T17:46:36.589430Z[0m [32m INFO[0m [2mpanoptikon[0m[2m:[0m serving HTTP/1.1 and HTTP/2 cleartext [3mmax_concurrent_streams[0m[2m=[0m512
[2m2026-09-16T17:46:36.589842Z[0m [32m INFO[0m [1mActor[0m[1m{[0m[3mid[0m[2m=[0m"0.1" [3mname[0m[2m=[0m"cron-scheduler"[1m}[0m[2m:[0m [2mpanoptikon::jobs::cron[0m[2m:[0m cron schedule active [3mindex_db[0m[2m=[0m"up" [3mnext_run[0m[2m=[0m2026-09-17 03:00:00.589758489 +00:00
[2m2026-09-16T17:46:45.646396Z[0m [32m INFO[0m [2mpanoptikon::media_tools[0m[2m:[0m media tools resolved [3mffmpeg[0m[2m=[0mffmpeg [3mffprobe[0m[2m=[0mffprobe
[2m2026-09-16T17:46:46.510303Z[0m [32m INFO[0m [2mpanoptikon::media_tools::transcode::hw[0m[2m:[0m no hardware H.264 encoder; the fast channel uses libx264 [3mhwaccel[0m[2m=[0m"auto"
[2m2026-09-16T17:47:43.587892Z[0m [32m INFO[0m [2mpanoptikon::inferio::worker[0m[2m:[0m 2026-09-16 17:47:43,587 [INFO] inferio_worker: Resolved impl class doctr to /home/admin/tmp-run4-upgrade/A/app/python/inferio/impl/ocr.py [3mworker[0m[2m=[0mdoctr
[2m2026-09-16T17:47:43.588054Z[0m [32m INFO[0m [2mpanoptikon::inferio::worker[0m[2m:[0m 2026-09-16 17:47:43,587 [INFO] inferio_worker: Handshake ok for impl class doctr [3mworker[0m[2m=[0mdoctr
[2m2026-09-16T17:47:43.588270Z[0m [32m INFO[0m [2mpanoptikon::inferio::worker[0m[2m:[0m 2026-09-16 17:47:43,588 [INFO] inferio_worker: Configured as doctr/db_resnet50_crnn_mobilenet_v3_small [3mworker[0m[2m=[0mdoctr
[2m2026-09-16T17:47:54.182258Z[0m [32m INFO[0m [2mpanoptikon::inferio::worker[0m[2m:[0m 2026-09-16 17:47:54,182 [INFO] root: Using downloaded & verified file: /home/admin/.cache/doctr/models/db_resnet50-79bd7d70.pt [3mworker[0m[2m=[0mdoctr
[2m2026-09-16T17:47:54.426599Z[0m [32m INFO[0m [2mpanoptikon::inferio::worker[0m[2m:[0m 2026-09-16 17:47:54,426 [INFO] root: Using downloaded & verified file: /home/admin/.cache/doctr/models/crnn_mobilenet_v3_small_pt-3b919a02.pt [3mworker[0m[2m=[0mdoctr
[2m2026-09-16T17:47:56.095550Z[0m [32m INFO[0m [2mpanoptikon::inferio::calibration[0m[2m:[0m wrote the local calibration store [3mpath[0m[2m=[0mdata/inferio/calibration.toml [3mprofiles[0m[2m=[0m1
[2m2026-09-16T17:48:09.488061Z[0m [32m INFO[0m [2mpanoptikon::jobs::extraction[0m[2m:[0m extraction job phase timing [3mdata_load_busy_secs[0m[2m=[0m0.005572257 [3mdata_load_work_secs[0m[2m=[0m0.034193077999999995 [3minference_busy_secs[0m[2m=[0m15.012744956 [3minference_work_secs[0m[2m=[0m313.42818031999997
[2m2026-09-16T17:48:09.491438Z[0m [32m INFO[0m [1mActor[0m[1m{[0m[3mid[0m[2m=[0m"0.3" [3mname[0m[2m=[0m"job-runner"[1m}[0m[2m:[0m [2mpanoptikon::jobs::queue[0m[2m:[0m scheduling deferred database maintenance [3mindex_db[0m[2m=[0m"up" [3mqueue_id[0m[2m=[0m2 [3mowed[0m[2m=[0mwrote_data
[2m2026-09-16T17:48:09.491513Z[0m [32m INFO[0m [1mActor[0m[1m{[0m[3mid[0m[2m=[0m"0.3" [3mname[0m[2m=[0m"job-runner"[1m}[0m[2m:[0m [2mpanoptikon::jobs::queue[0m[2m:[0m unloading batch model at job boundary [3msetter[0m[2m=[0mdoctr/db_resnet50_crnn_mobilenet_v3_small
[2m2026-09-16T17:48:09.495931Z[0m [32m INFO[0m [2mpanoptikon::inferio::worker[0m[2m:[0m 2026-09-16 17:48:09,495 [INFO] inferio_worker: Unloaded; exiting. [3mworker[0m[2m=[0mdoctr
[2m2026-09-16T17:48:26.091801Z[0m [32m INFO[0m [2mpanoptikon::inferio::calibration[0m[2m:[0m wrote the local calibration store [3mpath[0m[2m=[0mdata/inferio/calibration.toml [3mprofiles[0m[2m=[0m1
[2m2026-09-16T17:50:08.102112Z[0m [32m INFO[0m [2mpanoptikon::shutdown[0m[2m:[0m shutdown signal received; stopping gracefully (repeat the signal to force exit)
[2m2026-09-16T17:50:08.102930Z[0m [32m INFO[0m [2mpanoptikon::shutdown[0m[2m:[0m index DB writers drained [3mwriters[0m[2m=[0m1
[2m2026-09-16T17:50:08.103194Z[0m [32m INFO[0m [2mpanoptikon::shutdown[0m[2m:[0m local inference workers stopped
[2m2026-09-16T17:50:08.103247Z[0m [32m INFO[0m [2mpanoptikon::shutdown[0m[2m:[0m background work stopped cleanly
[2m2026-09-16T17:50:08.103280Z[0m [32m INFO[0m [2mpanoptikon[0m[2m:[0m gateway stopped
