[2m2026-09-16T17:40:36.241138Z[0m [32m INFO[0m [2mpanoptikon::logging[0m[2m:[0m logging to file [3mpath[0m[2m=[0mdata/panoptikon.log
[2m2026-09-16T17:40:36.279539Z[0m [32m INFO[0m [2mpanoptikon::accelerator_report[0m[2m:[0m accelerator backend: using CPU [3mbackend[0m[2m=[0m"cpu" [3mbackend_source[0m[2m=[0mmanaged venv (setup sentinel) [3mdevices[0m[2m=[0m["nvidia:NVIDIA RTX PRO 6000 Blackwell Workstation Edition (CC 12.0)", "nvidia:NVIDIA RTX PRO 6000 Blackwell Workstation Edition (CC 12.0)"]
[2m2026-09-16T17:40:36.459606Z[0m [32m INFO[0m [2mpanoptikon::inferio::capability[0m[2m:[0m detected GPU compute capabilities [3mcompute_caps[0m[2m=[0m12.0, 12.0
[2m2026-09-16T17:40:36.459776Z[0m [32m INFO[0m [2mpanoptikon[0m[2m:[0m serving /api/inference locally (inference_local.enabled)
[2m2026-09-16T17:40:36.574988Z[0m [32m INFO[0m [2mpanoptikon[0m[2m:[0m gateway listening [3mendpoint[0m[2m=[0mdefault [3maddress[0m[2m=[0m127.0.0.1:6442
[2m2026-09-16T17:40:36.575091Z[0m [32m INFO[0m [2mpanoptikon[0m[2m:[0m gateway listening [3mendpoint[0m[2m=[0mtest [3maddress[0m[2m=[0m127.0.0.1:6443
[2m2026-09-16T17:40:36.575128Z[0m [32m INFO[0m [2mpanoptikon[0m[2m:[0m gateway listening [3mendpoint[0m[2m=[0mlegacy_ui [3maddress[0m[2m=[0m127.0.0.1:6439
[2m2026-09-16T17:40:48.370829Z[0m [32m INFO[0m [1mActor[0m[1m{[0m[3mid[0m[2m=[0m"0.3" [3mname[0m[2m=[0m"cron-scheduler"[1m}[0m[2m:[0m [2mpanoptikon::jobs::cron[0m[2m:[0m cron schedule active [3mindex_db[0m[2m=[0m"up" [3mnext_run[0m[2m=[0m2026-09-17 03:00:00.370754720 +00:00
[2m2026-09-16T17:40:48.391400Z[0m [33m WARN[0m [2mpanoptikon::jobs::files[0m[2m:[0m no headless browser found; HTML files will not be indexed
[2m2026-09-16T17:40:48.483330Z[0m [32m INFO[0m [2mpanoptikon::jobs::files[0m[2m:[0m file scan phase timing [3mfolder[0m[2m=[0m"/home/admin/tmp-run4-upgrade/media/" [3mhashing_busy_secs[0m[2m=[0m0.026711145000000002 [3mhashing_work_secs[0m[2m=[0m0.059174415000000015 [3mmetadata_busy_secs[0m[2m=[0m0.0018230630000000002 [3mmetadata_work_secs[0m[2m=[0m0.0019257510000000003 [3mthumbgen_busy_secs[0m[2m=[0m0.030092906999999995 [3mthumbgen_work_secs[0m[2m=[0m0.05489925399999999 [3mblurhash_busy_secs[0m[2m=[0m0.029543296999999996 [3mblurhash_work_secs[0m[2m=[0m0.048663516000000004
[2m2026-09-16T17:40:48.561798Z[0m [32m INFO[0m [2mpanoptikon::jobs::files[0m[2m:[0m file scan phase timing [3mfolder[0m[2m=[0m"/home/admin/tmp-run4-upgrade/media/" [3mhashing_busy_secs[0m[2m=[0m0.0 [3mhashing_work_secs[0m[2m=[0m0.0 [3mmetadata_busy_secs[0m[2m=[0m0.0 [3mmetadata_work_secs[0m[2m=[0m0.0 [3mthumbgen_busy_secs[0m[2m=[0m0.0 [3mthumbgen_work_secs[0m[2m=[0m0.0 [3mblurhash_busy_secs[0m[2m=[0m0.0 [3mblurhash_work_secs[0m[2m=[0m0.0
[2m2026-09-16T17:40:48.564995Z[0m [32m INFO[0m [1mActor[0m[1m{[0m[3mid[0m[2m=[0m"0.6" [3mname[0m[2m=[0m"job-runner"[1m}[0m[2m:[0m [2mpanoptikon::jobs::queue[0m[2m:[0m scheduling deferred database maintenance [3mindex_db[0m[2m=[0m"up" [3mqueue_id[0m[2m=[0m3 [3mowed[0m[2m=[0mwrote_data
[2m2026-09-16T17:41:06.511746Z[0m [31mERROR[0m [2mpanoptikon::api::search[0m[2m:[0m failed to decode pql payload [3merror[0m[2m=[0mdata did not match any variant of untagged enum QueryElement
[2m2026-09-16T17:41:13.440460Z[0m [31mERROR[0m [2mpanoptikon::db::pql[0m[2m:[0m failed to run pql count query [3merror[0m[2m=[0merror returned from database: (code: 1) no such column: run4
[2m2026-09-16T17:41:13.440571Z[0m [31mERROR[0m [2mtower_http::trace::on_failure[0m[2m:[0m response failed [3mclassification[0m[2m=[0mStatus code: 500 Internal Server Error [3mlatency[0m[2m=[0m0 ms
[2m2026-09-16T17:41:25.873304Z[0m [31mERROR[0m [2mpanoptikon::api::search[0m[2m:[0m failed to decode pql payload [3merror[0m[2m=[0mdata did not match any variant of untagged enum QueryElement
[2m2026-09-16T17:42:06.292523Z[0m [32m INFO[0m [2mpanoptikon::inferio::worker[0m[2m:[0m 2026-09-16 17:42:06,292 [INFO] inferio_worker: Resolved impl class wd_tagger to /home/admin/tmp-run4-upgrade/A/app/python/inferio/impl/wd_tagger.py [3mworker[0m[2m=[0mwd_tagger
[2m2026-09-16T17:42:06.292795Z[0m [32m INFO[0m [2mpanoptikon::inferio::worker[0m[2m:[0m 2026-09-16 17:42:06,292 [INFO] inferio_worker: Handshake ok for impl class wd_tagger [3mworker[0m[2m=[0mwd_tagger
[2m2026-09-16T17:42:06.292932Z[0m [32m INFO[0m [2mpanoptikon::inferio::worker[0m[2m:[0m 2026-09-16 17:42:06,292 [INFO] inferio_worker: Configured as tags/wd-vit-tagger-v3 [3mworker[0m[2m=[0mwd_tagger
[2m2026-09-16T17:42:10.224587Z[0m [32m INFO[0m [2mpanoptikon::inferio::worker[0m[2m:[0m 2026-09-16 17:42:10,224 [INFO] timm.models._hub: [SmilingWolf/wd-vit-tagger-v3] Safe alternative available for 'pytorch_model.bin' (as 'model.safetensors'). Loading weights using safetensors. [3mworker[0m[2m=[0mwd_tagger
[2m2026-09-16T17:42:15.295258Z[0m [32m INFO[0m [2mpanoptikon::jobs::extraction[0m[2m:[0m extraction job phase timing [3mdata_load_busy_secs[0m[2m=[0m0.004446103 [3mdata_load_work_secs[0m[2m=[0m0.030115025999999996 [3minference_busy_secs[0m[2m=[0m5.000934918 [3minference_work_secs[0m[2m=[0m33.172402249
[2m2026-09-16T17:42:15.298829Z[0m [32m INFO[0m [1mActor[0m[1m{[0m[3mid[0m[2m=[0m"0.6" [3mname[0m[2m=[0m"job-runner"[1m}[0m[2m:[0m [2mpanoptikon::jobs::queue[0m[2m:[0m scheduling deferred database maintenance [3mindex_db[0m[2m=[0m"up" [3mqueue_id[0m[2m=[0m5 [3mowed[0m[2m=[0mwrote_data,tags_changed
[2m2026-09-16T17:42:15.298858Z[0m [32m INFO[0m [1mActor[0m[1m{[0m[3mid[0m[2m=[0m"0.6" [3mname[0m[2m=[0m"job-runner"[1m}[0m[2m:[0m [2mpanoptikon::jobs::queue[0m[2m:[0m unloading batch model at job boundary [3msetter[0m[2m=[0mtags/wd-vit-tagger-v3
[2m2026-09-16T17:42:15.310646Z[0m [32m INFO[0m [2mpanoptikon::inferio::worker[0m[2m:[0m 2026-09-16 17:42:15,310 [INFO] inferio_worker: Unloaded; exiting. [3mworker[0m[2m=[0mwd_tagger
[2m2026-09-16T17:42:21.975906Z[0m [32m INFO[0m [2mpanoptikon::jobs::files[0m[2m:[0m file scan phase timing [3mfolder[0m[2m=[0m"/home/admin/projects/panoptikon/tools/calibration-protocol/results/corpus/smoke/" [3mhashing_busy_secs[0m[2m=[0m0.11203157100000005 [3mhashing_work_secs[0m[2m=[0m0.19543821599999991 [3mmetadata_busy_secs[0m[2m=[0m0.027228178000000006 [3mmetadata_work_secs[0m[2m=[0m0.029104531999999992 [3mthumbgen_busy_secs[0m[2m=[0m3.067359814 [3mthumbgen_work_secs[0m[2m=[0m26.049574975 [3mblurhash_busy_secs[0m[2m=[0m0.46507298999999996 [3mblurhash_work_secs[0m[2m=[0m1.1533373120000001
[2m2026-09-16T17:42:22.406757Z[0m [32m INFO[0m [2mpanoptikon::jobs::files[0m[2m:[0m file scan phase timing [3mfolder[0m[2m=[0m"/home/admin/projects/panoptikon/tools/calibration-protocol/results/corpus/smoke/" [3mhashing_busy_secs[0m[2m=[0m0.0 [3mhashing_work_secs[0m[2m=[0m0.0 [3mmetadata_busy_secs[0m[2m=[0m0.0 [3mmetadata_work_secs[0m[2m=[0m0.0 [3mthumbgen_busy_secs[0m[2m=[0m0.0 [3mthumbgen_work_secs[0m[2m=[0m0.0 [3mblurhash_busy_secs[0m[2m=[0m0.0 [3mblurhash_work_secs[0m[2m=[0m0.0
[2m2026-09-16T17:42:22.410204Z[0m [32m INFO[0m [1mActor[0m[1m{[0m[3mid[0m[2m=[0m"0.6" [3mname[0m[2m=[0m"job-runner"[1m}[0m[2m:[0m [2mpanoptikon::jobs::queue[0m[2m:[0m scheduling deferred database maintenance [3mindex_db[0m[2m=[0m"cal" [3mqueue_id[0m[2m=[0m8 [3mowed[0m[2m=[0mwrote_data
[2m2026-09-16T17:42:25.464895Z[0m [32m INFO[0m [2mpanoptikon::inferio::worker[0m[2m:[0m 2026-09-16 17:42:25,464 [INFO] inferio_worker: Resolved impl class wd_tagger to /home/admin/tmp-run4-upgrade/A/app/python/inferio/impl/wd_tagger.py [3mworker[0m[2m=[0mwd_tagger
[2m2026-09-16T17:42:25.464993Z[0m [32m INFO[0m [2mpanoptikon::inferio::worker[0m[2m:[0m 2026-09-16 17:42:25,464 [INFO] inferio_worker: Handshake ok for impl class wd_tagger [3mworker[0m[2m=[0mwd_tagger
[2m2026-09-16T17:42:25.465185Z[0m [32m INFO[0m [2mpanoptikon::inferio::worker[0m[2m:[0m 2026-09-16 17:42:25,465 [INFO] inferio_worker: Configured as tags/wd-vit-tagger-v3 [3mworker[0m[2m=[0mwd_tagger
[2m2026-09-16T17:42:28.381240Z[0m [32m INFO[0m [2mpanoptikon::inferio::worker[0m[2m:[0m 2026-09-16 17:42:28,381 [INFO] timm.models._hub: [SmilingWolf/wd-vit-tagger-v3] Safe alternative available for 'pytorch_model.bin' (as 'model.safetensors'). Loading weights using safetensors. [3mworker[0m[2m=[0mwd_tagger
[2m2026-09-16T17:43:02.768951Z[0m [32m INFO[0m [2mpanoptikon::jobs::extraction[0m[2m:[0m extraction job phase timing [3mdata_load_busy_secs[0m[2m=[0m0.045281123 [3mdata_load_work_secs[0m[2m=[0m0.21703775899999997 [3minference_busy_secs[0m[2m=[0m34.082486161 [3minference_work_secs[0m[2m=[0m2024.7328833069998
[2m2026-09-16T17:43:02.773247Z[0m [32m INFO[0m [1mActor[0m[1m{[0m[3mid[0m[2m=[0m"0.6" [3mname[0m[2m=[0m"job-runner"[1m}[0m[2m:[0m [2mpanoptikon::jobs::queue[0m[2m:[0m scheduling deferred database maintenance [3mindex_db[0m[2m=[0m"cal" [3mqueue_id[0m[2m=[0m10 [3mowed[0m[2m=[0mwrote_data,tags_changed
[2m2026-09-16T17:43:02.773314Z[0m [32m INFO[0m [1mActor[0m[1m{[0m[3mid[0m[2m=[0m"0.6" [3mname[0m[2m=[0m"job-runner"[1m}[0m[2m:[0m [2mpanoptikon::jobs::queue[0m[2m:[0m unloading batch model at job boundary [3msetter[0m[2m=[0mtags/wd-vit-tagger-v3
[2m2026-09-16T17:43:02.785295Z[0m [32m INFO[0m [2mpanoptikon::inferio::worker[0m[2m:[0m 2026-09-16 17:43:02,785 [INFO] inferio_worker: Unloaded; exiting. [3mworker[0m[2m=[0mwd_tagger
[2m2026-09-16T17:44:43.357580Z[0m [32m INFO[0m [2mpanoptikon::shutdown[0m[2m:[0m shutdown signal received; stopping gracefully (repeat the signal to force exit)
[2m2026-09-16T17:44:43.358435Z[0m [32m INFO[0m [2mpanoptikon::shutdown[0m[2m:[0m index DB writers drained [3mwriters[0m[2m=[0m3
[2m2026-09-16T17:44:43.358536Z[0m [32m INFO[0m [2mpanoptikon::shutdown[0m[2m:[0m local inference workers stopped
[2m2026-09-16T17:44:43.358592Z[0m [32m INFO[0m [2mpanoptikon::shutdown[0m[2m:[0m background work stopped cleanly
[2m2026-09-16T17:44:43.358951Z[0m [32m INFO[0m [2mpanoptikon[0m[2m:[0m gateway stopped
