{
 "schema": "legs/1",
 "scenario": "S14-textembed",
 "note": "regression sanity for a derived text setter: OCR the text tier's scanned pages, then embed the rows the OCR wrote",
 "directory": "Q:\\projects\\panoptikon-pr27\\.win\\final\\legs\\f-S14-textembed\\S14-textembed",
 "platform": {
  "system": "Windows",
  "release": "11",
  "machine": "AMD64",
  "python": "3.12.9"
 },
 "bin": "Q:\\projects\\panoptikon-pr27\\target\\release\\panoptikon.exe",
 "config": "Q:\\projects\\panoptikon-pr27\\tools\\calibration-protocol\\config\\server-C1win.toml",
 "gateway_config": "Q:\\projects\\panoptikon-pr27\\tools\\calibration-protocol\\config\\server-C1win.toml",
 "inference_python": "Q:/projects/panoptikon-pr27/python/.venv/Scripts/python.exe",
 "inference_python_source": "config",
 "device_env": {},
 "env_file": "Q:\\projects\\panoptikon-pr27\\tools\\calibration-protocol\\config\\env.C1win",
 "dotenv": null,
 "base_url": "http://127.0.0.1:6382",
 "legacy_port": null,
 "endpoints": [
  {
   "name": "test",
   "port": 6383
  },
  {
   "name": "legacy_ui",
   "port": 6379
  }
 ],
 "model": "doctr/db_resnet50_crnn_mobilenet_v3_small",
 "models": [
  "doctr/db_resnet50_crnn_mobilenet_v3_small",
  "textembed/all-MiniLM-L6-v2"
 ],
 "scan_audio": false,
 "corpus": "Q:\\projects\\panoptikon-pr27\\.win\\corpus\\text",
 "gpu_total_mb": 32607,
 "gpu_total_mb_source": "--gpu-total-mb",
 "hog": null,
 "hog_events": [],
 "floor_bound": [],
 "checks": "failures,job_outcome,grant_safety,peak_fds",
 "learning": false,
 "preconditions": [
  "`corpus.py --tier text` first: this leg needs that tier's SCANNED PAGES, not its .txt files. No file scan indexes a .txt on any platform and no model accepts text/plain, so a text model's only route is `extracted_text` rows another setter wrote - the Windows pass ran the smoke tier here and got `job_never_queued` (T7)"
 ],
 "analyze_command": [
  "Q:\\projects\\panoptikon-pr27\\python\\.venv\\Scripts\\python.exe",
  "Q:\\projects\\panoptikon-pr27\\tools\\calibration-protocol\\analyze.py",
  "--scenario",
  "Q:\\projects\\panoptikon-pr27\\.win\\final\\legs\\f-S14-textembed\\S14-textembed",
  "--checks",
  "failures,job_outcome,grant_safety,peak_fds",
  "--json",
  "Q:\\projects\\panoptikon-pr27\\.win\\final\\legs\\f-S14-textembed\\S14-textembed\\verdicts.json"
 ]
}
PRECONDITION: `corpus.py --tier text` first: this leg needs that tier's SCANNED PAGES, not its .txt files. No file scan indexes a .txt on any platform and no model accepts text/plain, so a text model's only route is `extracted_text` rows another setter wrote - the Windows pass ran the smoke tier here and got `job_never_queued` (T7)
[2026-09-17T02:03:26.127Z] inference_python {"python": "Q:/projects/panoptikon-pr27/python/.venv/Scripts/python.exe", "source": "config", "config": "Q:\\projects\\panoptikon-pr27\\tools\\calibration-protocol\\config\\server-C1win.toml"}
[2026-09-17T02:03:26.139Z] vramrec_started
[2026-09-17T02:03:26.143Z] healthrec_started
[2026-09-17T02:03:26.148Z] gateway_started {"child": "gateway", "pid": 69196, "argv": ["Q:\\projects\\panoptikon-pr27\\target\\release\\panoptikon.exe", "--config", "Q:\\projects\\panoptikon-pr27\\tools\\calibration-protocol\\config\\server-C1win.toml", "--root", "Q:\\projects\\panoptikon-pr27\\.win\\final\\legs\\f-S14-textembed\\S14-textembed\\root", "--disable-update-check"]}
[2026-09-17T02:03:27.362Z] gateway_ready
[2026-09-17T02:03:27.577Z] rescan_start {"corpus": "Q:\\projects\\panoptikon-pr27\\.win\\corpus\\text", "index_db": "cal", "scan_audio": false}
[2026-09-17T02:03:29.586Z] rescan_done {"indexed_files": 300, "index_db": "cal"}
[2026-09-17T02:03:29.586Z] job_start {"model": "doctr/db_resnet50_crnn_mobilenet_v3_small", "tag": "", "index_db": "cal"}
[2026-09-17T02:03:29.620Z] job_posted {"http_status": 202}
[2026-09-17T02:03:59.721Z] job_end {"outcome": "drained"}
[2026-09-17T02:03:59.764Z] job_items {"model": "doctr/db_resnet50_crnn_mobilenet_v3_small", "items": 300}
[2026-09-17T02:03:59.765Z] job_start {"model": "textembed/all-MiniLM-L6-v2", "tag": "-2", "index_db": "cal"}
[2026-09-17T02:03:59.770Z] job_posted {"http_status": 202}
[2026-09-17T02:04:07.818Z] job_end {"outcome": "drained"}
[2026-09-17T02:04:07.864Z] job_items {"model": "textembed/all-MiniLM-L6-v2", "items": 300}
[2026-09-17T02:04:07.925Z] smoke_assertions {"summary": {"pql": {"status": 200, "count": 300}, "thumbnail": {"status": 200, "bytes": 97874}, "file": {"status": 200, "path": "Q:\\projects\\panoptikon-pr27\\.win\\corpus\\text\\image\\scan-620x877\\scan-620x877-000149.jpg", "bytes": 97874}, "endpoints": [{"name": "test", "port": 6383, "expected": 200, "expected_under_docker": 403, "status": 200, "ok": true, "note": "the 403 is a Docker-only assertion: docker.toml gives this port the public endpoint with restricted_demo, while these configs give it the localhost policy, where 200 is correct"}, {"name": "legacy_ui", "port": 6379, "expected": 200, "expected_under_docker": 403, "status": 200, "ok": true, "note": "the 403 is a Docker-only assertion: docker.toml gives this port the public endpoint with restricted_demo, while these configs give it the localhost policy, where 200 is correct"}], "legacy_ui_queue": {"name": "legacy_ui", "port": 6379, "expected": 200, "expected_under_docker": 403, "status": 200, "ok": true, "note": "the 403 is a Docker-only assertion: docker.toml gives this port the public endpoint with restricted_demo, while these configs give it the localhost policy, where 200 is correct"}}}
[2026-09-17T02:04:07.929Z] settling {"seconds": 40.0}
[2026-09-17T02:04:52.742Z] processes_stopped {"gateway": "CTRL_BREAK, rc=0", "healthrec": "CTRL_BREAK, rc=0", "vramrec": "CTRL_BREAK, rc=0"}

DONE Q:\projects\panoptikon-pr27\.win\final\legs\f-S14-textembed\S14-textembed  outcome=drained
analyze with:
  Q:\projects\panoptikon-pr27\python\.venv\Scripts\python.exe Q:\projects\panoptikon-pr27\tools\calibration-protocol\analyze.py --scenario Q:\projects\panoptikon-pr27\.win\final\legs\f-S14-textembed\S14-textembed --checks failures,job_outcome,grant_safety,peak_fds --json Q:\projects\panoptikon-pr27\.win\final\legs\f-S14-textembed\S14-textembed\verdicts.json
