{
 "schema": "legs/1",
 "scenario": "S4a",
 "note": "constant external pressure: the hog holds the board down to a fixed free level for the whole job",
 "directory": "Q:\\projects\\panoptikon-pr27\\.win\\final\\legs\\f-S4a\\S4a",
 "platform": {
  "system": "Windows",
  "release": "11",
  "machine": "AMD64",
  "python": "3.12.9"
 },
 "bin": "Q:\\projects\\panoptikon-pr27\\target\\release\\panoptikon.exe",
 "config": "Q:\\projects\\panoptikon-pr27\\tools\\calibration-protocol\\config\\server-C1win.toml",
 "gateway_config": "Q:\\projects\\panoptikon-pr27\\tools\\calibration-protocol\\config\\server-C1win.toml",
 "inference_python": "Q:/projects/panoptikon-pr27/python/.venv/Scripts/python.exe",
 "inference_python_source": "config",
 "device_env": {},
 "env_file": "Q:\\projects\\panoptikon-pr27\\tools\\calibration-protocol\\config\\env.C1win",
 "dotenv": null,
 "base_url": "http://127.0.0.1:6382",
 "legacy_port": null,
 "endpoints": [
  {
   "name": "test",
   "port": 6383
  },
  {
   "name": "legacy_ui",
   "port": 6379
  }
 ],
 "model": "tags/wd-vit-tagger-v3",
 "models": [
  "tags/wd-vit-tagger-v3"
 ],
 "scan_audio": false,
 "corpus": "Q:\\projects\\panoptikon-pr27\\.win\\results\\corpus\\ramp",
 "gpu_total_mb": 32607,
 "gpu_total_mb_source": "--gpu-total-mb",
 "hog": {
  "target": "gpu",
  "schedule": [
   "leave-free",
   "4093"
  ],
  "gpu_total_mb": 32607,
  "min_free_mb": 1024,
  "kind": "leave-free",
  "fraction": 0.12553250176223604,
  "scaled_mib": 4093,
  "mib": 4093,
  "reference_mib": 12288
 },
 "hog_events": [],
 "floor_bound": [],
 "checks": "all",
 "learning": false,
 "preconditions": [
  "the GPU is idle apart from the hog",
  "judge `utilization` against the probe's boundary AT THE HOG'S FREE LEVEL, never the full-GPU boundary (run2 report \u00a74.5)"
 ],
 "analyze_command": [
  "Q:\\projects\\panoptikon-pr27\\python\\.venv\\Scripts\\python.exe",
  "Q:\\projects\\panoptikon-pr27\\tools\\calibration-protocol\\analyze.py",
  "--scenario",
  "Q:\\projects\\panoptikon-pr27\\.win\\final\\legs\\f-S4a\\S4a",
  "--checks",
  "all",
  "--json",
  "Q:\\projects\\panoptikon-pr27\\.win\\final\\legs\\f-S4a\\S4a\\verdicts.json"
 ]
}
PRECONDITION: the GPU is idle apart from the hog
PRECONDITION: judge `utilization` against the probe's boundary AT THE HOG'S FREE LEVEL, never the full-GPU boundary (run2 report §4.5)
[2026-09-17T01:14:22.000Z] inference_python {"python": "Q:/projects/panoptikon-pr27/python/.venv/Scripts/python.exe", "source": "config", "config": "Q:\\projects\\panoptikon-pr27\\tools\\calibration-protocol\\config\\server-C1win.toml"}
[2026-09-17T01:14:22.011Z] vramrec_started
[2026-09-17T01:14:22.017Z] hog_started {"schedule": ["leave-free", "4093"], "detail": {"gpu_total_mb": 32607, "min_free_mb": 1024, "kind": "leave-free", "fraction": 0.12553250176223604, "scaled_mib": 4093, "mib": 4093, "reference_mib": 12288}}
[2026-09-17T01:14:24.073Z] hog_filled {"state": {"schema": "hog/1", "kind": "state", "seq": 1, "t_mono": 0.5, "t_wall": 1789607664.070367, "iso": "2026-09-17T01:14:24.070366+00:00", "pid": 6556, "backend": "gpu", "target_mb": 23806, "held_mb": 23808, "chunks": 186, "free_mb": 4090, "total_mb": 32607, "own_mb": null, "override": null, "phase": "leave-free", "oom": 0, "last_error": null}}
[2026-09-17T01:14:24.080Z] healthrec_started
[2026-09-17T01:14:24.086Z] gateway_started {"child": "gateway", "pid": 75100, "argv": ["Q:\\projects\\panoptikon-pr27\\target\\release\\panoptikon.exe", "--config", "Q:\\projects\\panoptikon-pr27\\tools\\calibration-protocol\\config\\server-C1win.toml", "--root", "Q:\\projects\\panoptikon-pr27\\.win\\final\\legs\\f-S4a\\S4a\\root", "--disable-update-check"]}
[2026-09-17T01:14:25.311Z] gateway_ready
[2026-09-17T01:14:25.525Z] rescan_start {"corpus": "Q:\\projects\\panoptikon-pr27\\.win\\results\\corpus\\ramp", "index_db": "cal", "scan_audio": false}
[2026-09-17T01:14:33.577Z] rescan_done {"indexed_files": 2000, "index_db": "cal"}
[2026-09-17T01:14:33.577Z] job_start {"model": "tags/wd-vit-tagger-v3", "tag": "", "index_db": "cal"}
[2026-09-17T01:14:33.606Z] job_posted {"http_status": 202}
[2026-09-17T01:15:27.915Z] job_end {"outcome": "drained"}
[2026-09-17T01:15:27.949Z] job_items {"model": "tags/wd-vit-tagger-v3", "items": 2000}
[2026-09-17T01:15:27.964Z] settling {"seconds": 40.0}
[2026-09-17T01:16:08.001Z] hog_stop_requested
[2026-09-17T01:16:11.605Z] processes_stopped {"gateway": "CTRL_BREAK, rc=0", "healthrec": "CTRL_BREAK, rc=0", "hog": "already exited rc=0", "vramrec": "CTRL_BREAK, rc=0"}

DONE Q:\projects\panoptikon-pr27\.win\final\legs\f-S4a\S4a  outcome=drained
analyze with:
  Q:\projects\panoptikon-pr27\python\.venv\Scripts\python.exe Q:\projects\panoptikon-pr27\tools\calibration-protocol\analyze.py --scenario Q:\projects\panoptikon-pr27\.win\final\legs\f-S4a\S4a --checks all --json Q:\projects\panoptikon-pr27\.win\final\legs\f-S4a\S4a\verdicts.json
