LEG=B4-textembed-mpnet DIR=Q:\projects\panoptikon-pr27\.win\run4\B4-textembed-mpnet START=2026-09-16T18:19:04.525Z
SPEC=id=textembed/all-mpnet-base-v2,concurrency=2,items=2,lru_size=1,cache_key=b4,kind=text,mode=text,order=random;id=textembed/all-mpnet-base-v2,concurrency=2,items=5,lru_size=1,cache_key=b4,kind=text,mode=text,order=random;id=textembed/all-mpnet-base-v2,concurrency=2,items=13,lru_size=1,cache_key=b4,kind=text,mode=text,order=random;id=textembed/all-mpnet-base-v2,concurrency=2,items=31,lru_size=1,cache_key=b4,kind=text,mode=text,order=random
GATEWAY_UP=True 2026-09-16T18:19:05.694Z OURPID=55964
LOADGEN_START 2026-09-16T18:19:05.778Z
[31;1mloadgen: 8 thread(s) over 4 model(s)[0m
[31;1mloadgen textembed/all-mpnet-base-v2: 3019 req (0 failed), 38059 items, 126.6392 items/s, p50 797.0 ms[0m
LOADGEN_RC=0 2026-09-16T18:24:16.995Z
LAUNCHER_EXITED=True 2026-09-16T18:24:59.106Z
0, 4516 MiB
1, 1270 MiB
--- calibration.after.toml ---
schema = 3

[[profile]]
inference_id = "textembed/all-mpnet-base-v2"
epoch = 2
arch = "sm_120"
gpu = "NVIDIA GeForce RTX 5090"
platform = "windows"
backend = "cuda"
torch = "2.7.1+cu128"
dtype = "fp32"
unit = "token"
aggregation = "max-times-count"
base_mb = 902
base_method = "free_delta"
dtype_method = "inferred"
slope_mb_per_unit = 0.07614533413205538
knee_units = 4095
samples = 64
residual_mb = 29.862108626198165
measured_at = "2026-09-16T18:24:16.9663816Z"
generator = "panoptikon 0.1.8"
max_units_measured = 16128
local_samples = 1528
sample_units = [
    17280,
    11352,
    3456,
    1032,
    18048,
    10836,
    24,
    19968,
    11610,
    516,
    198,
    18432,
    13932,
    20352,
    12642,
    7680,
    2838,
    11520,
    10578,
    15360,
    7998,
    4386,
    11904,
    10320,
    5760,
    4128,
    13056,
    9546,
    12672,
    9804,
    4608,
    4644,
    12,
    13824,
    9030,
    3840,
    1386,
    5376,
    1122,
    9288,
    6912,
    3354,
    6528,
    3612,
    14592,
    8514,
    14976,
    8256,
    4992,
    1188,
    14208,
    8772,
    13440,
    2376,
    6144,
    3870,
    12288,
    10062,
    21120,
    12126,
    16128,
    7482,
    7296,
    3096,
]
sample_delta_mb = [
    1276,
    1076,
    273,
    53,
    1388,
    513,
    10,
    1475,
    1108,
    38,
    14,
    1360,
    1318,
    1540,
    556,
    595,
    142,
    889,
    454,
    1180,
    761,
    204,
    881,
    440,
    449,
    187,
    1004,
    396,
    975,
    452,
    347,
    208,
    10,
    1022,
    432,
    291,
    54,
    419,
    45,
    423,
    516,
    326,
    507,
    157,
    1121,
    397,
    1154,
    369,
    391,
    45,
    1050,
    400,
    1034,
    84,
    478,
    184,
    910,
    470,
    1622,
    534,
    1239,
    347,
    544,
    300,
]
DONE B4-textembed-mpnet 2026-09-16T18:25:02.205Z
