[2m2026-09-17T01:30:49.429048Z[0m [32m INFO[0m [2mpanoptikon::logging[0m[2m:[0m logging to file [3mpath[0m[2m=[0mdata/panoptikon.log
[2m2026-09-17T01:30:49.429085Z[0m [32m INFO[0m [2mpanoptikon::rlimit[0m[2m:[0m raised the open file descriptor soft limit to the hard limit [3msoft_nofile_before[0m[2m=[0m256 [3msoft_nofile_after[0m[2m=[0m1048576
[2m2026-09-17T01:30:49.429169Z[0m [32m INFO[0m [2mpanoptikon::accelerator_report[0m[2m:[0m accelerator backend [3mbackend[0m[2m=[0m"mps" [3mbackend_source[0m[2m=[0mmacOS: default PyPI wheels (MPS on Apple Silicon); no CUDA/ROCm builds exist [3mdevices[0m[2m=[0m[]
[2m2026-09-17T01:30:49.460107Z[0m [32m INFO[0m [2mpanoptikon::inferio::gpu[0m[2m:[0m detected GPU (unified memory; the total is the 75% seed until a worker reports the exact recommended-max figure) [3mindex[0m[2m=[0m0 [3muuid[0m[2m=[0mGPU-MPS [3mname[0m[2m=[0mApple M3 Max (128 GB) [3mtotal_mb[0m[2m=[0m98304 [3mram_mb[0m[2m=[0m131072 [3munified[0m[2m=[0mtrue
[2m2026-09-17T01:30:49.460128Z[0m [32m INFO[0m [2mpanoptikon::inferio::gpu[0m[2m:[0m admitting batches from workers that run on the CPU against system RAM (running out of it is an OS process kill rather than a catchable allocation failure, so the device ships with a default ceiling) [3muuid[0m[2m=[0mCPU [3mname[0m[2m=[0mCPU (128 GB) [3mtotal_mb[0m[2m=[0m131072 [3mdefault_cap_fraction[0m[2m=[0m0.75 [3maccelerators[0m[2m=[0m1
[2m2026-09-17T01:30:49.460203Z[0m [32m INFO[0m [2mpanoptikon[0m[2m:[0m serving /api/inference locally (inference_local.enabled)
[2m2026-09-17T01:30:49.519171Z[0m [32m INFO[0m [2mpanoptikon[0m[2m:[0m gateway listening [3mendpoint[0m[2m=[0mdefault [3maddress[0m[2m=[0m127.0.0.1:6342
[2m2026-09-17T01:30:49.519213Z[0m [32m INFO[0m [2mpanoptikon[0m[2m:[0m gateway listening [3mendpoint[0m[2m=[0mtest [3maddress[0m[2m=[0m127.0.0.1:6343
[2m2026-09-17T01:30:49.519234Z[0m [32m INFO[0m [2mpanoptikon[0m[2m:[0m gateway listening [3mendpoint[0m[2m=[0mlegacy_ui [3maddress[0m[2m=[0m127.0.0.1:6339
[2m2026-09-17T01:30:49.519245Z[0m [32m INFO[0m [2mpanoptikon[0m[2m:[0m serving HTTP/1.1 and HTTP/2 cleartext [3mmax_concurrent_streams[0m[2m=[0m512
[2m2026-09-17T01:30:49.542612Z[0m [32m INFO[0m [2mpanoptikon::media_tools[0m[2m:[0m media tools resolved [3mffmpeg[0m[2m=[0m/Users/moot/projects/panoptikon-pr27/python/.venv/lib/python3.12/site-packages/static_ffmpeg/bin/darwin_arm64/ffmpeg [3mffprobe[0m[2m=[0m/Users/moot/projects/panoptikon-pr27/python/.venv/lib/python3.12/site-packages/static_ffmpeg/bin/darwin_arm64/ffprobe
[2m2026-09-17T01:30:49.659411Z[0m [32m INFO[0m [2mpanoptikon::media_tools::transcode::hw[0m[2m:[0m hardware H.264 encoder validated [3mencoder[0m[2m=[0m"h264_videotoolbox"
[2m2026-09-17T01:30:51.973411Z[0m [32m INFO[0m [2mpanoptikon::jobs::files[0m[2m:[0m file scan phase timing [3mfolder[0m[2m=[0m"/Users/moot/projects/panoptikon-pr27/tools/calibration-protocol/results/corpus/smoke/" [3mhashing_busy_secs[0m[2m=[0m0.04849862099999999 [3mhashing_work_secs[0m[2m=[0m0.11324449899999994 [3mmetadata_busy_secs[0m[2m=[0m0.014429795 [3mmetadata_work_secs[0m[2m=[0m0.017994622999999987 [3mthumbgen_busy_secs[0m[2m=[0m1.399671167 [3mthumbgen_work_secs[0m[2m=[0m9.628811620000002 [3mblurhash_busy_secs[0m[2m=[0m0.17136833299999998 [3mblurhash_work_secs[0m[2m=[0m0.3610347850000002
[2m2026-09-17T01:30:52.021532Z[0m [32m INFO[0m [2mpanoptikon::jobs::files[0m[2m:[0m file scan phase timing [3mfolder[0m[2m=[0m"/Users/moot/projects/panoptikon-pr27/tools/calibration-protocol/results/corpus/smoke/" [3mhashing_busy_secs[0m[2m=[0m0.0 [3mhashing_work_secs[0m[2m=[0m0.0 [3mmetadata_busy_secs[0m[2m=[0m0.0 [3mmetadata_work_secs[0m[2m=[0m0.0 [3mthumbgen_busy_secs[0m[2m=[0m0.0 [3mthumbgen_work_secs[0m[2m=[0m0.0 [3mblurhash_busy_secs[0m[2m=[0m0.0 [3mblurhash_work_secs[0m[2m=[0m0.0
[2m2026-09-17T01:30:52.022579Z[0m [32m INFO[0m [1mActor[0m[1m{[0m[3mid[0m[2m=[0m"0.5" [3mname[0m[2m=[0m"job-runner"[1m}[0m[2m:[0m [2mpanoptikon::jobs::queue[0m[2m:[0m scheduling deferred database maintenance [3mindex_db[0m[2m=[0m"cal" [3mqueue_id[0m[2m=[0m3 [3mowed[0m[2m=[0mwrote_data
[2m2026-09-17T01:30:52.578020Z[0m [34mDEBUG[0m [2mpanoptikon::inferio_client[0m[2m:[0m multiplexing inference requests over HTTP/2 cleartext [3mendpoint[0m[2m=[0mhttp://127.0.0.1:6342/api/inference [3mconnection_lanes[0m[2m=[0m64 [3mstreams_per_lane[0m[2m=[0m64 [3mmax_concurrent[0m[2m=[0m256 [3mmax_concurrent_ceiling[0m[2m=[0m4096
[2m2026-09-17T01:30:52.606428Z[0m [34mDEBUG[0m [2mpanoptikon::inferio::manager[0m[2m:[0m resolved cost dimension [3mmodel[0m[2m=[0mclip/apple_MobileCLIP-S1 [3munit[0m[2m=[0m"item" [3maggregation[0m[2m=[0m"count" [3mepoch[0m[2m=[0m1 [3mseed_units[0m[2m=[0m192 [3mpriced[0m[2m=[0mtrue [3mdegraded[0m[2m=[0mfalse
[2m2026-09-17T01:30:52.606474Z[0m [34mDEBUG[0m [2mpanoptikon::inferio::ledger[0m[2m:[0m probing the host for this GPU's free memory before pricing a load against it [3mmodel[0m[2m=[0m"clip/apple_MobileCLIP-S1" [3mgpu[0m[2m=[0m"GPU-MPS" [3mreason[0m[2m=[0m"no free sample: this GPU has never had a resident" [3msample_age_ms[0m[2m=[0mNone
[2m2026-09-17T01:30:52.606535Z[0m [34mDEBUG[0m [2mpanoptikon::inferio::ledger[0m[2m:[0m refreshed the GPU's free memory from the host probe [3mgpu[0m[2m=[0mGPU-MPS [3msource[0m[2m=[0m"mps" [3mfree_mb[0m[2m=[0m107419 [3mtotal_mb[0m[2m=[0m98304 [3mexternal_mb[0m[2m=[0m23653 [3mprevious_age_ms[0m[2m=[0mNone [3mrecorded[0m[2m=[0mtrue
[2m2026-09-17T01:30:52.607165Z[0m [34mDEBUG[0m [2mpanoptikon::inferio::worker[0m[2m:[0m spawned an inferio worker [3mworker[0m[2m=[0mopenclip [3minference_id[0m[2m=[0m"clip/apple_MobileCLIP-S1" [3mpid[0m[2m=[0mSome(51807)
[2m2026-09-17T01:30:53.086218Z[0m [32m INFO[0m [2mpanoptikon::inferio::worker[0m[2m:[0m 2026-09-17 03:30:53,086 [INFO] inferio_worker: Resolved impl class openclip to /Users/moot/projects/panoptikon-pr27/python/inferio/impl/clip.py [3mworker[0m[2m=[0mopenclip
[2m2026-09-17T01:30:53.086251Z[0m [32m INFO[0m [2mpanoptikon::inferio::worker[0m[2m:[0m 2026-09-17 03:30:53,086 [INFO] inferio_worker: Handshake ok for impl class openclip [3mworker[0m[2m=[0mopenclip
[2m2026-09-17T01:30:53.086338Z[0m [32m INFO[0m [2mpanoptikon::inferio::worker[0m[2m:[0m 2026-09-17 03:30:53,086 [INFO] inferio_worker: Configured as clip/apple_MobileCLIP-S1 [3mworker[0m[2m=[0mopenclip
[2m2026-09-17T01:30:53.095845Z[0m [32m INFO[0m [2mpanoptikon::inferio::worker[0m[2m:[0m 2026-09-17 03:30:53,095 [DEBUG] inferio_worker.memory: NVML init failed (NVML Shared Library Not Found) [3mworker[0m[2m=[0mopenclip
[2m2026-09-17T01:30:55.189951Z[0m [32m INFO[0m [2mpanoptikon::inferio::worker[0m[2m:[0m 2026-09-17 03:30:55,189 [WARNING] inferio_worker_impl_0_clip: Precision 'fp16' requested for hf-hub:apple/MobileCLIP-S1-OpenCLIP but device is mps; using fp32. [3mworker[0m[2m=[0mopenclip
[2m2026-09-17T01:30:55.189981Z[0m [32m INFO[0m [2mpanoptikon::inferio::worker[0m[2m:[0m 2026-09-17 03:30:55,189 [INFO] root: Parsing model identifier. Schema: hf-hub, Identifier: apple/MobileCLIP-S1-OpenCLIP [3mworker[0m[2m=[0mopenclip
[2m2026-09-17T01:30:55.189999Z[0m [32m INFO[0m [2mpanoptikon::inferio::worker[0m[2m:[0m 2026-09-17 03:30:55,189 [INFO] root: Attempting to load config from HF Hub: apple/MobileCLIP-S1-OpenCLIP [3mworker[0m[2m=[0mopenclip
[2m2026-09-17T01:30:55.191674Z[0m [32m INFO[0m [2mpanoptikon::inferio::worker[0m[2m:[0m 2026-09-17 03:30:55,191 [DEBUG] urllib3.connectionpool: Starting new HTTPS connection (1): huggingface.co:443 [3mworker[0m[2m=[0mopenclip
[2m2026-09-17T01:30:55.358737Z[0m [32m INFO[0m [2mpanoptikon::inferio::worker[0m[2m:[0m 2026-09-17 03:30:55,358 [DEBUG] urllib3.connectionpool: https://huggingface.co:443 "HEAD /apple/MobileCLIP-S1-OpenCLIP/resolve/main/open_clip_config.json HTTP/1.1" 307 0 [3mworker[0m[2m=[0mopenclip
[2m2026-09-17T01:30:55.373486Z[0m [32m INFO[0m [2mpanoptikon::inferio::worker[0m[2m:[0m 2026-09-17 03:30:55,373 [DEBUG] urllib3.connectionpool: https://huggingface.co:443 "HEAD /api/resolve-cache/models/apple/MobileCLIP-S1-OpenCLIP/59d35241939f6942255489b83c9068e48ebf57f8/open_clip_config.json HTTP/1.1" 200 0 [3mworker[0m[2m=[0mopenclip
[2m2026-09-17T01:30:55.374927Z[0m [32m INFO[0m [2mpanoptikon::inferio::worker[0m[2m:[0m 2026-09-17 03:30:55,374 [INFO] root: Loaded model config from HF Hub: apple/MobileCLIP-S1-OpenCLIP [3mworker[0m[2m=[0mopenclip
[2m2026-09-17T01:30:55.506272Z[0m [32m INFO[0m [2mpanoptikon::inferio::worker[0m[2m:[0m 2026-09-17 03:30:55,506 [DEBUG] urllib3.connectionpool: https://huggingface.co:443 "HEAD /apple/MobileCLIP-S1-OpenCLIP/resolve/main/open_clip_model.safetensors HTTP/1.1" 302 0 [3mworker[0m[2m=[0mopenclip
[2m2026-09-17T01:30:55.509709Z[0m [32m INFO[0m [2mpanoptikon::inferio::worker[0m[2m:[0m 2026-09-17 03:30:55,509 [INFO] root: Found default weights file on HF Hub: /Users/moot/projects/panoptikon-pr27/.mac/hf/hub/models--apple--MobileCLIP-S1-OpenCLIP/snapshots/59d35241939f6942255489b83c9068e48ebf57f8/open_clip_model.safetensors [3mworker[0m[2m=[0mopenclip
[2m2026-09-17T01:30:55.509830Z[0m [32m INFO[0m [2mpanoptikon::inferio::worker[0m[2m:[0m 2026-09-17 03:30:55,509 [INFO] root: Instantiating model architecture: CustomTextCLIP [3mworker[0m[2m=[0mopenclip
[2m2026-09-17T01:30:56.501709Z[0m [32m INFO[0m [2mpanoptikon::inferio::worker[0m[2m:[0m 2026-09-17 03:30:56,501 [INFO] root: Loading full pretrained weights from: /Users/moot/projects/panoptikon-pr27/.mac/hf/hub/models--apple--MobileCLIP-S1-OpenCLIP/snapshots/59d35241939f6942255489b83c9068e48ebf57f8/open_clip_model.safetensors [3mworker[0m[2m=[0mopenclip
[2m2026-09-17T01:30:56.538296Z[0m [32m INFO[0m [2mpanoptikon::inferio::worker[0m[2m:[0m 2026-09-17 03:30:56,538 [INFO] root: Final image preprocessing configuration set: {'size': (256, 256), 'mode': 'RGB', 'mean': [0.0, 0.0, 0.0], 'std': [1.0, 1.0, 1.0], 'interpolation': 'bilinear', 'resize_mode': 'shortest', 'fill_color': 0} [3mworker[0m[2m=[0mopenclip
[2m2026-09-17T01:30:56.538328Z[0m [32m INFO[0m [2mpanoptikon::inferio::worker[0m[2m:[0m 2026-09-17 03:30:56,538 [INFO] root: Model hf-hub:apple/MobileCLIP-S1-OpenCLIP creation process complete. [3mworker[0m[2m=[0mopenclip
[2m2026-09-17T01:30:56.872713Z[0m [32m INFO[0m [2mpanoptikon::inferio::worker[0m[2m:[0m 2026-09-17 03:30:56,872 [INFO] root: Parsing tokenizer identifier. Schema: hf-hub, Identifier: apple/MobileCLIP-S1-OpenCLIP [3mworker[0m[2m=[0mopenclip
[2m2026-09-17T01:30:56.872751Z[0m [32m INFO[0m [2mpanoptikon::inferio::worker[0m[2m:[0m 2026-09-17 03:30:56,872 [INFO] root: Attempting to load config from hf-hub:apple/MobileCLIP-S1-OpenCLIP [3mworker[0m[2m=[0mopenclip
[2m2026-09-17T01:30:57.036148Z[0m [32m INFO[0m [2mpanoptikon::inferio::worker[0m[2m:[0m 2026-09-17 03:30:57,035 [DEBUG] urllib3.connectionpool: https://huggingface.co:443 "HEAD /apple/MobileCLIP-S1-OpenCLIP/resolve/main/open_clip_config.json HTTP/1.1" 307 0 [3mworker[0m[2m=[0mopenclip
[2m2026-09-17T01:30:57.055740Z[0m [32m INFO[0m [2mpanoptikon::inferio::worker[0m[2m:[0m 2026-09-17 03:30:57,055 [DEBUG] urllib3.connectionpool: https://huggingface.co:443 "HEAD /api/resolve-cache/models/apple/MobileCLIP-S1-OpenCLIP/59d35241939f6942255489b83c9068e48ebf57f8/open_clip_config.json HTTP/1.1" 200 0 [3mworker[0m[2m=[0mopenclip
[2m2026-09-17T01:30:57.057590Z[0m [32m INFO[0m [2mpanoptikon::inferio::worker[0m[2m:[0m 2026-09-17 03:30:57,057 [INFO] root: Using default SimpleTokenizer. [3mworker[0m[2m=[0mopenclip
[2m2026-09-17T01:30:57.108964Z[0m [34mDEBUG[0m [2mpanoptikon::inferio::worker[0m[2m:[0m worker reported its load footprint [3mworker[0m[2m=[0mclip/apple_MobileCLIP-S1 [3mbase_mb[0m[2m=[0m1160 [3mbase_method[0m[2m=[0m"mps" [3mdtype[0m[2m=[0m"fp32" [3mdtype_method[0m[2m=[0m"inferred" [3mgpu_name[0m[2m=[0m"Apple M3 Max (128 GB)" [3mgpu_arch[0m[2m=[0m"apple-m3" [3mgpu_total_mb[0m[2m=[0m110100 [3mtorch[0m[2m=[0m"2.7.1"
[2m2026-09-17T01:30:57.109026Z[0m [34mDEBUG[0m [2mpanoptikon::inferio::manager[0m[2m:[0m replica loaded [3mmodel[0m[2m=[0mclip/apple_MobileCLIP-S1 [3mreplica[0m[2m=[0m0 [3mdevice[0m[2m=[0m"<unpinned>"
[2m2026-09-17T01:30:57.109038Z[0m [32m INFO[0m [2mpanoptikon::inferio::ledger[0m[2m:[0m this unified-memory device's admission total is now the figure the worker's own runtime reports, which is what its allocations are actually judged against; the probe's seed was a default fraction of host RAM and a raised GPU memory limit moves the real figure well away from it [3mmodel[0m[2m=[0mclip/apple_MobileCLIP-S1 [3mgpu[0m[2m=[0mGPU-MPS [3mseed_total_mb[0m[2m=[0m98304 [3mreported_total_mb[0m[2m=[0m110100 [3mram_mb[0m[2m=[0m131072
[2m2026-09-17T01:30:57.109138Z[0m [34mDEBUG[0m [2mpanoptikon::inferio::ledger[0m[2m:[0m admitted a worker to a GPU's ledger [3mmodel[0m[2m=[0mclip/apple_MobileCLIP-S1 [3mgpu[0m[2m=[0mGPU-MPS [3mreplica[0m[2m=[0m2 [3mbase_mb[0m[2m=[0mSome(1160) [3mbase_method[0m[2m=[0m"mps" [3mreserved_at_load_mb[0m[2m=[0mSome(1160) [3mseeded_from_store[0m[2m=[0mfalse
[2m2026-09-17T01:30:57.112237Z[0m [34mDEBUG[0m [2mpanoptikon::inferio::http[0m[2m:[0m processing local inference predict [3mmodel[0m[2m=[0mclip/apple_MobileCLIP-S1 [3minputs[0m[2m=[0m1
[2m2026-09-17T01:30:57.112329Z[0m [34mDEBUG[0m [2mpanoptikon::inferio::ledger[0m[2m:[0m issued a memory grant [3mmodel[0m[2m=[0mclip/apple_MobileCLIP-S1 [3mgpu[0m[2m=[0mGPU-MPS [3munit_budget[0m[2m=[0m1 [3mmb[0m[2m=[0m105500 [3mcanvas_pixels[0m[2m=[0mnone [3mshare_mb[0m[2m=[0m105500 [3mroom_mb[0m[2m=[0m105500 [3mheadroom_mb[0m[2m=[0m105500 [3mexternal_mb[0m[2m=[0m23388 [3mreserve_mb[0m[2m=[0m1024 [3mreserve_rule[0m[2m=[0m"capped_default" [3mpre_fit[0m[2m=[0mtrue [3mramp_step[0m[2m=[0m0 [3mdeflation[0m[2m=[0m0 [3msqueezed[0m[2m=[0mfalse [3mwindow_requests[0m[2m=[0m1
[2m2026-09-17T01:30:57.112602Z[0m [34mDEBUG[0m [2mpanoptikon::inferio::http[0m[2m:[0m processing local inference predict [3mmodel[0m[2m=[0mclip/apple_MobileCLIP-S1 [3minputs[0m[2m=[0m1
[2m2026-09-17T01:30:57.112820Z[0m [34mDEBUG[0m [2mpanoptikon::inferio::http[0m[2m:[0m processing local inference predict [3mmodel[0m[2m=[0mclip/apple_MobileCLIP-S1 [3minputs[0m[2m=[0m1
[2m2026-09-17T01:30:57.112890Z[0m [34mDEBUG[0m [2mpanoptikon::inferio::http[0m[2m:[0m processing local inference predict [3mmodel[0m[2m=[0mclip/apple_MobileCLIP-S1 [3minputs[0m[2m=[0m1
[2m2026-09-17T01:30:57.112922Z[0m [34mDEBUG[0m [2mpanoptikon::inferio::http[0m[2m:[0m processing local inference predict [3mmodel[0m[2m=[0mclip/apple_MobileCLIP-S1 [3minputs[0m[2m=[0m1
[2m2026-09-17T01:30:57.112972Z[0m [34mDEBUG[0m [2mpanoptikon::inferio::http[0m[2m:[0m processing local inference predict [3mmodel[0m[2m=[0mclip/apple_MobileCLIP-S1 [3minputs[0m[2m=[0m1
[2m2026-09-17T01:30:57.113014Z[0m [34mDEBUG[0m [2mpanoptikon::inferio::http[0m[2m:[0m processing local inference predict [3mmodel[0m[2m=[0mclip/apple_MobileCLIP-S1 [3minputs[0m[2m=[0m1
[2m2026-09-17T01:30:57.113028Z[0m [34mDEBUG[0m [2mpanoptikon::inferio::http[0m[2m:[0m processing local inference predict [3mmodel[0m[2m=[0mclip/apple_MobileCLIP-S1 [3minputs[0m[2m=[0m1
[2m2026-09-17T01:30:57.113055Z[0m [34mDEBUG[0m [2mpanoptikon::inferio::http[0m[2m:[0m processing local inference predict [3mmodel[0m[2m=[0mclip/apple_MobileCLIP-S1 [3minputs[0m[2m=[0m1
[2m2026-09-17T01:30:57.114154Z[0m [34mDEBUG[0m [2mpanoptikon::inferio::http[0m[2m:[0m processing local inference predict [3mmodel[0m[2m=[0mclip/apple_MobileCLIP-S1 [3minputs[0m[2m=[0m1
[2m2026-09-17T01:30:57.114218Z[0m [34mDEBUG[0m [2mpanoptikon::inferio::http[0m[2m:[0m processing local inference predict [3mmodel[0m[2m=[0mclip/apple_MobileCLIP-S1 [3minputs[0m[2m=[0m1
[2m2026-09-17T01:30:57.114262Z[0m [34mDEBUG[0m [2mpanoptikon::inferio::http[0m[2m:[0m processing local inference predict [3mmodel[0m[2m=[0mclip/apple_MobileCLIP-S1 [3minputs[0m[2m=[0m1
[2m2026-09-17T01:30:57.114238Z[0m [34mDEBUG[0m [2mpanoptikon::inferio::http[0m[2m:[0m processing local inference predict [3mmodel[0m[2m=[0mclip/apple_MobileCLIP-S1 [3minputs[0m[2m=[0m1
[2m2026-09-17T01:30:57.114271Z[0m [34mDEBUG[0m [2mpanoptikon::inferio::http[0m[2m:[0m processing local inference predict [3mmodel[0m[2m=[0mclip/apple_MobileCLIP-S1 [3minputs[0m[2m=[0m1
[2m2026-09-17T01:30:57.114334Z[0m [34mDEBUG[0m [2mpanoptikon::inferio::http[0m[2m:[0m processing local inference predict [3mmodel[0m[2m=[0mclip/apple_MobileCLIP-S1 [3minputs[0m[2m=[0m1
[2m2026-09-17T01:30:57.114228Z[0m [34mDEBUG[0m [2mpanoptikon::inferio::http[0m[2m:[0m processing local inference predict [3mmodel[0m[2m=[0mclip/apple_MobileCLIP-S1 [3minputs[0m[2m=[0m1
[2m2026-09-17T01:30:57.114356Z[0m [34mDEBUG[0m [2mpanoptikon::inferio::http[0m[2m:[0m processing local inference predict [3mmodel[0m[2m=[0mclip/apple_MobileCLIP-S1 [3minputs[0m[2m=[0m1
[2m2026-09-17T01:30:57.114373Z[0m [34mDEBUG[0m [2mpanoptikon::inferio::http[0m[2m:[0m processing local inference predict [3mmodel[0m[2m=[0mclip/apple_MobileCLIP-S1 [3minputs[0m[2m=[0m1
[2m2026-09-17T01:30:57.114396Z[0m [34mDEBUG[0m [2mpanoptikon::inferio::http[0m[2m:[0m processing local inference predict [3mmodel[0m[2m=[0mclip/apple_MobileCLIP-S1 [3minputs[0m[2m=[0m1
[2m2026-09-17T01:30:57.114377Z[0m [34mDEBUG[0m [2mpanoptikon::inferio::http[0m[2m:[0m processing local inference predict [3mmodel[0m[2m=[0mclip/apple_MobileCLIP-S1 [3minputs[0m[2m=[0m1
[2m2026-09-17T01:30:57.114467Z[0m [34mDEBUG[0m [2mpanoptikon::inferio::http[0m[2m:[0m processing local inference predict [3mmodel[0m[2m=[0mclip/apple_MobileCLIP-S1 [3minputs[0m[2m=[0m1
[2m2026-09-17T01:30:57.114338Z[0m [34mDEBUG[0m [2mpanoptikon::inferio::http[0m[2m:[0m processing local inference predict [3mmodel[0m[2m=[0mclip/apple_MobileCLIP-S1 [3minputs[0m[2m=[0m1
[2m2026-09-17T01:30:57.114364Z[0m [34mDEBUG[0m [2mpanoptikon::inferio::http[0m[2m:[0m processing local inference predict [3mmodel[0m[2m=[0mclip/apple_MobileCLIP-S1 [3minputs[0m[2m=[0m1
[2m2026-09-17T01:30:57.114515Z[0m [34mDEBUG[0m [2mpanoptikon::inferio::http[0m[2m:[0m processing local inference predict [3mmodel[0m[2m=[0mclip/apple_MobileCLIP-S1 [3minputs[0m[2m=[0m1
[2m2026-09-17T01:30:57.114520Z[0m [34mDEBUG[0m [2mpanoptikon::inferio::http[0m[2m:[0m processing local inference predict [3mmodel[0m[2m=[0mclip/apple_MobileCLIP-S1 [3minputs[0m[2m=[0m1
[2m2026-09-17T01:30:57.114354Z[0m [34mDEBUG[0m [2mpanoptikon::inferio::http[0m[2m:[0m processing local inference predict [3mmodel[0m[2m=[0mclip/apple_MobileCLIP-S1 [3minputs[0m[2m=[0m1
[2m2026-09-17T01:30:57.114470Z[0m [34mDEBUG[0m [2mpanoptikon::inferio::http[0m[2m:[0m processing local inference predict [3mmodel[0m[2m=[0mclip/apple_MobileCLIP-S1 [3minputs[0m[2m=[0m1
[2m2026-09-17T01:30:57.114624Z[0m [34mDEBUG[0m [2mpanoptikon::inferio::http[0m[2m:[0m processing local inference predict [3mmodel[0m[2m=[0mclip/apple_MobileCLIP-S1 [3minputs[0m[2m=[0m1
[2m2026-09-17T01:30:57.114642Z[0m [34mDEBUG[0m [2mpanoptikon::inferio::http[0m[2m:[0m processing local inference predict [3mmodel[0m[2m=[0mclip/apple_MobileCLIP-S1 [3minputs[0m[2m=[0m1
[2m2026-09-17T01:30:57.114703Z[0m [34mDEBUG[0m [2mpanoptikon::inferio::http[0m[2m:[0m processing local inference predict [3mmodel[0m[2m=[0mclip/apple_MobileCLIP-S1 [3minputs[0m[2m=[0m1
[2m2026-09-17T01:30:57.115016Z[0m [34mDEBUG[0m [2mpanoptikon::inferio::http[0m[2m:[0m processing local inference predict [3mmodel[0m[2m=[0mclip/apple_MobileCLIP-S1 [3minputs[0m[2m=[0m1
[2m2026-09-17T01:30:57.115019Z[0m [34mDEBUG[0m [2mpanoptikon::inferio::http[0m[2m:[0m processing local inference predict [3mmodel[0m[2m=[0mclip/apple_MobileCLIP-S1 [3minputs[0m[2m=[0m1
[2m2026-09-17T01:30:57.115075Z[0m [34mDEBUG[0m [2mpanoptikon::inferio::http[0m[2m:[0m processing local inference predict [3mmodel[0m[2m=[0mclip/apple_MobileCLIP-S1 [3minputs[0m[2m=[0m1
[2m2026-09-17T01:30:57.115095Z[0m [34mDEBUG[0m [2mpanoptikon::inferio::http[0m[2m:[0m processing local inference predict [3mmodel[0m[2m=[0mclip/apple_MobileCLIP-S1 [3minputs[0m[2m=[0m1
[2m2026-09-17T01:30:57.115075Z[0m [34mDEBUG[0m [2mpanoptikon::inferio::http[0m[2m:[0m processing local inference predict [3mmodel[0m[2m=[0mclip/apple_MobileCLIP-S1 [3minputs[0m[2m=[0m1
[2m2026-09-17T01:30:57.115131Z[0m [34mDEBUG[0m [2mpanoptikon::inferio::http[0m[2m:[0m processing local inference predict [3mmodel[0m[2m=[0mclip/apple_MobileCLIP-S1 [3minputs[0m[2m=[0m1
[2m2026-09-17T01:30:57.115167Z[0m [34mDEBUG[0m [2mpanoptikon::inferio::http[0m[2m:[0m processing local inference predict [3mmodel[0m[2m=[0mclip/apple_MobileCLIP-S1 [3minputs[0m[2m=[0m1
[2m2026-09-17T01:30:57.115273Z[0m [34mDEBUG[0m [2mpanoptikon::inferio::http[0m[2m:[0m processing local inference predict [3mmodel[0m[2m=[0mclip/apple_MobileCLIP-S1 [3minputs[0m[2m=[0m1
[2m2026-09-17T01:30:57.115290Z[0m [34mDEBUG[0m [2mpanoptikon::inferio::http[0m[2m:[0m processing local inference predict [3mmodel[0m[2m=[0mclip/apple_MobileCLIP-S1 [3minputs[0m[2m=[0m1
[2m2026-09-17T01:30:57.115313Z[0m [34mDEBUG[0m [2mpanoptikon::inferio::http[0m[2m:[0m processing local inference predict [3mmodel[0m[2m=[0mclip/apple_MobileCLIP-S1 [3minputs[0m[2m=[0m1
[2m2026-09-17T01:30:57.115452Z[0m [34mDEBUG[0m [2mpanoptikon::inferio::http[0m[2m:[0m processing local inference predict [3mmodel[0m[2m=[0mclip/apple_MobileCLIP-S1 [3minputs[0m[2m=[0m1
[2m2026-09-17T01:30:57.115581Z[0m [34mDEBUG[0m [2mpanoptikon::inferio::http[0m[2m:[0m processing local inference predict [3mmodel[0m[2m=[0mclip/apple_MobileCLIP-S1 [3minputs[0m[2m=[0m1
[2m2026-09-17T01:30:57.115611Z[0m [34mDEBUG[0m [2mpanoptikon::inferio::http[0m[2m:[0m processing local inference predict [3mmodel[0m[2m=[0mclip/apple_MobileCLIP-S1 [3minputs[0m[2m=[0m1
[2m2026-09-17T01:30:57.115713Z[0m [34mDEBUG[0m [2mpanoptikon::inferio::http[0m[2m:[0m processing local inference predict [3mmodel[0m[2m=[0mclip/apple_MobileCLIP-S1 [3minputs[0m[2m=[0m1
[2m2026-09-17T01:30:57.115725Z[0m [34mDEBUG[0m [2mpanoptikon::inferio::http[0m[2m:[0m processing local inference predict [3mmodel[0m[2m=[0mclip/apple_MobileCLIP-S1 [3minputs[0m[2m=[0m1
[2m2026-09-17T01:30:57.115733Z[0m [34mDEBUG[0m [2mpanoptikon::inferio::http[0m[2m:[0m processing local inference predict [3mmodel[0m[2m=[0mclip/apple_MobileCLIP-S1 [3minputs[0m[2m=[0m1
[2m2026-09-17T01:30:57.115846Z[0m [34mDEBUG[0m [2mpanoptikon::inferio::http[0m[2m:[0m processing local inference predict [3mmodel[0m[2m=[0mclip/apple_MobileCLIP-S1 [3minputs[0m[2m=[0m1
[2m2026-09-17T01:30:57.115853Z[0m [34mDEBUG[0m [2mpanoptikon::inferio::http[0m[2m:[0m processing local inference predict [3mmodel[0m[2m=[0mclip/apple_MobileCLIP-S1 [3minputs[0m[2m=[0m1
[2m2026-09-17T01:30:57.115854Z[0m [34mDEBUG[0m [2mpanoptikon::inferio::http[0m[2m:[0m processing local inference predict [3mmodel[0m[2m=[0mclip/apple_MobileCLIP-S1 [3minputs[0m[2m=[0m1
[2m2026-09-17T01:30:57.115857Z[0m [34mDEBUG[0m [2mpanoptikon::inferio::http[0m[2m:[0m processing local inference predict [3mmodel[0m[2m=[0mclip/apple_MobileCLIP-S1 [3minputs[0m[2m=[0m1
[2m2026-09-17T01:30:57.115857Z[0m [34mDEBUG[0m [2mpanoptikon::inferio::http[0m[2m:[0m processing local inference predict [3mmodel[0m[2m=[0mclip/apple_MobileCLIP-S1 [3minputs[0m[2m=[0m1
[2m2026-09-17T01:30:57.115974Z[0m [34mDEBUG[0m [2mpanoptikon::inferio::http[0m[2m:[0m processing local inference predict [3mmodel[0m[2m=[0mclip/apple_MobileCLIP-S1 [3minputs[0m[2m=[0m1
[2m2026-09-17T01:30:57.115978Z[0m [34mDEBUG[0m [2mpanoptikon::inferio::http[0m[2m:[0m processing local inference predict [3mmodel[0m[2m=[0mclip/apple_MobileCLIP-S1 [3minputs[0m[2m=[0m1
[2m2026-09-17T01:30:57.115975Z[0m [34mDEBUG[0m [2mpanoptikon::inferio::http[0m[2m:[0m processing local inference predict [3mmodel[0m[2m=[0mclip/apple_MobileCLIP-S1 [3minputs[0m[2m=[0m1
[2m2026-09-17T01:30:57.116062Z[0m [34mDEBUG[0m [2mpanoptikon::inferio::http[0m[2m:[0m processing local inference predict [3mmodel[0m[2m=[0mclip/apple_MobileCLIP-S1 [3minputs[0m[2m=[0m1
[2m2026-09-17T01:30:57.116079Z[0m [34mDEBUG[0m [2mpanoptikon::inferio::http[0m[2m:[0m processing local inference predict [3mmodel[0m[2m=[0mclip/apple_MobileCLIP-S1 [3minputs[0m[2m=[0m1
[2m2026-09-17T01:30:57.116141Z[0m [34mDEBUG[0m [2mpanoptikon::inferio::http[0m[2m:[0m processing local inference predict [3mmodel[0m[2m=[0mclip/apple_MobileCLIP-S1 [3minputs[0m[2m=[0m1
[2m2026-09-17T01:30:57.116248Z[0m [34mDEBUG[0m [2mpanoptikon::inferio::http[0m[2m:[0m processing local inference predict [3mmodel[0m[2m=[0mclip/apple_MobileCLIP-S1 [3minputs[0m[2m=[0m1
[2m2026-09-17T01:30:57.116334Z[0m [34mDEBUG[0m [2mpanoptikon::inferio::http[0m[2m:[0m processing local inference predict [3mmodel[0m[2m=[0mclip/apple_MobileCLIP-S1 [3minputs[0m[2m=[0m1
[2m2026-09-17T01:30:57.116360Z[0m [34mDEBUG[0m [2mpanoptikon::inferio::http[0m[2m:[0m processing local inference predict [3mmodel[0m[2m=[0mclip/apple_MobileCLIP-S1 [3minputs[0m[2m=[0m1
[2m2026-09-17T01:30:57.116368Z[0m [34mDEBUG[0m [2mpanoptikon::inferio::http[0m[2m:[0m processing local inference predict [3mmodel[0m[2m=[0mclip/apple_MobileCLIP-S1 [3minputs[0m[2m=[0m1
[2m2026-09-17T01:30:57.116395Z[0m [34mDEBUG[0m [2mpanoptikon::inferio::http[0m[2m:[0m processing local inference predict [3mmodel[0m[2m=[0mclip/apple_MobileCLIP-S1 [3minputs[0m[2m=[0m1
[2m2026-09-17T01:30:57.116396Z[0m [34mDEBUG[0m [2mpanoptikon::inferio::http[0m[2m:[0m processing local inference predict [3mmodel[0m[2m=[0mclip/apple_MobileCLIP-S1 [3minputs[0m[2m=[0m1
[2m2026-09-17T01:30:57.116397Z[0m [34mDEBUG[0m [2mpanoptikon::inferio::http[0m[2m:[0m processing local inference predict [3mmodel[0m[2m=[0mclip/apple_MobileCLIP-S1 [3minputs[0m[2m=[0m1
[2m2026-09-17T01:30:57.325838Z[0m [34mDEBUG[0m [2mpanoptikon::inferio::ledger[0m[2m:[0m queued a calibration profile update for the store [3mmodel[0m[2m=[0mclip/apple_MobileCLIP-S1 [3mgpu[0m[2m=[0mGPU-MPS [3mreason[0m[2m=[0m"anchor_advanced" [3mmax_units_measured[0m[2m=[0m0 [3mfit_version[0m[2m=[0m0
[2m2026-09-17T01:30:57.325869Z[0m [34mDEBUG[0m [2mpanoptikon::inferio::ledger[0m[2m:[0m settled a granted window [3mmodel[0m[2m=[0mclip/apple_MobileCLIP-S1 [3mgpu[0m[2m=[0mGPU-MPS [3moutcome[0m[2m=[0m"clean" [3mfit_samples[0m[2m=[0m1 [3mthroughput_samples[0m[2m=[0m0 [3mclamped_samples[0m[2m=[0m0 [3mclamped[0m[2m=[0mnone [3mramp_step[0m[2m=[0m0 [3mdeflation[0m[2m=[0m0 [3mclean_windows[0m[2m=[0m1 [3mmax_units_measured[0m[2m=[0m1
[2m2026-09-17T01:30:57.325906Z[0m [34mDEBUG[0m [2mpanoptikon::inferio::ledger[0m[2m:[0m issued a memory grant [3mmodel[0m[2m=[0mclip/apple_MobileCLIP-S1 [3mgpu[0m[2m=[0mGPU-MPS [3munit_budget[0m[2m=[0m2 [3mmb[0m[2m=[0m104238 [3mcanvas_pixels[0m[2m=[0mnone [3mshare_mb[0m[2m=[0m104238 [3mroom_mb[0m[2m=[0m104238 [3mheadroom_mb[0m[2m=[0m104215 [3mexternal_mb[0m[2m=[0m24650 [3mreserve_mb[0m[2m=[0m1024 [3mreserve_rule[0m[2m=[0m"capped_default" [3mpre_fit[0m[2m=[0mtrue [3mramp_step[0m[2m=[0m0 [3mdeflation[0m[2m=[0m0 [3msqueezed[0m[2m=[0mfalse [3mwindow_requests[0m[2m=[0m6
[2m2026-09-17T01:30:57.326552Z[0m [34mDEBUG[0m [2mpanoptikon::inferio::http[0m[2m:[0m processing local inference predict [3mmodel[0m[2m=[0mclip/apple_MobileCLIP-S1 [3minputs[0m[2m=[0m1
[2m2026-09-17T01:30:57.326565Z[0m [34mDEBUG[0m [2mpanoptikon::inferio::http[0m[2m:[0m processing local inference predict [3mmodel[0m[2m=[0mclip/apple_MobileCLIP-S1 [3minputs[0m[2m=[0m1
[2m2026-09-17T01:30:57.326776Z[0m [34mDEBUG[0m [2mpanoptikon::inferio::http[0m[2m:[0m processing local inference predict [3mmodel[0m[2m=[0mclip/apple_MobileCLIP-S1 [3minputs[0m[2m=[0m1
[2m2026-09-17T01:30:57.326778Z[0m [34mDEBUG[0m [2mpanoptikon::inferio::http[0m[2m:[0m processing local inference predict [3mmodel[0m[2m=[0mclip/apple_MobileCLIP-S1 [3minputs[0m[2m=[0m1
[2m2026-09-17T01:30:57.326899Z[0m [34mDEBUG[0m [2mpanoptikon::inferio::http[0m[2m:[0m processing local inference predict [3mmodel[0m[2m=[0mclip/apple_MobileCLIP-S1 [3minputs[0m[2m=[0m1
[2m2026-09-17T01:30:57.326971Z[0m [34mDEBUG[0m [2mpanoptikon::inferio::http[0m[2m:[0m processing local inference predict [3mmodel[0m[2m=[0mclip/apple_MobileCLIP-S1 [3minputs[0m[2m=[0m1
[2m2026-09-17T01:30:57.326978Z[0m [34mDEBUG[0m [2mpanoptikon::inferio::http[0m[2m:[0m processing local inference predict [3mmodel[0m[2m=[0mclip/apple_MobileCLIP-S1 [3minputs[0m[2m=[0m1
[2m2026-09-17T01:30:57.326980Z[0m [34mDEBUG[0m [2mpanoptikon::inferio::http[0m[2m:[0m processing local inference predict [3mmodel[0m[2m=[0mclip/apple_MobileCLIP-S1 [3minputs[0m[2m=[0m1
[2m2026-09-17T01:30:57.327073Z[0m [34mDEBUG[0m [2mpanoptikon::inferio::http[0m[2m:[0m processing local inference predict [3mmodel[0m[2m=[0mclip/apple_MobileCLIP-S1 [3minputs[0m[2m=[0m1
[2m2026-09-17T01:30:57.333642Z[0m [34mDEBUG[0m [2mpanoptikon::inferio::http[0m[2m:[0m processing local inference predict [3mmodel[0m[2m=[0mclip/apple_MobileCLIP-S1 [3minputs[0m[2m=[0m1
[2m2026-09-17T01:30:57.327256Z[0m [34mDEBUG[0m [2mpanoptikon::inferio::http[0m[2m:[0m processing local inference predict [3mmodel[0m[2m=[0mclip/apple_MobileCLIP-S1 [3minputs[0m[2m=[0m1
[2m2026-09-17T01:30:57.327441Z[0m [34mDEBUG[0m [2mpanoptikon::inferio::http[0m[2m:[0m processing local inference predict [3mmodel[0m[2m=[0mclip/apple_MobileCLIP-S1 [3minputs[0m[2m=[0m1
[2m2026-09-17T01:30:57.333678Z[0m [34mDEBUG[0m [2mpanoptikon::inferio::http[0m[2m:[0m processing local inference predict [3mmodel[0m[2m=[0mclip/apple_MobileCLIP-S1 [3minputs[0m[2m=[0m1
[2m2026-09-17T01:30:57.327823Z[0m [34mDEBUG[0m [2mpanoptikon::inferio::http[0m[2m:[0m processing local inference predict [3mmodel[0m[2m=[0mclip/apple_MobileCLIP-S1 [3minputs[0m[2m=[0m1
[2m2026-09-17T01:30:57.328056Z[0m [34mDEBUG[0m [2mpanoptikon::inferio::http[0m[2m:[0m processing local inference predict [3mmodel[0m[2m=[0mclip/apple_MobileCLIP-S1 [3minputs[0m[2m=[0m1
[2m2026-09-17T01:30:57.333702Z[0m [34mDEBUG[0m [2mpanoptikon::inferio::http[0m[2m:[0m processing local inference predict [3mmodel[0m[2m=[0mclip/apple_MobileCLIP-S1 [3minputs[0m[2m=[0m1
[2m2026-09-17T01:30:57.333565Z[0m [34mDEBUG[0m [2mpanoptikon::inferio::http[0m[2m:[0m processing local inference predict [3mmodel[0m[2m=[0mclip/apple_MobileCLIP-S1 [3minputs[0m[2m=[0m1
[2m2026-09-17T01:30:57.333573Z[0m [34mDEBUG[0m [2mpanoptikon::inferio::http[0m[2m:[0m processing local inference predict [3mmodel[0m[2m=[0mclip/apple_MobileCLIP-S1 [3minputs[0m[2m=[0m1
[2m2026-09-17T01:30:57.333586Z[0m [34mDEBUG[0m [2mpanoptikon::inferio::http[0m[2m:[0m processing local inference predict [3mmodel[0m[2m=[0mclip/apple_MobileCLIP-S1 [3minputs[0m[2m=[0m1
[2m2026-09-17T01:30:57.327321Z[0m [34mDEBUG[0m [2mpanoptikon::inferio::http[0m[2m:[0m processing local inference predict [3mmodel[0m[2m=[0mclip/apple_MobileCLIP-S1 [3minputs[0m[2m=[0m1
[2m2026-09-17T01:30:57.333667Z[0m [34mDEBUG[0m [2mpanoptikon::inferio::http[0m[2m:[0m processing local inference predict [3mmodel[0m[2m=[0mclip/apple_MobileCLIP-S1 [3minputs[0m[2m=[0m1
[2m2026-09-17T01:30:57.333674Z[0m [34mDEBUG[0m [2mpanoptikon::inferio::http[0m[2m:[0m processing local inference predict [3mmodel[0m[2m=[0mclip/apple_MobileCLIP-S1 [3minputs[0m[2m=[0m1
[2m2026-09-17T01:30:57.333839Z[0m [34mDEBUG[0m [2mpanoptikon::inferio::http[0m[2m:[0m processing local inference predict [3mmodel[0m[2m=[0mclip/apple_MobileCLIP-S1 [3minputs[0m[2m=[0m1
[2m2026-09-17T01:30:57.327665Z[0m [34mDEBUG[0m [2mpanoptikon::inferio::http[0m[2m:[0m processing local inference predict [3mmodel[0m[2m=[0mclip/apple_MobileCLIP-S1 [3minputs[0m[2m=[0m1
[2m2026-09-17T01:30:57.333877Z[0m [34mDEBUG[0m [2mpanoptikon::inferio::http[0m[2m:[0m processing local inference predict [3mmodel[0m[2m=[0mclip/apple_MobileCLIP-S1 [3minputs[0m[2m=[0m1
[2m2026-09-17T01:30:57.329082Z[0m [34mDEBUG[0m [2mpanoptikon::inferio::http[0m[2m:[0m processing local inference predict [3mmodel[0m[2m=[0mclip/apple_MobileCLIP-S1 [3minputs[0m[2m=[0m1
[2m2026-09-17T01:30:57.333916Z[0m [34mDEBUG[0m [2mpanoptikon::inferio::http[0m[2m:[0m processing local inference predict [3mmodel[0m[2m=[0mclip/apple_MobileCLIP-S1 [3minputs[0m[2m=[0m1
[2m2026-09-17T01:30:57.333902Z[0m [34mDEBUG[0m [2mpanoptikon::inferio::http[0m[2m:[0m processing local inference predict [3mmodel[0m[2m=[0mclip/apple_MobileCLIP-S1 [3minputs[0m[2m=[0m1
[2m2026-09-17T01:30:57.333708Z[0m [34mDEBUG[0m [2mpanoptikon::inferio::http[0m[2m:[0m processing local inference predict [3mmodel[0m[2m=[0mclip/apple_MobileCLIP-S1 [3minputs[0m[2m=[0m1
[2m2026-09-17T01:30:57.333998Z[0m [34mDEBUG[0m [2mpanoptikon::inferio::http[0m[2m:[0m processing local inference predict [3mmodel[0m[2m=[0mclip/apple_MobileCLIP-S1 [3minputs[0m[2m=[0m1
[2m2026-09-17T01:30:57.334020Z[0m [34mDEBUG[0m [2mpanoptikon::inferio::http[0m[2m:[0m processing local inference predict [3mmodel[0m[2m=[0mclip/apple_MobileCLIP-S1 [3minputs[0m[2m=[0m1
[2m2026-09-17T01:30:57.334176Z[0m [34mDEBUG[0m [2mpanoptikon::inferio::http[0m[2m:[0m processing local inference predict [3mmodel[0m[2m=[0mclip/apple_MobileCLIP-S1 [3minputs[0m[2m=[0m1
[2m2026-09-17T01:30:57.334509Z[0m [34mDEBUG[0m [2mpanoptikon::inferio::http[0m[2m:[0m processing local inference predict [3mmodel[0m[2m=[0mclip/apple_MobileCLIP-S1 [3minputs[0m[2m=[0m1
[2m2026-09-17T01:30:57.334546Z[0m [34mDEBUG[0m [2mpanoptikon::inferio::http[0m[2m:[0m processing local inference predict [3mmodel[0m[2m=[0mclip/apple_MobileCLIP-S1 [3minputs[0m[2m=[0m1
[2m2026-09-17T01:30:57.334561Z[0m [34mDEBUG[0m [2mpanoptikon::inferio::http[0m[2m:[0m processing local inference predict [3mmodel[0m[2m=[0mclip/apple_MobileCLIP-S1 [3minputs[0m[2m=[0m1
[2m2026-09-17T01:30:57.334570Z[0m [34mDEBUG[0m [2mpanoptikon::inferio::http[0m[2m:[0m processing local inference predict [3mmodel[0m[2m=[0mclip/apple_MobileCLIP-S1 [3minputs[0m[2m=[0m1
[2m2026-09-17T01:30:57.334577Z[0m [34mDEBUG[0m [2mpanoptikon::inferio::http[0m[2m:[0m processing local inference predict [3mmodel[0m[2m=[0mclip/apple_MobileCLIP-S1 [3minputs[0m[2m=[0m1
[2m2026-09-17T01:30:57.334597Z[0m [34mDEBUG[0m [2mpanoptikon::inferio::http[0m[2m:[0m processing local inference predict [3mmodel[0m[2m=[0mclip/apple_MobileCLIP-S1 [3minputs[0m[2m=[0m1
[2m2026-09-17T01:30:57.334605Z[0m [34mDEBUG[0m [2mpanoptikon::inferio::http[0m[2m:[0m processing local inference predict [3mmodel[0m[2m=[0mclip/apple_MobileCLIP-S1 [3minputs[0m[2m=[0m1
[2m2026-09-17T01:30:57.334617Z[0m [34mDEBUG[0m [2mpanoptikon::inferio::http[0m[2m:[0m processing local inference predict [3mmodel[0m[2m=[0mclip/apple_MobileCLIP-S1 [3minputs[0m[2m=[0m1
[2m2026-09-17T01:30:57.334630Z[0m [34mDEBUG[0m [2mpanoptikon::inferio::http[0m[2m:[0m processing local inference predict [3mmodel[0m[2m=[0mclip/apple_MobileCLIP-S1 [3minputs[0m[2m=[0m1
[2m2026-09-17T01:30:57.334572Z[0m [34mDEBUG[0m [2mpanoptikon::inferio::http[0m[2m:[0m processing local inference predict [3mmodel[0m[2m=[0mclip/apple_MobileCLIP-S1 [3minputs[0m[2m=[0m1
[2m2026-09-17T01:30:57.334650Z[0m [34mDEBUG[0m [2mpanoptikon::inferio::http[0m[2m:[0m processing local inference predict [3mmodel[0m[2m=[0mclip/apple_MobileCLIP-S1 [3minputs[0m[2m=[0m1
[2m2026-09-17T01:30:57.334656Z[0m [34mDEBUG[0m [2mpanoptikon::inferio::http[0m[2m:[0m processing local inference predict [3mmodel[0m[2m=[0mclip/apple_MobileCLIP-S1 [3minputs[0m[2m=[0m1
[2m2026-09-17T01:30:57.334660Z[0m [34mDEBUG[0m [2mpanoptikon::inferio::http[0m[2m:[0m processing local inference predict [3mmodel[0m[2m=[0mclip/apple_MobileCLIP-S1 [3minputs[0m[2m=[0m1
[2m2026-09-17T01:30:57.334673Z[0m [34mDEBUG[0m [2mpanoptikon::inferio::http[0m[2m:[0m processing local inference predict [3mmodel[0m[2m=[0mclip/apple_MobileCLIP-S1 [3minputs[0m[2m=[0m1
[2m2026-09-17T01:30:57.334598Z[0m [34mDEBUG[0m [2mpanoptikon::inferio::http[0m[2m:[0m processing local inference predict [3mmodel[0m[2m=[0mclip/apple_MobileCLIP-S1 [3minputs[0m[2m=[0m1
[2m2026-09-17T01:30:57.334698Z[0m [34mDEBUG[0m [2mpanoptikon::inferio::http[0m[2m:[0m processing local inference predict [3mmodel[0m[2m=[0mclip/apple_MobileCLIP-S1 [3minputs[0m[2m=[0m1
[2m2026-09-17T01:30:57.334679Z[0m [34mDEBUG[0m [2mpanoptikon::inferio::http[0m[2m:[0m processing local inference predict [3mmodel[0m[2m=[0mclip/apple_MobileCLIP-S1 [3minputs[0m[2m=[0m1
[2m2026-09-17T01:30:57.334725Z[0m [34mDEBUG[0m [2mpanoptikon::inferio::http[0m[2m:[0m processing local inference predict [3mmodel[0m[2m=[0mclip/apple_MobileCLIP-S1 [3minputs[0m[2m=[0m1
[2m2026-09-17T01:30:57.334633Z[0m [34mDEBUG[0m [2mpanoptikon::inferio::http[0m[2m:[0m processing local inference predict [3mmodel[0m[2m=[0mclip/apple_MobileCLIP-S1 [3minputs[0m[2m=[0m1
[2m2026-09-17T01:30:57.334630Z[0m [34mDEBUG[0m [2mpanoptikon::inferio::http[0m[2m:[0m processing local inference predict [3mmodel[0m[2m=[0mclip/apple_MobileCLIP-S1 [3minputs[0m[2m=[0m1
[2m2026-09-17T01:30:57.334677Z[0m [34mDEBUG[0m [2mpanoptikon::inferio::http[0m[2m:[0m processing local inference predict [3mmodel[0m[2m=[0mclip/apple_MobileCLIP-S1 [3minputs[0m[2m=[0m1
[2m2026-09-17T01:30:57.334718Z[0m [34mDEBUG[0m [2mpanoptikon::inferio::http[0m[2m:[0m processing local inference predict [3mmodel[0m[2m=[0mclip/apple_MobileCLIP-S1 [3minputs[0m[2m=[0m1
[2m2026-09-17T01:30:57.334687Z[0m [34mDEBUG[0m [2mpanoptikon::inferio::http[0m[2m:[0m processing local inference predict [3mmodel[0m[2m=[0mclip/apple_MobileCLIP-S1 [3minputs[0m[2m=[0m1
[2m2026-09-17T01:30:57.334909Z[0m [34mDEBUG[0m [2mpanoptikon::inferio::http[0m[2m:[0m processing local inference predict [3mmodel[0m[2m=[0mclip/apple_MobileCLIP-S1 [3minputs[0m[2m=[0m1
[2m2026-09-17T01:30:57.334929Z[0m [34mDEBUG[0m [2mpanoptikon::inferio::http[0m[2m:[0m processing local inference predict [3mmodel[0m[2m=[0mclip/apple_MobileCLIP-S1 [3minputs[0m[2m=[0m1
[2m2026-09-17T01:30:57.334935Z[0m [34mDEBUG[0m [2mpanoptikon::inferio::http[0m[2m:[0m processing local inference predict [3mmodel[0m[2m=[0mclip/apple_MobileCLIP-S1 [3minputs[0m[2m=[0m1
[2m2026-09-17T01:30:57.334950Z[0m [34mDEBUG[0m [2mpanoptikon::inferio::http[0m[2m:[0m processing local inference predict [3mmodel[0m[2m=[0mclip/apple_MobileCLIP-S1 [3minputs[0m[2m=[0m1
[2m2026-09-17T01:30:57.334988Z[0m [34mDEBUG[0m [2mpanoptikon::inferio::http[0m[2m:[0m processing local inference predict [3mmodel[0m[2m=[0mclip/apple_MobileCLIP-S1 [3minputs[0m[2m=[0m1
[2m2026-09-17T01:30:57.334999Z[0m [34mDEBUG[0m [2mpanoptikon::inferio::http[0m[2m:[0m processing local inference predict [3mmodel[0m[2m=[0mclip/apple_MobileCLIP-S1 [3minputs[0m[2m=[0m1
[2m2026-09-17T01:30:57.335043Z[0m [34mDEBUG[0m [2mpanoptikon::inferio::http[0m[2m:[0m processing local inference predict [3mmodel[0m[2m=[0mclip/apple_MobileCLIP-S1 [3minputs[0m[2m=[0m1
[2m2026-09-17T01:30:57.335046Z[0m [34mDEBUG[0m [2mpanoptikon::inferio::http[0m[2m:[0m processing local inference predict [3mmodel[0m[2m=[0mclip/apple_MobileCLIP-S1 [3minputs[0m[2m=[0m1
[2m2026-09-17T01:30:57.335122Z[0m [34mDEBUG[0m [2mpanoptikon::inferio::http[0m[2m:[0m processing local inference predict [3mmodel[0m[2m=[0mclip/apple_MobileCLIP-S1 [3minputs[0m[2m=[0m1
[2m2026-09-17T01:30:57.335135Z[0m [34mDEBUG[0m [2mpanoptikon::inferio::http[0m[2m:[0m processing local inference predict [3mmodel[0m[2m=[0mclip/apple_MobileCLIP-S1 [3minputs[0m[2m=[0m1
[2m2026-09-17T01:30:57.335155Z[0m [34mDEBUG[0m [2mpanoptikon::inferio::http[0m[2m:[0m processing local inference predict [3mmodel[0m[2m=[0mclip/apple_MobileCLIP-S1 [3minputs[0m[2m=[0m1
[2m2026-09-17T01:30:57.335160Z[0m [34mDEBUG[0m [2mpanoptikon::inferio::http[0m[2m:[0m processing local inference predict [3mmodel[0m[2m=[0mclip/apple_MobileCLIP-S1 [3minputs[0m[2m=[0m1
[2m2026-09-17T01:30:57.335237Z[0m [34mDEBUG[0m [2mpanoptikon::inferio::http[0m[2m:[0m processing local inference predict [3mmodel[0m[2m=[0mclip/apple_MobileCLIP-S1 [3minputs[0m[2m=[0m1
[2m2026-09-17T01:30:57.335236Z[0m [34mDEBUG[0m [2mpanoptikon::inferio::http[0m[2m:[0m processing local inference predict [3mmodel[0m[2m=[0mclip/apple_MobileCLIP-S1 [3minputs[0m[2m=[0m1
[2m2026-09-17T01:30:57.335269Z[0m [34mDEBUG[0m [2mpanoptikon::inferio::http[0m[2m:[0m processing local inference predict [3mmodel[0m[2m=[0mclip/apple_MobileCLIP-S1 [3minputs[0m[2m=[0m1
[2m2026-09-17T01:30:57.335256Z[0m [34mDEBUG[0m [2mpanoptikon::inferio::http[0m[2m:[0m processing local inference predict [3mmodel[0m[2m=[0mclip/apple_MobileCLIP-S1 [3minputs[0m[2m=[0m1
[2m2026-09-17T01:30:57.335306Z[0m [34mDEBUG[0m [2mpanoptikon::inferio::http[0m[2m:[0m processing local inference predict [3mmodel[0m[2m=[0mclip/apple_MobileCLIP-S1 [3minputs[0m[2m=[0m1
[2m2026-09-17T01:30:57.335272Z[0m [34mDEBUG[0m [2mpanoptikon::inferio::http[0m[2m:[0m processing local inference predict [3mmodel[0m[2m=[0mclip/apple_MobileCLIP-S1 [3minputs[0m[2m=[0m1
[2m2026-09-17T01:30:57.335315Z[0m [34mDEBUG[0m [2mpanoptikon::inferio::http[0m[2m:[0m processing local inference predict [3mmodel[0m[2m=[0mclip/apple_MobileCLIP-S1 [3minputs[0m[2m=[0m1
[2m2026-09-17T01:30:57.335327Z[0m [34mDEBUG[0m [2mpanoptikon::inferio::http[0m[2m:[0m processing local inference predict [3mmodel[0m[2m=[0mclip/apple_MobileCLIP-S1 [3minputs[0m[2m=[0m1
[2m2026-09-17T01:30:57.335339Z[0m [34mDEBUG[0m [2mpanoptikon::inferio::http[0m[2m:[0m processing local inference predict [3mmodel[0m[2m=[0mclip/apple_MobileCLIP-S1 [3minputs[0m[2m=[0m1
[2m2026-09-17T01:30:57.335327Z[0m [34mDEBUG[0m [2mpanoptikon::inferio::http[0m[2m:[0m processing local inference predict [3mmodel[0m[2m=[0mclip/apple_MobileCLIP-S1 [3minputs[0m[2m=[0m1
[2m2026-09-17T01:30:57.335297Z[0m [34mDEBUG[0m [2mpanoptikon::inferio::http[0m[2m:[0m processing local inference predict [3mmodel[0m[2m=[0mclip/apple_MobileCLIP-S1 [3minputs[0m[2m=[0m1
[2m2026-09-17T01:30:57.335308Z[0m [34mDEBUG[0m [2mpanoptikon::inferio::http[0m[2m:[0m processing local inference predict [3mmodel[0m[2m=[0mclip/apple_MobileCLIP-S1 [3minputs[0m[2m=[0m1
[2m2026-09-17T01:30:57.335330Z[0m [34mDEBUG[0m [2mpanoptikon::inferio::http[0m[2m:[0m processing local inference predict [3mmodel[0m[2m=[0mclip/apple_MobileCLIP-S1 [3minputs[0m[2m=[0m1
[2m2026-09-17T01:30:57.335410Z[0m [34mDEBUG[0m [2mpanoptikon::inferio::http[0m[2m:[0m processing local inference predict [3mmodel[0m[2m=[0mclip/apple_MobileCLIP-S1 [3minputs[0m[2m=[0m1
[2m2026-09-17T01:30:57.335381Z[0m [34mDEBUG[0m [2mpanoptikon::inferio::http[0m[2m:[0m processing local inference predict [3mmodel[0m[2m=[0mclip/apple_MobileCLIP-S1 [3minputs[0m[2m=[0m1
[2m2026-09-17T01:30:57.335444Z[0m [34mDEBUG[0m [2mpanoptikon::inferio::http[0m[2m:[0m processing local inference predict [3mmodel[0m[2m=[0mclip/apple_MobileCLIP-S1 [3minputs[0m[2m=[0m1
[2m2026-09-17T01:30:57.335468Z[0m [34mDEBUG[0m [2mpanoptikon::inferio::http[0m[2m:[0m processing local inference predict [3mmodel[0m[2m=[0mclip/apple_MobileCLIP-S1 [3minputs[0m[2m=[0m1
[2m2026-09-17T01:30:57.335477Z[0m [34mDEBUG[0m [2mpanoptikon::inferio::http[0m[2m:[0m processing local inference predict [3mmodel[0m[2m=[0mclip/apple_MobileCLIP-S1 [3minputs[0m[2m=[0m1
[2m2026-09-17T01:30:57.335499Z[0m [34mDEBUG[0m [2mpanoptikon::inferio::http[0m[2m:[0m processing local inference predict [3mmodel[0m[2m=[0mclip/apple_MobileCLIP-S1 [3minputs[0m[2m=[0m1
[2m2026-09-17T01:30:57.335344Z[0m [34mDEBUG[0m [2mpanoptikon::inferio::http[0m[2m:[0m processing local inference predict [3mmodel[0m[2m=[0mclip/apple_MobileCLIP-S1 [3minputs[0m[2m=[0m1
[2m2026-09-17T01:30:57.335532Z[0m [34mDEBUG[0m [2mpanoptikon::inferio::http[0m[2m:[0m processing local inference predict [3mmodel[0m[2m=[0mclip/apple_MobileCLIP-S1 [3minputs[0m[2m=[0m1
[2m2026-09-17T01:30:57.335512Z[0m [34mDEBUG[0m [2mpanoptikon::inferio::http[0m[2m:[0m processing local inference predict [3mmodel[0m[2m=[0mclip/apple_MobileCLIP-S1 [3minputs[0m[2m=[0m1
[2m2026-09-17T01:30:57.335535Z[0m [34mDEBUG[0m [2mpanoptikon::inferio::http[0m[2m:[0m processing local inference predict [3mmodel[0m[2m=[0mclip/apple_MobileCLIP-S1 [3minputs[0m[2m=[0m1
[2m2026-09-17T01:30:57.335581Z[0m [34mDEBUG[0m [2mpanoptikon::inferio::http[0m[2m:[0m processing local inference predict [3mmodel[0m[2m=[0mclip/apple_MobileCLIP-S1 [3minputs[0m[2m=[0m1
[2m2026-09-17T01:30:57.335616Z[0m [34mDEBUG[0m [2mpanoptikon::inferio::http[0m[2m:[0m processing local inference predict [3mmodel[0m[2m=[0mclip/apple_MobileCLIP-S1 [3minputs[0m[2m=[0m1
[2m2026-09-17T01:30:57.335739Z[0m [34mDEBUG[0m [2mpanoptikon::inferio::http[0m[2m:[0m processing local inference predict [3mmodel[0m[2m=[0mclip/apple_MobileCLIP-S1 [3minputs[0m[2m=[0m1
[2m2026-09-17T01:30:57.335757Z[0m [34mDEBUG[0m [2mpanoptikon::inferio::http[0m[2m:[0m processing local inference predict [3mmodel[0m[2m=[0mclip/apple_MobileCLIP-S1 [3minputs[0m[2m=[0m1
[2m2026-09-17T01:30:57.335820Z[0m [34mDEBUG[0m [2mpanoptikon::inferio::http[0m[2m:[0m processing local inference predict [3mmodel[0m[2m=[0mclip/apple_MobileCLIP-S1 [3minputs[0m[2m=[0m1
[2m2026-09-17T01:30:57.336025Z[0m [34mDEBUG[0m [2mpanoptikon::inferio::http[0m[2m:[0m processing local inference predict [3mmodel[0m[2m=[0mclip/apple_MobileCLIP-S1 [3minputs[0m[2m=[0m1
[2m2026-09-17T01:30:57.336204Z[0m [34mDEBUG[0m [2mpanoptikon::inferio::http[0m[2m:[0m processing local inference predict [3mmodel[0m[2m=[0mclip/apple_MobileCLIP-S1 [3minputs[0m[2m=[0m1
[2m2026-09-17T01:30:57.336294Z[0m [34mDEBUG[0m [2mpanoptikon::inferio::http[0m[2m:[0m processing local inference predict [3mmodel[0m[2m=[0mclip/apple_MobileCLIP-S1 [3minputs[0m[2m=[0m1
[2m2026-09-17T01:30:57.336402Z[0m [34mDEBUG[0m [2mpanoptikon::inferio::http[0m[2m:[0m processing local inference predict [3mmodel[0m[2m=[0mclip/apple_MobileCLIP-S1 [3minputs[0m[2m=[0m1
[2m2026-09-17T01:30:57.336403Z[0m [34mDEBUG[0m [2mpanoptikon::inferio::http[0m[2m:[0m processing local inference predict [3mmodel[0m[2m=[0mclip/apple_MobileCLIP-S1 [3minputs[0m[2m=[0m1
[2m2026-09-17T01:30:57.336458Z[0m [34mDEBUG[0m [2mpanoptikon::inferio::http[0m[2m:[0m processing local inference predict [3mmodel[0m[2m=[0mclip/apple_MobileCLIP-S1 [3minputs[0m[2m=[0m1
[2m2026-09-17T01:30:57.336530Z[0m [34mDEBUG[0m [2mpanoptikon::inferio::http[0m[2m:[0m processing local inference predict [3mmodel[0m[2m=[0mclip/apple_MobileCLIP-S1 [3minputs[0m[2m=[0m1
[2m2026-09-17T01:30:57.336533Z[0m [34mDEBUG[0m [2mpanoptikon::inferio::http[0m[2m:[0m processing local inference predict [3mmodel[0m[2m=[0mclip/apple_MobileCLIP-S1 [3minputs[0m[2m=[0m1
[2m2026-09-17T01:30:57.336549Z[0m [34mDEBUG[0m [2mpanoptikon::inferio::http[0m[2m:[0m processing local inference predict [3mmodel[0m[2m=[0mclip/apple_MobileCLIP-S1 [3minputs[0m[2m=[0m1
[2m2026-09-17T01:30:57.336606Z[0m [34mDEBUG[0m [2mpanoptikon::inferio::http[0m[2m:[0m processing local inference predict [3mmodel[0m[2m=[0mclip/apple_MobileCLIP-S1 [3minputs[0m[2m=[0m1
[2m2026-09-17T01:30:57.336625Z[0m [34mDEBUG[0m [2mpanoptikon::inferio::http[0m[2m:[0m processing local inference predict [3mmodel[0m[2m=[0mclip/apple_MobileCLIP-S1 [3minputs[0m[2m=[0m1
[2m2026-09-17T01:30:57.336641Z[0m [34mDEBUG[0m [2mpanoptikon::inferio::http[0m[2m:[0m processing local inference predict [3mmodel[0m[2m=[0mclip/apple_MobileCLIP-S1 [3minputs[0m[2m=[0m1
[2m2026-09-17T01:30:57.336651Z[0m [34mDEBUG[0m [2mpanoptikon::inferio::http[0m[2m:[0m processing local inference predict [3mmodel[0m[2m=[0mclip/apple_MobileCLIP-S1 [3minputs[0m[2m=[0m1
[2m2026-09-17T01:30:57.336685Z[0m [34mDEBUG[0m [2mpanoptikon::inferio::http[0m[2m:[0m processing local inference predict [3mmodel[0m[2m=[0mclip/apple_MobileCLIP-S1 [3minputs[0m[2m=[0m1
[2m2026-09-17T01:30:57.336691Z[0m [34mDEBUG[0m [2mpanoptikon::inferio::http[0m[2m:[0m processing local inference predict [3mmodel[0m[2m=[0mclip/apple_MobileCLIP-S1 [3minputs[0m[2m=[0m1
[2m2026-09-17T01:30:57.337064Z[0m [34mDEBUG[0m [2mpanoptikon::inferio::http[0m[2m:[0m processing local inference predict [3mmodel[0m[2m=[0mclip/apple_MobileCLIP-S1 [3minputs[0m[2m=[0m1
[2m2026-09-17T01:30:57.340424Z[0m [34mDEBUG[0m [2mpanoptikon::inferio::http[0m[2m:[0m processing local inference predict [3mmodel[0m[2m=[0mclip/apple_MobileCLIP-S1 [3minputs[0m[2m=[0m1
[2m2026-09-17T01:30:57.340457Z[0m [34mDEBUG[0m [2mpanoptikon::inferio::http[0m[2m:[0m processing local inference predict [3mmodel[0m[2m=[0mclip/apple_MobileCLIP-S1 [3minputs[0m[2m=[0m1
[2m2026-09-17T01:30:57.340468Z[0m [34mDEBUG[0m [2mpanoptikon::inferio::http[0m[2m:[0m processing local inference predict [3mmodel[0m[2m=[0mclip/apple_MobileCLIP-S1 [3minputs[0m[2m=[0m1
[2m2026-09-17T01:30:57.340501Z[0m [34mDEBUG[0m [2mpanoptikon::inferio::http[0m[2m:[0m processing local inference predict [3mmodel[0m[2m=[0mclip/apple_MobileCLIP-S1 [3minputs[0m[2m=[0m1
[2m2026-09-17T01:30:57.340480Z[0m [34mDEBUG[0m [2mpanoptikon::inferio::http[0m[2m:[0m processing local inference predict [3mmodel[0m[2m=[0mclip/apple_MobileCLIP-S1 [3minputs[0m[2m=[0m1
[2m2026-09-17T01:30:57.344773Z[0m [32m INFO[0m [2mpanoptikon::inferio::calibration[0m[2m:[0m wrote the local calibration store [3mpath[0m[2m=[0mdata/inferio/calibration.toml [3mprofiles[0m[2m=[0m1
[2m2026-09-17T01:30:57.606559Z[0m [34mDEBUG[0m [2mpanoptikon::inferio::ledger[0m[2m:[0m declining to fit a throughput knee: the ring's quiet buckets hold too few observations to read as a curve [3mobservations[0m[2m=[0m2 [3mmin_observations[0m[2m=[0m12 [3mbuckets[0m[2m=[0m1 [3mmin_buckets[0m[2m=[0m3
[2m2026-09-17T01:30:57.606598Z[0m [34mDEBUG[0m [2mpanoptikon::inferio::ledger[0m[2m:[0m queued a calibration profile update for the store [3mmodel[0m[2m=[0mclip/apple_MobileCLIP-S1 [3mgpu[0m[2m=[0mGPU-MPS [3mreason[0m[2m=[0m"anchor_advanced" [3mmax_units_measured[0m[2m=[0m2 [3mfit_version[0m[2m=[0m0
[2m2026-09-17T01:30:57.606610Z[0m [34mDEBUG[0m [2mpanoptikon::inferio::ledger[0m[2m:[0m settled a granted window [3mmodel[0m[2m=[0mclip/apple_MobileCLIP-S1 [3mgpu[0m[2m=[0mGPU-MPS [3moutcome[0m[2m=[0m"clean" [3mfit_samples[0m[2m=[0m3 [3mthroughput_samples[0m[2m=[0m2 [3mclamped_samples[0m[2m=[0m0 [3mclamped[0m[2m=[0mnone [3mramp_step[0m[2m=[0m1 [3mdeflation[0m[2m=[0m0 [3mclean_windows[0m[2m=[0m2 [3mmax_units_measured[0m[2m=[0m2
[2m2026-09-17T01:30:57.606654Z[0m [34mDEBUG[0m [2mpanoptikon::inferio::ledger[0m[2m:[0m issued a memory grant [3mmodel[0m[2m=[0mclip/apple_MobileCLIP-S1 [3mgpu[0m[2m=[0mGPU-MPS [3munit_budget[0m[2m=[0m4 [3mmb[0m[2m=[0m104239 [3mcanvas_pixels[0m[2m=[0mnone [3mshare_mb[0m[2m=[0m104239 [3mroom_mb[0m[2m=[0m104239 [3mheadroom_mb[0m[2m=[0m104215 [3mexternal_mb[0m[2m=[0m24649 [3mreserve_mb[0m[2m=[0m1024 [3mreserve_rule[0m[2m=[0m"capped_default" [3mpre_fit[0m[2m=[0mtrue [3mramp_step[0m[2m=[0m1 [3mdeflation[0m[2m=[0m0 [3msqueezed[0m[2m=[0mfalse [3mwindow_requests[0m[2m=[0m12
[2m2026-09-17T01:30:57.905843Z[0m [34mDEBUG[0m [2mpanoptikon::inferio::ledger[0m[2m:[0m refitted the memory cost model [3mmodel[0m[2m=[0mclip/apple_MobileCLIP-S1 [3mgpu[0m[2m=[0mGPU-MPS [3mslope_mb_per_unit[0m[2m=[0m11.333333333333334 [3mintercept_mb[0m[2m=[0m-5.333333333333336 [3mresidual_mb[0m[2m=[0m1.7763568394002505e-15 [3msamples[0m[2m=[0m3 [3mversion[0m[2m=[0m1
[2m2026-09-17T01:30:57.905893Z[0m [34mDEBUG[0m [2mpanoptikon::inferio::ledger[0m[2m:[0m declining to fit a throughput knee: the ring's quiet buckets hold too few observations to read as a curve [3mobservations[0m[2m=[0m5 [3mmin_observations[0m[2m=[0m12 [3mbuckets[0m[2m=[0m2 [3mmin_buckets[0m[2m=[0m3
[2m2026-09-17T01:30:57.905903Z[0m [34mDEBUG[0m [2mpanoptikon::inferio::ledger[0m[2m:[0m queued a calibration profile update for the store [3mmodel[0m[2m=[0mclip/apple_MobileCLIP-S1 [3mgpu[0m[2m=[0mGPU-MPS [3mreason[0m[2m=[0m"fit_changed" [3mmax_units_measured[0m[2m=[0m4 [3mfit_version[0m[2m=[0m1
[2m2026-09-17T01:30:57.905913Z[0m [34mDEBUG[0m [2mpanoptikon::inferio::ledger[0m[2m:[0m settled a granted window [3mmodel[0m[2m=[0mclip/apple_MobileCLIP-S1 [3mgpu[0m[2m=[0mGPU-MPS [3moutcome[0m[2m=[0m"clean" [3mfit_samples[0m[2m=[0m3 [3mthroughput_samples[0m[2m=[0m3 [3mclamped_samples[0m[2m=[0m0 [3mclamped[0m[2m=[0mnone [3mramp_step[0m[2m=[0m2 [3mdeflation[0m[2m=[0m0 [3mclean_windows[0m[2m=[0m3 [3mmax_units_measured[0m[2m=[0m4
[2m2026-09-17T01:30:57.905962Z[0m [34mDEBUG[0m [2mpanoptikon::inferio::ledger[0m[2m:[0m issued a memory grant [3mmodel[0m[2m=[0mclip/apple_MobileCLIP-S1 [3mgpu[0m[2m=[0mGPU-MPS [3munit_budget[0m[2m=[0m8 [3mmb[0m[2m=[0m114 [3mcanvas_pixels[0m[2m=[0mnone [3mshare_mb[0m[2m=[0m104239 [3mroom_mb[0m[2m=[0m104239 [3mheadroom_mb[0m[2m=[0m104215 [3mexternal_mb[0m[2m=[0m24649 [3mreserve_mb[0m[2m=[0m1024 [3mreserve_rule[0m[2m=[0m"capped_default" [3mpre_fit[0m[2m=[0mfalse [3mramp_step[0m[2m=[0m2 [3mdeflation[0m[2m=[0m0 [3msqueezed[0m[2m=[0mfalse [3mwindow_requests[0m[2m=[0m24
[2m2026-09-17T01:30:57.906825Z[0m [32m INFO[0m [2mpanoptikon::inferio::worker[0m[2m:[0m 2026-09-17 03:30:57,906 [DEBUG] inferio_worker.packing: this window's 114 MiB grant is below 80% of the 860 MiB of releasable slack in the 1184 MiB pool (1/2 consecutive windows before releasing it) [3mworker[0m[2m=[0mopenclip
[2m2026-09-17T01:30:58.262113Z[0m [34mDEBUG[0m [2mpanoptikon::inferio::ledger[0m[2m:[0m refitted the memory cost model [3mmodel[0m[2m=[0mclip/apple_MobileCLIP-S1 [3mgpu[0m[2m=[0mGPU-MPS [3mslope_mb_per_unit[0m[2m=[0m5.011904761904762 [3mintercept_mb[0m[2m=[0m0.4464285714285716 [3mresidual_mb[0m[2m=[0m1.0059523809523805 [3msamples[0m[2m=[0m4 [3mversion[0m[2m=[0m2
[2m2026-09-17T01:30:58.262163Z[0m [34mDEBUG[0m [2mpanoptikon::inferio::ledger[0m[2m:[0m declining to fit a throughput knee: the ring's quiet buckets hold too few observations to read as a curve [3mobservations[0m[2m=[0m7 [3mmin_observations[0m[2m=[0m12 [3mbuckets[0m[2m=[0m3 [3mmin_buckets[0m[2m=[0m3
[2m2026-09-17T01:30:58.262172Z[0m [34mDEBUG[0m [2mpanoptikon::inferio::ledger[0m[2m:[0m queued a calibration profile update for the store [3mmodel[0m[2m=[0mclip/apple_MobileCLIP-S1 [3mgpu[0m[2m=[0mGPU-MPS [3mreason[0m[2m=[0m"fit_changed" [3mmax_units_measured[0m[2m=[0m8 [3mfit_version[0m[2m=[0m2
[2m2026-09-17T01:30:58.262195Z[0m [34mDEBUG[0m [2mpanoptikon::inferio::ledger[0m[2m:[0m settled a granted window [3mmodel[0m[2m=[0mclip/apple_MobileCLIP-S1 [3mgpu[0m[2m=[0mGPU-MPS [3moutcome[0m[2m=[0m"clean" [3mfit_samples[0m[2m=[0m3 [3mthroughput_samples[0m[2m=[0m2 [3mclamped_samples[0m[2m=[0m0 [3mclamped[0m[2m=[0mnone [3mramp_step[0m[2m=[0m3 [3mdeflation[0m[2m=[0m0 [3mclean_windows[0m[2m=[0m4 [3mmax_units_measured[0m[2m=[0m8
[2m2026-09-17T01:30:58.262244Z[0m [34mDEBUG[0m [2mpanoptikon::inferio::ledger[0m[2m:[0m issued a memory grant [3mmodel[0m[2m=[0mclip/apple_MobileCLIP-S1 [3mgpu[0m[2m=[0mGPU-MPS [3munit_budget[0m[2m=[0m16 [3mmb[0m[2m=[0m101 [3mcanvas_pixels[0m[2m=[0mnone [3mshare_mb[0m[2m=[0m103993 [3mroom_mb[0m[2m=[0m103993 [3mheadroom_mb[0m[2m=[0m103968 [3mexternal_mb[0m[2m=[0m24895 [3mreserve_mb[0m[2m=[0m1024 [3mreserve_rule[0m[2m=[0m"capped_default" [3mpre_fit[0m[2m=[0mfalse [3mramp_step[0m[2m=[0m3 [3mdeflation[0m[2m=[0m0 [3msqueezed[0m[2m=[0mfalse [3mwindow_requests[0m[2m=[0m48
[2m2026-09-17T01:30:58.263957Z[0m [32m INFO[0m [2mpanoptikon::inferio::worker[0m[2m:[0m 2026-09-17 03:30:58,263 [DEBUG] inferio_worker.memory: released the allocator pool (shrink): handed back 16 MiB in 0.2 ms; the next batch pays the re-grow [3mworker[0m[2m=[0mopenclip
[2m2026-09-17T01:30:58.263982Z[0m [32m INFO[0m [2mpanoptikon::inferio::worker[0m[2m:[0m 2026-09-17 03:30:58,263 [INFO] inferio_worker.packing: grant fell to 101 MiB against 861 MiB of releasable slack (a 1185 MiB allocator pool) for 2 consecutive windows; released the pool (empty_cache) so the memory returns to the GPU [3mworker[0m[2m=[0mopenclip
[2m2026-09-17T01:30:58.513075Z[0m [32m INFO[0m [2mpanoptikon::inferio::worker[0m[2m:[0m 2026-09-17 03:30:58,513 [DEBUG] inferio_worker.memory: the batch after a shrink release that handed back 16 MiB re-grew the pool by 12 MiB and took 248.768 ms in all [3mworker[0m[2m=[0mopenclip
[2m2026-09-17T01:30:58.640928Z[0m [32m INFO[0m [2mpanoptikon::inferio::worker[0m[2m:[0m 2026-09-17 03:30:58,640 [DEBUG] PIL.PngImagePlugin: STREAM b'IHDR' 16 13 [3mworker[0m[2m=[0mopenclip
[2m2026-09-17T01:30:58.640973Z[0m [32m INFO[0m [2mpanoptikon::inferio::worker[0m[2m:[0m 2026-09-17 03:30:58,640 [DEBUG] PIL.PngImagePlugin: STREAM b'IDAT' 41 65536 [3mworker[0m[2m=[0mopenclip
[2m2026-09-17T01:30:58.649547Z[0m [32m INFO[0m [2mpanoptikon::inferio::worker[0m[2m:[0m 2026-09-17 03:30:58,649 [DEBUG] PIL.Image: Importing BlpImagePlugin [3mworker[0m[2m=[0mopenclip
[2m2026-09-17T01:30:58.649999Z[0m [32m INFO[0m [2mpanoptikon::inferio::worker[0m[2m:[0m 2026-09-17 03:30:58,649 [DEBUG] PIL.Image: Importing BmpImagePlugin [3mworker[0m[2m=[0mopenclip
[2m2026-09-17T01:30:58.650010Z[0m [32m INFO[0m [2mpanoptikon::inferio::worker[0m[2m:[0m 2026-09-17 03:30:58,649 [DEBUG] PIL.Image: Importing BufrStubImagePlugin [3mworker[0m[2m=[0mopenclip
[2m2026-09-17T01:30:58.650213Z[0m [32m INFO[0m [2mpanoptikon::inferio::worker[0m[2m:[0m 2026-09-17 03:30:58,650 [DEBUG] PIL.Image: Importing CurImagePlugin [3mworker[0m[2m=[0mopenclip
[2m2026-09-17T01:30:58.650309Z[0m [32m INFO[0m [2mpanoptikon::inferio::worker[0m[2m:[0m 2026-09-17 03:30:58,650 [DEBUG] PIL.Image: Importing DcxImagePlugin [3mworker[0m[2m=[0mopenclip
[2m2026-09-17T01:30:58.650493Z[0m [32m INFO[0m [2mpanoptikon::inferio::worker[0m[2m:[0m 2026-09-17 03:30:58,650 [DEBUG] PIL.Image: Importing DdsImagePlugin [3mworker[0m[2m=[0mopenclip
[2m2026-09-17T01:30:58.651512Z[0m [32m INFO[0m [2mpanoptikon::inferio::worker[0m[2m:[0m 2026-09-17 03:30:58,651 [DEBUG] PIL.Image: Importing EpsImagePlugin [3mworker[0m[2m=[0mopenclip
[2m2026-09-17T01:30:58.651764Z[0m [32m INFO[0m [2mpanoptikon::inferio::worker[0m[2m:[0m 2026-09-17 03:30:58,651 [DEBUG] PIL.Image: Importing FitsImagePlugin [3mworker[0m[2m=[0mopenclip
[2m2026-09-17T01:30:58.651887Z[0m [32m INFO[0m [2mpanoptikon::inferio::worker[0m[2m:[0m 2026-09-17 03:30:58,651 [DEBUG] PIL.Image: Importing FliImagePlugin [3mworker[0m[2m=[0mopenclip
[2m2026-09-17T01:30:58.652043Z[0m [32m INFO[0m [2mpanoptikon::inferio::worker[0m[2m:[0m 2026-09-17 03:30:58,652 [DEBUG] PIL.Image: Importing FpxImagePlugin [3mworker[0m[2m=[0mopenclip
[2m2026-09-17T01:30:58.652193Z[0m [32m INFO[0m [2mpanoptikon::inferio::worker[0m[2m:[0m 2026-09-17 03:30:58,652 [DEBUG] PIL.Image: Image: failed to import FpxImagePlugin: No module named 'olefile' [3mworker[0m[2m=[0mopenclip
[2m2026-09-17T01:30:58.652209Z[0m [32m INFO[0m [2mpanoptikon::inferio::worker[0m[2m:[0m 2026-09-17 03:30:58,652 [DEBUG] PIL.Image: Importing FtexImagePlugin [3mworker[0m[2m=[0mopenclip
[2m2026-09-17T01:30:58.652341Z[0m [32m INFO[0m [2mpanoptikon::inferio::worker[0m[2m:[0m 2026-09-17 03:30:58,652 [DEBUG] PIL.Image: Importing GbrImagePlugin [3mworker[0m[2m=[0mopenclip
[2m2026-09-17T01:30:58.652441Z[0m [32m INFO[0m [2mpanoptikon::inferio::worker[0m[2m:[0m 2026-09-17 03:30:58,652 [DEBUG] PIL.Image: Importing GifImagePlugin [3mworker[0m[2m=[0mopenclip
[2m2026-09-17T01:30:58.652449Z[0m [32m INFO[0m [2mpanoptikon::inferio::worker[0m[2m:[0m 2026-09-17 03:30:58,652 [DEBUG] PIL.Image: Importing GribStubImagePlugin [3mworker[0m[2m=[0mopenclip
[2m2026-09-17T01:30:58.652547Z[0m [32m INFO[0m [2mpanoptikon::inferio::worker[0m[2m:[0m 2026-09-17 03:30:58,652 [DEBUG] PIL.Image: Importing Hdf5StubImagePlugin [3mworker[0m[2m=[0mopenclip
[2m2026-09-17T01:30:58.652624Z[0m [32m INFO[0m [2mpanoptikon::inferio::worker[0m[2m:[0m 2026-09-17 03:30:58,652 [DEBUG] PIL.Image: Importing IcnsImagePlugin [3mworker[0m[2m=[0mopenclip
[2m2026-09-17T01:30:58.653068Z[0m [32m INFO[0m [2mpanoptikon::inferio::worker[0m[2m:[0m 2026-09-17 03:30:58,653 [DEBUG] PIL.Image: Importing IcoImagePlugin [3mworker[0m[2m=[0mopenclip
[2m2026-09-17T01:30:58.653233Z[0m [32m INFO[0m [2mpanoptikon::inferio::worker[0m[2m:[0m 2026-09-17 03:30:58,653 [DEBUG] PIL.Image: Importing ImImagePlugin [3mworker[0m[2m=[0mopenclip
[2m2026-09-17T01:30:58.653492Z[0m [32m INFO[0m [2mpanoptikon::inferio::worker[0m[2m:[0m 2026-09-17 03:30:58,653 [DEBUG] PIL.Image: Importing ImtImagePlugin [3mworker[0m[2m=[0mopenclip
[2m2026-09-17T01:30:58.653637Z[0m [32m INFO[0m [2mpanoptikon::inferio::worker[0m[2m:[0m 2026-09-17 03:30:58,653 [DEBUG] PIL.Image: Importing IptcImagePlugin [3mworker[0m[2m=[0mopenclip
[2m2026-09-17T01:30:58.653745Z[0m [32m INFO[0m [2mpanoptikon::inferio::worker[0m[2m:[0m 2026-09-17 03:30:58,653 [DEBUG] PIL.Image: Importing JpegImagePlugin [3mworker[0m[2m=[0mopenclip
[2m2026-09-17T01:30:58.653752Z[0m [32m INFO[0m [2mpanoptikon::inferio::worker[0m[2m:[0m 2026-09-17 03:30:58,653 [DEBUG] PIL.Image: Importing Jpeg2KImagePlugin [3mworker[0m[2m=[0mopenclip
[2m2026-09-17T01:30:58.653768Z[0m [32m INFO[0m [2mpanoptikon::inferio::worker[0m[2m:[0m 2026-09-17 03:30:58,653 [DEBUG] PIL.Image: Importing McIdasImagePlugin [3mworker[0m[2m=[0mopenclip
[2m2026-09-17T01:30:58.653860Z[0m [32m INFO[0m [2mpanoptikon::inferio::worker[0m[2m:[0m 2026-09-17 03:30:58,653 [DEBUG] PIL.Image: Importing MicImagePlugin [3mworker[0m[2m=[0mopenclip
[2m2026-09-17T01:30:58.653993Z[0m [32m INFO[0m [2mpanoptikon::inferio::worker[0m[2m:[0m 2026-09-17 03:30:58,653 [DEBUG] PIL.Image: Image: failed to import MicImagePlugin: No module named 'olefile' [3mworker[0m[2m=[0mopenclip
[2m2026-09-17T01:30:58.654000Z[0m [32m INFO[0m [2mpanoptikon::inferio::worker[0m[2m:[0m 2026-09-17 03:30:58,653 [DEBUG] PIL.Image: Importing MpegImagePlugin [3mworker[0m[2m=[0mopenclip
[2m2026-09-17T01:30:58.654108Z[0m [32m INFO[0m [2mpanoptikon::inferio::worker[0m[2m:[0m 2026-09-17 03:30:58,654 [DEBUG] PIL.Image: Importing MpoImagePlugin [3mworker[0m[2m=[0mopenclip
[2m2026-09-17T01:30:58.654677Z[0m [32m INFO[0m [2mpanoptikon::inferio::worker[0m[2m:[0m 2026-09-17 03:30:58,654 [DEBUG] PIL.Image: Importing MspImagePlugin [3mworker[0m[2m=[0mopenclip
[2m2026-09-17T01:30:58.654802Z[0m [32m INFO[0m [2mpanoptikon::inferio::worker[0m[2m:[0m 2026-09-17 03:30:58,654 [DEBUG] PIL.Image: Importing PalmImagePlugin [3mworker[0m[2m=[0mopenclip
[2m2026-09-17T01:30:58.655015Z[0m [32m INFO[0m [2mpanoptikon::inferio::worker[0m[2m:[0m 2026-09-17 03:30:58,654 [DEBUG] PIL.Image: Importing PcdImagePlugin [3mworker[0m[2m=[0mopenclip
[2m2026-09-17T01:30:58.655098Z[0m [32m INFO[0m [2mpanoptikon::inferio::worker[0m[2m:[0m 2026-09-17 03:30:58,655 [DEBUG] PIL.Image: Importing PcxImagePlugin [3mworker[0m[2m=[0mopenclip
[2m2026-09-17T01:30:58.655105Z[0m [32m INFO[0m [2mpanoptikon::inferio::worker[0m[2m:[0m 2026-09-17 03:30:58,655 [DEBUG] PIL.Image: Importing PdfImagePlugin [3mworker[0m[2m=[0mopenclip
[2m2026-09-17T01:30:58.656695Z[0m [32m INFO[0m [2mpanoptikon::inferio::worker[0m[2m:[0m 2026-09-17 03:30:58,656 [DEBUG] PIL.Image: Importing PixarImagePlugin [3mworker[0m[2m=[0mopenclip
[2m2026-09-17T01:30:58.656803Z[0m [32m INFO[0m [2mpanoptikon::inferio::worker[0m[2m:[0m 2026-09-17 03:30:58,656 [DEBUG] PIL.Image: Importing PngImagePlugin [3mworker[0m[2m=[0mopenclip
[2m2026-09-17T01:30:58.656810Z[0m [32m INFO[0m [2mpanoptikon::inferio::worker[0m[2m:[0m 2026-09-17 03:30:58,656 [DEBUG] PIL.Image: Importing PpmImagePlugin [3mworker[0m[2m=[0mopenclip
[2m2026-09-17T01:30:58.656827Z[0m [32m INFO[0m [2mpanoptikon::inferio::worker[0m[2m:[0m 2026-09-17 03:30:58,656 [DEBUG] PIL.Image: Importing PsdImagePlugin [3mworker[0m[2m=[0mopenclip
[2m2026-09-17T01:30:58.656952Z[0m [32m INFO[0m [2mpanoptikon::inferio::worker[0m[2m:[0m 2026-09-17 03:30:58,656 [DEBUG] PIL.Image: Importing QoiImagePlugin [3mworker[0m[2m=[0mopenclip
[2m2026-09-17T01:30:58.657062Z[0m [32m INFO[0m [2mpanoptikon::inferio::worker[0m[2m:[0m 2026-09-17 03:30:58,657 [DEBUG] PIL.Image: Importing SgiImagePlugin [3mworker[0m[2m=[0mopenclip
[2m2026-09-17T01:30:58.657178Z[0m [32m INFO[0m [2mpanoptikon::inferio::worker[0m[2m:[0m 2026-09-17 03:30:58,657 [DEBUG] PIL.Image: Importing SpiderImagePlugin [3mworker[0m[2m=[0mopenclip
[2m2026-09-17T01:30:58.657306Z[0m [32m INFO[0m [2mpanoptikon::inferio::worker[0m[2m:[0m 2026-09-17 03:30:58,657 [DEBUG] PIL.Image: Importing SunImagePlugin [3mworker[0m[2m=[0mopenclip
[2m2026-09-17T01:30:58.657385Z[0m [32m INFO[0m [2mpanoptikon::inferio::worker[0m[2m:[0m 2026-09-17 03:30:58,657 [DEBUG] PIL.Image: Importing TgaImagePlugin [3mworker[0m[2m=[0mopenclip
[2m2026-09-17T01:30:58.657473Z[0m [32m INFO[0m [2mpanoptikon::inferio::worker[0m[2m:[0m 2026-09-17 03:30:58,657 [DEBUG] PIL.Image: Importing TiffImagePlugin [3mworker[0m[2m=[0mopenclip
[2m2026-09-17T01:30:58.657480Z[0m [32m INFO[0m [2mpanoptikon::inferio::worker[0m[2m:[0m 2026-09-17 03:30:58,657 [DEBUG] PIL.Image: Importing WebPImagePlugin [3mworker[0m[2m=[0mopenclip
[2m2026-09-17T01:30:58.663023Z[0m [32m INFO[0m [2mpanoptikon::inferio::worker[0m[2m:[0m 2026-09-17 03:30:58,662 [DEBUG] PIL.Image: Importing WmfImagePlugin [3mworker[0m[2m=[0mopenclip
[2m2026-09-17T01:30:58.663153Z[0m [32m INFO[0m [2mpanoptikon::inferio::worker[0m[2m:[0m 2026-09-17 03:30:58,663 [DEBUG] PIL.Image: Importing XbmImagePlugin [3mworker[0m[2m=[0mopenclip
[2m2026-09-17T01:30:58.663400Z[0m [32m INFO[0m [2mpanoptikon::inferio::worker[0m[2m:[0m 2026-09-17 03:30:58,663 [DEBUG] PIL.Image: Importing XpmImagePlugin [3mworker[0m[2m=[0mopenclip
[2m2026-09-17T01:30:58.663549Z[0m [32m INFO[0m [2mpanoptikon::inferio::worker[0m[2m:[0m 2026-09-17 03:30:58,663 [DEBUG] PIL.Image: Importing XVThumbImagePlugin [3mworker[0m[2m=[0mopenclip
[2m2026-09-17T01:30:58.767330Z[0m [34mDEBUG[0m [2mpanoptikon::inferio::ledger[0m[2m:[0m refitted the memory cost model [3mmodel[0m[2m=[0mclip/apple_MobileCLIP-S1 [3mgpu[0m[2m=[0mGPU-MPS [3mslope_mb_per_unit[0m[2m=[0m6.233333333333333 [3mintercept_mb[0m[2m=[0m-0.2333333333333334 [3mresidual_mb[0m[2m=[0m8.5 [3msamples[0m[2m=[0m5 [3mversion[0m[2m=[0m3
[2m2026-09-17T01:30:58.767374Z[0m [34mDEBUG[0m [2mpanoptikon::inferio::ledger[0m[2m:[0m declining to fit a throughput knee: the ring's quiet buckets hold too few observations to read as a curve [3mobservations[0m[2m=[0m9 [3mmin_observations[0m[2m=[0m12 [3mbuckets[0m[2m=[0m4 [3mmin_buckets[0m[2m=[0m3
[2m2026-09-17T01:30:58.767382Z[0m [34mDEBUG[0m [2mpanoptikon::inferio::ledger[0m[2m:[0m queued a calibration profile update for the store [3mmodel[0m[2m=[0mclip/apple_MobileCLIP-S1 [3mgpu[0m[2m=[0mGPU-MPS [3mreason[0m[2m=[0m"fit_changed" [3mmax_units_measured[0m[2m=[0m16 [3mfit_version[0m[2m=[0m3
[2m2026-09-17T01:30:58.767392Z[0m [34mDEBUG[0m [2mpanoptikon::inferio::ledger[0m[2m:[0m settled a granted window [3mmodel[0m[2m=[0mclip/apple_MobileCLIP-S1 [3mgpu[0m[2m=[0mGPU-MPS [3moutcome[0m[2m=[0m"clean" [3mfit_samples[0m[2m=[0m3 [3mthroughput_samples[0m[2m=[0m2 [3mclamped_samples[0m[2m=[0m0 [3mclamped[0m[2m=[0mnone [3mramp_step[0m[2m=[0m4 [3mdeflation[0m[2m=[0m0 [3mclean_windows[0m[2m=[0m5 [3mmax_units_measured[0m[2m=[0m16
[2m2026-09-17T01:30:58.770487Z[0m [34mDEBUG[0m [2mpanoptikon::inferio::ledger[0m[2m:[0m issued a memory grant [3mmodel[0m[2m=[0mclip/apple_MobileCLIP-S1 [3mgpu[0m[2m=[0mGPU-MPS [3munit_budget[0m[2m=[0m32 [3mmb[0m[2m=[0m200 [3mcanvas_pixels[0m[2m=[0mnone [3mshare_mb[0m[2m=[0m103947 [3mroom_mb[0m[2m=[0m103947 [3mheadroom_mb[0m[2m=[0m103926 [3mexternal_mb[0m[2m=[0m24941 [3mreserve_mb[0m[2m=[0m1024 [3mreserve_rule[0m[2m=[0m"capped_default" [3mpre_fit[0m[2m=[0mfalse [3mramp_step[0m[2m=[0m4 [3mdeflation[0m[2m=[0m0 [3msqueezed[0m[2m=[0mfalse [3mwindow_requests[0m[2m=[0m89
[2m2026-09-17T01:30:58.777168Z[0m [32m INFO[0m [2mpanoptikon::inferio::worker[0m[2m:[0m 2026-09-17 03:30:58,777 [DEBUG] inferio_worker.packing: this window's 200 MiB grant is below 80% of the 857 MiB of releasable slack in the 1181 MiB pool (1/2 consecutive windows before releasing it) [3mworker[0m[2m=[0mopenclip
[2m2026-09-17T01:30:58.781816Z[0m [32m INFO[0m [2mpanoptikon::inferio::worker[0m[2m:[0m 2026-09-17 03:30:58,781 [DEBUG] PIL.PngImagePlugin: STREAM b'IHDR' 16 13 [3mworker[0m[2m=[0mopenclip
[2m2026-09-17T01:30:58.781831Z[0m [32m INFO[0m [2mpanoptikon::inferio::worker[0m[2m:[0m 2026-09-17 03:30:58,781 [DEBUG] PIL.PngImagePlugin: STREAM b'IDAT' 41 65536 [3mworker[0m[2m=[0mopenclip
[2m2026-09-17T01:30:58.790581Z[0m [32m INFO[0m [2mpanoptikon::inferio::worker[0m[2m:[0m 2026-09-17 03:30:58,790 [DEBUG] PIL.PngImagePlugin: STREAM b'IHDR' 16 13 [3mworker[0m[2m=[0mopenclip
[2m2026-09-17T01:30:58.790590Z[0m [32m INFO[0m [2mpanoptikon::inferio::worker[0m[2m:[0m 2026-09-17 03:30:58,790 [DEBUG] PIL.PngImagePlugin: STREAM b'IDAT' 41 65536 [3mworker[0m[2m=[0mopenclip
[2m2026-09-17T01:30:59.164809Z[0m [32m INFO[0m [2mpanoptikon::inferio::worker[0m[2m:[0m 2026-09-17 03:30:59,164 [DEBUG] PIL.PngImagePlugin: STREAM b'IHDR' 16 13 [3mworker[0m[2m=[0mopenclip
[2m2026-09-17T01:30:59.164870Z[0m [32m INFO[0m [2mpanoptikon::inferio::worker[0m[2m:[0m 2026-09-17 03:30:59,164 [DEBUG] PIL.PngImagePlugin: STREAM b'IDAT' 41 65536 [3mworker[0m[2m=[0mopenclip
[2m2026-09-17T01:30:59.175193Z[0m [32m INFO[0m [2mpanoptikon::inferio::worker[0m[2m:[0m 2026-09-17 03:30:59,175 [DEBUG] PIL.PngImagePlugin: STREAM b'IHDR' 16 13 [3mworker[0m[2m=[0mopenclip
[2m2026-09-17T01:30:59.175205Z[0m [32m INFO[0m [2mpanoptikon::inferio::worker[0m[2m:[0m 2026-09-17 03:30:59,175 [DEBUG] PIL.PngImagePlugin: STREAM b'IDAT' 41 65536 [3mworker[0m[2m=[0mopenclip
[2m2026-09-17T01:30:59.395205Z[0m [32m INFO[0m [2mpanoptikon::inferio::worker[0m[2m:[0m 2026-09-17 03:30:59,395 [DEBUG] PIL.PngImagePlugin: STREAM b'IHDR' 16 13 [3mworker[0m[2m=[0mopenclip
[2m2026-09-17T01:30:59.395241Z[0m [32m INFO[0m [2mpanoptikon::inferio::worker[0m[2m:[0m 2026-09-17 03:30:59,395 [DEBUG] PIL.PngImagePlugin: STREAM b'IDAT' 41 65536 [3mworker[0m[2m=[0mopenclip
[2m2026-09-17T01:30:59.403503Z[0m [32m INFO[0m [2mpanoptikon::inferio::worker[0m[2m:[0m 2026-09-17 03:30:59,403 [DEBUG] PIL.PngImagePlugin: STREAM b'IHDR' 16 13 [3mworker[0m[2m=[0mopenclip
[2m2026-09-17T01:30:59.403513Z[0m [32m INFO[0m [2mpanoptikon::inferio::worker[0m[2m:[0m 2026-09-17 03:30:59,403 [DEBUG] PIL.PngImagePlugin: STREAM b'IDAT' 41 65536 [3mworker[0m[2m=[0mopenclip
[2m2026-09-17T01:30:59.411857Z[0m [32m INFO[0m [2mpanoptikon::inferio::worker[0m[2m:[0m 2026-09-17 03:30:59,411 [DEBUG] PIL.PngImagePlugin: STREAM b'IHDR' 16 13 [3mworker[0m[2m=[0mopenclip
[2m2026-09-17T01:30:59.411866Z[0m [32m INFO[0m [2mpanoptikon::inferio::worker[0m[2m:[0m 2026-09-17 03:30:59,411 [DEBUG] PIL.PngImagePlugin: STREAM b'IDAT' 41 65536 [3mworker[0m[2m=[0mopenclip
[2m2026-09-17T01:30:59.420284Z[0m [32m INFO[0m [2mpanoptikon::inferio::worker[0m[2m:[0m 2026-09-17 03:30:59,420 [DEBUG] PIL.PngImagePlugin: STREAM b'IHDR' 16 13 [3mworker[0m[2m=[0mopenclip
[2m2026-09-17T01:30:59.420293Z[0m [32m INFO[0m [2mpanoptikon::inferio::worker[0m[2m:[0m 2026-09-17 03:30:59,420 [DEBUG] PIL.PngImagePlugin: STREAM b'IDAT' 41 65536 [3mworker[0m[2m=[0mopenclip
[2m2026-09-17T01:30:59.428610Z[0m [32m INFO[0m [2mpanoptikon::inferio::worker[0m[2m:[0m 2026-09-17 03:30:59,428 [DEBUG] PIL.PngImagePlugin: STREAM b'IHDR' 16 13 [3mworker[0m[2m=[0mopenclip
[2m2026-09-17T01:30:59.428618Z[0m [32m INFO[0m [2mpanoptikon::inferio::worker[0m[2m:[0m 2026-09-17 03:30:59,428 [DEBUG] PIL.PngImagePlugin: STREAM b'IDAT' 41 65536 [3mworker[0m[2m=[0mopenclip
[2m2026-09-17T01:30:59.437563Z[0m [32m INFO[0m [2mpanoptikon::inferio::worker[0m[2m:[0m 2026-09-17 03:30:59,437 [DEBUG] PIL.PngImagePlugin: STREAM b'IHDR' 16 13 [3mworker[0m[2m=[0mopenclip
[2m2026-09-17T01:30:59.437571Z[0m [32m INFO[0m [2mpanoptikon::inferio::worker[0m[2m:[0m 2026-09-17 03:30:59,437 [DEBUG] PIL.PngImagePlugin: STREAM b'IDAT' 41 65536 [3mworker[0m[2m=[0mopenclip
[2m2026-09-17T01:30:59.446643Z[0m [32m INFO[0m [2mpanoptikon::inferio::worker[0m[2m:[0m 2026-09-17 03:30:59,446 [DEBUG] PIL.PngImagePlugin: STREAM b'IHDR' 16 13 [3mworker[0m[2m=[0mopenclip
[2m2026-09-17T01:30:59.446655Z[0m [32m INFO[0m [2mpanoptikon::inferio::worker[0m[2m:[0m 2026-09-17 03:30:59,446 [DEBUG] PIL.PngImagePlugin: STREAM b'IDAT' 41 65536 [3mworker[0m[2m=[0mopenclip
[2m2026-09-17T01:30:59.455631Z[0m [32m INFO[0m [2mpanoptikon::inferio::worker[0m[2m:[0m 2026-09-17 03:30:59,455 [DEBUG] PIL.PngImagePlugin: STREAM b'IHDR' 16 13 [3mworker[0m[2m=[0mopenclip
[2m2026-09-17T01:30:59.455639Z[0m [32m INFO[0m [2mpanoptikon::inferio::worker[0m[2m:[0m 2026-09-17 03:30:59,455 [DEBUG] PIL.PngImagePlugin: STREAM b'IDAT' 41 65536 [3mworker[0m[2m=[0mopenclip
[2m2026-09-17T01:30:59.464926Z[0m [32m INFO[0m [2mpanoptikon::inferio::worker[0m[2m:[0m 2026-09-17 03:30:59,464 [DEBUG] PIL.PngImagePlugin: STREAM b'IHDR' 16 13 [3mworker[0m[2m=[0mopenclip
[2m2026-09-17T01:30:59.464934Z[0m [32m INFO[0m [2mpanoptikon::inferio::worker[0m[2m:[0m 2026-09-17 03:30:59,464 [DEBUG] PIL.PngImagePlugin: STREAM b'IDAT' 41 65536 [3mworker[0m[2m=[0mopenclip
[2m2026-09-17T01:30:59.474274Z[0m [32m INFO[0m [2mpanoptikon::inferio::worker[0m[2m:[0m 2026-09-17 03:30:59,474 [DEBUG] PIL.PngImagePlugin: STREAM b'IHDR' 16 13 [3mworker[0m[2m=[0mopenclip
[2m2026-09-17T01:30:59.474281Z[0m [32m INFO[0m [2mpanoptikon::inferio::worker[0m[2m:[0m 2026-09-17 03:30:59,474 [DEBUG] PIL.PngImagePlugin: STREAM b'IDAT' 41 65536 [3mworker[0m[2m=[0mopenclip
[2m2026-09-17T01:30:59.483773Z[0m [32m INFO[0m [2mpanoptikon::inferio::worker[0m[2m:[0m 2026-09-17 03:30:59,483 [DEBUG] PIL.PngImagePlugin: STREAM b'IHDR' 16 13 [3mworker[0m[2m=[0mopenclip
[2m2026-09-17T01:30:59.483786Z[0m [32m INFO[0m [2mpanoptikon::inferio::worker[0m[2m:[0m 2026-09-17 03:30:59,483 [DEBUG] PIL.PngImagePlugin: STREAM b'IDAT' 41 65536 [3mworker[0m[2m=[0mopenclip
[2m2026-09-17T01:30:59.493346Z[0m [32m INFO[0m [2mpanoptikon::inferio::worker[0m[2m:[0m 2026-09-17 03:30:59,493 [DEBUG] PIL.PngImagePlugin: STREAM b'IHDR' 16 13 [3mworker[0m[2m=[0mopenclip
[2m2026-09-17T01:30:59.493354Z[0m [32m INFO[0m [2mpanoptikon::inferio::worker[0m[2m:[0m 2026-09-17 03:30:59,493 [DEBUG] PIL.PngImagePlugin: STREAM b'IDAT' 41 65536 [3mworker[0m[2m=[0mopenclip
[2m2026-09-17T01:30:59.503079Z[0m [32m INFO[0m [2mpanoptikon::inferio::worker[0m[2m:[0m 2026-09-17 03:30:59,503 [DEBUG] PIL.PngImagePlugin: STREAM b'IHDR' 16 13 [3mworker[0m[2m=[0mopenclip
[2m2026-09-17T01:30:59.503100Z[0m [32m INFO[0m [2mpanoptikon::inferio::worker[0m[2m:[0m 2026-09-17 03:30:59,503 [DEBUG] PIL.PngImagePlugin: STREAM b'IDAT' 41 65536 [3mworker[0m[2m=[0mopenclip
[2m2026-09-17T01:30:59.512152Z[0m [32m INFO[0m [2mpanoptikon::inferio::worker[0m[2m:[0m 2026-09-17 03:30:59,512 [DEBUG] PIL.PngImagePlugin: STREAM b'IHDR' 16 13 [3mworker[0m[2m=[0mopenclip
[2m2026-09-17T01:30:59.512162Z[0m [32m INFO[0m [2mpanoptikon::inferio::worker[0m[2m:[0m 2026-09-17 03:30:59,512 [DEBUG] PIL.PngImagePlugin: STREAM b'IDAT' 41 65536 [3mworker[0m[2m=[0mopenclip
[2m2026-09-17T01:30:59.521579Z[0m [32m INFO[0m [2mpanoptikon::inferio::worker[0m[2m:[0m 2026-09-17 03:30:59,521 [DEBUG] PIL.PngImagePlugin: STREAM b'IHDR' 16 13 [3mworker[0m[2m=[0mopenclip
[2m2026-09-17T01:30:59.521587Z[0m [32m INFO[0m [2mpanoptikon::inferio::worker[0m[2m:[0m 2026-09-17 03:30:59,521 [DEBUG] PIL.PngImagePlugin: STREAM b'IDAT' 41 65536 [3mworker[0m[2m=[0mopenclip
[2m2026-09-17T01:31:00.541160Z[0m [32m INFO[0m [2mpanoptikon::inferio::ledger[0m[2m:[0m holding the throughput ramp at this rung: the ring cannot certify this rung yet [3mmodel[0m[2m=[0mclip/apple_MobileCLIP-S1 [3mgpu[0m[2m=[0mGPU-MPS [3munits[0m[2m=[0m32 [3mcertified[0m[2m=[0mfalse [3mknee_binds[0m[2m=[0mfalse
[2m2026-09-17T01:31:00.541206Z[0m [34mDEBUG[0m [2mpanoptikon::inferio::ledger[0m[2m:[0m refitted the memory cost model [3mmodel[0m[2m=[0mclip/apple_MobileCLIP-S1 [3mgpu[0m[2m=[0mGPU-MPS [3mslope_mb_per_unit[0m[2m=[0m6.8 [3mintercept_mb[0m[2m=[0m-0.7999999999999998 [3mresidual_mb[0m[2m=[0m13.600000000000001 [3msamples[0m[2m=[0m7 [3mversion[0m[2m=[0m4
[2m2026-09-17T01:31:00.541218Z[0m [34mDEBUG[0m [2mpanoptikon::inferio::ledger[0m[2m:[0m declining to fit a throughput knee: the ring's quiet buckets hold too few observations to read as a curve [3mobservations[0m[2m=[0m9 [3mmin_observations[0m[2m=[0m12 [3mbuckets[0m[2m=[0m4 [3mmin_buckets[0m[2m=[0m3
[2m2026-09-17T01:31:00.541224Z[0m [34mDEBUG[0m [2mpanoptikon::inferio::ledger[0m[2m:[0m queued a calibration profile update for the store [3mmodel[0m[2m=[0mclip/apple_MobileCLIP-S1 [3mgpu[0m[2m=[0mGPU-MPS [3mreason[0m[2m=[0m"fit_changed" [3mmax_units_measured[0m[2m=[0m32 [3mfit_version[0m[2m=[0m4
[2m2026-09-17T01:31:00.541232Z[0m [34mDEBUG[0m [2mpanoptikon::inferio::ledger[0m[2m:[0m settled a granted window [3mmodel[0m[2m=[0mclip/apple_MobileCLIP-S1 [3mgpu[0m[2m=[0mGPU-MPS [3moutcome[0m[2m=[0m"clean" [3mfit_samples[0m[2m=[0m3 [3mthroughput_samples[0m[2m=[0m1 [3mclamped_samples[0m[2m=[0m0 [3mclamped[0m[2m=[0mnone [3mramp_step[0m[2m=[0m4 [3mdeflation[0m[2m=[0m0 [3mclean_windows[0m[2m=[0m6 [3mmax_units_measured[0m[2m=[0m32
[2m2026-09-17T01:31:00.551017Z[0m [32m INFO[0m [2mpanoptikon::jobs::extraction[0m[2m:[0m extraction job phase timing [3mdata_load_busy_secs[0m[2m=[0m0.004107834 [3mdata_load_work_secs[0m[2m=[0m0.025296666999999988 [3minference_busy_secs[0m[2m=[0m3.430261667 [3minference_work_secs[0m[2m=[0m400.15998775199995
[2m2026-09-17T01:31:00.552730Z[0m [32m INFO[0m [2mpanoptikon::jobs::vector_quants[0m[2m:[0m vector quant metadata synced [3mindex_db[0m[2m=[0m"cal"
[2m2026-09-17T01:31:00.554894Z[0m [32m INFO[0m [1mActor[0m[1m{[0m[3mid[0m[2m=[0m"0.5" [3mname[0m[2m=[0m"job-runner"[1m}[0m[2m:[0m [2mpanoptikon::jobs::queue[0m[2m:[0m scheduling deferred database maintenance [3mindex_db[0m[2m=[0m"cal" [3mqueue_id[0m[2m=[0m5 [3mowed[0m[2m=[0mwrote_data
[2m2026-09-17T01:31:00.554908Z[0m [32m INFO[0m [1mActor[0m[1m{[0m[3mid[0m[2m=[0m"0.5" [3mname[0m[2m=[0m"job-runner"[1m}[0m[2m:[0m [2mpanoptikon::jobs::queue[0m[2m:[0m unloading batch model at job boundary [3msetter[0m[2m=[0mclip/apple_MobileCLIP-S1
[2m2026-09-17T01:31:00.555091Z[0m [34mDEBUG[0m [2mpanoptikon::inferio::manager[0m[2m:[0m unload requested [3mmodel[0m[2m=[0mclip/apple_MobileCLIP-S1 [3mcache_key[0m[2m=[0mbatch
[2m2026-09-17T01:31:00.555102Z[0m [34mDEBUG[0m [2mpanoptikon::inferio::manager[0m[2m:[0m unloading model [3mmodel[0m[2m=[0mclip/apple_MobileCLIP-S1
[2m2026-09-17T01:31:00.555137Z[0m [34mDEBUG[0m [2mpanoptikon::inferio::ledger[0m[2m:[0m credited a departed replica's footprint back to the GPU's free reading, so its memory is not reattributed to external usage, and flagged the reading for a refresh [3mmodel[0m[2m=[0mclip/apple_MobileCLIP-S1 [3mgpu[0m[2m=[0mGPU-MPS [3mfootprint_mb[0m[2m=[0m2222 [3madjusted_free_mb[0m[2m=[0m105127
[2m2026-09-17T01:31:00.575910Z[0m [32m INFO[0m [2mpanoptikon::inferio::worker[0m[2m:[0m 2026-09-17 03:31:00,575 [DEBUG] inferio_worker.memory: released the allocator pool (impl): handed back 2192 MiB in 17.7 ms [3mworker[0m[2m=[0mopenclip
[2m2026-09-17T01:31:00.575950Z[0m [32m INFO[0m [2mpanoptikon::inferio::worker[0m[2m:[0m 2026-09-17 03:31:00,575 [INFO] inferio_worker: Unloaded; exiting. [3mworker[0m[2m=[0mopenclip
[2m2026-09-17T01:31:27.345191Z[0m [32m INFO[0m [2mpanoptikon::inferio::calibration[0m[2m:[0m wrote the local calibration store [3mpath[0m[2m=[0mdata/inferio/calibration.toml [3mprofiles[0m[2m=[0m1
[2m2026-09-17T01:31:40.665864Z[0m [32m INFO[0m [2mpanoptikon::shutdown[0m[2m:[0m shutdown signal received; stopping gracefully (repeat the signal to force exit)
[2m2026-09-17T01:31:40.669560Z[0m [32m INFO[0m [2mpanoptikon::shutdown[0m[2m:[0m index DB writers drained [3mwriters[0m[2m=[0m2
[2m2026-09-17T01:31:40.670095Z[0m [32m INFO[0m [2mpanoptikon::shutdown[0m[2m:[0m local inference workers stopped
[2m2026-09-17T01:31:40.670166Z[0m [32m INFO[0m [2mpanoptikon::shutdown[0m[2m:[0m background work stopped cleanly
[2m2026-09-17T01:31:40.694149Z[0m [32m INFO[0m [2mpanoptikon[0m[2m:[0m gateway stopped
