2026-09-17T01:30:49.429078Z  INFO panoptikon::logging: logging to file path=data/panoptikon.log
2026-09-17T01:30:49.429095Z  INFO panoptikon::rlimit: raised the open file descriptor soft limit to the hard limit soft_nofile_before=256 soft_nofile_after=1048576
2026-09-17T01:30:49.429176Z  INFO panoptikon::accelerator_report: accelerator backend backend="mps" backend_source=macOS: default PyPI wheels (MPS on Apple Silicon); no CUDA/ROCm builds exist devices=[]
2026-09-17T01:30:49.460119Z  INFO panoptikon::inferio::gpu: detected GPU (unified memory; the total is the 75% seed until a worker reports the exact recommended-max figure) index=0 uuid=GPU-MPS name=Apple M3 Max (128 GB) total_mb=98304 ram_mb=131072 unified=true
2026-09-17T01:30:49.460136Z  INFO panoptikon::inferio::gpu: admitting batches from workers that run on the CPU against system RAM (running out of it is an OS process kill rather than a catchable allocation failure, so the device ships with a default ceiling) uuid=CPU name=CPU (128 GB) total_mb=131072 default_cap_fraction=0.75 accelerators=1
2026-09-17T01:30:49.460211Z  INFO panoptikon: serving /api/inference locally (inference_local.enabled)
2026-09-17T01:30:49.519194Z  INFO panoptikon: gateway listening endpoint=default address=127.0.0.1:6342
2026-09-17T01:30:49.519220Z  INFO panoptikon: gateway listening endpoint=test address=127.0.0.1:6343
2026-09-17T01:30:49.519240Z  INFO panoptikon: gateway listening endpoint=legacy_ui address=127.0.0.1:6339
2026-09-17T01:30:49.519251Z  INFO panoptikon: serving HTTP/1.1 and HTTP/2 cleartext max_concurrent_streams=512
2026-09-17T01:30:49.542639Z  INFO panoptikon::media_tools: media tools resolved ffmpeg=/Users/moot/projects/panoptikon-pr27/python/.venv/lib/python3.12/site-packages/static_ffmpeg/bin/darwin_arm64/ffmpeg ffprobe=/Users/moot/projects/panoptikon-pr27/python/.venv/lib/python3.12/site-packages/static_ffmpeg/bin/darwin_arm64/ffprobe
2026-09-17T01:30:49.659441Z  INFO panoptikon::media_tools::transcode::hw: hardware H.264 encoder validated encoder="h264_videotoolbox"
2026-09-17T01:30:51.973436Z  INFO panoptikon::jobs::files: file scan phase timing folder="/Users/moot/projects/panoptikon-pr27/tools/calibration-protocol/results/corpus/smoke/" hashing_busy_secs=0.04849862099999999 hashing_work_secs=0.11324449899999994 metadata_busy_secs=0.014429795 metadata_work_secs=0.017994622999999987 thumbgen_busy_secs=1.399671167 thumbgen_work_secs=9.628811620000002 blurhash_busy_secs=0.17136833299999998 blurhash_work_secs=0.3610347850000002
2026-09-17T01:30:52.021544Z  INFO panoptikon::jobs::files: file scan phase timing folder="/Users/moot/projects/panoptikon-pr27/tools/calibration-protocol/results/corpus/smoke/" hashing_busy_secs=0.0 hashing_work_secs=0.0 metadata_busy_secs=0.0 metadata_work_secs=0.0 thumbgen_busy_secs=0.0 thumbgen_work_secs=0.0 blurhash_busy_secs=0.0 blurhash_work_secs=0.0
2026-09-17T01:30:52.022603Z  INFO Actor{[3mid[0m[2m=[0m"0.5" [3mname[0m[2m=[0m"job-runner"}: panoptikon::jobs::queue: scheduling deferred database maintenance index_db="cal" queue_id=3 owed=wrote_data
2026-09-17T01:30:52.578150Z DEBUG panoptikon::inferio_client: multiplexing inference requests over HTTP/2 cleartext endpoint=http://127.0.0.1:6342/api/inference connection_lanes=64 streams_per_lane=64 max_concurrent=256 max_concurrent_ceiling=4096
2026-09-17T01:30:52.606451Z DEBUG panoptikon::inferio::manager: resolved cost dimension model=clip/apple_MobileCLIP-S1 unit="item" aggregation="count" epoch=1 seed_units=192 priced=true degraded=false
2026-09-17T01:30:52.606484Z DEBUG panoptikon::inferio::ledger: probing the host for this GPU's free memory before pricing a load against it model="clip/apple_MobileCLIP-S1" gpu="GPU-MPS" reason="no free sample: this GPU has never had a resident" sample_age_ms=None
2026-09-17T01:30:52.606554Z DEBUG panoptikon::inferio::ledger: refreshed the GPU's free memory from the host probe gpu=GPU-MPS source="mps" free_mb=107419 total_mb=98304 external_mb=23653 previous_age_ms=None recorded=true
2026-09-17T01:30:52.607175Z DEBUG panoptikon::inferio::worker: spawned an inferio worker worker=openclip inference_id="clip/apple_MobileCLIP-S1" pid=Some(51807)
2026-09-17T01:30:53.086237Z  INFO panoptikon::inferio::worker: 2026-09-17 03:30:53,086 [INFO] inferio_worker: Resolved impl class openclip to /Users/moot/projects/panoptikon-pr27/python/inferio/impl/clip.py worker=openclip
2026-09-17T01:30:53.086256Z  INFO panoptikon::inferio::worker: 2026-09-17 03:30:53,086 [INFO] inferio_worker: Handshake ok for impl class openclip worker=openclip
2026-09-17T01:30:53.086345Z  INFO panoptikon::inferio::worker: 2026-09-17 03:30:53,086 [INFO] inferio_worker: Configured as clip/apple_MobileCLIP-S1 worker=openclip
2026-09-17T01:30:53.095855Z  INFO panoptikon::inferio::worker: 2026-09-17 03:30:53,095 [DEBUG] inferio_worker.memory: NVML init failed (NVML Shared Library Not Found) worker=openclip
2026-09-17T01:30:55.189970Z  INFO panoptikon::inferio::worker: 2026-09-17 03:30:55,189 [WARNING] inferio_worker_impl_0_clip: Precision 'fp16' requested for hf-hub:apple/MobileCLIP-S1-OpenCLIP but device is mps; using fp32. worker=openclip
2026-09-17T01:30:55.189986Z  INFO panoptikon::inferio::worker: 2026-09-17 03:30:55,189 [INFO] root: Parsing model identifier. Schema: hf-hub, Identifier: apple/MobileCLIP-S1-OpenCLIP worker=openclip
2026-09-17T01:30:55.190003Z  INFO panoptikon::inferio::worker: 2026-09-17 03:30:55,189 [INFO] root: Attempting to load config from HF Hub: apple/MobileCLIP-S1-OpenCLIP worker=openclip
2026-09-17T01:30:55.191680Z  INFO panoptikon::inferio::worker: 2026-09-17 03:30:55,191 [DEBUG] urllib3.connectionpool: Starting new HTTPS connection (1): huggingface.co:443 worker=openclip
2026-09-17T01:30:55.358914Z  INFO panoptikon::inferio::worker: 2026-09-17 03:30:55,358 [DEBUG] urllib3.connectionpool: https://huggingface.co:443 "HEAD /apple/MobileCLIP-S1-OpenCLIP/resolve/main/open_clip_config.json HTTP/1.1" 307 0 worker=openclip
2026-09-17T01:30:55.373580Z  INFO panoptikon::inferio::worker: 2026-09-17 03:30:55,373 [DEBUG] urllib3.connectionpool: https://huggingface.co:443 "HEAD /api/resolve-cache/models/apple/MobileCLIP-S1-OpenCLIP/59d35241939f6942255489b83c9068e48ebf57f8/open_clip_config.json HTTP/1.1" 200 0 worker=openclip
2026-09-17T01:30:55.374992Z  INFO panoptikon::inferio::worker: 2026-09-17 03:30:55,374 [INFO] root: Loaded model config from HF Hub: apple/MobileCLIP-S1-OpenCLIP worker=openclip
2026-09-17T01:30:55.506379Z  INFO panoptikon::inferio::worker: 2026-09-17 03:30:55,506 [DEBUG] urllib3.connectionpool: https://huggingface.co:443 "HEAD /apple/MobileCLIP-S1-OpenCLIP/resolve/main/open_clip_model.safetensors HTTP/1.1" 302 0 worker=openclip
2026-09-17T01:30:55.509796Z  INFO panoptikon::inferio::worker: 2026-09-17 03:30:55,509 [INFO] root: Found default weights file on HF Hub: /Users/moot/projects/panoptikon-pr27/.mac/hf/hub/models--apple--MobileCLIP-S1-OpenCLIP/snapshots/59d35241939f6942255489b83c9068e48ebf57f8/open_clip_model.safetensors worker=openclip
2026-09-17T01:30:55.509876Z  INFO panoptikon::inferio::worker: 2026-09-17 03:30:55,509 [INFO] root: Instantiating model architecture: CustomTextCLIP worker=openclip
2026-09-17T01:30:56.501739Z  INFO panoptikon::inferio::worker: 2026-09-17 03:30:56,501 [INFO] root: Loading full pretrained weights from: /Users/moot/projects/panoptikon-pr27/.mac/hf/hub/models--apple--MobileCLIP-S1-OpenCLIP/snapshots/59d35241939f6942255489b83c9068e48ebf57f8/open_clip_model.safetensors worker=openclip
2026-09-17T01:30:56.538319Z  INFO panoptikon::inferio::worker: 2026-09-17 03:30:56,538 [INFO] root: Final image preprocessing configuration set: {'size': (256, 256), 'mode': 'RGB', 'mean': [0.0, 0.0, 0.0], 'std': [1.0, 1.0, 1.0], 'interpolation': 'bilinear', 'resize_mode': 'shortest', 'fill_color': 0} worker=openclip
2026-09-17T01:30:56.538333Z  INFO panoptikon::inferio::worker: 2026-09-17 03:30:56,538 [INFO] root: Model hf-hub:apple/MobileCLIP-S1-OpenCLIP creation process complete. worker=openclip
2026-09-17T01:30:56.872742Z  INFO panoptikon::inferio::worker: 2026-09-17 03:30:56,872 [INFO] root: Parsing tokenizer identifier. Schema: hf-hub, Identifier: apple/MobileCLIP-S1-OpenCLIP worker=openclip
2026-09-17T01:30:56.872757Z  INFO panoptikon::inferio::worker: 2026-09-17 03:30:56,872 [INFO] root: Attempting to load config from hf-hub:apple/MobileCLIP-S1-OpenCLIP worker=openclip
2026-09-17T01:30:57.036262Z  INFO panoptikon::inferio::worker: 2026-09-17 03:30:57,035 [DEBUG] urllib3.connectionpool: https://huggingface.co:443 "HEAD /apple/MobileCLIP-S1-OpenCLIP/resolve/main/open_clip_config.json HTTP/1.1" 307 0 worker=openclip
2026-09-17T01:30:57.055861Z  INFO panoptikon::inferio::worker: 2026-09-17 03:30:57,055 [DEBUG] urllib3.connectionpool: https://huggingface.co:443 "HEAD /api/resolve-cache/models/apple/MobileCLIP-S1-OpenCLIP/59d35241939f6942255489b83c9068e48ebf57f8/open_clip_config.json HTTP/1.1" 200 0 worker=openclip
2026-09-17T01:30:57.057696Z  INFO panoptikon::inferio::worker: 2026-09-17 03:30:57,057 [INFO] root: Using default SimpleTokenizer. worker=openclip
2026-09-17T01:30:57.109010Z DEBUG panoptikon::inferio::worker: worker reported its load footprint worker=clip/apple_MobileCLIP-S1 base_mb=1160 base_method="mps" dtype="fp32" dtype_method="inferred" gpu_name="Apple M3 Max (128 GB)" gpu_arch="apple-m3" gpu_total_mb=110100 torch="2.7.1"
2026-09-17T01:30:57.109032Z DEBUG panoptikon::inferio::manager: replica loaded model=clip/apple_MobileCLIP-S1 replica=0 device="<unpinned>"
2026-09-17T01:30:57.109045Z  INFO panoptikon::inferio::ledger: this unified-memory device's admission total is now the figure the worker's own runtime reports, which is what its allocations are actually judged against; the probe's seed was a default fraction of host RAM and a raised GPU memory limit moves the real figure well away from it model=clip/apple_MobileCLIP-S1 gpu=GPU-MPS seed_total_mb=98304 reported_total_mb=110100 ram_mb=131072
2026-09-17T01:30:57.109145Z DEBUG panoptikon::inferio::ledger: admitted a worker to a GPU's ledger model=clip/apple_MobileCLIP-S1 gpu=GPU-MPS replica=2 base_mb=Some(1160) base_method="mps" reserved_at_load_mb=Some(1160) seeded_from_store=false
2026-09-17T01:30:57.112251Z DEBUG panoptikon::inferio::http: processing local inference predict model=clip/apple_MobileCLIP-S1 inputs=1
2026-09-17T01:30:57.112339Z DEBUG panoptikon::inferio::ledger: issued a memory grant model=clip/apple_MobileCLIP-S1 gpu=GPU-MPS unit_budget=1 mb=105500 canvas_pixels=none share_mb=105500 room_mb=105500 headroom_mb=105500 external_mb=23388 reserve_mb=1024 reserve_rule="capped_default" pre_fit=true ramp_step=0 deflation=0 squeezed=false window_requests=1
2026-09-17T01:30:57.112610Z DEBUG panoptikon::inferio::http: processing local inference predict model=clip/apple_MobileCLIP-S1 inputs=1
2026-09-17T01:30:57.112828Z DEBUG panoptikon::inferio::http: processing local inference predict model=clip/apple_MobileCLIP-S1 inputs=1
2026-09-17T01:30:57.112895Z DEBUG panoptikon::inferio::http: processing local inference predict model=clip/apple_MobileCLIP-S1 inputs=1
2026-09-17T01:30:57.112933Z DEBUG panoptikon::inferio::http: processing local inference predict model=clip/apple_MobileCLIP-S1 inputs=1
2026-09-17T01:30:57.112979Z DEBUG panoptikon::inferio::http: processing local inference predict model=clip/apple_MobileCLIP-S1 inputs=1
2026-09-17T01:30:57.113021Z DEBUG panoptikon::inferio::http: processing local inference predict model=clip/apple_MobileCLIP-S1 inputs=1
2026-09-17T01:30:57.113035Z DEBUG panoptikon::inferio::http: processing local inference predict model=clip/apple_MobileCLIP-S1 inputs=1
2026-09-17T01:30:57.113059Z DEBUG panoptikon::inferio::http: processing local inference predict model=clip/apple_MobileCLIP-S1 inputs=1
2026-09-17T01:30:57.114166Z DEBUG panoptikon::inferio::http: processing local inference predict model=clip/apple_MobileCLIP-S1 inputs=1
2026-09-17T01:30:57.114266Z DEBUG panoptikon::inferio::http: processing local inference predict model=clip/apple_MobileCLIP-S1 inputs=1
2026-09-17T01:30:57.114282Z DEBUG panoptikon::inferio::http: processing local inference predict model=clip/apple_MobileCLIP-S1 inputs=1
2026-09-17T01:30:57.114309Z DEBUG panoptikon::inferio::http: processing local inference predict model=clip/apple_MobileCLIP-S1 inputs=1
2026-09-17T01:30:57.114336Z DEBUG panoptikon::inferio::http: processing local inference predict model=clip/apple_MobileCLIP-S1 inputs=1
2026-09-17T01:30:57.114349Z DEBUG panoptikon::inferio::http: processing local inference predict model=clip/apple_MobileCLIP-S1 inputs=1
2026-09-17T01:30:57.114359Z DEBUG panoptikon::inferio::http: processing local inference predict model=clip/apple_MobileCLIP-S1 inputs=1
2026-09-17T01:30:57.114378Z DEBUG panoptikon::inferio::http: processing local inference predict model=clip/apple_MobileCLIP-S1 inputs=1
2026-09-17T01:30:57.114396Z DEBUG panoptikon::inferio::http: processing local inference predict model=clip/apple_MobileCLIP-S1 inputs=1
2026-09-17T01:30:57.114411Z DEBUG panoptikon::inferio::http: processing local inference predict model=clip/apple_MobileCLIP-S1 inputs=1
2026-09-17T01:30:57.114445Z DEBUG panoptikon::inferio::http: processing local inference predict model=clip/apple_MobileCLIP-S1 inputs=1
2026-09-17T01:30:57.114482Z DEBUG panoptikon::inferio::http: processing local inference predict model=clip/apple_MobileCLIP-S1 inputs=1
2026-09-17T01:30:57.114498Z DEBUG panoptikon::inferio::http: processing local inference predict model=clip/apple_MobileCLIP-S1 inputs=1
2026-09-17T01:30:57.114515Z DEBUG panoptikon::inferio::http: processing local inference predict model=clip/apple_MobileCLIP-S1 inputs=1
2026-09-17T01:30:57.114524Z DEBUG panoptikon::inferio::http: processing local inference predict model=clip/apple_MobileCLIP-S1 inputs=1
2026-09-17T01:30:57.114536Z DEBUG panoptikon::inferio::http: processing local inference predict model=clip/apple_MobileCLIP-S1 inputs=1
2026-09-17T01:30:57.114551Z DEBUG panoptikon::inferio::http: processing local inference predict model=clip/apple_MobileCLIP-S1 inputs=1
2026-09-17T01:30:57.114565Z DEBUG panoptikon::inferio::http: processing local inference predict model=clip/apple_MobileCLIP-S1 inputs=1
2026-09-17T01:30:57.114638Z DEBUG panoptikon::inferio::http: processing local inference predict model=clip/apple_MobileCLIP-S1 inputs=1
2026-09-17T01:30:57.114652Z DEBUG panoptikon::inferio::http: processing local inference predict model=clip/apple_MobileCLIP-S1 inputs=1
2026-09-17T01:30:57.114710Z DEBUG panoptikon::inferio::http: processing local inference predict model=clip/apple_MobileCLIP-S1 inputs=1
2026-09-17T01:30:57.115032Z DEBUG panoptikon::inferio::http: processing local inference predict model=clip/apple_MobileCLIP-S1 inputs=1
2026-09-17T01:30:57.115048Z DEBUG panoptikon::inferio::http: processing local inference predict model=clip/apple_MobileCLIP-S1 inputs=1
2026-09-17T01:30:57.115088Z DEBUG panoptikon::inferio::http: processing local inference predict model=clip/apple_MobileCLIP-S1 inputs=1
2026-09-17T01:30:57.115101Z DEBUG panoptikon::inferio::http: processing local inference predict model=clip/apple_MobileCLIP-S1 inputs=1
2026-09-17T01:30:57.115126Z DEBUG panoptikon::inferio::http: processing local inference predict model=clip/apple_MobileCLIP-S1 inputs=1
2026-09-17T01:30:57.115140Z DEBUG panoptikon::inferio::http: processing local inference predict model=clip/apple_MobileCLIP-S1 inputs=1
2026-09-17T01:30:57.115177Z DEBUG panoptikon::inferio::http: processing local inference predict model=clip/apple_MobileCLIP-S1 inputs=1
2026-09-17T01:30:57.115281Z DEBUG panoptikon::inferio::http: processing local inference predict model=clip/apple_MobileCLIP-S1 inputs=1
2026-09-17T01:30:57.115303Z DEBUG panoptikon::inferio::http: processing local inference predict model=clip/apple_MobileCLIP-S1 inputs=1
2026-09-17T01:30:57.115319Z DEBUG panoptikon::inferio::http: processing local inference predict model=clip/apple_MobileCLIP-S1 inputs=1
2026-09-17T01:30:57.115458Z DEBUG panoptikon::inferio::http: processing local inference predict model=clip/apple_MobileCLIP-S1 inputs=1
2026-09-17T01:30:57.115588Z DEBUG panoptikon::inferio::http: processing local inference predict model=clip/apple_MobileCLIP-S1 inputs=1
2026-09-17T01:30:57.115619Z DEBUG panoptikon::inferio::http: processing local inference predict model=clip/apple_MobileCLIP-S1 inputs=1
2026-09-17T01:30:57.115722Z DEBUG panoptikon::inferio::http: processing local inference predict model=clip/apple_MobileCLIP-S1 inputs=1
2026-09-17T01:30:57.115736Z DEBUG panoptikon::inferio::http: processing local inference predict model=clip/apple_MobileCLIP-S1 inputs=1
2026-09-17T01:30:57.115741Z DEBUG panoptikon::inferio::http: processing local inference predict model=clip/apple_MobileCLIP-S1 inputs=1
2026-09-17T01:30:57.115863Z DEBUG panoptikon::inferio::http: processing local inference predict model=clip/apple_MobileCLIP-S1 inputs=1
2026-09-17T01:30:57.115873Z DEBUG panoptikon::inferio::http: processing local inference predict model=clip/apple_MobileCLIP-S1 inputs=1
2026-09-17T01:30:57.115885Z DEBUG panoptikon::inferio::http: processing local inference predict model=clip/apple_MobileCLIP-S1 inputs=1
2026-09-17T01:30:57.115898Z DEBUG panoptikon::inferio::http: processing local inference predict model=clip/apple_MobileCLIP-S1 inputs=1
2026-09-17T01:30:57.115919Z DEBUG panoptikon::inferio::http: processing local inference predict model=clip/apple_MobileCLIP-S1 inputs=1
2026-09-17T01:30:57.115981Z DEBUG panoptikon::inferio::http: processing local inference predict model=clip/apple_MobileCLIP-S1 inputs=1
2026-09-17T01:30:57.115983Z DEBUG panoptikon::inferio::http: processing local inference predict model=clip/apple_MobileCLIP-S1 inputs=1
2026-09-17T01:30:57.115988Z DEBUG panoptikon::inferio::http: processing local inference predict model=clip/apple_MobileCLIP-S1 inputs=1
2026-09-17T01:30:57.116071Z DEBUG panoptikon::inferio::http: processing local inference predict model=clip/apple_MobileCLIP-S1 inputs=1
2026-09-17T01:30:57.116088Z DEBUG panoptikon::inferio::http: processing local inference predict model=clip/apple_MobileCLIP-S1 inputs=1
2026-09-17T01:30:57.116147Z DEBUG panoptikon::inferio::http: processing local inference predict model=clip/apple_MobileCLIP-S1 inputs=1
2026-09-17T01:30:57.116252Z DEBUG panoptikon::inferio::http: processing local inference predict model=clip/apple_MobileCLIP-S1 inputs=1
2026-09-17T01:30:57.116338Z DEBUG panoptikon::inferio::http: processing local inference predict model=clip/apple_MobileCLIP-S1 inputs=1
2026-09-17T01:30:57.116365Z DEBUG panoptikon::inferio::http: processing local inference predict model=clip/apple_MobileCLIP-S1 inputs=1
2026-09-17T01:30:57.116373Z DEBUG panoptikon::inferio::http: processing local inference predict model=clip/apple_MobileCLIP-S1 inputs=1
2026-09-17T01:30:57.116402Z DEBUG panoptikon::inferio::http: processing local inference predict model=clip/apple_MobileCLIP-S1 inputs=1
2026-09-17T01:30:57.116413Z DEBUG panoptikon::inferio::http: processing local inference predict model=clip/apple_MobileCLIP-S1 inputs=1
2026-09-17T01:30:57.116425Z DEBUG panoptikon::inferio::http: processing local inference predict model=clip/apple_MobileCLIP-S1 inputs=1
2026-09-17T01:30:57.325860Z DEBUG panoptikon::inferio::ledger: queued a calibration profile update for the store model=clip/apple_MobileCLIP-S1 gpu=GPU-MPS reason="anchor_advanced" max_units_measured=0 fit_version=0
2026-09-17T01:30:57.325877Z DEBUG panoptikon::inferio::ledger: settled a granted window model=clip/apple_MobileCLIP-S1 gpu=GPU-MPS outcome="clean" fit_samples=1 throughput_samples=0 clamped_samples=0 clamped=none ramp_step=0 deflation=0 clean_windows=1 max_units_measured=1
2026-09-17T01:30:57.325916Z DEBUG panoptikon::inferio::ledger: issued a memory grant model=clip/apple_MobileCLIP-S1 gpu=GPU-MPS unit_budget=2 mb=104238 canvas_pixels=none share_mb=104238 room_mb=104238 headroom_mb=104215 external_mb=24650 reserve_mb=1024 reserve_rule="capped_default" pre_fit=true ramp_step=0 deflation=0 squeezed=false window_requests=6
2026-09-17T01:30:57.333485Z DEBUG panoptikon::inferio::http: processing local inference predict model=clip/apple_MobileCLIP-S1 inputs=1
2026-09-17T01:30:57.333505Z DEBUG panoptikon::inferio::http: processing local inference predict model=clip/apple_MobileCLIP-S1 inputs=1
2026-09-17T01:30:57.333518Z DEBUG panoptikon::inferio::http: processing local inference predict model=clip/apple_MobileCLIP-S1 inputs=1
2026-09-17T01:30:57.333533Z DEBUG panoptikon::inferio::http: processing local inference predict model=clip/apple_MobileCLIP-S1 inputs=1
2026-09-17T01:30:57.333600Z DEBUG panoptikon::inferio::http: processing local inference predict model=clip/apple_MobileCLIP-S1 inputs=1
2026-09-17T01:30:57.333611Z DEBUG panoptikon::inferio::http: processing local inference predict model=clip/apple_MobileCLIP-S1 inputs=1
2026-09-17T01:30:57.333622Z DEBUG panoptikon::inferio::http: processing local inference predict model=clip/apple_MobileCLIP-S1 inputs=1
2026-09-17T01:30:57.333635Z DEBUG panoptikon::inferio::http: processing local inference predict model=clip/apple_MobileCLIP-S1 inputs=1
2026-09-17T01:30:57.333643Z DEBUG panoptikon::inferio::http: processing local inference predict model=clip/apple_MobileCLIP-S1 inputs=1
2026-09-17T01:30:57.333649Z DEBUG panoptikon::inferio::http: processing local inference predict model=clip/apple_MobileCLIP-S1 inputs=1
2026-09-17T01:30:57.333659Z DEBUG panoptikon::inferio::http: processing local inference predict model=clip/apple_MobileCLIP-S1 inputs=1
2026-09-17T01:30:57.333682Z DEBUG panoptikon::inferio::http: processing local inference predict model=clip/apple_MobileCLIP-S1 inputs=1
2026-09-17T01:30:57.333690Z DEBUG panoptikon::inferio::http: processing local inference predict model=clip/apple_MobileCLIP-S1 inputs=1
2026-09-17T01:30:57.333699Z DEBUG panoptikon::inferio::http: processing local inference predict model=clip/apple_MobileCLIP-S1 inputs=1
2026-09-17T01:30:57.333707Z DEBUG panoptikon::inferio::http: processing local inference predict model=clip/apple_MobileCLIP-S1 inputs=1
2026-09-17T01:30:57.333723Z DEBUG panoptikon::inferio::http: processing local inference predict model=clip/apple_MobileCLIP-S1 inputs=1
2026-09-17T01:30:57.333735Z DEBUG panoptikon::inferio::http: processing local inference predict model=clip/apple_MobileCLIP-S1 inputs=1
2026-09-17T01:30:57.333744Z DEBUG panoptikon::inferio::http: processing local inference predict model=clip/apple_MobileCLIP-S1 inputs=1
2026-09-17T01:30:57.333752Z DEBUG panoptikon::inferio::http: processing local inference predict model=clip/apple_MobileCLIP-S1 inputs=1
2026-09-17T01:30:57.333774Z DEBUG panoptikon::inferio::http: processing local inference predict model=clip/apple_MobileCLIP-S1 inputs=1
2026-09-17T01:30:57.333803Z DEBUG panoptikon::inferio::http: processing local inference predict model=clip/apple_MobileCLIP-S1 inputs=1
2026-09-17T01:30:57.333840Z DEBUG panoptikon::inferio::http: processing local inference predict model=clip/apple_MobileCLIP-S1 inputs=1
2026-09-17T01:30:57.333854Z DEBUG panoptikon::inferio::http: processing local inference predict model=clip/apple_MobileCLIP-S1 inputs=1
2026-09-17T01:30:57.333877Z DEBUG panoptikon::inferio::http: processing local inference predict model=clip/apple_MobileCLIP-S1 inputs=1
2026-09-17T01:30:57.333893Z DEBUG panoptikon::inferio::http: processing local inference predict model=clip/apple_MobileCLIP-S1 inputs=1
2026-09-17T01:30:57.333915Z DEBUG panoptikon::inferio::http: processing local inference predict model=clip/apple_MobileCLIP-S1 inputs=1
2026-09-17T01:30:57.333927Z DEBUG panoptikon::inferio::http: processing local inference predict model=clip/apple_MobileCLIP-S1 inputs=1
2026-09-17T01:30:57.333943Z DEBUG panoptikon::inferio::http: processing local inference predict model=clip/apple_MobileCLIP-S1 inputs=1
2026-09-17T01:30:57.333952Z DEBUG panoptikon::inferio::http: processing local inference predict model=clip/apple_MobileCLIP-S1 inputs=1
2026-09-17T01:30:57.334006Z DEBUG panoptikon::inferio::http: processing local inference predict model=clip/apple_MobileCLIP-S1 inputs=1
2026-09-17T01:30:57.334026Z DEBUG panoptikon::inferio::http: processing local inference predict model=clip/apple_MobileCLIP-S1 inputs=1
2026-09-17T01:30:57.334181Z DEBUG panoptikon::inferio::http: processing local inference predict model=clip/apple_MobileCLIP-S1 inputs=1
2026-09-17T01:30:57.334516Z DEBUG panoptikon::inferio::http: processing local inference predict model=clip/apple_MobileCLIP-S1 inputs=1
2026-09-17T01:30:57.334551Z DEBUG panoptikon::inferio::http: processing local inference predict model=clip/apple_MobileCLIP-S1 inputs=1
2026-09-17T01:30:57.334567Z DEBUG panoptikon::inferio::http: processing local inference predict model=clip/apple_MobileCLIP-S1 inputs=1
2026-09-17T01:30:57.334575Z DEBUG panoptikon::inferio::http: processing local inference predict model=clip/apple_MobileCLIP-S1 inputs=1
2026-09-17T01:30:57.334582Z DEBUG panoptikon::inferio::http: processing local inference predict model=clip/apple_MobileCLIP-S1 inputs=1
2026-09-17T01:30:57.334603Z DEBUG panoptikon::inferio::http: processing local inference predict model=clip/apple_MobileCLIP-S1 inputs=1
2026-09-17T01:30:57.334610Z DEBUG panoptikon::inferio::http: processing local inference predict model=clip/apple_MobileCLIP-S1 inputs=1
2026-09-17T01:30:57.334629Z DEBUG panoptikon::inferio::http: processing local inference predict model=clip/apple_MobileCLIP-S1 inputs=1
2026-09-17T01:30:57.334640Z DEBUG panoptikon::inferio::http: processing local inference predict model=clip/apple_MobileCLIP-S1 inputs=1
2026-09-17T01:30:57.334652Z DEBUG panoptikon::inferio::http: processing local inference predict model=clip/apple_MobileCLIP-S1 inputs=1
2026-09-17T01:30:57.334657Z DEBUG panoptikon::inferio::http: processing local inference predict model=clip/apple_MobileCLIP-S1 inputs=1
2026-09-17T01:30:57.334661Z DEBUG panoptikon::inferio::http: processing local inference predict model=clip/apple_MobileCLIP-S1 inputs=1
2026-09-17T01:30:57.334666Z DEBUG panoptikon::inferio::http: processing local inference predict model=clip/apple_MobileCLIP-S1 inputs=1
2026-09-17T01:30:57.334684Z DEBUG panoptikon::inferio::http: processing local inference predict model=clip/apple_MobileCLIP-S1 inputs=1
2026-09-17T01:30:57.334694Z DEBUG panoptikon::inferio::http: processing local inference predict model=clip/apple_MobileCLIP-S1 inputs=1
2026-09-17T01:30:57.334709Z DEBUG panoptikon::inferio::http: processing local inference predict model=clip/apple_MobileCLIP-S1 inputs=1
2026-09-17T01:30:57.334726Z DEBUG panoptikon::inferio::http: processing local inference predict model=clip/apple_MobileCLIP-S1 inputs=1
2026-09-17T01:30:57.334738Z DEBUG panoptikon::inferio::http: processing local inference predict model=clip/apple_MobileCLIP-S1 inputs=1
2026-09-17T01:30:57.334751Z DEBUG panoptikon::inferio::http: processing local inference predict model=clip/apple_MobileCLIP-S1 inputs=1
2026-09-17T01:30:57.334765Z DEBUG panoptikon::inferio::http: processing local inference predict model=clip/apple_MobileCLIP-S1 inputs=1
2026-09-17T01:30:57.334776Z DEBUG panoptikon::inferio::http: processing local inference predict model=clip/apple_MobileCLIP-S1 inputs=1
2026-09-17T01:30:57.334789Z DEBUG panoptikon::inferio::http: processing local inference predict model=clip/apple_MobileCLIP-S1 inputs=1
2026-09-17T01:30:57.334799Z DEBUG panoptikon::inferio::http: processing local inference predict model=clip/apple_MobileCLIP-S1 inputs=1
2026-09-17T01:30:57.334913Z DEBUG panoptikon::inferio::http: processing local inference predict model=clip/apple_MobileCLIP-S1 inputs=1
2026-09-17T01:30:57.334933Z DEBUG panoptikon::inferio::http: processing local inference predict model=clip/apple_MobileCLIP-S1 inputs=1
2026-09-17T01:30:57.334939Z DEBUG panoptikon::inferio::http: processing local inference predict model=clip/apple_MobileCLIP-S1 inputs=1
2026-09-17T01:30:57.334971Z DEBUG panoptikon::inferio::http: processing local inference predict model=clip/apple_MobileCLIP-S1 inputs=1
2026-09-17T01:30:57.334996Z DEBUG panoptikon::inferio::http: processing local inference predict model=clip/apple_MobileCLIP-S1 inputs=1
2026-09-17T01:30:57.335004Z DEBUG panoptikon::inferio::http: processing local inference predict model=clip/apple_MobileCLIP-S1 inputs=1
2026-09-17T01:30:57.335059Z DEBUG panoptikon::inferio::http: processing local inference predict model=clip/apple_MobileCLIP-S1 inputs=1
2026-09-17T01:30:57.335090Z DEBUG panoptikon::inferio::http: processing local inference predict model=clip/apple_MobileCLIP-S1 inputs=1
2026-09-17T01:30:57.335127Z DEBUG panoptikon::inferio::http: processing local inference predict model=clip/apple_MobileCLIP-S1 inputs=1
2026-09-17T01:30:57.335143Z DEBUG panoptikon::inferio::http: processing local inference predict model=clip/apple_MobileCLIP-S1 inputs=1
2026-09-17T01:30:57.335164Z DEBUG panoptikon::inferio::http: processing local inference predict model=clip/apple_MobileCLIP-S1 inputs=1
2026-09-17T01:30:57.335179Z DEBUG panoptikon::inferio::http: processing local inference predict model=clip/apple_MobileCLIP-S1 inputs=1
2026-09-17T01:30:57.335247Z DEBUG panoptikon::inferio::http: processing local inference predict model=clip/apple_MobileCLIP-S1 inputs=1
2026-09-17T01:30:57.335268Z DEBUG panoptikon::inferio::http: processing local inference predict model=clip/apple_MobileCLIP-S1 inputs=1
2026-09-17T01:30:57.335279Z DEBUG panoptikon::inferio::http: processing local inference predict model=clip/apple_MobileCLIP-S1 inputs=1
2026-09-17T01:30:57.335301Z DEBUG panoptikon::inferio::http: processing local inference predict model=clip/apple_MobileCLIP-S1 inputs=1
2026-09-17T01:30:57.335312Z DEBUG panoptikon::inferio::http: processing local inference predict model=clip/apple_MobileCLIP-S1 inputs=1
2026-09-17T01:30:57.335316Z DEBUG panoptikon::inferio::http: processing local inference predict model=clip/apple_MobileCLIP-S1 inputs=1
2026-09-17T01:30:57.335332Z DEBUG panoptikon::inferio::http: processing local inference predict model=clip/apple_MobileCLIP-S1 inputs=1
2026-09-17T01:30:57.335342Z DEBUG panoptikon::inferio::http: processing local inference predict model=clip/apple_MobileCLIP-S1 inputs=1
2026-09-17T01:30:57.335349Z DEBUG panoptikon::inferio::http: processing local inference predict model=clip/apple_MobileCLIP-S1 inputs=1
2026-09-17T01:30:57.335361Z DEBUG panoptikon::inferio::http: processing local inference predict model=clip/apple_MobileCLIP-S1 inputs=1
2026-09-17T01:30:57.335375Z DEBUG panoptikon::inferio::http: processing local inference predict model=clip/apple_MobileCLIP-S1 inputs=1
2026-09-17T01:30:57.335393Z DEBUG panoptikon::inferio::http: processing local inference predict model=clip/apple_MobileCLIP-S1 inputs=1
2026-09-17T01:30:57.335404Z DEBUG panoptikon::inferio::http: processing local inference predict model=clip/apple_MobileCLIP-S1 inputs=1
2026-09-17T01:30:57.335420Z DEBUG panoptikon::inferio::http: processing local inference predict model=clip/apple_MobileCLIP-S1 inputs=1
2026-09-17T01:30:57.335439Z DEBUG panoptikon::inferio::http: processing local inference predict model=clip/apple_MobileCLIP-S1 inputs=1
2026-09-17T01:30:57.335463Z DEBUG panoptikon::inferio::http: processing local inference predict model=clip/apple_MobileCLIP-S1 inputs=1
2026-09-17T01:30:57.335474Z DEBUG panoptikon::inferio::http: processing local inference predict model=clip/apple_MobileCLIP-S1 inputs=1
2026-09-17T01:30:57.335482Z DEBUG panoptikon::inferio::http: processing local inference predict model=clip/apple_MobileCLIP-S1 inputs=1
2026-09-17T01:30:57.335503Z DEBUG panoptikon::inferio::http: processing local inference predict model=clip/apple_MobileCLIP-S1 inputs=1
2026-09-17T01:30:57.335520Z DEBUG panoptikon::inferio::http: processing local inference predict model=clip/apple_MobileCLIP-S1 inputs=1
2026-09-17T01:30:57.335550Z DEBUG panoptikon::inferio::http: processing local inference predict model=clip/apple_MobileCLIP-S1 inputs=1
2026-09-17T01:30:57.335559Z DEBUG panoptikon::inferio::http: processing local inference predict model=clip/apple_MobileCLIP-S1 inputs=1
2026-09-17T01:30:57.335596Z DEBUG panoptikon::inferio::http: processing local inference predict model=clip/apple_MobileCLIP-S1 inputs=1
2026-09-17T01:30:57.335606Z DEBUG panoptikon::inferio::http: processing local inference predict model=clip/apple_MobileCLIP-S1 inputs=1
2026-09-17T01:30:57.335622Z DEBUG panoptikon::inferio::http: processing local inference predict model=clip/apple_MobileCLIP-S1 inputs=1
2026-09-17T01:30:57.335742Z DEBUG panoptikon::inferio::http: processing local inference predict model=clip/apple_MobileCLIP-S1 inputs=1
2026-09-17T01:30:57.335761Z DEBUG panoptikon::inferio::http: processing local inference predict model=clip/apple_MobileCLIP-S1 inputs=1
2026-09-17T01:30:57.335824Z DEBUG panoptikon::inferio::http: processing local inference predict model=clip/apple_MobileCLIP-S1 inputs=1
2026-09-17T01:30:57.336030Z DEBUG panoptikon::inferio::http: processing local inference predict model=clip/apple_MobileCLIP-S1 inputs=1
2026-09-17T01:30:57.339614Z DEBUG panoptikon::inferio::http: processing local inference predict model=clip/apple_MobileCLIP-S1 inputs=1
2026-09-17T01:30:57.339633Z DEBUG panoptikon::inferio::http: processing local inference predict model=clip/apple_MobileCLIP-S1 inputs=1
2026-09-17T01:30:57.339642Z DEBUG panoptikon::inferio::http: processing local inference predict model=clip/apple_MobileCLIP-S1 inputs=1
2026-09-17T01:30:57.339649Z DEBUG panoptikon::inferio::http: processing local inference predict model=clip/apple_MobileCLIP-S1 inputs=1
2026-09-17T01:30:57.339658Z DEBUG panoptikon::inferio::http: processing local inference predict model=clip/apple_MobileCLIP-S1 inputs=1
2026-09-17T01:30:57.339675Z DEBUG panoptikon::inferio::http: processing local inference predict model=clip/apple_MobileCLIP-S1 inputs=1
2026-09-17T01:30:57.339681Z DEBUG panoptikon::inferio::http: processing local inference predict model=clip/apple_MobileCLIP-S1 inputs=1
2026-09-17T01:30:57.339686Z DEBUG panoptikon::inferio::http: processing local inference predict model=clip/apple_MobileCLIP-S1 inputs=1
2026-09-17T01:30:57.339691Z DEBUG panoptikon::inferio::http: processing local inference predict model=clip/apple_MobileCLIP-S1 inputs=1
2026-09-17T01:30:57.339698Z DEBUG panoptikon::inferio::http: processing local inference predict model=clip/apple_MobileCLIP-S1 inputs=1
2026-09-17T01:30:57.339708Z DEBUG panoptikon::inferio::http: processing local inference predict model=clip/apple_MobileCLIP-S1 inputs=1
2026-09-17T01:30:57.339715Z DEBUG panoptikon::inferio::http: processing local inference predict model=clip/apple_MobileCLIP-S1 inputs=1
2026-09-17T01:30:57.339728Z DEBUG panoptikon::inferio::http: processing local inference predict model=clip/apple_MobileCLIP-S1 inputs=1
2026-09-17T01:30:57.339736Z DEBUG panoptikon::inferio::http: processing local inference predict model=clip/apple_MobileCLIP-S1 inputs=1
2026-09-17T01:30:57.339739Z DEBUG panoptikon::inferio::http: processing local inference predict model=clip/apple_MobileCLIP-S1 inputs=1
2026-09-17T01:30:57.340431Z DEBUG panoptikon::inferio::http: processing local inference predict model=clip/apple_MobileCLIP-S1 inputs=1
2026-09-17T01:30:57.340488Z DEBUG panoptikon::inferio::http: processing local inference predict model=clip/apple_MobileCLIP-S1 inputs=1
2026-09-17T01:30:57.340501Z DEBUG panoptikon::inferio::http: processing local inference predict model=clip/apple_MobileCLIP-S1 inputs=1
2026-09-17T01:30:57.340507Z DEBUG panoptikon::inferio::http: processing local inference predict model=clip/apple_MobileCLIP-S1 inputs=1
2026-09-17T01:30:57.340512Z DEBUG panoptikon::inferio::http: processing local inference predict model=clip/apple_MobileCLIP-S1 inputs=1
2026-09-17T01:30:57.344780Z  INFO panoptikon::inferio::calibration: wrote the local calibration store path=data/inferio/calibration.toml profiles=1
2026-09-17T01:30:57.606592Z DEBUG panoptikon::inferio::ledger: declining to fit a throughput knee: the ring's quiet buckets hold too few observations to read as a curve observations=2 min_observations=12 buckets=1 min_buckets=3
2026-09-17T01:30:57.606605Z DEBUG panoptikon::inferio::ledger: queued a calibration profile update for the store model=clip/apple_MobileCLIP-S1 gpu=GPU-MPS reason="anchor_advanced" max_units_measured=2 fit_version=0
2026-09-17T01:30:57.606626Z DEBUG panoptikon::inferio::ledger: settled a granted window model=clip/apple_MobileCLIP-S1 gpu=GPU-MPS outcome="clean" fit_samples=3 throughput_samples=2 clamped_samples=0 clamped=none ramp_step=1 deflation=0 clean_windows=2 max_units_measured=2
2026-09-17T01:30:57.606662Z DEBUG panoptikon::inferio::ledger: issued a memory grant model=clip/apple_MobileCLIP-S1 gpu=GPU-MPS unit_budget=4 mb=104239 canvas_pixels=none share_mb=104239 room_mb=104239 headroom_mb=104215 external_mb=24649 reserve_mb=1024 reserve_rule="capped_default" pre_fit=true ramp_step=1 deflation=0 squeezed=false window_requests=12
2026-09-17T01:30:57.905882Z DEBUG panoptikon::inferio::ledger: refitted the memory cost model model=clip/apple_MobileCLIP-S1 gpu=GPU-MPS slope_mb_per_unit=11.333333333333334 intercept_mb=-5.333333333333336 residual_mb=1.7763568394002505e-15 samples=3 version=1
2026-09-17T01:30:57.905899Z DEBUG panoptikon::inferio::ledger: declining to fit a throughput knee: the ring's quiet buckets hold too few observations to read as a curve observations=5 min_observations=12 buckets=2 min_buckets=3
2026-09-17T01:30:57.905908Z DEBUG panoptikon::inferio::ledger: queued a calibration profile update for the store model=clip/apple_MobileCLIP-S1 gpu=GPU-MPS reason="fit_changed" max_units_measured=4 fit_version=1
2026-09-17T01:30:57.905918Z DEBUG panoptikon::inferio::ledger: settled a granted window model=clip/apple_MobileCLIP-S1 gpu=GPU-MPS outcome="clean" fit_samples=3 throughput_samples=3 clamped_samples=0 clamped=none ramp_step=2 deflation=0 clean_windows=3 max_units_measured=4
2026-09-17T01:30:57.905969Z DEBUG panoptikon::inferio::ledger: issued a memory grant model=clip/apple_MobileCLIP-S1 gpu=GPU-MPS unit_budget=8 mb=114 canvas_pixels=none share_mb=104239 room_mb=104239 headroom_mb=104215 external_mb=24649 reserve_mb=1024 reserve_rule="capped_default" pre_fit=false ramp_step=2 deflation=0 squeezed=false window_requests=24
2026-09-17T01:30:57.906839Z  INFO panoptikon::inferio::worker: 2026-09-17 03:30:57,906 [DEBUG] inferio_worker.packing: this window's 114 MiB grant is below 80% of the 860 MiB of releasable slack in the 1184 MiB pool (1/2 consecutive windows before releasing it) worker=openclip
2026-09-17T01:30:58.262155Z DEBUG panoptikon::inferio::ledger: refitted the memory cost model model=clip/apple_MobileCLIP-S1 gpu=GPU-MPS slope_mb_per_unit=5.011904761904762 intercept_mb=0.4464285714285716 residual_mb=1.0059523809523805 samples=4 version=2
2026-09-17T01:30:58.262170Z DEBUG panoptikon::inferio::ledger: declining to fit a throughput knee: the ring's quiet buckets hold too few observations to read as a curve observations=7 min_observations=12 buckets=3 min_buckets=3
2026-09-17T01:30:58.262189Z DEBUG panoptikon::inferio::ledger: queued a calibration profile update for the store model=clip/apple_MobileCLIP-S1 gpu=GPU-MPS reason="fit_changed" max_units_measured=8 fit_version=2
2026-09-17T01:30:58.262202Z DEBUG panoptikon::inferio::ledger: settled a granted window model=clip/apple_MobileCLIP-S1 gpu=GPU-MPS outcome="clean" fit_samples=3 throughput_samples=2 clamped_samples=0 clamped=none ramp_step=3 deflation=0 clean_windows=4 max_units_measured=8
2026-09-17T01:30:58.262250Z DEBUG panoptikon::inferio::ledger: issued a memory grant model=clip/apple_MobileCLIP-S1 gpu=GPU-MPS unit_budget=16 mb=101 canvas_pixels=none share_mb=103993 room_mb=103993 headroom_mb=103968 external_mb=24895 reserve_mb=1024 reserve_rule="capped_default" pre_fit=false ramp_step=3 deflation=0 squeezed=false window_requests=48
2026-09-17T01:30:58.263968Z  INFO panoptikon::inferio::worker: 2026-09-17 03:30:58,263 [DEBUG] inferio_worker.memory: released the allocator pool (shrink): handed back 16 MiB in 0.2 ms; the next batch pays the re-grow worker=openclip
2026-09-17T01:30:58.263988Z  INFO panoptikon::inferio::worker: 2026-09-17 03:30:58,263 [INFO] inferio_worker.packing: grant fell to 101 MiB against 861 MiB of releasable slack (a 1185 MiB allocator pool) for 2 consecutive windows; released the pool (empty_cache) so the memory returns to the GPU worker=openclip
2026-09-17T01:30:58.513097Z  INFO panoptikon::inferio::worker: 2026-09-17 03:30:58,513 [DEBUG] inferio_worker.memory: the batch after a shrink release that handed back 16 MiB re-grew the pool by 12 MiB and took 248.768 ms in all worker=openclip
2026-09-17T01:30:58.640961Z  INFO panoptikon::inferio::worker: 2026-09-17 03:30:58,640 [DEBUG] PIL.PngImagePlugin: STREAM b'IHDR' 16 13 worker=openclip
2026-09-17T01:30:58.640978Z  INFO panoptikon::inferio::worker: 2026-09-17 03:30:58,640 [DEBUG] PIL.PngImagePlugin: STREAM b'IDAT' 41 65536 worker=openclip
2026-09-17T01:30:58.649558Z  INFO panoptikon::inferio::worker: 2026-09-17 03:30:58,649 [DEBUG] PIL.Image: Importing BlpImagePlugin worker=openclip
2026-09-17T01:30:58.650004Z  INFO panoptikon::inferio::worker: 2026-09-17 03:30:58,649 [DEBUG] PIL.Image: Importing BmpImagePlugin worker=openclip
2026-09-17T01:30:58.650014Z  INFO panoptikon::inferio::worker: 2026-09-17 03:30:58,649 [DEBUG] PIL.Image: Importing BufrStubImagePlugin worker=openclip
2026-09-17T01:30:58.650217Z  INFO panoptikon::inferio::worker: 2026-09-17 03:30:58,650 [DEBUG] PIL.Image: Importing CurImagePlugin worker=openclip
2026-09-17T01:30:58.650313Z  INFO panoptikon::inferio::worker: 2026-09-17 03:30:58,650 [DEBUG] PIL.Image: Importing DcxImagePlugin worker=openclip
2026-09-17T01:30:58.650496Z  INFO panoptikon::inferio::worker: 2026-09-17 03:30:58,650 [DEBUG] PIL.Image: Importing DdsImagePlugin worker=openclip
2026-09-17T01:30:58.651516Z  INFO panoptikon::inferio::worker: 2026-09-17 03:30:58,651 [DEBUG] PIL.Image: Importing EpsImagePlugin worker=openclip
2026-09-17T01:30:58.651778Z  INFO panoptikon::inferio::worker: 2026-09-17 03:30:58,651 [DEBUG] PIL.Image: Importing FitsImagePlugin worker=openclip
2026-09-17T01:30:58.651890Z  INFO panoptikon::inferio::worker: 2026-09-17 03:30:58,651 [DEBUG] PIL.Image: Importing FliImagePlugin worker=openclip
2026-09-17T01:30:58.652046Z  INFO panoptikon::inferio::worker: 2026-09-17 03:30:58,652 [DEBUG] PIL.Image: Importing FpxImagePlugin worker=openclip
2026-09-17T01:30:58.652197Z  INFO panoptikon::inferio::worker: 2026-09-17 03:30:58,652 [DEBUG] PIL.Image: Image: failed to import FpxImagePlugin: No module named 'olefile' worker=openclip
2026-09-17T01:30:58.652217Z  INFO panoptikon::inferio::worker: 2026-09-17 03:30:58,652 [DEBUG] PIL.Image: Importing FtexImagePlugin worker=openclip
2026-09-17T01:30:58.652346Z  INFO panoptikon::inferio::worker: 2026-09-17 03:30:58,652 [DEBUG] PIL.Image: Importing GbrImagePlugin worker=openclip
2026-09-17T01:30:58.652445Z  INFO panoptikon::inferio::worker: 2026-09-17 03:30:58,652 [DEBUG] PIL.Image: Importing GifImagePlugin worker=openclip
2026-09-17T01:30:58.652452Z  INFO panoptikon::inferio::worker: 2026-09-17 03:30:58,652 [DEBUG] PIL.Image: Importing GribStubImagePlugin worker=openclip
2026-09-17T01:30:58.652551Z  INFO panoptikon::inferio::worker: 2026-09-17 03:30:58,652 [DEBUG] PIL.Image: Importing Hdf5StubImagePlugin worker=openclip
2026-09-17T01:30:58.652628Z  INFO panoptikon::inferio::worker: 2026-09-17 03:30:58,652 [DEBUG] PIL.Image: Importing IcnsImagePlugin worker=openclip
2026-09-17T01:30:58.653078Z  INFO panoptikon::inferio::worker: 2026-09-17 03:30:58,653 [DEBUG] PIL.Image: Importing IcoImagePlugin worker=openclip
2026-09-17T01:30:58.653238Z  INFO panoptikon::inferio::worker: 2026-09-17 03:30:58,653 [DEBUG] PIL.Image: Importing ImImagePlugin worker=openclip
2026-09-17T01:30:58.653496Z  INFO panoptikon::inferio::worker: 2026-09-17 03:30:58,653 [DEBUG] PIL.Image: Importing ImtImagePlugin worker=openclip
2026-09-17T01:30:58.653641Z  INFO panoptikon::inferio::worker: 2026-09-17 03:30:58,653 [DEBUG] PIL.Image: Importing IptcImagePlugin worker=openclip
2026-09-17T01:30:58.653749Z  INFO panoptikon::inferio::worker: 2026-09-17 03:30:58,653 [DEBUG] PIL.Image: Importing JpegImagePlugin worker=openclip
2026-09-17T01:30:58.653755Z  INFO panoptikon::inferio::worker: 2026-09-17 03:30:58,653 [DEBUG] PIL.Image: Importing Jpeg2KImagePlugin worker=openclip
2026-09-17T01:30:58.653772Z  INFO panoptikon::inferio::worker: 2026-09-17 03:30:58,653 [DEBUG] PIL.Image: Importing McIdasImagePlugin worker=openclip
2026-09-17T01:30:58.653864Z  INFO panoptikon::inferio::worker: 2026-09-17 03:30:58,653 [DEBUG] PIL.Image: Importing MicImagePlugin worker=openclip
2026-09-17T01:30:58.653997Z  INFO panoptikon::inferio::worker: 2026-09-17 03:30:58,653 [DEBUG] PIL.Image: Image: failed to import MicImagePlugin: No module named 'olefile' worker=openclip
2026-09-17T01:30:58.654003Z  INFO panoptikon::inferio::worker: 2026-09-17 03:30:58,653 [DEBUG] PIL.Image: Importing MpegImagePlugin worker=openclip
2026-09-17T01:30:58.654117Z  INFO panoptikon::inferio::worker: 2026-09-17 03:30:58,654 [DEBUG] PIL.Image: Importing MpoImagePlugin worker=openclip
2026-09-17T01:30:58.654681Z  INFO panoptikon::inferio::worker: 2026-09-17 03:30:58,654 [DEBUG] PIL.Image: Importing MspImagePlugin worker=openclip
2026-09-17T01:30:58.654806Z  INFO panoptikon::inferio::worker: 2026-09-17 03:30:58,654 [DEBUG] PIL.Image: Importing PalmImagePlugin worker=openclip
2026-09-17T01:30:58.655019Z  INFO panoptikon::inferio::worker: 2026-09-17 03:30:58,654 [DEBUG] PIL.Image: Importing PcdImagePlugin worker=openclip
2026-09-17T01:30:58.655101Z  INFO panoptikon::inferio::worker: 2026-09-17 03:30:58,655 [DEBUG] PIL.Image: Importing PcxImagePlugin worker=openclip
2026-09-17T01:30:58.655107Z  INFO panoptikon::inferio::worker: 2026-09-17 03:30:58,655 [DEBUG] PIL.Image: Importing PdfImagePlugin worker=openclip
2026-09-17T01:30:58.656698Z  INFO panoptikon::inferio::worker: 2026-09-17 03:30:58,656 [DEBUG] PIL.Image: Importing PixarImagePlugin worker=openclip
2026-09-17T01:30:58.656807Z  INFO panoptikon::inferio::worker: 2026-09-17 03:30:58,656 [DEBUG] PIL.Image: Importing PngImagePlugin worker=openclip
2026-09-17T01:30:58.656812Z  INFO panoptikon::inferio::worker: 2026-09-17 03:30:58,656 [DEBUG] PIL.Image: Importing PpmImagePlugin worker=openclip
2026-09-17T01:30:58.656830Z  INFO panoptikon::inferio::worker: 2026-09-17 03:30:58,656 [DEBUG] PIL.Image: Importing PsdImagePlugin worker=openclip
2026-09-17T01:30:58.656956Z  INFO panoptikon::inferio::worker: 2026-09-17 03:30:58,656 [DEBUG] PIL.Image: Importing QoiImagePlugin worker=openclip
2026-09-17T01:30:58.657066Z  INFO panoptikon::inferio::worker: 2026-09-17 03:30:58,657 [DEBUG] PIL.Image: Importing SgiImagePlugin worker=openclip
2026-09-17T01:30:58.657182Z  INFO panoptikon::inferio::worker: 2026-09-17 03:30:58,657 [DEBUG] PIL.Image: Importing SpiderImagePlugin worker=openclip
2026-09-17T01:30:58.657310Z  INFO panoptikon::inferio::worker: 2026-09-17 03:30:58,657 [DEBUG] PIL.Image: Importing SunImagePlugin worker=openclip
2026-09-17T01:30:58.657388Z  INFO panoptikon::inferio::worker: 2026-09-17 03:30:58,657 [DEBUG] PIL.Image: Importing TgaImagePlugin worker=openclip
2026-09-17T01:30:58.657477Z  INFO panoptikon::inferio::worker: 2026-09-17 03:30:58,657 [DEBUG] PIL.Image: Importing TiffImagePlugin worker=openclip
2026-09-17T01:30:58.657483Z  INFO panoptikon::inferio::worker: 2026-09-17 03:30:58,657 [DEBUG] PIL.Image: Importing WebPImagePlugin worker=openclip
2026-09-17T01:30:58.663027Z  INFO panoptikon::inferio::worker: 2026-09-17 03:30:58,662 [DEBUG] PIL.Image: Importing WmfImagePlugin worker=openclip
2026-09-17T01:30:58.663157Z  INFO panoptikon::inferio::worker: 2026-09-17 03:30:58,663 [DEBUG] PIL.Image: Importing XbmImagePlugin worker=openclip
2026-09-17T01:30:58.663403Z  INFO panoptikon::inferio::worker: 2026-09-17 03:30:58,663 [DEBUG] PIL.Image: Importing XpmImagePlugin worker=openclip
2026-09-17T01:30:58.663553Z  INFO panoptikon::inferio::worker: 2026-09-17 03:30:58,663 [DEBUG] PIL.Image: Importing XVThumbImagePlugin worker=openclip
2026-09-17T01:30:58.767369Z DEBUG panoptikon::inferio::ledger: refitted the memory cost model model=clip/apple_MobileCLIP-S1 gpu=GPU-MPS slope_mb_per_unit=6.233333333333333 intercept_mb=-0.2333333333333334 residual_mb=8.5 samples=5 version=3
2026-09-17T01:30:58.767379Z DEBUG panoptikon::inferio::ledger: declining to fit a throughput knee: the ring's quiet buckets hold too few observations to read as a curve observations=9 min_observations=12 buckets=4 min_buckets=3
2026-09-17T01:30:58.767387Z DEBUG panoptikon::inferio::ledger: queued a calibration profile update for the store model=clip/apple_MobileCLIP-S1 gpu=GPU-MPS reason="fit_changed" max_units_measured=16 fit_version=3
2026-09-17T01:30:58.767398Z DEBUG panoptikon::inferio::ledger: settled a granted window model=clip/apple_MobileCLIP-S1 gpu=GPU-MPS outcome="clean" fit_samples=3 throughput_samples=2 clamped_samples=0 clamped=none ramp_step=4 deflation=0 clean_windows=5 max_units_measured=16
2026-09-17T01:30:58.770499Z DEBUG panoptikon::inferio::ledger: issued a memory grant model=clip/apple_MobileCLIP-S1 gpu=GPU-MPS unit_budget=32 mb=200 canvas_pixels=none share_mb=103947 room_mb=103947 headroom_mb=103926 external_mb=24941 reserve_mb=1024 reserve_rule="capped_default" pre_fit=false ramp_step=4 deflation=0 squeezed=false window_requests=89
2026-09-17T01:30:58.777195Z  INFO panoptikon::inferio::worker: 2026-09-17 03:30:58,777 [DEBUG] inferio_worker.packing: this window's 200 MiB grant is below 80% of the 857 MiB of releasable slack in the 1181 MiB pool (1/2 consecutive windows before releasing it) worker=openclip
2026-09-17T01:30:58.781826Z  INFO panoptikon::inferio::worker: 2026-09-17 03:30:58,781 [DEBUG] PIL.PngImagePlugin: STREAM b'IHDR' 16 13 worker=openclip
2026-09-17T01:30:58.781839Z  INFO panoptikon::inferio::worker: 2026-09-17 03:30:58,781 [DEBUG] PIL.PngImagePlugin: STREAM b'IDAT' 41 65536 worker=openclip
2026-09-17T01:30:58.790587Z  INFO panoptikon::inferio::worker: 2026-09-17 03:30:58,790 [DEBUG] PIL.PngImagePlugin: STREAM b'IHDR' 16 13 worker=openclip
2026-09-17T01:30:58.790594Z  INFO panoptikon::inferio::worker: 2026-09-17 03:30:58,790 [DEBUG] PIL.PngImagePlugin: STREAM b'IDAT' 41 65536 worker=openclip
2026-09-17T01:30:59.164856Z  INFO panoptikon::inferio::worker: 2026-09-17 03:30:59,164 [DEBUG] PIL.PngImagePlugin: STREAM b'IHDR' 16 13 worker=openclip
2026-09-17T01:30:59.164877Z  INFO panoptikon::inferio::worker: 2026-09-17 03:30:59,164 [DEBUG] PIL.PngImagePlugin: STREAM b'IDAT' 41 65536 worker=openclip
2026-09-17T01:30:59.175201Z  INFO panoptikon::inferio::worker: 2026-09-17 03:30:59,175 [DEBUG] PIL.PngImagePlugin: STREAM b'IHDR' 16 13 worker=openclip
2026-09-17T01:30:59.175209Z  INFO panoptikon::inferio::worker: 2026-09-17 03:30:59,175 [DEBUG] PIL.PngImagePlugin: STREAM b'IDAT' 41 65536 worker=openclip
2026-09-17T01:30:59.395229Z  INFO panoptikon::inferio::worker: 2026-09-17 03:30:59,395 [DEBUG] PIL.PngImagePlugin: STREAM b'IHDR' 16 13 worker=openclip
2026-09-17T01:30:59.395246Z  INFO panoptikon::inferio::worker: 2026-09-17 03:30:59,395 [DEBUG] PIL.PngImagePlugin: STREAM b'IDAT' 41 65536 worker=openclip
2026-09-17T01:30:59.403509Z  INFO panoptikon::inferio::worker: 2026-09-17 03:30:59,403 [DEBUG] PIL.PngImagePlugin: STREAM b'IHDR' 16 13 worker=openclip
2026-09-17T01:30:59.403516Z  INFO panoptikon::inferio::worker: 2026-09-17 03:30:59,403 [DEBUG] PIL.PngImagePlugin: STREAM b'IDAT' 41 65536 worker=openclip
2026-09-17T01:30:59.411862Z  INFO panoptikon::inferio::worker: 2026-09-17 03:30:59,411 [DEBUG] PIL.PngImagePlugin: STREAM b'IHDR' 16 13 worker=openclip
2026-09-17T01:30:59.411869Z  INFO panoptikon::inferio::worker: 2026-09-17 03:30:59,411 [DEBUG] PIL.PngImagePlugin: STREAM b'IDAT' 41 65536 worker=openclip
2026-09-17T01:30:59.420289Z  INFO panoptikon::inferio::worker: 2026-09-17 03:30:59,420 [DEBUG] PIL.PngImagePlugin: STREAM b'IHDR' 16 13 worker=openclip
2026-09-17T01:30:59.420296Z  INFO panoptikon::inferio::worker: 2026-09-17 03:30:59,420 [DEBUG] PIL.PngImagePlugin: STREAM b'IDAT' 41 65536 worker=openclip
2026-09-17T01:30:59.428614Z  INFO panoptikon::inferio::worker: 2026-09-17 03:30:59,428 [DEBUG] PIL.PngImagePlugin: STREAM b'IHDR' 16 13 worker=openclip
2026-09-17T01:30:59.428621Z  INFO panoptikon::inferio::worker: 2026-09-17 03:30:59,428 [DEBUG] PIL.PngImagePlugin: STREAM b'IDAT' 41 65536 worker=openclip
2026-09-17T01:30:59.437568Z  INFO panoptikon::inferio::worker: 2026-09-17 03:30:59,437 [DEBUG] PIL.PngImagePlugin: STREAM b'IHDR' 16 13 worker=openclip
2026-09-17T01:30:59.437574Z  INFO panoptikon::inferio::worker: 2026-09-17 03:30:59,437 [DEBUG] PIL.PngImagePlugin: STREAM b'IDAT' 41 65536 worker=openclip
2026-09-17T01:30:59.446652Z  INFO panoptikon::inferio::worker: 2026-09-17 03:30:59,446 [DEBUG] PIL.PngImagePlugin: STREAM b'IHDR' 16 13 worker=openclip
2026-09-17T01:30:59.446658Z  INFO panoptikon::inferio::worker: 2026-09-17 03:30:59,446 [DEBUG] PIL.PngImagePlugin: STREAM b'IDAT' 41 65536 worker=openclip
2026-09-17T01:30:59.455636Z  INFO panoptikon::inferio::worker: 2026-09-17 03:30:59,455 [DEBUG] PIL.PngImagePlugin: STREAM b'IHDR' 16 13 worker=openclip
2026-09-17T01:30:59.455642Z  INFO panoptikon::inferio::worker: 2026-09-17 03:30:59,455 [DEBUG] PIL.PngImagePlugin: STREAM b'IDAT' 41 65536 worker=openclip
2026-09-17T01:30:59.464930Z  INFO panoptikon::inferio::worker: 2026-09-17 03:30:59,464 [DEBUG] PIL.PngImagePlugin: STREAM b'IHDR' 16 13 worker=openclip
2026-09-17T01:30:59.464937Z  INFO panoptikon::inferio::worker: 2026-09-17 03:30:59,464 [DEBUG] PIL.PngImagePlugin: STREAM b'IDAT' 41 65536 worker=openclip
2026-09-17T01:30:59.474278Z  INFO panoptikon::inferio::worker: 2026-09-17 03:30:59,474 [DEBUG] PIL.PngImagePlugin: STREAM b'IHDR' 16 13 worker=openclip
2026-09-17T01:30:59.474284Z  INFO panoptikon::inferio::worker: 2026-09-17 03:30:59,474 [DEBUG] PIL.PngImagePlugin: STREAM b'IDAT' 41 65536 worker=openclip
2026-09-17T01:30:59.483783Z  INFO panoptikon::inferio::worker: 2026-09-17 03:30:59,483 [DEBUG] PIL.PngImagePlugin: STREAM b'IHDR' 16 13 worker=openclip
2026-09-17T01:30:59.483789Z  INFO panoptikon::inferio::worker: 2026-09-17 03:30:59,483 [DEBUG] PIL.PngImagePlugin: STREAM b'IDAT' 41 65536 worker=openclip
2026-09-17T01:30:59.493350Z  INFO panoptikon::inferio::worker: 2026-09-17 03:30:59,493 [DEBUG] PIL.PngImagePlugin: STREAM b'IHDR' 16 13 worker=openclip
2026-09-17T01:30:59.493356Z  INFO panoptikon::inferio::worker: 2026-09-17 03:30:59,493 [DEBUG] PIL.PngImagePlugin: STREAM b'IDAT' 41 65536 worker=openclip
2026-09-17T01:30:59.503085Z  INFO panoptikon::inferio::worker: 2026-09-17 03:30:59,503 [DEBUG] PIL.PngImagePlugin: STREAM b'IHDR' 16 13 worker=openclip
2026-09-17T01:30:59.503112Z  INFO panoptikon::inferio::worker: 2026-09-17 03:30:59,503 [DEBUG] PIL.PngImagePlugin: STREAM b'IDAT' 41 65536 worker=openclip
2026-09-17T01:30:59.512158Z  INFO panoptikon::inferio::worker: 2026-09-17 03:30:59,512 [DEBUG] PIL.PngImagePlugin: STREAM b'IHDR' 16 13 worker=openclip
2026-09-17T01:30:59.512166Z  INFO panoptikon::inferio::worker: 2026-09-17 03:30:59,512 [DEBUG] PIL.PngImagePlugin: STREAM b'IDAT' 41 65536 worker=openclip
2026-09-17T01:30:59.521584Z  INFO panoptikon::inferio::worker: 2026-09-17 03:30:59,521 [DEBUG] PIL.PngImagePlugin: STREAM b'IHDR' 16 13 worker=openclip
2026-09-17T01:30:59.521591Z  INFO panoptikon::inferio::worker: 2026-09-17 03:30:59,521 [DEBUG] PIL.PngImagePlugin: STREAM b'IDAT' 41 65536 worker=openclip
2026-09-17T01:31:00.541189Z  INFO panoptikon::inferio::ledger: holding the throughput ramp at this rung: the ring cannot certify this rung yet model=clip/apple_MobileCLIP-S1 gpu=GPU-MPS units=32 certified=false knee_binds=false
2026-09-17T01:31:00.541214Z DEBUG panoptikon::inferio::ledger: refitted the memory cost model model=clip/apple_MobileCLIP-S1 gpu=GPU-MPS slope_mb_per_unit=6.8 intercept_mb=-0.7999999999999998 residual_mb=13.600000000000001 samples=7 version=4
2026-09-17T01:31:00.541222Z DEBUG panoptikon::inferio::ledger: declining to fit a throughput knee: the ring's quiet buckets hold too few observations to read as a curve observations=9 min_observations=12 buckets=4 min_buckets=3
2026-09-17T01:31:00.541228Z DEBUG panoptikon::inferio::ledger: queued a calibration profile update for the store model=clip/apple_MobileCLIP-S1 gpu=GPU-MPS reason="fit_changed" max_units_measured=32 fit_version=4
2026-09-17T01:31:00.541237Z DEBUG panoptikon::inferio::ledger: settled a granted window model=clip/apple_MobileCLIP-S1 gpu=GPU-MPS outcome="clean" fit_samples=3 throughput_samples=1 clamped_samples=0 clamped=none ramp_step=4 deflation=0 clean_windows=6 max_units_measured=32
2026-09-17T01:31:00.551026Z  INFO panoptikon::jobs::extraction: extraction job phase timing data_load_busy_secs=0.004107834 data_load_work_secs=0.025296666999999988 inference_busy_secs=3.430261667 inference_work_secs=400.15998775199995
2026-09-17T01:31:00.552738Z  INFO panoptikon::jobs::vector_quants: vector quant metadata synced index_db="cal"
2026-09-17T01:31:00.554904Z  INFO Actor{[3mid[0m[2m=[0m"0.5" [3mname[0m[2m=[0m"job-runner"}: panoptikon::jobs::queue: scheduling deferred database maintenance index_db="cal" queue_id=5 owed=wrote_data
2026-09-17T01:31:00.554912Z  INFO Actor{[3mid[0m[2m=[0m"0.5" [3mname[0m[2m=[0m"job-runner"}: panoptikon::jobs::queue: unloading batch model at job boundary setter=clip/apple_MobileCLIP-S1
2026-09-17T01:31:00.555098Z DEBUG panoptikon::inferio::manager: unload requested model=clip/apple_MobileCLIP-S1 cache_key=batch
2026-09-17T01:31:00.555106Z DEBUG panoptikon::inferio::manager: unloading model model=clip/apple_MobileCLIP-S1
2026-09-17T01:31:00.555144Z DEBUG panoptikon::inferio::ledger: credited a departed replica's footprint back to the GPU's free reading, so its memory is not reattributed to external usage, and flagged the reading for a refresh model=clip/apple_MobileCLIP-S1 gpu=GPU-MPS footprint_mb=2222 adjusted_free_mb=105127
2026-09-17T01:31:00.575924Z  INFO panoptikon::inferio::worker: 2026-09-17 03:31:00,575 [DEBUG] inferio_worker.memory: released the allocator pool (impl): handed back 2192 MiB in 17.7 ms worker=openclip
2026-09-17T01:31:00.575955Z  INFO panoptikon::inferio::worker: 2026-09-17 03:31:00,575 [INFO] inferio_worker: Unloaded; exiting. worker=openclip
2026-09-17T01:31:27.345377Z  INFO panoptikon::inferio::calibration: wrote the local calibration store path=data/inferio/calibration.toml profiles=1
2026-09-17T01:31:40.665987Z  INFO panoptikon::shutdown: shutdown signal received; stopping gracefully (repeat the signal to force exit)
2026-09-17T01:31:40.669855Z  INFO panoptikon::shutdown: index DB writers drained writers=2
2026-09-17T01:31:40.670160Z  INFO panoptikon::shutdown: local inference workers stopped
2026-09-17T01:31:40.670206Z  INFO panoptikon::shutdown: background work stopped cleanly
2026-09-17T01:31:40.694181Z  INFO panoptikon: gateway stopped
