LEG=B4-doctr-r2 DIR=Q:\projects\panoptikon-pr27\.win\run4\B4-doctr-r2 START=2026-09-16T18:59:15.531Z
SPEC=id=doctr/db_resnet50_crnn_vgg16_bn,concurrency=2,items=5,lru_size=1,cache_key=b4,order=random;id=doctr/db_resnet50_crnn_vgg16_bn,concurrency=2,items=19,lru_size=1,cache_key=b4,order=random;id=doctr/db_resnet50_crnn_vgg16_bn,concurrency=2,items=61,lru_size=1,cache_key=b4,order=random;id=doctr/db_resnet50_crnn_vgg16_bn,concurrency=2,items=151,lru_size=1,cache_key=b4,order=random
GATEWAY_UP=True 2026-09-16T18:59:16.636Z OURPID=45412
LOADGEN_START 2026-09-16T18:59:16.718Z
[31;1mloadgen: 8 thread(s) over 4 model(s)[0m
[31;1mloadgen doctr/db_resnet50_crnn_vgg16_bn: 510 req (0 failed), 26976 items, 44.2876 items/s, p50 10390.0 ms[0m
LOADGEN_RC=0 2026-09-16T19:09:29.868Z
LAUNCHER_EXITED=True 2026-09-16T19:10:11.979Z
0, 4423 MiB
1, 1083 MiB
--- calibration.after.toml ---
schema = 3

[[profile]]
inference_id = "doctr/db_resnet50_crnn_vgg16_bn"
epoch = 1
arch = "sm_120"
gpu = "NVIDIA GeForce RTX 5090"
platform = "windows"
backend = "cuda"
torch = "2.7.1+cu128"
dtype = "fp16"
unit = "item"
aggregation = "count"
base_mb = 738
base_method = "free_delta"
dtype_method = "selected"
slope_mb_per_unit = 8.0
knee_units = 63
samples = 37
residual_mb = 2.0
measured_at = "2026-09-16T19:08:15.4360231Z"
generator = "panoptikon 0.1.8"
max_units_measured = 128
local_samples = 375
knee_clean_windows = 2
sample_units = [
    5,
    3,
    16,
    29,
    32,
    23,
    52,
    64,
    75,
    128,
    13,
    77,
    14,
    43,
    48,
    38,
    53,
    6,
    57,
    34,
    95,
    123,
    61,
    36,
    8,
    17,
    35,
    15,
    54,
    31,
    27,
    44,
    63,
    25,
    67,
    127,
    24,
]
sample_delta_mb = [
    419,
    403,
    509,
    611,
    637,
    563,
    797,
    893,
    979,
    1405,
    483,
    1003,
    500,
    730,
    773,
    692,
    810,
    437,
    842,
    660,
    1147,
    1371,
    874,
    676,
    452,
    522,
    666,
    507,
    821,
    635,
    603,
    741,
    891,
    587,
    922,
    1402,
    580,
]
DONE B4-doctr-r2 2026-09-16T19:10:15.094Z
