[2m2026-09-16T18:19:01.252117Z[0m [32m INFO[0m [2mpanoptikon::logging[0m[2m:[0m logging to file [3mpath[0m[2m=[0mdata/panoptikon.log
[2m2026-09-16T18:19:01.252159Z[0m [32m INFO[0m [2mpanoptikon::rlimit[0m[2m:[0m raised the open file descriptor soft limit to the hard limit [3msoft_nofile_before[0m[2m=[0m256 [3msoft_nofile_after[0m[2m=[0m1048576
[2m2026-09-16T18:19:01.252234Z[0m [32m INFO[0m [2mpanoptikon::accelerator_report[0m[2m:[0m accelerator backend [3mbackend[0m[2m=[0m"mps" [3mbackend_source[0m[2m=[0mmacOS: default PyPI wheels (MPS on Apple Silicon); no CUDA/ROCm builds exist [3mdevices[0m[2m=[0m[]
[2m2026-09-16T18:19:01.283748Z[0m [32m INFO[0m [2mpanoptikon::inferio::gpu[0m[2m:[0m detected GPU (unified memory; the total is the 75% seed until a worker reports the exact recommended-max figure) [3mindex[0m[2m=[0m0 [3muuid[0m[2m=[0mGPU-MPS [3mname[0m[2m=[0mApple M3 Max (128 GB) [3mtotal_mb[0m[2m=[0m98304 [3mram_mb[0m[2m=[0m131072 [3munified[0m[2m=[0mtrue
[2m2026-09-16T18:19:01.283837Z[0m [32m INFO[0m [2mpanoptikon[0m[2m:[0m serving /api/inference locally (inference_local.enabled)
[2m2026-09-16T18:19:01.348148Z[0m [32m INFO[0m [2mpanoptikon[0m[2m:[0m gateway listening [3mendpoint[0m[2m=[0mdefault [3maddress[0m[2m=[0m127.0.0.1:6342
[2m2026-09-16T18:19:01.348187Z[0m [32m INFO[0m [2mpanoptikon[0m[2m:[0m gateway listening [3mendpoint[0m[2m=[0mtest [3maddress[0m[2m=[0m127.0.0.1:6343
[2m2026-09-16T18:19:01.348202Z[0m [32m INFO[0m [2mpanoptikon[0m[2m:[0m gateway listening [3mendpoint[0m[2m=[0mlegacy_ui [3maddress[0m[2m=[0m127.0.0.1:6339
[2m2026-09-16T18:19:01.348212Z[0m [32m INFO[0m [2mpanoptikon[0m[2m:[0m serving HTTP/1.1 and HTTP/2 cleartext [3mmax_concurrent_streams[0m[2m=[0m512
[2m2026-09-16T18:19:01.366787Z[0m [32m INFO[0m [2mpanoptikon::media_tools[0m[2m:[0m media tools resolved [3mffmpeg[0m[2m=[0m/Users/moot/projects/panoptikon-pr27/python/.venv/lib/python3.12/site-packages/static_ffmpeg/bin/darwin_arm64/ffmpeg [3mffprobe[0m[2m=[0m/Users/moot/projects/panoptikon-pr27/python/.venv/lib/python3.12/site-packages/static_ffmpeg/bin/darwin_arm64/ffprobe
[2m2026-09-16T18:19:01.483807Z[0m [32m INFO[0m [2mpanoptikon::media_tools::transcode::hw[0m[2m:[0m hardware H.264 encoder validated [3mencoder[0m[2m=[0m"h264_videotoolbox"
[2m2026-09-16T18:19:03.877455Z[0m [32m INFO[0m [2mpanoptikon::jobs::files[0m[2m:[0m file scan phase timing [3mfolder[0m[2m=[0m"/Users/moot/projects/panoptikon-pr27/tools/calibration-protocol/results/corpus/smoke/" [3mhashing_busy_secs[0m[2m=[0m0.06224275 [3mhashing_work_secs[0m[2m=[0m0.12264054599999999 [3mmetadata_busy_secs[0m[2m=[0m0.015990497999999995 [3mmetadata_work_secs[0m[2m=[0m0.018803962 [3mthumbgen_busy_secs[0m[2m=[0m1.471136167 [3mthumbgen_work_secs[0m[2m=[0m9.856715834000001 [3mblurhash_busy_secs[0m[2m=[0m0.17056908599999998 [3mblurhash_work_secs[0m[2m=[0m0.3703300459999999
[2m2026-09-16T18:19:03.924327Z[0m [32m INFO[0m [2mpanoptikon::jobs::files[0m[2m:[0m file scan phase timing [3mfolder[0m[2m=[0m"/Users/moot/projects/panoptikon-pr27/tools/calibration-protocol/results/corpus/smoke/" [3mhashing_busy_secs[0m[2m=[0m0.0 [3mhashing_work_secs[0m[2m=[0m0.0 [3mmetadata_busy_secs[0m[2m=[0m0.0 [3mmetadata_work_secs[0m[2m=[0m0.0 [3mthumbgen_busy_secs[0m[2m=[0m0.0 [3mthumbgen_work_secs[0m[2m=[0m0.0 [3mblurhash_busy_secs[0m[2m=[0m0.0 [3mblurhash_work_secs[0m[2m=[0m0.0
[2m2026-09-16T18:19:03.925446Z[0m [32m INFO[0m [1mActor[0m[1m{[0m[3mid[0m[2m=[0m"0.5" [3mname[0m[2m=[0m"job-runner"[1m}[0m[2m:[0m [2mpanoptikon::jobs::queue[0m[2m:[0m scheduling deferred database maintenance [3mindex_db[0m[2m=[0m"cal" [3mqueue_id[0m[2m=[0m3 [3mowed[0m[2m=[0mwrote_data
[2m2026-09-16T18:19:04.412479Z[0m [34mDEBUG[0m [2mpanoptikon::inferio_client[0m[2m:[0m multiplexing inference requests over HTTP/2 cleartext [3mendpoint[0m[2m=[0mhttp://127.0.0.1:6342/api/inference [3mconnection_lanes[0m[2m=[0m64 [3mstreams_per_lane[0m[2m=[0m64 [3mmax_concurrent[0m[2m=[0m256 [3mmax_concurrent_ceiling[0m[2m=[0m4096
[2m2026-09-16T18:19:04.443086Z[0m [34mDEBUG[0m [2mpanoptikon::inferio::manager[0m[2m:[0m resolved cost dimension [3mmodel[0m[2m=[0mdoctr/db_resnet50_crnn_mobilenet_v3_small [3munit[0m[2m=[0m"item" [3maggregation[0m[2m=[0m"count" [3mepoch[0m[2m=[0m1 [3mseed_units[0m[2m=[0m128 [3mpriced[0m[2m=[0mtrue [3mdegraded[0m[2m=[0mfalse
[2m2026-09-16T18:19:04.443142Z[0m [34mDEBUG[0m [2mpanoptikon::inferio::ledger[0m[2m:[0m probing the host for this GPU's free memory before pricing a load against it [3mmodel[0m[2m=[0m"doctr/db_resnet50_crnn_mobilenet_v3_small" [3mgpu[0m[2m=[0m"GPU-MPS" [3mreason[0m[2m=[0m"no free sample: this GPU has never had a resident" [3msample_age_ms[0m[2m=[0mNone
[2m2026-09-16T18:19:04.443199Z[0m [34mDEBUG[0m [2mpanoptikon::inferio::ledger[0m[2m:[0m refreshed the GPU's free memory from the host probe [3mgpu[0m[2m=[0mGPU-MPS [3msource[0m[2m=[0m"mps" [3mfree_mb[0m[2m=[0m108906 [3mtotal_mb[0m[2m=[0m98304 [3mexternal_mb[0m[2m=[0m22166 [3mprevious_age_ms[0m[2m=[0mNone [3mrecorded[0m[2m=[0mtrue
[2m2026-09-16T18:19:04.443890Z[0m [34mDEBUG[0m [2mpanoptikon::inferio::worker[0m[2m:[0m spawned an inferio worker [3mworker[0m[2m=[0mdoctr [3minference_id[0m[2m=[0m"doctr/db_resnet50_crnn_mobilenet_v3_small" [3mpid[0m[2m=[0mSome(33061)
[2m2026-09-16T18:19:04.975856Z[0m [32m INFO[0m [2mpanoptikon::inferio::worker[0m[2m:[0m 2026-09-16 20:19:04,975 [INFO] inferio_worker: Resolved impl class doctr to /Users/moot/projects/panoptikon-pr27/python/inferio/impl/ocr.py [3mworker[0m[2m=[0mdoctr
[2m2026-09-16T18:19:04.975893Z[0m [32m INFO[0m [2mpanoptikon::inferio::worker[0m[2m:[0m 2026-09-16 20:19:04,975 [INFO] inferio_worker: Handshake ok for impl class doctr [3mworker[0m[2m=[0mdoctr
[2m2026-09-16T18:19:04.975974Z[0m [32m INFO[0m [2mpanoptikon::inferio::worker[0m[2m:[0m 2026-09-16 20:19:04,975 [INFO] inferio_worker: Configured as doctr/db_resnet50_crnn_mobilenet_v3_small [3mworker[0m[2m=[0mdoctr
[2m2026-09-16T18:19:04.976210Z[0m [32m INFO[0m [2mpanoptikon::inferio::worker[0m[2m:[0m 2026-09-16 20:19:04,976 [DEBUG] inferio_worker.memory: NVML init failed (NVML Shared Library Not Found) [3mworker[0m[2m=[0mdoctr
[2m2026-09-16T18:19:07.032996Z[0m [32m INFO[0m [2mpanoptikon::inferio::worker[0m[2m:[0m 2026-09-16 20:19:07,032 [DEBUG] h5py._conv: Creating converter from 7 to 5 [3mworker[0m[2m=[0mdoctr
[2m2026-09-16T18:19:07.033042Z[0m [32m INFO[0m [2mpanoptikon::inferio::worker[0m[2m:[0m 2026-09-16 20:19:07,032 [DEBUG] h5py._conv: Creating converter from 5 to 7 [3mworker[0m[2m=[0mdoctr
[2m2026-09-16T18:19:07.033050Z[0m [32m INFO[0m [2mpanoptikon::inferio::worker[0m[2m:[0m 2026-09-16 20:19:07,033 [DEBUG] h5py._conv: Creating converter from 7 to 5 [3mworker[0m[2m=[0mdoctr
[2m2026-09-16T18:19:07.033056Z[0m [32m INFO[0m [2mpanoptikon::inferio::worker[0m[2m:[0m 2026-09-16 20:19:07,033 [DEBUG] h5py._conv: Creating converter from 5 to 7 [3mworker[0m[2m=[0mdoctr
[2m2026-09-16T18:19:07.715621Z[0m [32m INFO[0m [2mpanoptikon::inferio::worker[0m[2m:[0m 2026-09-16 20:19:07,715 [INFO] root: Using downloaded & verified file: /Users/moot/.cache/doctr/models/db_resnet50-79bd7d70.pt [3mworker[0m[2m=[0mdoctr
[2m2026-09-16T18:19:07.864745Z[0m [32m INFO[0m [2mpanoptikon::inferio::worker[0m[2m:[0m 2026-09-16 20:19:07,864 [INFO] root: Using downloaded & verified file: /Users/moot/.cache/doctr/models/crnn_mobilenet_v3_small_pt-3b919a02.pt [3mworker[0m[2m=[0mdoctr
[2m2026-09-16T18:19:07.875852Z[0m [34mDEBUG[0m [2mpanoptikon::inferio::worker[0m[2m:[0m worker reported its load footprint [3mworker[0m[2m=[0mdoctr/db_resnet50_crnn_mobilenet_v3_small [3mdtype[0m[2m=[0m"fp32" [3mdtype_method[0m[2m=[0m"inferred" [3mgpu_name[0m[2m=[0m"Apple M3 Max (128 GB)" [3mgpu_arch[0m[2m=[0m"apple-m3" [3mgpu_total_mb[0m[2m=[0m110100 [3mtorch[0m[2m=[0m"2.7.1"
[2m2026-09-16T18:19:07.875896Z[0m [34mDEBUG[0m [2mpanoptikon::inferio::manager[0m[2m:[0m replica loaded [3mmodel[0m[2m=[0mdoctr/db_resnet50_crnn_mobilenet_v3_small [3mreplica[0m[2m=[0m0 [3mdevice[0m[2m=[0m"<unpinned>"
[2m2026-09-16T18:19:07.875910Z[0m [32m INFO[0m [2mpanoptikon::inferio::ledger[0m[2m:[0m this unified-memory device's admission total is now the figure the worker's own runtime reports, which is what its allocations are actually judged against; the probe's seed was a default fraction of host RAM and a raised GPU memory limit moves the real figure well away from it [3mmodel[0m[2m=[0mdoctr/db_resnet50_crnn_mobilenet_v3_small [3mgpu[0m[2m=[0mGPU-MPS [3mseed_total_mb[0m[2m=[0m98304 [3mreported_total_mb[0m[2m=[0m110100 [3mram_mb[0m[2m=[0m131072
[2m2026-09-16T18:19:07.875961Z[0m [34mDEBUG[0m [2mpanoptikon::inferio::ledger[0m[2m:[0m admitted a worker to a GPU's ledger [3mmodel[0m[2m=[0mdoctr/db_resnet50_crnn_mobilenet_v3_small [3mgpu[0m[2m=[0mGPU-MPS [3mreplica[0m[2m=[0m2 [3mbase_mb[0m[2m=[0mNone [3mbase_method[0m[2m=[0m"<none>" [3mreserved_at_load_mb[0m[2m=[0mSome(0) [3mseeded_from_store[0m[2m=[0mfalse
[2m2026-09-16T18:19:07.879269Z[0m [34mDEBUG[0m [2mpanoptikon::inferio::http[0m[2m:[0m processing local inference predict [3mmodel[0m[2m=[0mdoctr/db_resnet50_crnn_mobilenet_v3_small [3minputs[0m[2m=[0m1
[2m2026-09-16T18:19:07.879269Z[0m [34mDEBUG[0m [2mpanoptikon::inferio::http[0m[2m:[0m processing local inference predict [3mmodel[0m[2m=[0mdoctr/db_resnet50_crnn_mobilenet_v3_small [3minputs[0m[2m=[0m1
[2m2026-09-16T18:19:07.879306Z[0m [34mDEBUG[0m [2mpanoptikon::inferio::ledger[0m[2m:[0m issued a memory grant [3mmodel[0m[2m=[0mdoctr/db_resnet50_crnn_mobilenet_v3_small [3mgpu[0m[2m=[0mGPU-MPS [3munit_budget[0m[2m=[0m1 [3mmb[0m[2m=[0m107494 [3mcanvas_pixels[0m[2m=[0mnone [3mshare_mb[0m[2m=[0m107494 [3mroom_mb[0m[2m=[0m107494 [3mheadroom_mb[0m[2m=[0m107494 [3mexternal_mb[0m[2m=[0m22554 [3mreserve_mb[0m[2m=[0m1024 [3mreserve_rule[0m[2m=[0m"capped_default" [3mpre_fit[0m[2m=[0mtrue [3mramp_step[0m[2m=[0m0 [3mdeflation[0m[2m=[0m0 [3msqueezed[0m[2m=[0mfalse [3mwindow_requests[0m[2m=[0m1
[2m2026-09-16T18:19:07.879271Z[0m [34mDEBUG[0m [2mpanoptikon::inferio::http[0m[2m:[0m processing local inference predict [3mmodel[0m[2m=[0mdoctr/db_resnet50_crnn_mobilenet_v3_small [3minputs[0m[2m=[0m1
[2m2026-09-16T18:19:07.879281Z[0m [34mDEBUG[0m [2mpanoptikon::inferio::http[0m[2m:[0m processing local inference predict [3mmodel[0m[2m=[0mdoctr/db_resnet50_crnn_mobilenet_v3_small [3minputs[0m[2m=[0m1
[2m2026-09-16T18:19:07.879393Z[0m [34mDEBUG[0m [2mpanoptikon::inferio::http[0m[2m:[0m processing local inference predict [3mmodel[0m[2m=[0mdoctr/db_resnet50_crnn_mobilenet_v3_small [3minputs[0m[2m=[0m1
[2m2026-09-16T18:19:07.879270Z[0m [34mDEBUG[0m [2mpanoptikon::inferio::http[0m[2m:[0m processing local inference predict [3mmodel[0m[2m=[0mdoctr/db_resnet50_crnn_mobilenet_v3_small [3minputs[0m[2m=[0m1
[2m2026-09-16T18:19:07.879452Z[0m [34mDEBUG[0m [2mpanoptikon::inferio::http[0m[2m:[0m processing local inference predict [3mmodel[0m[2m=[0mdoctr/db_resnet50_crnn_mobilenet_v3_small [3minputs[0m[2m=[0m1
[2m2026-09-16T18:19:07.879673Z[0m [34mDEBUG[0m [2mpanoptikon::inferio::http[0m[2m:[0m processing local inference predict [3mmodel[0m[2m=[0mdoctr/db_resnet50_crnn_mobilenet_v3_small [3minputs[0m[2m=[0m1
[2m2026-09-16T18:19:07.879709Z[0m [34mDEBUG[0m [2mpanoptikon::inferio::http[0m[2m:[0m processing local inference predict [3mmodel[0m[2m=[0mdoctr/db_resnet50_crnn_mobilenet_v3_small [3minputs[0m[2m=[0m1
[2m2026-09-16T18:19:07.879753Z[0m [34mDEBUG[0m [2mpanoptikon::inferio::http[0m[2m:[0m processing local inference predict [3mmodel[0m[2m=[0mdoctr/db_resnet50_crnn_mobilenet_v3_small [3minputs[0m[2m=[0m1
[2m2026-09-16T18:19:07.880113Z[0m [34mDEBUG[0m [2mpanoptikon::inferio::http[0m[2m:[0m processing local inference predict [3mmodel[0m[2m=[0mdoctr/db_resnet50_crnn_mobilenet_v3_small [3minputs[0m[2m=[0m1
[2m2026-09-16T18:19:07.880164Z[0m [34mDEBUG[0m [2mpanoptikon::inferio::http[0m[2m:[0m processing local inference predict [3mmodel[0m[2m=[0mdoctr/db_resnet50_crnn_mobilenet_v3_small [3minputs[0m[2m=[0m1
[2m2026-09-16T18:19:07.880284Z[0m [34mDEBUG[0m [2mpanoptikon::inferio::http[0m[2m:[0m processing local inference predict [3mmodel[0m[2m=[0mdoctr/db_resnet50_crnn_mobilenet_v3_small [3minputs[0m[2m=[0m1
[2m2026-09-16T18:19:07.880321Z[0m [34mDEBUG[0m [2mpanoptikon::inferio::http[0m[2m:[0m processing local inference predict [3mmodel[0m[2m=[0mdoctr/db_resnet50_crnn_mobilenet_v3_small [3minputs[0m[2m=[0m1
[2m2026-09-16T18:19:07.880428Z[0m [34mDEBUG[0m [2mpanoptikon::inferio::http[0m[2m:[0m processing local inference predict [3mmodel[0m[2m=[0mdoctr/db_resnet50_crnn_mobilenet_v3_small [3minputs[0m[2m=[0m1
[2m2026-09-16T18:19:07.880445Z[0m [34mDEBUG[0m [2mpanoptikon::inferio::http[0m[2m:[0m processing local inference predict [3mmodel[0m[2m=[0mdoctr/db_resnet50_crnn_mobilenet_v3_small [3minputs[0m[2m=[0m1
[2m2026-09-16T18:19:07.880439Z[0m [34mDEBUG[0m [2mpanoptikon::inferio::http[0m[2m:[0m processing local inference predict [3mmodel[0m[2m=[0mdoctr/db_resnet50_crnn_mobilenet_v3_small [3minputs[0m[2m=[0m1
[2m2026-09-16T18:19:07.880537Z[0m [34mDEBUG[0m [2mpanoptikon::inferio::http[0m[2m:[0m processing local inference predict [3mmodel[0m[2m=[0mdoctr/db_resnet50_crnn_mobilenet_v3_small [3minputs[0m[2m=[0m1
[2m2026-09-16T18:19:07.880574Z[0m [34mDEBUG[0m [2mpanoptikon::inferio::http[0m[2m:[0m processing local inference predict [3mmodel[0m[2m=[0mdoctr/db_resnet50_crnn_mobilenet_v3_small [3minputs[0m[2m=[0m1
[2m2026-09-16T18:19:07.880594Z[0m [34mDEBUG[0m [2mpanoptikon::inferio::http[0m[2m:[0m processing local inference predict [3mmodel[0m[2m=[0mdoctr/db_resnet50_crnn_mobilenet_v3_small [3minputs[0m[2m=[0m1
[2m2026-09-16T18:19:07.880625Z[0m [34mDEBUG[0m [2mpanoptikon::inferio::http[0m[2m:[0m processing local inference predict [3mmodel[0m[2m=[0mdoctr/db_resnet50_crnn_mobilenet_v3_small [3minputs[0m[2m=[0m1
[2m2026-09-16T18:19:07.880645Z[0m [34mDEBUG[0m [2mpanoptikon::inferio::http[0m[2m:[0m processing local inference predict [3mmodel[0m[2m=[0mdoctr/db_resnet50_crnn_mobilenet_v3_small [3minputs[0m[2m=[0m1
[2m2026-09-16T18:19:07.880724Z[0m [34mDEBUG[0m [2mpanoptikon::inferio::http[0m[2m:[0m processing local inference predict [3mmodel[0m[2m=[0mdoctr/db_resnet50_crnn_mobilenet_v3_small [3minputs[0m[2m=[0m1
[2m2026-09-16T18:19:07.880867Z[0m [34mDEBUG[0m [2mpanoptikon::inferio::http[0m[2m:[0m processing local inference predict [3mmodel[0m[2m=[0mdoctr/db_resnet50_crnn_mobilenet_v3_small [3minputs[0m[2m=[0m1
[2m2026-09-16T18:19:07.880945Z[0m [34mDEBUG[0m [2mpanoptikon::inferio::http[0m[2m:[0m processing local inference predict [3mmodel[0m[2m=[0mdoctr/db_resnet50_crnn_mobilenet_v3_small [3minputs[0m[2m=[0m1
[2m2026-09-16T18:19:07.880963Z[0m [34mDEBUG[0m [2mpanoptikon::inferio::http[0m[2m:[0m processing local inference predict [3mmodel[0m[2m=[0mdoctr/db_resnet50_crnn_mobilenet_v3_small [3minputs[0m[2m=[0m1
[2m2026-09-16T18:19:07.880987Z[0m [34mDEBUG[0m [2mpanoptikon::inferio::http[0m[2m:[0m processing local inference predict [3mmodel[0m[2m=[0mdoctr/db_resnet50_crnn_mobilenet_v3_small [3minputs[0m[2m=[0m1
[2m2026-09-16T18:19:07.881029Z[0m [34mDEBUG[0m [2mpanoptikon::inferio::http[0m[2m:[0m processing local inference predict [3mmodel[0m[2m=[0mdoctr/db_resnet50_crnn_mobilenet_v3_small [3minputs[0m[2m=[0m1
[2m2026-09-16T18:19:07.881060Z[0m [34mDEBUG[0m [2mpanoptikon::inferio::http[0m[2m:[0m processing local inference predict [3mmodel[0m[2m=[0mdoctr/db_resnet50_crnn_mobilenet_v3_small [3minputs[0m[2m=[0m1
[2m2026-09-16T18:19:07.881486Z[0m [34mDEBUG[0m [2mpanoptikon::inferio::http[0m[2m:[0m processing local inference predict [3mmodel[0m[2m=[0mdoctr/db_resnet50_crnn_mobilenet_v3_small [3minputs[0m[2m=[0m1
[2m2026-09-16T18:19:07.881706Z[0m [34mDEBUG[0m [2mpanoptikon::inferio::http[0m[2m:[0m processing local inference predict [3mmodel[0m[2m=[0mdoctr/db_resnet50_crnn_mobilenet_v3_small [3minputs[0m[2m=[0m1
[2m2026-09-16T18:19:07.881756Z[0m [34mDEBUG[0m [2mpanoptikon::inferio::http[0m[2m:[0m processing local inference predict [3mmodel[0m[2m=[0mdoctr/db_resnet50_crnn_mobilenet_v3_small [3minputs[0m[2m=[0m1
[2m2026-09-16T18:19:07.881757Z[0m [34mDEBUG[0m [2mpanoptikon::inferio::http[0m[2m:[0m processing local inference predict [3mmodel[0m[2m=[0mdoctr/db_resnet50_crnn_mobilenet_v3_small [3minputs[0m[2m=[0m1
[2m2026-09-16T18:19:07.881774Z[0m [34mDEBUG[0m [2mpanoptikon::inferio::http[0m[2m:[0m processing local inference predict [3mmodel[0m[2m=[0mdoctr/db_resnet50_crnn_mobilenet_v3_small [3minputs[0m[2m=[0m1
[2m2026-09-16T18:19:07.881806Z[0m [34mDEBUG[0m [2mpanoptikon::inferio::http[0m[2m:[0m processing local inference predict [3mmodel[0m[2m=[0mdoctr/db_resnet50_crnn_mobilenet_v3_small [3minputs[0m[2m=[0m1
[2m2026-09-16T18:19:07.881821Z[0m [34mDEBUG[0m [2mpanoptikon::inferio::http[0m[2m:[0m processing local inference predict [3mmodel[0m[2m=[0mdoctr/db_resnet50_crnn_mobilenet_v3_small [3minputs[0m[2m=[0m1
[2m2026-09-16T18:19:07.881865Z[0m [34mDEBUG[0m [2mpanoptikon::inferio::http[0m[2m:[0m processing local inference predict [3mmodel[0m[2m=[0mdoctr/db_resnet50_crnn_mobilenet_v3_small [3minputs[0m[2m=[0m1
[2m2026-09-16T18:19:07.881884Z[0m [34mDEBUG[0m [2mpanoptikon::inferio::http[0m[2m:[0m processing local inference predict [3mmodel[0m[2m=[0mdoctr/db_resnet50_crnn_mobilenet_v3_small [3minputs[0m[2m=[0m1
[2m2026-09-16T18:19:07.881933Z[0m [34mDEBUG[0m [2mpanoptikon::inferio::http[0m[2m:[0m processing local inference predict [3mmodel[0m[2m=[0mdoctr/db_resnet50_crnn_mobilenet_v3_small [3minputs[0m[2m=[0m1
[2m2026-09-16T18:19:07.881952Z[0m [34mDEBUG[0m [2mpanoptikon::inferio::http[0m[2m:[0m processing local inference predict [3mmodel[0m[2m=[0mdoctr/db_resnet50_crnn_mobilenet_v3_small [3minputs[0m[2m=[0m1
[2m2026-09-16T18:19:07.881969Z[0m [34mDEBUG[0m [2mpanoptikon::inferio::http[0m[2m:[0m processing local inference predict [3mmodel[0m[2m=[0mdoctr/db_resnet50_crnn_mobilenet_v3_small [3minputs[0m[2m=[0m1
[2m2026-09-16T18:19:07.881983Z[0m [34mDEBUG[0m [2mpanoptikon::inferio::http[0m[2m:[0m processing local inference predict [3mmodel[0m[2m=[0mdoctr/db_resnet50_crnn_mobilenet_v3_small [3minputs[0m[2m=[0m1
[2m2026-09-16T18:19:07.881994Z[0m [34mDEBUG[0m [2mpanoptikon::inferio::http[0m[2m:[0m processing local inference predict [3mmodel[0m[2m=[0mdoctr/db_resnet50_crnn_mobilenet_v3_small [3minputs[0m[2m=[0m1
[2m2026-09-16T18:19:07.882017Z[0m [34mDEBUG[0m [2mpanoptikon::inferio::http[0m[2m:[0m processing local inference predict [3mmodel[0m[2m=[0mdoctr/db_resnet50_crnn_mobilenet_v3_small [3minputs[0m[2m=[0m1
[2m2026-09-16T18:19:07.882036Z[0m [34mDEBUG[0m [2mpanoptikon::inferio::http[0m[2m:[0m processing local inference predict [3mmodel[0m[2m=[0mdoctr/db_resnet50_crnn_mobilenet_v3_small [3minputs[0m[2m=[0m1
[2m2026-09-16T18:19:07.882067Z[0m [34mDEBUG[0m [2mpanoptikon::inferio::http[0m[2m:[0m processing local inference predict [3mmodel[0m[2m=[0mdoctr/db_resnet50_crnn_mobilenet_v3_small [3minputs[0m[2m=[0m1
[2m2026-09-16T18:19:07.882088Z[0m [34mDEBUG[0m [2mpanoptikon::inferio::http[0m[2m:[0m processing local inference predict [3mmodel[0m[2m=[0mdoctr/db_resnet50_crnn_mobilenet_v3_small [3minputs[0m[2m=[0m1
[2m2026-09-16T18:19:07.882145Z[0m [34mDEBUG[0m [2mpanoptikon::inferio::http[0m[2m:[0m processing local inference predict [3mmodel[0m[2m=[0mdoctr/db_resnet50_crnn_mobilenet_v3_small [3minputs[0m[2m=[0m1
[2m2026-09-16T18:19:07.882274Z[0m [34mDEBUG[0m [2mpanoptikon::inferio::http[0m[2m:[0m processing local inference predict [3mmodel[0m[2m=[0mdoctr/db_resnet50_crnn_mobilenet_v3_small [3minputs[0m[2m=[0m1
[2m2026-09-16T18:19:07.882281Z[0m [34mDEBUG[0m [2mpanoptikon::inferio::http[0m[2m:[0m processing local inference predict [3mmodel[0m[2m=[0mdoctr/db_resnet50_crnn_mobilenet_v3_small [3minputs[0m[2m=[0m1
[2m2026-09-16T18:19:07.882304Z[0m [34mDEBUG[0m [2mpanoptikon::inferio::http[0m[2m:[0m processing local inference predict [3mmodel[0m[2m=[0mdoctr/db_resnet50_crnn_mobilenet_v3_small [3minputs[0m[2m=[0m1
[2m2026-09-16T18:19:07.882524Z[0m [34mDEBUG[0m [2mpanoptikon::inferio::http[0m[2m:[0m processing local inference predict [3mmodel[0m[2m=[0mdoctr/db_resnet50_crnn_mobilenet_v3_small [3minputs[0m[2m=[0m1
[2m2026-09-16T18:19:07.882651Z[0m [34mDEBUG[0m [2mpanoptikon::inferio::http[0m[2m:[0m processing local inference predict [3mmodel[0m[2m=[0mdoctr/db_resnet50_crnn_mobilenet_v3_small [3minputs[0m[2m=[0m1
[2m2026-09-16T18:19:07.882653Z[0m [34mDEBUG[0m [2mpanoptikon::inferio::http[0m[2m:[0m processing local inference predict [3mmodel[0m[2m=[0mdoctr/db_resnet50_crnn_mobilenet_v3_small [3minputs[0m[2m=[0m1
[2m2026-09-16T18:19:07.882655Z[0m [34mDEBUG[0m [2mpanoptikon::inferio::http[0m[2m:[0m processing local inference predict [3mmodel[0m[2m=[0mdoctr/db_resnet50_crnn_mobilenet_v3_small [3minputs[0m[2m=[0m1
[2m2026-09-16T18:19:07.882701Z[0m [34mDEBUG[0m [2mpanoptikon::inferio::http[0m[2m:[0m processing local inference predict [3mmodel[0m[2m=[0mdoctr/db_resnet50_crnn_mobilenet_v3_small [3minputs[0m[2m=[0m1
[2m2026-09-16T18:19:07.882790Z[0m [34mDEBUG[0m [2mpanoptikon::inferio::http[0m[2m:[0m processing local inference predict [3mmodel[0m[2m=[0mdoctr/db_resnet50_crnn_mobilenet_v3_small [3minputs[0m[2m=[0m1
[2m2026-09-16T18:19:07.882801Z[0m [34mDEBUG[0m [2mpanoptikon::inferio::http[0m[2m:[0m processing local inference predict [3mmodel[0m[2m=[0mdoctr/db_resnet50_crnn_mobilenet_v3_small [3minputs[0m[2m=[0m1
[2m2026-09-16T18:19:07.882833Z[0m [34mDEBUG[0m [2mpanoptikon::inferio::http[0m[2m:[0m processing local inference predict [3mmodel[0m[2m=[0mdoctr/db_resnet50_crnn_mobilenet_v3_small [3minputs[0m[2m=[0m1
[2m2026-09-16T18:19:07.882882Z[0m [34mDEBUG[0m [2mpanoptikon::inferio::http[0m[2m:[0m processing local inference predict [3mmodel[0m[2m=[0mdoctr/db_resnet50_crnn_mobilenet_v3_small [3minputs[0m[2m=[0m1
[2m2026-09-16T18:19:07.882933Z[0m [34mDEBUG[0m [2mpanoptikon::inferio::http[0m[2m:[0m processing local inference predict [3mmodel[0m[2m=[0mdoctr/db_resnet50_crnn_mobilenet_v3_small [3minputs[0m[2m=[0m1
[2m2026-09-16T18:19:07.882933Z[0m [34mDEBUG[0m [2mpanoptikon::inferio::http[0m[2m:[0m processing local inference predict [3mmodel[0m[2m=[0mdoctr/db_resnet50_crnn_mobilenet_v3_small [3minputs[0m[2m=[0m1
[2m2026-09-16T18:19:07.883003Z[0m [34mDEBUG[0m [2mpanoptikon::inferio::http[0m[2m:[0m processing local inference predict [3mmodel[0m[2m=[0mdoctr/db_resnet50_crnn_mobilenet_v3_small [3minputs[0m[2m=[0m1
[2m2026-09-16T18:19:07.883070Z[0m [34mDEBUG[0m [2mpanoptikon::inferio::http[0m[2m:[0m processing local inference predict [3mmodel[0m[2m=[0mdoctr/db_resnet50_crnn_mobilenet_v3_small [3minputs[0m[2m=[0m1
[2m2026-09-16T18:19:08.423824Z[0m [34mDEBUG[0m [2mpanoptikon::inferio::ledger[0m[2m:[0m skipped the calibration store update: the worker reported no load footprint [3mmodel[0m[2m=[0mdoctr/db_resnet50_crnn_mobilenet_v3_small [3mgpu[0m[2m=[0mGPU-MPS [3mreason[0m[2m=[0m"no_base"
[2m2026-09-16T18:19:08.423847Z[0m [34mDEBUG[0m [2mpanoptikon::inferio::ledger[0m[2m:[0m settled a granted window [3mmodel[0m[2m=[0mdoctr/db_resnet50_crnn_mobilenet_v3_small [3mgpu[0m[2m=[0mGPU-MPS [3moutcome[0m[2m=[0m"clean" [3mfit_samples[0m[2m=[0m1 [3mthroughput_samples[0m[2m=[0m1 [3mclamped_samples[0m[2m=[0m0 [3mclamped[0m[2m=[0mnone [3mramp_step[0m[2m=[0m0 [3mdeflation[0m[2m=[0m0 [3mclean_windows[0m[2m=[0m1 [3mmax_units_measured[0m[2m=[0m1
[2m2026-09-16T18:19:08.423881Z[0m [34mDEBUG[0m [2mpanoptikon::inferio::ledger[0m[2m:[0m issued a memory grant [3mmodel[0m[2m=[0mdoctr/db_resnet50_crnn_mobilenet_v3_small [3mgpu[0m[2m=[0mGPU-MPS [3munit_budget[0m[2m=[0m2 [3mmb[0m[2m=[0m106978 [3mcanvas_pixels[0m[2m=[0mnone [3mshare_mb[0m[2m=[0m106978 [3mroom_mb[0m[2m=[0m106978 [3mheadroom_mb[0m[2m=[0m106978 [3mexternal_mb[0m[2m=[0m23070 [3mreserve_mb[0m[2m=[0m1024 [3mreserve_rule[0m[2m=[0m"capped_default" [3mpre_fit[0m[2m=[0mtrue [3mramp_step[0m[2m=[0m0 [3mdeflation[0m[2m=[0m0 [3msqueezed[0m[2m=[0mfalse [3mwindow_requests[0m[2m=[0m6
[2m2026-09-16T18:19:08.424388Z[0m [34mDEBUG[0m [2mpanoptikon::inferio::http[0m[2m:[0m processing local inference predict [3mmodel[0m[2m=[0mdoctr/db_resnet50_crnn_mobilenet_v3_small [3minputs[0m[2m=[0m1
[2m2026-09-16T18:19:08.425108Z[0m [34mDEBUG[0m [2mpanoptikon::inferio::http[0m[2m:[0m processing local inference predict [3mmodel[0m[2m=[0mdoctr/db_resnet50_crnn_mobilenet_v3_small [3minputs[0m[2m=[0m1
[2m2026-09-16T18:19:08.425179Z[0m [34mDEBUG[0m [2mpanoptikon::inferio::http[0m[2m:[0m processing local inference predict [3mmodel[0m[2m=[0mdoctr/db_resnet50_crnn_mobilenet_v3_small [3minputs[0m[2m=[0m1
[2m2026-09-16T18:19:08.425230Z[0m [34mDEBUG[0m [2mpanoptikon::inferio::http[0m[2m:[0m processing local inference predict [3mmodel[0m[2m=[0mdoctr/db_resnet50_crnn_mobilenet_v3_small [3minputs[0m[2m=[0m1
[2m2026-09-16T18:19:08.425265Z[0m [34mDEBUG[0m [2mpanoptikon::inferio::http[0m[2m:[0m processing local inference predict [3mmodel[0m[2m=[0mdoctr/db_resnet50_crnn_mobilenet_v3_small [3minputs[0m[2m=[0m1
[2m2026-09-16T18:19:08.425277Z[0m [34mDEBUG[0m [2mpanoptikon::inferio::http[0m[2m:[0m processing local inference predict [3mmodel[0m[2m=[0mdoctr/db_resnet50_crnn_mobilenet_v3_small [3minputs[0m[2m=[0m1
[2m2026-09-16T18:19:08.425295Z[0m [34mDEBUG[0m [2mpanoptikon::inferio::http[0m[2m:[0m processing local inference predict [3mmodel[0m[2m=[0mdoctr/db_resnet50_crnn_mobilenet_v3_small [3minputs[0m[2m=[0m1
[2m2026-09-16T18:19:08.425436Z[0m [34mDEBUG[0m [2mpanoptikon::inferio::http[0m[2m:[0m processing local inference predict [3mmodel[0m[2m=[0mdoctr/db_resnet50_crnn_mobilenet_v3_small [3minputs[0m[2m=[0m1
[2m2026-09-16T18:19:08.425446Z[0m [34mDEBUG[0m [2mpanoptikon::inferio::http[0m[2m:[0m processing local inference predict [3mmodel[0m[2m=[0mdoctr/db_resnet50_crnn_mobilenet_v3_small [3minputs[0m[2m=[0m1
[2m2026-09-16T18:19:08.425772Z[0m [34mDEBUG[0m [2mpanoptikon::inferio::http[0m[2m:[0m processing local inference predict [3mmodel[0m[2m=[0mdoctr/db_resnet50_crnn_mobilenet_v3_small [3minputs[0m[2m=[0m1
[2m2026-09-16T18:19:08.425789Z[0m [34mDEBUG[0m [2mpanoptikon::inferio::http[0m[2m:[0m processing local inference predict [3mmodel[0m[2m=[0mdoctr/db_resnet50_crnn_mobilenet_v3_small [3minputs[0m[2m=[0m1
[2m2026-09-16T18:19:08.425793Z[0m [34mDEBUG[0m [2mpanoptikon::inferio::http[0m[2m:[0m processing local inference predict [3mmodel[0m[2m=[0mdoctr/db_resnet50_crnn_mobilenet_v3_small [3minputs[0m[2m=[0m1
[2m2026-09-16T18:19:08.425837Z[0m [34mDEBUG[0m [2mpanoptikon::inferio::http[0m[2m:[0m processing local inference predict [3mmodel[0m[2m=[0mdoctr/db_resnet50_crnn_mobilenet_v3_small [3minputs[0m[2m=[0m1
[2m2026-09-16T18:19:08.425900Z[0m [34mDEBUG[0m [2mpanoptikon::inferio::http[0m[2m:[0m processing local inference predict [3mmodel[0m[2m=[0mdoctr/db_resnet50_crnn_mobilenet_v3_small [3minputs[0m[2m=[0m1
[2m2026-09-16T18:19:08.425923Z[0m [34mDEBUG[0m [2mpanoptikon::inferio::http[0m[2m:[0m processing local inference predict [3mmodel[0m[2m=[0mdoctr/db_resnet50_crnn_mobilenet_v3_small [3minputs[0m[2m=[0m1
[2m2026-09-16T18:19:08.425948Z[0m [34mDEBUG[0m [2mpanoptikon::inferio::http[0m[2m:[0m processing local inference predict [3mmodel[0m[2m=[0mdoctr/db_resnet50_crnn_mobilenet_v3_small [3minputs[0m[2m=[0m1
[2m2026-09-16T18:19:08.425955Z[0m [34mDEBUG[0m [2mpanoptikon::inferio::http[0m[2m:[0m processing local inference predict [3mmodel[0m[2m=[0mdoctr/db_resnet50_crnn_mobilenet_v3_small [3minputs[0m[2m=[0m1
[2m2026-09-16T18:19:08.426380Z[0m [34mDEBUG[0m [2mpanoptikon::inferio::http[0m[2m:[0m processing local inference predict [3mmodel[0m[2m=[0mdoctr/db_resnet50_crnn_mobilenet_v3_small [3minputs[0m[2m=[0m1
[2m2026-09-16T18:19:08.426382Z[0m [34mDEBUG[0m [2mpanoptikon::inferio::http[0m[2m:[0m processing local inference predict [3mmodel[0m[2m=[0mdoctr/db_resnet50_crnn_mobilenet_v3_small [3minputs[0m[2m=[0m1
[2m2026-09-16T18:19:08.426401Z[0m [34mDEBUG[0m [2mpanoptikon::inferio::http[0m[2m:[0m processing local inference predict [3mmodel[0m[2m=[0mdoctr/db_resnet50_crnn_mobilenet_v3_small [3minputs[0m[2m=[0m1
[2m2026-09-16T18:19:08.426407Z[0m [34mDEBUG[0m [2mpanoptikon::inferio::http[0m[2m:[0m processing local inference predict [3mmodel[0m[2m=[0mdoctr/db_resnet50_crnn_mobilenet_v3_small [3minputs[0m[2m=[0m1
[2m2026-09-16T18:19:08.426499Z[0m [34mDEBUG[0m [2mpanoptikon::inferio::http[0m[2m:[0m processing local inference predict [3mmodel[0m[2m=[0mdoctr/db_resnet50_crnn_mobilenet_v3_small [3minputs[0m[2m=[0m1
[2m2026-09-16T18:19:08.426514Z[0m [34mDEBUG[0m [2mpanoptikon::inferio::http[0m[2m:[0m processing local inference predict [3mmodel[0m[2m=[0mdoctr/db_resnet50_crnn_mobilenet_v3_small [3minputs[0m[2m=[0m1
[2m2026-09-16T18:19:08.426527Z[0m [34mDEBUG[0m [2mpanoptikon::inferio::http[0m[2m:[0m processing local inference predict [3mmodel[0m[2m=[0mdoctr/db_resnet50_crnn_mobilenet_v3_small [3minputs[0m[2m=[0m1
[2m2026-09-16T18:19:08.426549Z[0m [34mDEBUG[0m [2mpanoptikon::inferio::http[0m[2m:[0m processing local inference predict [3mmodel[0m[2m=[0mdoctr/db_resnet50_crnn_mobilenet_v3_small [3minputs[0m[2m=[0m1
[2m2026-09-16T18:19:08.426710Z[0m [34mDEBUG[0m [2mpanoptikon::inferio::http[0m[2m:[0m processing local inference predict [3mmodel[0m[2m=[0mdoctr/db_resnet50_crnn_mobilenet_v3_small [3minputs[0m[2m=[0m1
[2m2026-09-16T18:19:08.426746Z[0m [34mDEBUG[0m [2mpanoptikon::inferio::http[0m[2m:[0m processing local inference predict [3mmodel[0m[2m=[0mdoctr/db_resnet50_crnn_mobilenet_v3_small [3minputs[0m[2m=[0m1
[2m2026-09-16T18:19:08.426815Z[0m [34mDEBUG[0m [2mpanoptikon::inferio::http[0m[2m:[0m processing local inference predict [3mmodel[0m[2m=[0mdoctr/db_resnet50_crnn_mobilenet_v3_small [3minputs[0m[2m=[0m1
[2m2026-09-16T18:19:08.426843Z[0m [34mDEBUG[0m [2mpanoptikon::inferio::http[0m[2m:[0m processing local inference predict [3mmodel[0m[2m=[0mdoctr/db_resnet50_crnn_mobilenet_v3_small [3minputs[0m[2m=[0m1
[2m2026-09-16T18:19:08.426849Z[0m [34mDEBUG[0m [2mpanoptikon::inferio::http[0m[2m:[0m processing local inference predict [3mmodel[0m[2m=[0mdoctr/db_resnet50_crnn_mobilenet_v3_small [3minputs[0m[2m=[0m1
[2m2026-09-16T18:19:08.426871Z[0m [34mDEBUG[0m [2mpanoptikon::inferio::http[0m[2m:[0m processing local inference predict [3mmodel[0m[2m=[0mdoctr/db_resnet50_crnn_mobilenet_v3_small [3minputs[0m[2m=[0m1
[2m2026-09-16T18:19:08.426871Z[0m [34mDEBUG[0m [2mpanoptikon::inferio::http[0m[2m:[0m processing local inference predict [3mmodel[0m[2m=[0mdoctr/db_resnet50_crnn_mobilenet_v3_small [3minputs[0m[2m=[0m1
[2m2026-09-16T18:19:08.426891Z[0m [34mDEBUG[0m [2mpanoptikon::inferio::http[0m[2m:[0m processing local inference predict [3mmodel[0m[2m=[0mdoctr/db_resnet50_crnn_mobilenet_v3_small [3minputs[0m[2m=[0m1
[2m2026-09-16T18:19:08.426925Z[0m [34mDEBUG[0m [2mpanoptikon::inferio::http[0m[2m:[0m processing local inference predict [3mmodel[0m[2m=[0mdoctr/db_resnet50_crnn_mobilenet_v3_small [3minputs[0m[2m=[0m1
[2m2026-09-16T18:19:08.426973Z[0m [34mDEBUG[0m [2mpanoptikon::inferio::http[0m[2m:[0m processing local inference predict [3mmodel[0m[2m=[0mdoctr/db_resnet50_crnn_mobilenet_v3_small [3minputs[0m[2m=[0m1
[2m2026-09-16T18:19:08.426936Z[0m [34mDEBUG[0m [2mpanoptikon::inferio::http[0m[2m:[0m processing local inference predict [3mmodel[0m[2m=[0mdoctr/db_resnet50_crnn_mobilenet_v3_small [3minputs[0m[2m=[0m1
[2m2026-09-16T18:19:08.427029Z[0m [34mDEBUG[0m [2mpanoptikon::inferio::http[0m[2m:[0m processing local inference predict [3mmodel[0m[2m=[0mdoctr/db_resnet50_crnn_mobilenet_v3_small [3minputs[0m[2m=[0m1
[2m2026-09-16T18:19:08.427035Z[0m [34mDEBUG[0m [2mpanoptikon::inferio::http[0m[2m:[0m processing local inference predict [3mmodel[0m[2m=[0mdoctr/db_resnet50_crnn_mobilenet_v3_small [3minputs[0m[2m=[0m1
[2m2026-09-16T18:19:08.427047Z[0m [34mDEBUG[0m [2mpanoptikon::inferio::http[0m[2m:[0m processing local inference predict [3mmodel[0m[2m=[0mdoctr/db_resnet50_crnn_mobilenet_v3_small [3minputs[0m[2m=[0m1
[2m2026-09-16T18:19:08.427054Z[0m [34mDEBUG[0m [2mpanoptikon::inferio::http[0m[2m:[0m processing local inference predict [3mmodel[0m[2m=[0mdoctr/db_resnet50_crnn_mobilenet_v3_small [3minputs[0m[2m=[0m1
[2m2026-09-16T18:19:08.427055Z[0m [34mDEBUG[0m [2mpanoptikon::inferio::http[0m[2m:[0m processing local inference predict [3mmodel[0m[2m=[0mdoctr/db_resnet50_crnn_mobilenet_v3_small [3minputs[0m[2m=[0m1
[2m2026-09-16T18:19:08.427102Z[0m [34mDEBUG[0m [2mpanoptikon::inferio::http[0m[2m:[0m processing local inference predict [3mmodel[0m[2m=[0mdoctr/db_resnet50_crnn_mobilenet_v3_small [3minputs[0m[2m=[0m1
[2m2026-09-16T18:19:08.427179Z[0m [34mDEBUG[0m [2mpanoptikon::inferio::http[0m[2m:[0m processing local inference predict [3mmodel[0m[2m=[0mdoctr/db_resnet50_crnn_mobilenet_v3_small [3minputs[0m[2m=[0m1
[2m2026-09-16T18:19:08.427228Z[0m [34mDEBUG[0m [2mpanoptikon::inferio::http[0m[2m:[0m processing local inference predict [3mmodel[0m[2m=[0mdoctr/db_resnet50_crnn_mobilenet_v3_small [3minputs[0m[2m=[0m1
[2m2026-09-16T18:19:08.427268Z[0m [34mDEBUG[0m [2mpanoptikon::inferio::http[0m[2m:[0m processing local inference predict [3mmodel[0m[2m=[0mdoctr/db_resnet50_crnn_mobilenet_v3_small [3minputs[0m[2m=[0m1
[2m2026-09-16T18:19:08.427294Z[0m [34mDEBUG[0m [2mpanoptikon::inferio::http[0m[2m:[0m processing local inference predict [3mmodel[0m[2m=[0mdoctr/db_resnet50_crnn_mobilenet_v3_small [3minputs[0m[2m=[0m1
[2m2026-09-16T18:19:08.427383Z[0m [34mDEBUG[0m [2mpanoptikon::inferio::http[0m[2m:[0m processing local inference predict [3mmodel[0m[2m=[0mdoctr/db_resnet50_crnn_mobilenet_v3_small [3minputs[0m[2m=[0m1
[2m2026-09-16T18:19:08.427384Z[0m [34mDEBUG[0m [2mpanoptikon::inferio::http[0m[2m:[0m processing local inference predict [3mmodel[0m[2m=[0mdoctr/db_resnet50_crnn_mobilenet_v3_small [3minputs[0m[2m=[0m1
[2m2026-09-16T18:19:08.427460Z[0m [34mDEBUG[0m [2mpanoptikon::inferio::http[0m[2m:[0m processing local inference predict [3mmodel[0m[2m=[0mdoctr/db_resnet50_crnn_mobilenet_v3_small [3minputs[0m[2m=[0m1
[2m2026-09-16T18:19:08.427538Z[0m [34mDEBUG[0m [2mpanoptikon::inferio::http[0m[2m:[0m processing local inference predict [3mmodel[0m[2m=[0mdoctr/db_resnet50_crnn_mobilenet_v3_small [3minputs[0m[2m=[0m4
[2m2026-09-16T18:19:08.427790Z[0m [34mDEBUG[0m [2mpanoptikon::inferio::http[0m[2m:[0m processing local inference predict [3mmodel[0m[2m=[0mdoctr/db_resnet50_crnn_mobilenet_v3_small [3minputs[0m[2m=[0m1
[2m2026-09-16T18:19:08.427805Z[0m [34mDEBUG[0m [2mpanoptikon::inferio::http[0m[2m:[0m processing local inference predict [3mmodel[0m[2m=[0mdoctr/db_resnet50_crnn_mobilenet_v3_small [3minputs[0m[2m=[0m1
[2m2026-09-16T18:19:08.427810Z[0m [34mDEBUG[0m [2mpanoptikon::inferio::http[0m[2m:[0m processing local inference predict [3mmodel[0m[2m=[0mdoctr/db_resnet50_crnn_mobilenet_v3_small [3minputs[0m[2m=[0m1
[2m2026-09-16T18:19:08.427841Z[0m [34mDEBUG[0m [2mpanoptikon::inferio::http[0m[2m:[0m processing local inference predict [3mmodel[0m[2m=[0mdoctr/db_resnet50_crnn_mobilenet_v3_small [3minputs[0m[2m=[0m1
[2m2026-09-16T18:19:08.427878Z[0m [34mDEBUG[0m [2mpanoptikon::inferio::http[0m[2m:[0m processing local inference predict [3mmodel[0m[2m=[0mdoctr/db_resnet50_crnn_mobilenet_v3_small [3minputs[0m[2m=[0m1
[2m2026-09-16T18:19:08.427898Z[0m [34mDEBUG[0m [2mpanoptikon::inferio::http[0m[2m:[0m processing local inference predict [3mmodel[0m[2m=[0mdoctr/db_resnet50_crnn_mobilenet_v3_small [3minputs[0m[2m=[0m1
[2m2026-09-16T18:19:08.427919Z[0m [34mDEBUG[0m [2mpanoptikon::inferio::http[0m[2m:[0m processing local inference predict [3mmodel[0m[2m=[0mdoctr/db_resnet50_crnn_mobilenet_v3_small [3minputs[0m[2m=[0m1
[2m2026-09-16T18:19:08.427928Z[0m [34mDEBUG[0m [2mpanoptikon::inferio::http[0m[2m:[0m processing local inference predict [3mmodel[0m[2m=[0mdoctr/db_resnet50_crnn_mobilenet_v3_small [3minputs[0m[2m=[0m1
[2m2026-09-16T18:19:08.427924Z[0m [34mDEBUG[0m [2mpanoptikon::inferio::http[0m[2m:[0m processing local inference predict [3mmodel[0m[2m=[0mdoctr/db_resnet50_crnn_mobilenet_v3_small [3minputs[0m[2m=[0m1
[2m2026-09-16T18:19:08.427925Z[0m [34mDEBUG[0m [2mpanoptikon::inferio::http[0m[2m:[0m processing local inference predict [3mmodel[0m[2m=[0mdoctr/db_resnet50_crnn_mobilenet_v3_small [3minputs[0m[2m=[0m1
[2m2026-09-16T18:19:08.427969Z[0m [34mDEBUG[0m [2mpanoptikon::inferio::http[0m[2m:[0m processing local inference predict [3mmodel[0m[2m=[0mdoctr/db_resnet50_crnn_mobilenet_v3_small [3minputs[0m[2m=[0m1
[2m2026-09-16T18:19:08.428033Z[0m [34mDEBUG[0m [2mpanoptikon::inferio::http[0m[2m:[0m processing local inference predict [3mmodel[0m[2m=[0mdoctr/db_resnet50_crnn_mobilenet_v3_small [3minputs[0m[2m=[0m1
[2m2026-09-16T18:19:08.428053Z[0m [34mDEBUG[0m [2mpanoptikon::inferio::http[0m[2m:[0m processing local inference predict [3mmodel[0m[2m=[0mdoctr/db_resnet50_crnn_mobilenet_v3_small [3minputs[0m[2m=[0m1
[2m2026-09-16T18:19:08.428129Z[0m [34mDEBUG[0m [2mpanoptikon::inferio::http[0m[2m:[0m processing local inference predict [3mmodel[0m[2m=[0mdoctr/db_resnet50_crnn_mobilenet_v3_small [3minputs[0m[2m=[0m1
[2m2026-09-16T18:19:08.428267Z[0m [34mDEBUG[0m [2mpanoptikon::inferio::http[0m[2m:[0m processing local inference predict [3mmodel[0m[2m=[0mdoctr/db_resnet50_crnn_mobilenet_v3_small [3minputs[0m[2m=[0m4
[2m2026-09-16T18:19:08.428300Z[0m [34mDEBUG[0m [2mpanoptikon::inferio::http[0m[2m:[0m processing local inference predict [3mmodel[0m[2m=[0mdoctr/db_resnet50_crnn_mobilenet_v3_small [3minputs[0m[2m=[0m1
[2m2026-09-16T18:19:08.428323Z[0m [34mDEBUG[0m [2mpanoptikon::inferio::http[0m[2m:[0m processing local inference predict [3mmodel[0m[2m=[0mdoctr/db_resnet50_crnn_mobilenet_v3_small [3minputs[0m[2m=[0m1
[2m2026-09-16T18:19:08.428361Z[0m [34mDEBUG[0m [2mpanoptikon::inferio::http[0m[2m:[0m processing local inference predict [3mmodel[0m[2m=[0mdoctr/db_resnet50_crnn_mobilenet_v3_small [3minputs[0m[2m=[0m1
[2m2026-09-16T18:19:08.428365Z[0m [34mDEBUG[0m [2mpanoptikon::inferio::http[0m[2m:[0m processing local inference predict [3mmodel[0m[2m=[0mdoctr/db_resnet50_crnn_mobilenet_v3_small [3minputs[0m[2m=[0m1
[2m2026-09-16T18:19:08.428374Z[0m [34mDEBUG[0m [2mpanoptikon::inferio::http[0m[2m:[0m processing local inference predict [3mmodel[0m[2m=[0mdoctr/db_resnet50_crnn_mobilenet_v3_small [3minputs[0m[2m=[0m1
[2m2026-09-16T18:19:08.428384Z[0m [34mDEBUG[0m [2mpanoptikon::inferio::http[0m[2m:[0m processing local inference predict [3mmodel[0m[2m=[0mdoctr/db_resnet50_crnn_mobilenet_v3_small [3minputs[0m[2m=[0m1
[2m2026-09-16T18:19:08.428385Z[0m [34mDEBUG[0m [2mpanoptikon::inferio::http[0m[2m:[0m processing local inference predict [3mmodel[0m[2m=[0mdoctr/db_resnet50_crnn_mobilenet_v3_small [3minputs[0m[2m=[0m1
[2m2026-09-16T18:19:08.428390Z[0m [34mDEBUG[0m [2mpanoptikon::inferio::http[0m[2m:[0m processing local inference predict [3mmodel[0m[2m=[0mdoctr/db_resnet50_crnn_mobilenet_v3_small [3minputs[0m[2m=[0m1
[2m2026-09-16T18:19:08.428408Z[0m [34mDEBUG[0m [2mpanoptikon::inferio::http[0m[2m:[0m processing local inference predict [3mmodel[0m[2m=[0mdoctr/db_resnet50_crnn_mobilenet_v3_small [3minputs[0m[2m=[0m1
[2m2026-09-16T18:19:08.428420Z[0m [34mDEBUG[0m [2mpanoptikon::inferio::http[0m[2m:[0m processing local inference predict [3mmodel[0m[2m=[0mdoctr/db_resnet50_crnn_mobilenet_v3_small [3minputs[0m[2m=[0m1
[2m2026-09-16T18:19:08.428509Z[0m [34mDEBUG[0m [2mpanoptikon::inferio::http[0m[2m:[0m processing local inference predict [3mmodel[0m[2m=[0mdoctr/db_resnet50_crnn_mobilenet_v3_small [3minputs[0m[2m=[0m1
[2m2026-09-16T18:19:08.428650Z[0m [34mDEBUG[0m [2mpanoptikon::inferio::http[0m[2m:[0m processing local inference predict [3mmodel[0m[2m=[0mdoctr/db_resnet50_crnn_mobilenet_v3_small [3minputs[0m[2m=[0m1
[2m2026-09-16T18:19:08.428742Z[0m [34mDEBUG[0m [2mpanoptikon::inferio::http[0m[2m:[0m processing local inference predict [3mmodel[0m[2m=[0mdoctr/db_resnet50_crnn_mobilenet_v3_small [3minputs[0m[2m=[0m1
[2m2026-09-16T18:19:08.429049Z[0m [34mDEBUG[0m [2mpanoptikon::inferio::http[0m[2m:[0m processing local inference predict [3mmodel[0m[2m=[0mdoctr/db_resnet50_crnn_mobilenet_v3_small [3minputs[0m[2m=[0m1
[2m2026-09-16T18:19:08.429059Z[0m [34mDEBUG[0m [2mpanoptikon::inferio::http[0m[2m:[0m processing local inference predict [3mmodel[0m[2m=[0mdoctr/db_resnet50_crnn_mobilenet_v3_small [3minputs[0m[2m=[0m1
[2m2026-09-16T18:19:08.429070Z[0m [34mDEBUG[0m [2mpanoptikon::inferio::http[0m[2m:[0m processing local inference predict [3mmodel[0m[2m=[0mdoctr/db_resnet50_crnn_mobilenet_v3_small [3minputs[0m[2m=[0m1
[2m2026-09-16T18:19:08.429052Z[0m [34mDEBUG[0m [2mpanoptikon::inferio::http[0m[2m:[0m processing local inference predict [3mmodel[0m[2m=[0mdoctr/db_resnet50_crnn_mobilenet_v3_small [3minputs[0m[2m=[0m1
[2m2026-09-16T18:19:08.429088Z[0m [34mDEBUG[0m [2mpanoptikon::inferio::http[0m[2m:[0m processing local inference predict [3mmodel[0m[2m=[0mdoctr/db_resnet50_crnn_mobilenet_v3_small [3minputs[0m[2m=[0m1
[2m2026-09-16T18:19:08.429155Z[0m [34mDEBUG[0m [2mpanoptikon::inferio::http[0m[2m:[0m processing local inference predict [3mmodel[0m[2m=[0mdoctr/db_resnet50_crnn_mobilenet_v3_small [3minputs[0m[2m=[0m1
[2m2026-09-16T18:19:08.429192Z[0m [34mDEBUG[0m [2mpanoptikon::inferio::http[0m[2m:[0m processing local inference predict [3mmodel[0m[2m=[0mdoctr/db_resnet50_crnn_mobilenet_v3_small [3minputs[0m[2m=[0m1
[2m2026-09-16T18:19:08.429206Z[0m [34mDEBUG[0m [2mpanoptikon::inferio::http[0m[2m:[0m processing local inference predict [3mmodel[0m[2m=[0mdoctr/db_resnet50_crnn_mobilenet_v3_small [3minputs[0m[2m=[0m1
[2m2026-09-16T18:19:08.429249Z[0m [34mDEBUG[0m [2mpanoptikon::inferio::http[0m[2m:[0m processing local inference predict [3mmodel[0m[2m=[0mdoctr/db_resnet50_crnn_mobilenet_v3_small [3minputs[0m[2m=[0m1
[2m2026-09-16T18:19:08.429251Z[0m [34mDEBUG[0m [2mpanoptikon::inferio::http[0m[2m:[0m processing local inference predict [3mmodel[0m[2m=[0mdoctr/db_resnet50_crnn_mobilenet_v3_small [3minputs[0m[2m=[0m1
[2m2026-09-16T18:19:08.429276Z[0m [34mDEBUG[0m [2mpanoptikon::inferio::http[0m[2m:[0m processing local inference predict [3mmodel[0m[2m=[0mdoctr/db_resnet50_crnn_mobilenet_v3_small [3minputs[0m[2m=[0m1
[2m2026-09-16T18:19:08.429280Z[0m [34mDEBUG[0m [2mpanoptikon::inferio::http[0m[2m:[0m processing local inference predict [3mmodel[0m[2m=[0mdoctr/db_resnet50_crnn_mobilenet_v3_small [3minputs[0m[2m=[0m1
[2m2026-09-16T18:19:08.429286Z[0m [34mDEBUG[0m [2mpanoptikon::inferio::http[0m[2m:[0m processing local inference predict [3mmodel[0m[2m=[0mdoctr/db_resnet50_crnn_mobilenet_v3_small [3minputs[0m[2m=[0m1
[2m2026-09-16T18:19:08.429321Z[0m [34mDEBUG[0m [2mpanoptikon::inferio::http[0m[2m:[0m processing local inference predict [3mmodel[0m[2m=[0mdoctr/db_resnet50_crnn_mobilenet_v3_small [3minputs[0m[2m=[0m1
[2m2026-09-16T18:19:08.429288Z[0m [34mDEBUG[0m [2mpanoptikon::inferio::http[0m[2m:[0m processing local inference predict [3mmodel[0m[2m=[0mdoctr/db_resnet50_crnn_mobilenet_v3_small [3minputs[0m[2m=[0m1
[2m2026-09-16T18:19:08.429307Z[0m [34mDEBUG[0m [2mpanoptikon::inferio::http[0m[2m:[0m processing local inference predict [3mmodel[0m[2m=[0mdoctr/db_resnet50_crnn_mobilenet_v3_small [3minputs[0m[2m=[0m1
[2m2026-09-16T18:19:08.429269Z[0m [34mDEBUG[0m [2mpanoptikon::inferio::http[0m[2m:[0m processing local inference predict [3mmodel[0m[2m=[0mdoctr/db_resnet50_crnn_mobilenet_v3_small [3minputs[0m[2m=[0m1
[2m2026-09-16T18:19:08.429326Z[0m [34mDEBUG[0m [2mpanoptikon::inferio::http[0m[2m:[0m processing local inference predict [3mmodel[0m[2m=[0mdoctr/db_resnet50_crnn_mobilenet_v3_small [3minputs[0m[2m=[0m1
[2m2026-09-16T18:19:08.429338Z[0m [34mDEBUG[0m [2mpanoptikon::inferio::http[0m[2m:[0m processing local inference predict [3mmodel[0m[2m=[0mdoctr/db_resnet50_crnn_mobilenet_v3_small [3minputs[0m[2m=[0m1
[2m2026-09-16T18:19:08.429342Z[0m [34mDEBUG[0m [2mpanoptikon::inferio::http[0m[2m:[0m processing local inference predict [3mmodel[0m[2m=[0mdoctr/db_resnet50_crnn_mobilenet_v3_small [3minputs[0m[2m=[0m1
[2m2026-09-16T18:19:08.429409Z[0m [34mDEBUG[0m [2mpanoptikon::inferio::http[0m[2m:[0m processing local inference predict [3mmodel[0m[2m=[0mdoctr/db_resnet50_crnn_mobilenet_v3_small [3minputs[0m[2m=[0m1
[2m2026-09-16T18:19:08.429738Z[0m [34mDEBUG[0m [2mpanoptikon::inferio::http[0m[2m:[0m processing local inference predict [3mmodel[0m[2m=[0mdoctr/db_resnet50_crnn_mobilenet_v3_small [3minputs[0m[2m=[0m1
[2m2026-09-16T18:19:08.429739Z[0m [34mDEBUG[0m [2mpanoptikon::inferio::http[0m[2m:[0m processing local inference predict [3mmodel[0m[2m=[0mdoctr/db_resnet50_crnn_mobilenet_v3_small [3minputs[0m[2m=[0m1
[2m2026-09-16T18:19:08.429756Z[0m [34mDEBUG[0m [2mpanoptikon::inferio::http[0m[2m:[0m processing local inference predict [3mmodel[0m[2m=[0mdoctr/db_resnet50_crnn_mobilenet_v3_small [3minputs[0m[2m=[0m1
[2m2026-09-16T18:19:08.429973Z[0m [34mDEBUG[0m [2mpanoptikon::inferio::http[0m[2m:[0m processing local inference predict [3mmodel[0m[2m=[0mdoctr/db_resnet50_crnn_mobilenet_v3_small [3minputs[0m[2m=[0m1
[2m2026-09-16T18:19:08.430037Z[0m [34mDEBUG[0m [2mpanoptikon::inferio::http[0m[2m:[0m processing local inference predict [3mmodel[0m[2m=[0mdoctr/db_resnet50_crnn_mobilenet_v3_small [3minputs[0m[2m=[0m1
[2m2026-09-16T18:19:08.430057Z[0m [34mDEBUG[0m [2mpanoptikon::inferio::http[0m[2m:[0m processing local inference predict [3mmodel[0m[2m=[0mdoctr/db_resnet50_crnn_mobilenet_v3_small [3minputs[0m[2m=[0m1
[2m2026-09-16T18:19:08.430071Z[0m [34mDEBUG[0m [2mpanoptikon::inferio::http[0m[2m:[0m processing local inference predict [3mmodel[0m[2m=[0mdoctr/db_resnet50_crnn_mobilenet_v3_small [3minputs[0m[2m=[0m4
[2m2026-09-16T18:19:08.430170Z[0m [34mDEBUG[0m [2mpanoptikon::inferio::http[0m[2m:[0m processing local inference predict [3mmodel[0m[2m=[0mdoctr/db_resnet50_crnn_mobilenet_v3_small [3minputs[0m[2m=[0m1
[2m2026-09-16T18:19:08.430182Z[0m [34mDEBUG[0m [2mpanoptikon::inferio::http[0m[2m:[0m processing local inference predict [3mmodel[0m[2m=[0mdoctr/db_resnet50_crnn_mobilenet_v3_small [3minputs[0m[2m=[0m1
[2m2026-09-16T18:19:08.430249Z[0m [34mDEBUG[0m [2mpanoptikon::inferio::http[0m[2m:[0m processing local inference predict [3mmodel[0m[2m=[0mdoctr/db_resnet50_crnn_mobilenet_v3_small [3minputs[0m[2m=[0m1
[2m2026-09-16T18:19:08.430856Z[0m [34mDEBUG[0m [2mpanoptikon::inferio::http[0m[2m:[0m processing local inference predict [3mmodel[0m[2m=[0mdoctr/db_resnet50_crnn_mobilenet_v3_small [3minputs[0m[2m=[0m4
[2m2026-09-16T18:19:08.430911Z[0m [34mDEBUG[0m [2mpanoptikon::inferio::http[0m[2m:[0m processing local inference predict [3mmodel[0m[2m=[0mdoctr/db_resnet50_crnn_mobilenet_v3_small [3minputs[0m[2m=[0m1
[2m2026-09-16T18:19:08.430941Z[0m [34mDEBUG[0m [2mpanoptikon::inferio::http[0m[2m:[0m processing local inference predict [3mmodel[0m[2m=[0mdoctr/db_resnet50_crnn_mobilenet_v3_small [3minputs[0m[2m=[0m1
[2m2026-09-16T18:19:08.431012Z[0m [34mDEBUG[0m [2mpanoptikon::inferio::http[0m[2m:[0m processing local inference predict [3mmodel[0m[2m=[0mdoctr/db_resnet50_crnn_mobilenet_v3_small [3minputs[0m[2m=[0m1
[2m2026-09-16T18:19:08.431035Z[0m [34mDEBUG[0m [2mpanoptikon::inferio::http[0m[2m:[0m processing local inference predict [3mmodel[0m[2m=[0mdoctr/db_resnet50_crnn_mobilenet_v3_small [3minputs[0m[2m=[0m1
[2m2026-09-16T18:19:08.431065Z[0m [34mDEBUG[0m [2mpanoptikon::inferio::http[0m[2m:[0m processing local inference predict [3mmodel[0m[2m=[0mdoctr/db_resnet50_crnn_mobilenet_v3_small [3minputs[0m[2m=[0m4
[2m2026-09-16T18:19:08.431163Z[0m [34mDEBUG[0m [2mpanoptikon::inferio::http[0m[2m:[0m processing local inference predict [3mmodel[0m[2m=[0mdoctr/db_resnet50_crnn_mobilenet_v3_small [3minputs[0m[2m=[0m1
[2m2026-09-16T18:19:10.210758Z[0m [34mDEBUG[0m [2mpanoptikon::inferio::ledger[0m[2m:[0m declining to fit a throughput knee: the ring's quiet buckets hold too few observations to read as a curve [3mobservations[0m[2m=[0m3 [3mmin_observations[0m[2m=[0m12 [3mbuckets[0m[2m=[0m1 [3mmin_buckets[0m[2m=[0m3
[2m2026-09-16T18:19:10.210793Z[0m [34mDEBUG[0m [2mpanoptikon::inferio::ledger[0m[2m:[0m settled a granted window [3mmodel[0m[2m=[0mdoctr/db_resnet50_crnn_mobilenet_v3_small [3mgpu[0m[2m=[0mGPU-MPS [3moutcome[0m[2m=[0m"clean" [3mfit_samples[0m[2m=[0m3 [3mthroughput_samples[0m[2m=[0m3 [3mclamped_samples[0m[2m=[0m0 [3mclamped[0m[2m=[0mnone [3mramp_step[0m[2m=[0m1 [3mdeflation[0m[2m=[0m0 [3mclean_windows[0m[2m=[0m2 [3mmax_units_measured[0m[2m=[0m2
[2m2026-09-16T18:19:10.210825Z[0m [34mDEBUG[0m [2mpanoptikon::inferio::ledger[0m[2m:[0m issued a memory grant [3mmodel[0m[2m=[0mdoctr/db_resnet50_crnn_mobilenet_v3_small [3mgpu[0m[2m=[0mGPU-MPS [3munit_budget[0m[2m=[0m4 [3mmb[0m[2m=[0m104137 [3mcanvas_pixels[0m[2m=[0mnone [3mshare_mb[0m[2m=[0m104137 [3mroom_mb[0m[2m=[0m104137 [3mheadroom_mb[0m[2m=[0m104137 [3mexternal_mb[0m[2m=[0m25911 [3mreserve_mb[0m[2m=[0m1024 [3mreserve_rule[0m[2m=[0m"capped_default" [3mpre_fit[0m[2m=[0mtrue [3mramp_step[0m[2m=[0m1 [3mdeflation[0m[2m=[0m0 [3msqueezed[0m[2m=[0mfalse [3mwindow_requests[0m[2m=[0m12
[2m2026-09-16T18:19:13.608584Z[0m [34mDEBUG[0m [2mpanoptikon::inferio::ledger[0m[2m:[0m declining to fit a throughput knee: the ring's quiet buckets hold too few observations to read as a curve [3mobservations[0m[2m=[0m6 [3mmin_observations[0m[2m=[0m12 [3mbuckets[0m[2m=[0m2 [3mmin_buckets[0m[2m=[0m3
[2m2026-09-16T18:19:13.608625Z[0m [34mDEBUG[0m [2mpanoptikon::inferio::ledger[0m[2m:[0m settled a granted window [3mmodel[0m[2m=[0mdoctr/db_resnet50_crnn_mobilenet_v3_small [3mgpu[0m[2m=[0mGPU-MPS [3moutcome[0m[2m=[0m"clean" [3mfit_samples[0m[2m=[0m3 [3mthroughput_samples[0m[2m=[0m3 [3mclamped_samples[0m[2m=[0m0 [3mclamped[0m[2m=[0mnone [3mramp_step[0m[2m=[0m2 [3mdeflation[0m[2m=[0m0 [3mclean_windows[0m[2m=[0m3 [3mmax_units_measured[0m[2m=[0m4
[2m2026-09-16T18:19:13.608658Z[0m [34mDEBUG[0m [2mpanoptikon::inferio::ledger[0m[2m:[0m issued a memory grant [3mmodel[0m[2m=[0mdoctr/db_resnet50_crnn_mobilenet_v3_small [3mgpu[0m[2m=[0mGPU-MPS [3munit_budget[0m[2m=[0m8 [3mmb[0m[2m=[0m104154 [3mcanvas_pixels[0m[2m=[0mnone [3mshare_mb[0m[2m=[0m104154 [3mroom_mb[0m[2m=[0m104154 [3mheadroom_mb[0m[2m=[0m104154 [3mexternal_mb[0m[2m=[0m25894 [3mreserve_mb[0m[2m=[0m1024 [3mreserve_rule[0m[2m=[0m"capped_default" [3mpre_fit[0m[2m=[0mtrue [3mramp_step[0m[2m=[0m2 [3mdeflation[0m[2m=[0m0 [3msqueezed[0m[2m=[0mfalse [3mwindow_requests[0m[2m=[0m24
[2m2026-09-16T18:19:20.409288Z[0m [32m INFO[0m [2mpanoptikon::inferio::ledger[0m[2m:[0m holding the throughput ramp at this rung: the rung is the top of a measured plateau [3mmodel[0m[2m=[0mdoctr/db_resnet50_crnn_mobilenet_v3_small [3mgpu[0m[2m=[0mGPU-MPS [3munits[0m[2m=[0m16 [3mcertified[0m[2m=[0mtrue [3mknee_binds[0m[2m=[0mfalse
[2m2026-09-16T18:19:20.409321Z[0m [34mDEBUG[0m [2mpanoptikon::inferio::ledger[0m[2m:[0m declining to fit a throughput knee: the ring's quiet buckets hold too few observations to read as a curve [3mobservations[0m[2m=[0m9 [3mmin_observations[0m[2m=[0m12 [3mbuckets[0m[2m=[0m3 [3mmin_buckets[0m[2m=[0m3
[2m2026-09-16T18:19:20.409333Z[0m [34mDEBUG[0m [2mpanoptikon::inferio::ledger[0m[2m:[0m settled a granted window [3mmodel[0m[2m=[0mdoctr/db_resnet50_crnn_mobilenet_v3_small [3mgpu[0m[2m=[0mGPU-MPS [3moutcome[0m[2m=[0m"clean" [3mfit_samples[0m[2m=[0m3 [3mthroughput_samples[0m[2m=[0m3 [3mclamped_samples[0m[2m=[0m0 [3mclamped[0m[2m=[0mnone [3mramp_step[0m[2m=[0m2 [3mdeflation[0m[2m=[0m0 [3mclean_windows[0m[2m=[0m4 [3mmax_units_measured[0m[2m=[0m8
[2m2026-09-16T18:19:20.409358Z[0m [34mDEBUG[0m [2mpanoptikon::inferio::ledger[0m[2m:[0m issued a memory grant [3mmodel[0m[2m=[0mdoctr/db_resnet50_crnn_mobilenet_v3_small [3mgpu[0m[2m=[0mGPU-MPS [3munit_budget[0m[2m=[0m16 [3mmb[0m[2m=[0m104006 [3mcanvas_pixels[0m[2m=[0mnone [3mshare_mb[0m[2m=[0m104006 [3mroom_mb[0m[2m=[0m104006 [3mheadroom_mb[0m[2m=[0m104006 [3mexternal_mb[0m[2m=[0m26042 [3mreserve_mb[0m[2m=[0m1024 [3mreserve_rule[0m[2m=[0m"capped_default" [3mpre_fit[0m[2m=[0mtrue [3mramp_step[0m[2m=[0m2 [3mdeflation[0m[2m=[0m0 [3msqueezed[0m[2m=[0mfalse [3mwindow_requests[0m[2m=[0m48
[2m2026-09-16T18:19:25.378762Z[0m [32m INFO[0m [2mpanoptikon::inferio::worker[0m[2m:[0m 2026-09-16 20:19:25,378 [DEBUG] PIL.PngImagePlugin: STREAM b'IHDR' 16 13 [3mworker[0m[2m=[0mdoctr
[2m2026-09-16T18:19:25.378794Z[0m [32m INFO[0m [2mpanoptikon::inferio::worker[0m[2m:[0m 2026-09-16 20:19:25,378 [DEBUG] PIL.PngImagePlugin: STREAM b'IDAT' 41 65536 [3mworker[0m[2m=[0mdoctr
[2m2026-09-16T18:19:35.017152Z[0m [34mDEBUG[0m [2mpanoptikon::inferio::ledger[0m[2m:[0m fitted a throughput knee; batches larger than this are no longer admitted however much memory is free [3mmodel[0m[2m=[0mdoctr/db_resnet50_crnn_mobilenet_v3_small [3mgpu[0m[2m=[0mGPU-MPS [3mknee_units[0m[2m=[0m3 [3mprevious[0m[2m=[0mNone [3mobservations[0m[2m=[0m13
[2m2026-09-16T18:19:35.017189Z[0m [34mDEBUG[0m [2mpanoptikon::inferio::ledger[0m[2m:[0m settled a granted window [3mmodel[0m[2m=[0mdoctr/db_resnet50_crnn_mobilenet_v3_small [3mgpu[0m[2m=[0mGPU-MPS [3moutcome[0m[2m=[0m"clean" [3mfit_samples[0m[2m=[0m3 [3mthroughput_samples[0m[2m=[0m3 [3mclamped_samples[0m[2m=[0m0 [3mclamped[0m[2m=[0mnone [3mramp_step[0m[2m=[0m2 [3mdeflation[0m[2m=[0m0 [3mclean_windows[0m[2m=[0m5 [3mmax_units_measured[0m[2m=[0m16
[2m2026-09-16T18:19:35.017215Z[0m [34mDEBUG[0m [2mpanoptikon::inferio::ledger[0m[2m:[0m issued a memory grant [3mmodel[0m[2m=[0mdoctr/db_resnet50_crnn_mobilenet_v3_small [3mgpu[0m[2m=[0mGPU-MPS [3munit_budget[0m[2m=[0m3 [3mmb[0m[2m=[0m105820 [3mcanvas_pixels[0m[2m=[0mnone [3mshare_mb[0m[2m=[0m105820 [3mroom_mb[0m[2m=[0m105820 [3mheadroom_mb[0m[2m=[0m105820 [3mexternal_mb[0m[2m=[0m24228 [3mreserve_mb[0m[2m=[0m1024 [3mreserve_rule[0m[2m=[0m"capped_default" [3mpre_fit[0m[2m=[0mtrue [3mramp_step[0m[2m=[0m2 [3mdeflation[0m[2m=[0m0 [3msqueezed[0m[2m=[0mfalse [3mwindow_requests[0m[2m=[0m9
[2m2026-09-16T18:19:35.022849Z[0m [32m INFO[0m [2mpanoptikon::inferio::worker[0m[2m:[0m 2026-09-16 20:19:35,022 [DEBUG] PIL.Image: Importing BlpImagePlugin [3mworker[0m[2m=[0mdoctr
[2m2026-09-16T18:19:35.023390Z[0m [32m INFO[0m [2mpanoptikon::inferio::worker[0m[2m:[0m 2026-09-16 20:19:35,023 [DEBUG] PIL.Image: Importing BmpImagePlugin [3mworker[0m[2m=[0mdoctr
[2m2026-09-16T18:19:35.023406Z[0m [32m INFO[0m [2mpanoptikon::inferio::worker[0m[2m:[0m 2026-09-16 20:19:35,023 [DEBUG] PIL.Image: Importing BufrStubImagePlugin [3mworker[0m[2m=[0mdoctr
[2m2026-09-16T18:19:35.023539Z[0m [32m INFO[0m [2mpanoptikon::inferio::worker[0m[2m:[0m 2026-09-16 20:19:35,023 [DEBUG] PIL.Image: Importing CurImagePlugin [3mworker[0m[2m=[0mdoctr
[2m2026-09-16T18:19:35.023647Z[0m [32m INFO[0m [2mpanoptikon::inferio::worker[0m[2m:[0m 2026-09-16 20:19:35,023 [DEBUG] PIL.Image: Importing DcxImagePlugin [3mworker[0m[2m=[0mdoctr
[2m2026-09-16T18:19:35.023841Z[0m [32m INFO[0m [2mpanoptikon::inferio::worker[0m[2m:[0m 2026-09-16 20:19:35,023 [DEBUG] PIL.Image: Importing DdsImagePlugin [3mworker[0m[2m=[0mdoctr
[2m2026-09-16T18:19:35.025039Z[0m [32m INFO[0m [2mpanoptikon::inferio::worker[0m[2m:[0m 2026-09-16 20:19:35,025 [DEBUG] PIL.Image: Importing EpsImagePlugin [3mworker[0m[2m=[0mdoctr
[2m2026-09-16T18:19:35.025320Z[0m [32m INFO[0m [2mpanoptikon::inferio::worker[0m[2m:[0m 2026-09-16 20:19:35,025 [DEBUG] PIL.Image: Importing FitsImagePlugin [3mworker[0m[2m=[0mdoctr
[2m2026-09-16T18:19:35.025443Z[0m [32m INFO[0m [2mpanoptikon::inferio::worker[0m[2m:[0m 2026-09-16 20:19:35,025 [DEBUG] PIL.Image: Importing FliImagePlugin [3mworker[0m[2m=[0mdoctr
[2m2026-09-16T18:19:35.025553Z[0m [32m INFO[0m [2mpanoptikon::inferio::worker[0m[2m:[0m 2026-09-16 20:19:35,025 [DEBUG] PIL.Image: Importing FpxImagePlugin [3mworker[0m[2m=[0mdoctr
[2m2026-09-16T18:19:35.025725Z[0m [32m INFO[0m [2mpanoptikon::inferio::worker[0m[2m:[0m 2026-09-16 20:19:35,025 [DEBUG] PIL.Image: Image: failed to import FpxImagePlugin: No module named 'olefile' [3mworker[0m[2m=[0mdoctr
[2m2026-09-16T18:19:35.025741Z[0m [32m INFO[0m [2mpanoptikon::inferio::worker[0m[2m:[0m 2026-09-16 20:19:35,025 [DEBUG] PIL.Image: Importing FtexImagePlugin [3mworker[0m[2m=[0mdoctr
[2m2026-09-16T18:19:35.025881Z[0m [32m INFO[0m [2mpanoptikon::inferio::worker[0m[2m:[0m 2026-09-16 20:19:35,025 [DEBUG] PIL.Image: Importing GbrImagePlugin [3mworker[0m[2m=[0mdoctr
[2m2026-09-16T18:19:35.025981Z[0m [32m INFO[0m [2mpanoptikon::inferio::worker[0m[2m:[0m 2026-09-16 20:19:35,025 [DEBUG] PIL.Image: Importing GifImagePlugin [3mworker[0m[2m=[0mdoctr
[2m2026-09-16T18:19:35.025996Z[0m [32m INFO[0m [2mpanoptikon::inferio::worker[0m[2m:[0m 2026-09-16 20:19:35,025 [DEBUG] PIL.Image: Importing GribStubImagePlugin [3mworker[0m[2m=[0mdoctr
[2m2026-09-16T18:19:35.026095Z[0m [32m INFO[0m [2mpanoptikon::inferio::worker[0m[2m:[0m 2026-09-16 20:19:35,026 [DEBUG] PIL.Image: Importing Hdf5StubImagePlugin [3mworker[0m[2m=[0mdoctr
[2m2026-09-16T18:19:35.026202Z[0m [32m INFO[0m [2mpanoptikon::inferio::worker[0m[2m:[0m 2026-09-16 20:19:35,026 [DEBUG] PIL.Image: Importing IcnsImagePlugin [3mworker[0m[2m=[0mdoctr
[2m2026-09-16T18:19:35.026577Z[0m [32m INFO[0m [2mpanoptikon::inferio::worker[0m[2m:[0m 2026-09-16 20:19:35,026 [DEBUG] PIL.Image: Importing IcoImagePlugin [3mworker[0m[2m=[0mdoctr
[2m2026-09-16T18:19:35.026770Z[0m [32m INFO[0m [2mpanoptikon::inferio::worker[0m[2m:[0m 2026-09-16 20:19:35,026 [DEBUG] PIL.Image: Importing ImImagePlugin [3mworker[0m[2m=[0mdoctr
[2m2026-09-16T18:19:35.026964Z[0m [32m INFO[0m [2mpanoptikon::inferio::worker[0m[2m:[0m 2026-09-16 20:19:35,026 [DEBUG] PIL.Image: Importing ImtImagePlugin [3mworker[0m[2m=[0mdoctr
[2m2026-09-16T18:19:35.027096Z[0m [32m INFO[0m [2mpanoptikon::inferio::worker[0m[2m:[0m 2026-09-16 20:19:35,027 [DEBUG] PIL.Image: Importing IptcImagePlugin [3mworker[0m[2m=[0mdoctr
[2m2026-09-16T18:19:35.027212Z[0m [32m INFO[0m [2mpanoptikon::inferio::worker[0m[2m:[0m 2026-09-16 20:19:35,027 [DEBUG] PIL.Image: Importing JpegImagePlugin [3mworker[0m[2m=[0mdoctr
[2m2026-09-16T18:19:35.027219Z[0m [32m INFO[0m [2mpanoptikon::inferio::worker[0m[2m:[0m 2026-09-16 20:19:35,027 [DEBUG] PIL.Image: Importing Jpeg2KImagePlugin [3mworker[0m[2m=[0mdoctr
[2m2026-09-16T18:19:35.027239Z[0m [32m INFO[0m [2mpanoptikon::inferio::worker[0m[2m:[0m 2026-09-16 20:19:35,027 [DEBUG] PIL.Image: Importing McIdasImagePlugin [3mworker[0m[2m=[0mdoctr
[2m2026-09-16T18:19:35.027319Z[0m [32m INFO[0m [2mpanoptikon::inferio::worker[0m[2m:[0m 2026-09-16 20:19:35,027 [DEBUG] PIL.Image: Importing MicImagePlugin [3mworker[0m[2m=[0mdoctr
[2m2026-09-16T18:19:35.027442Z[0m [32m INFO[0m [2mpanoptikon::inferio::worker[0m[2m:[0m 2026-09-16 20:19:35,027 [DEBUG] PIL.Image: Image: failed to import MicImagePlugin: No module named 'olefile' [3mworker[0m[2m=[0mdoctr
[2m2026-09-16T18:19:35.027449Z[0m [32m INFO[0m [2mpanoptikon::inferio::worker[0m[2m:[0m 2026-09-16 20:19:35,027 [DEBUG] PIL.Image: Importing MpegImagePlugin [3mworker[0m[2m=[0mdoctr
[2m2026-09-16T18:19:35.027552Z[0m [32m INFO[0m [2mpanoptikon::inferio::worker[0m[2m:[0m 2026-09-16 20:19:35,027 [DEBUG] PIL.Image: Importing MpoImagePlugin [3mworker[0m[2m=[0mdoctr
[2m2026-09-16T18:19:35.028143Z[0m [32m INFO[0m [2mpanoptikon::inferio::worker[0m[2m:[0m 2026-09-16 20:19:35,028 [DEBUG] PIL.Image: Importing MspImagePlugin [3mworker[0m[2m=[0mdoctr
[2m2026-09-16T18:19:35.028260Z[0m [32m INFO[0m [2mpanoptikon::inferio::worker[0m[2m:[0m 2026-09-16 20:19:35,028 [DEBUG] PIL.Image: Importing PalmImagePlugin [3mworker[0m[2m=[0mdoctr
[2m2026-09-16T18:19:35.028504Z[0m [32m INFO[0m [2mpanoptikon::inferio::worker[0m[2m:[0m 2026-09-16 20:19:35,028 [DEBUG] PIL.Image: Importing PcdImagePlugin [3mworker[0m[2m=[0mdoctr
[2m2026-09-16T18:19:35.028591Z[0m [32m INFO[0m [2mpanoptikon::inferio::worker[0m[2m:[0m 2026-09-16 20:19:35,028 [DEBUG] PIL.Image: Importing PcxImagePlugin [3mworker[0m[2m=[0mdoctr
[2m2026-09-16T18:19:35.028598Z[0m [32m INFO[0m [2mpanoptikon::inferio::worker[0m[2m:[0m 2026-09-16 20:19:35,028 [DEBUG] PIL.Image: Importing PdfImagePlugin [3mworker[0m[2m=[0mdoctr
[2m2026-09-16T18:19:35.030338Z[0m [32m INFO[0m [2mpanoptikon::inferio::worker[0m[2m:[0m 2026-09-16 20:19:35,030 [DEBUG] PIL.Image: Importing PixarImagePlugin [3mworker[0m[2m=[0mdoctr
[2m2026-09-16T18:19:35.030434Z[0m [32m INFO[0m [2mpanoptikon::inferio::worker[0m[2m:[0m 2026-09-16 20:19:35,030 [DEBUG] PIL.Image: Importing PngImagePlugin [3mworker[0m[2m=[0mdoctr
[2m2026-09-16T18:19:35.030440Z[0m [32m INFO[0m [2mpanoptikon::inferio::worker[0m[2m:[0m 2026-09-16 20:19:35,030 [DEBUG] PIL.Image: Importing PpmImagePlugin [3mworker[0m[2m=[0mdoctr
[2m2026-09-16T18:19:35.030455Z[0m [32m INFO[0m [2mpanoptikon::inferio::worker[0m[2m:[0m 2026-09-16 20:19:35,030 [DEBUG] PIL.Image: Importing PsdImagePlugin [3mworker[0m[2m=[0mdoctr
[2m2026-09-16T18:19:35.030572Z[0m [32m INFO[0m [2mpanoptikon::inferio::worker[0m[2m:[0m 2026-09-16 20:19:35,030 [DEBUG] PIL.Image: Importing QoiImagePlugin [3mworker[0m[2m=[0mdoctr
[2m2026-09-16T18:19:35.030678Z[0m [32m INFO[0m [2mpanoptikon::inferio::worker[0m[2m:[0m 2026-09-16 20:19:35,030 [DEBUG] PIL.Image: Importing SgiImagePlugin [3mworker[0m[2m=[0mdoctr
[2m2026-09-16T18:19:35.030788Z[0m [32m INFO[0m [2mpanoptikon::inferio::worker[0m[2m:[0m 2026-09-16 20:19:35,030 [DEBUG] PIL.Image: Importing SpiderImagePlugin [3mworker[0m[2m=[0mdoctr
[2m2026-09-16T18:19:35.030907Z[0m [32m INFO[0m [2mpanoptikon::inferio::worker[0m[2m:[0m 2026-09-16 20:19:35,030 [DEBUG] PIL.Image: Importing SunImagePlugin [3mworker[0m[2m=[0mdoctr
[2m2026-09-16T18:19:35.030993Z[0m [32m INFO[0m [2mpanoptikon::inferio::worker[0m[2m:[0m 2026-09-16 20:19:35,030 [DEBUG] PIL.Image: Importing TgaImagePlugin [3mworker[0m[2m=[0mdoctr
[2m2026-09-16T18:19:35.031090Z[0m [32m INFO[0m [2mpanoptikon::inferio::worker[0m[2m:[0m 2026-09-16 20:19:35,031 [DEBUG] PIL.Image: Importing TiffImagePlugin [3mworker[0m[2m=[0mdoctr
[2m2026-09-16T18:19:35.031097Z[0m [32m INFO[0m [2mpanoptikon::inferio::worker[0m[2m:[0m 2026-09-16 20:19:35,031 [DEBUG] PIL.Image: Importing WebPImagePlugin [3mworker[0m[2m=[0mdoctr
[2m2026-09-16T18:19:35.036910Z[0m [32m INFO[0m [2mpanoptikon::inferio::worker[0m[2m:[0m 2026-09-16 20:19:35,036 [DEBUG] PIL.Image: Importing WmfImagePlugin [3mworker[0m[2m=[0mdoctr
[2m2026-09-16T18:19:35.037035Z[0m [32m INFO[0m [2mpanoptikon::inferio::worker[0m[2m:[0m 2026-09-16 20:19:35,037 [DEBUG] PIL.Image: Importing XbmImagePlugin [3mworker[0m[2m=[0mdoctr
[2m2026-09-16T18:19:35.037302Z[0m [32m INFO[0m [2mpanoptikon::inferio::worker[0m[2m:[0m 2026-09-16 20:19:35,037 [DEBUG] PIL.Image: Importing XpmImagePlugin [3mworker[0m[2m=[0mdoctr
[2m2026-09-16T18:19:35.037449Z[0m [32m INFO[0m [2mpanoptikon::inferio::worker[0m[2m:[0m 2026-09-16 20:19:35,037 [DEBUG] PIL.Image: Importing XVThumbImagePlugin [3mworker[0m[2m=[0mdoctr
[2m2026-09-16T18:19:37.806250Z[0m [34mDEBUG[0m [2mpanoptikon::inferio::ledger[0m[2m:[0m settled a granted window [3mmodel[0m[2m=[0mdoctr/db_resnet50_crnn_mobilenet_v3_small [3mgpu[0m[2m=[0mGPU-MPS [3moutcome[0m[2m=[0m"clean" [3mfit_samples[0m[2m=[0m3 [3mthroughput_samples[0m[2m=[0m3 [3mclamped_samples[0m[2m=[0m0 [3mclamped[0m[2m=[0mnone [3mramp_step[0m[2m=[0m2 [3mdeflation[0m[2m=[0m0 [3mclean_windows[0m[2m=[0m6 [3mmax_units_measured[0m[2m=[0m16
[2m2026-09-16T18:19:37.806314Z[0m [34mDEBUG[0m [2mpanoptikon::inferio::ledger[0m[2m:[0m issued a memory grant [3mmodel[0m[2m=[0mdoctr/db_resnet50_crnn_mobilenet_v3_small [3mgpu[0m[2m=[0mGPU-MPS [3munit_budget[0m[2m=[0m3 [3mmb[0m[2m=[0m105310 [3mcanvas_pixels[0m[2m=[0mnone [3mshare_mb[0m[2m=[0m105310 [3mroom_mb[0m[2m=[0m105310 [3mheadroom_mb[0m[2m=[0m105310 [3mexternal_mb[0m[2m=[0m24738 [3mreserve_mb[0m[2m=[0m1024 [3mreserve_rule[0m[2m=[0m"capped_default" [3mpre_fit[0m[2m=[0mtrue [3mramp_step[0m[2m=[0m2 [3mdeflation[0m[2m=[0m0 [3msqueezed[0m[2m=[0mfalse [3mwindow_requests[0m[2m=[0m9
[2m2026-09-16T18:19:40.582087Z[0m [34mDEBUG[0m [2mpanoptikon::inferio::ledger[0m[2m:[0m settled a granted window [3mmodel[0m[2m=[0mdoctr/db_resnet50_crnn_mobilenet_v3_small [3mgpu[0m[2m=[0mGPU-MPS [3moutcome[0m[2m=[0m"clean" [3mfit_samples[0m[2m=[0m3 [3mthroughput_samples[0m[2m=[0m3 [3mclamped_samples[0m[2m=[0m0 [3mclamped[0m[2m=[0mnone [3mramp_step[0m[2m=[0m2 [3mdeflation[0m[2m=[0m0 [3mclean_windows[0m[2m=[0m7 [3mmax_units_measured[0m[2m=[0m16
[2m2026-09-16T18:19:40.582140Z[0m [34mDEBUG[0m [2mpanoptikon::inferio::ledger[0m[2m:[0m issued a memory grant [3mmodel[0m[2m=[0mdoctr/db_resnet50_crnn_mobilenet_v3_small [3mgpu[0m[2m=[0mGPU-MPS [3munit_budget[0m[2m=[0m3 [3mmb[0m[2m=[0m105291 [3mcanvas_pixels[0m[2m=[0mnone [3mshare_mb[0m[2m=[0m105291 [3mroom_mb[0m[2m=[0m105291 [3mheadroom_mb[0m[2m=[0m105291 [3mexternal_mb[0m[2m=[0m24757 [3mreserve_mb[0m[2m=[0m1024 [3mreserve_rule[0m[2m=[0m"capped_default" [3mpre_fit[0m[2m=[0mtrue [3mramp_step[0m[2m=[0m2 [3mdeflation[0m[2m=[0m0 [3msqueezed[0m[2m=[0mfalse [3mwindow_requests[0m[2m=[0m6
[2m2026-09-16T18:19:40.583262Z[0m [32m INFO[0m [2mpanoptikon::inferio::worker[0m[2m:[0m 2026-09-16 20:19:40,583 [DEBUG] PIL.PngImagePlugin: STREAM b'IHDR' 16 13 [3mworker[0m[2m=[0mdoctr
[2m2026-09-16T18:19:40.583292Z[0m [32m INFO[0m [2mpanoptikon::inferio::worker[0m[2m:[0m 2026-09-16 20:19:40,583 [DEBUG] PIL.PngImagePlugin: STREAM b'IDAT' 41 65536 [3mworker[0m[2m=[0mdoctr
[2m2026-09-16T18:19:41.498072Z[0m [32m INFO[0m [2mpanoptikon::inferio::worker[0m[2m:[0m 2026-09-16 20:19:41,498 [DEBUG] PIL.PngImagePlugin: STREAM b'IHDR' 16 13 [3mworker[0m[2m=[0mdoctr
[2m2026-09-16T18:19:41.498103Z[0m [32m INFO[0m [2mpanoptikon::inferio::worker[0m[2m:[0m 2026-09-16 20:19:41,498 [DEBUG] PIL.PngImagePlugin: STREAM b'IDAT' 41 65536 [3mworker[0m[2m=[0mdoctr
[2m2026-09-16T18:19:42.437196Z[0m [32m INFO[0m [2mpanoptikon::inferio::worker[0m[2m:[0m 2026-09-16 20:19:42,437 [DEBUG] PIL.PngImagePlugin: STREAM b'IHDR' 16 13 [3mworker[0m[2m=[0mdoctr
[2m2026-09-16T18:19:42.437237Z[0m [32m INFO[0m [2mpanoptikon::inferio::worker[0m[2m:[0m 2026-09-16 20:19:42,437 [DEBUG] PIL.PngImagePlugin: STREAM b'IDAT' 41 65536 [3mworker[0m[2m=[0mdoctr
[2m2026-09-16T18:19:43.359170Z[0m [34mDEBUG[0m [2mpanoptikon::inferio::ledger[0m[2m:[0m settled a granted window [3mmodel[0m[2m=[0mdoctr/db_resnet50_crnn_mobilenet_v3_small [3mgpu[0m[2m=[0mGPU-MPS [3moutcome[0m[2m=[0m"clean" [3mfit_samples[0m[2m=[0m3 [3mthroughput_samples[0m[2m=[0m3 [3mclamped_samples[0m[2m=[0m0 [3mclamped[0m[2m=[0mnone [3mramp_step[0m[2m=[0m2 [3mdeflation[0m[2m=[0m0 [3mclean_windows[0m[2m=[0m8 [3mmax_units_measured[0m[2m=[0m16
[2m2026-09-16T18:19:43.359223Z[0m [34mDEBUG[0m [2mpanoptikon::inferio::ledger[0m[2m:[0m issued a memory grant [3mmodel[0m[2m=[0mdoctr/db_resnet50_crnn_mobilenet_v3_small [3mgpu[0m[2m=[0mGPU-MPS [3munit_budget[0m[2m=[0m3 [3mmb[0m[2m=[0m105288 [3mcanvas_pixels[0m[2m=[0mnone [3mshare_mb[0m[2m=[0m105288 [3mroom_mb[0m[2m=[0m105288 [3mheadroom_mb[0m[2m=[0m105288 [3mexternal_mb[0m[2m=[0m24760 [3mreserve_mb[0m[2m=[0m1024 [3mreserve_rule[0m[2m=[0m"capped_default" [3mpre_fit[0m[2m=[0mtrue [3mramp_step[0m[2m=[0m2 [3mdeflation[0m[2m=[0m0 [3msqueezed[0m[2m=[0mfalse [3mwindow_requests[0m[2m=[0m9
[2m2026-09-16T18:19:46.172269Z[0m [34mDEBUG[0m [2mpanoptikon::inferio::ledger[0m[2m:[0m settled a granted window [3mmodel[0m[2m=[0mdoctr/db_resnet50_crnn_mobilenet_v3_small [3mgpu[0m[2m=[0mGPU-MPS [3moutcome[0m[2m=[0m"clean" [3mfit_samples[0m[2m=[0m3 [3mthroughput_samples[0m[2m=[0m3 [3mclamped_samples[0m[2m=[0m0 [3mclamped[0m[2m=[0mnone [3mramp_step[0m[2m=[0m2 [3mdeflation[0m[2m=[0m0 [3mclean_windows[0m[2m=[0m9 [3mmax_units_measured[0m[2m=[0m16
[2m2026-09-16T18:19:46.172322Z[0m [34mDEBUG[0m [2mpanoptikon::inferio::ledger[0m[2m:[0m issued a memory grant [3mmodel[0m[2m=[0mdoctr/db_resnet50_crnn_mobilenet_v3_small [3mgpu[0m[2m=[0mGPU-MPS [3munit_budget[0m[2m=[0m3 [3mmb[0m[2m=[0m105290 [3mcanvas_pixels[0m[2m=[0mnone [3mshare_mb[0m[2m=[0m105290 [3mroom_mb[0m[2m=[0m105290 [3mheadroom_mb[0m[2m=[0m105290 [3mexternal_mb[0m[2m=[0m24758 [3mreserve_mb[0m[2m=[0m1024 [3mreserve_rule[0m[2m=[0m"capped_default" [3mpre_fit[0m[2m=[0mtrue [3mramp_step[0m[2m=[0m2 [3mdeflation[0m[2m=[0m0 [3msqueezed[0m[2m=[0mfalse [3mwindow_requests[0m[2m=[0m6
[2m2026-09-16T18:19:46.173386Z[0m [32m INFO[0m [2mpanoptikon::inferio::worker[0m[2m:[0m 2026-09-16 20:19:46,173 [DEBUG] PIL.PngImagePlugin: STREAM b'IHDR' 16 13 [3mworker[0m[2m=[0mdoctr
[2m2026-09-16T18:19:46.173406Z[0m [32m INFO[0m [2mpanoptikon::inferio::worker[0m[2m:[0m 2026-09-16 20:19:46,173 [DEBUG] PIL.PngImagePlugin: STREAM b'IDAT' 41 65536 [3mworker[0m[2m=[0mdoctr
[2m2026-09-16T18:19:46.183753Z[0m [32m INFO[0m [2mpanoptikon::inferio::worker[0m[2m:[0m 2026-09-16 20:19:46,183 [DEBUG] PIL.PngImagePlugin: STREAM b'IHDR' 16 13 [3mworker[0m[2m=[0mdoctr
[2m2026-09-16T18:19:46.183762Z[0m [32m INFO[0m [2mpanoptikon::inferio::worker[0m[2m:[0m 2026-09-16 20:19:46,183 [DEBUG] PIL.PngImagePlugin: STREAM b'IDAT' 41 65536 [3mworker[0m[2m=[0mdoctr
[2m2026-09-16T18:19:48.984492Z[0m [34mDEBUG[0m [2mpanoptikon::inferio::ledger[0m[2m:[0m settled a granted window [3mmodel[0m[2m=[0mdoctr/db_resnet50_crnn_mobilenet_v3_small [3mgpu[0m[2m=[0mGPU-MPS [3moutcome[0m[2m=[0m"clean" [3mfit_samples[0m[2m=[0m3 [3mthroughput_samples[0m[2m=[0m3 [3mclamped_samples[0m[2m=[0m0 [3mclamped[0m[2m=[0mnone [3mramp_step[0m[2m=[0m2 [3mdeflation[0m[2m=[0m0 [3mclean_windows[0m[2m=[0m10 [3mmax_units_measured[0m[2m=[0m16
[2m2026-09-16T18:19:48.984548Z[0m [34mDEBUG[0m [2mpanoptikon::inferio::ledger[0m[2m:[0m issued a memory grant [3mmodel[0m[2m=[0mdoctr/db_resnet50_crnn_mobilenet_v3_small [3mgpu[0m[2m=[0mGPU-MPS [3munit_budget[0m[2m=[0m3 [3mmb[0m[2m=[0m106643 [3mcanvas_pixels[0m[2m=[0mnone [3mshare_mb[0m[2m=[0m106643 [3mroom_mb[0m[2m=[0m106643 [3mheadroom_mb[0m[2m=[0m106643 [3mexternal_mb[0m[2m=[0m23405 [3mreserve_mb[0m[2m=[0m1024 [3mreserve_rule[0m[2m=[0m"capped_default" [3mpre_fit[0m[2m=[0mtrue [3mramp_step[0m[2m=[0m2 [3mdeflation[0m[2m=[0m0 [3msqueezed[0m[2m=[0mfalse [3mwindow_requests[0m[2m=[0m9
[2m2026-09-16T18:19:51.737507Z[0m [34mDEBUG[0m [2mpanoptikon::inferio::ledger[0m[2m:[0m settled a granted window [3mmodel[0m[2m=[0mdoctr/db_resnet50_crnn_mobilenet_v3_small [3mgpu[0m[2m=[0mGPU-MPS [3moutcome[0m[2m=[0m"clean" [3mfit_samples[0m[2m=[0m3 [3mthroughput_samples[0m[2m=[0m3 [3mclamped_samples[0m[2m=[0m0 [3mclamped[0m[2m=[0mnone [3mramp_step[0m[2m=[0m2 [3mdeflation[0m[2m=[0m0 [3mclean_windows[0m[2m=[0m11 [3mmax_units_measured[0m[2m=[0m16
[2m2026-09-16T18:19:51.737562Z[0m [34mDEBUG[0m [2mpanoptikon::inferio::ledger[0m[2m:[0m issued a memory grant [3mmodel[0m[2m=[0mdoctr/db_resnet50_crnn_mobilenet_v3_small [3mgpu[0m[2m=[0mGPU-MPS [3munit_budget[0m[2m=[0m3 [3mmb[0m[2m=[0m106645 [3mcanvas_pixels[0m[2m=[0mnone [3mshare_mb[0m[2m=[0m106645 [3mroom_mb[0m[2m=[0m106645 [3mheadroom_mb[0m[2m=[0m106645 [3mexternal_mb[0m[2m=[0m23403 [3mreserve_mb[0m[2m=[0m1024 [3mreserve_rule[0m[2m=[0m"capped_default" [3mpre_fit[0m[2m=[0mtrue [3mramp_step[0m[2m=[0m2 [3mdeflation[0m[2m=[0m0 [3msqueezed[0m[2m=[0mfalse [3mwindow_requests[0m[2m=[0m9
[2m2026-09-16T18:19:51.738703Z[0m [32m INFO[0m [2mpanoptikon::inferio::worker[0m[2m:[0m 2026-09-16 20:19:51,738 [DEBUG] PIL.PngImagePlugin: STREAM b'IHDR' 16 13 [3mworker[0m[2m=[0mdoctr
[2m2026-09-16T18:19:51.738725Z[0m [32m INFO[0m [2mpanoptikon::inferio::worker[0m[2m:[0m 2026-09-16 20:19:51,738 [DEBUG] PIL.PngImagePlugin: STREAM b'IDAT' 41 65536 [3mworker[0m[2m=[0mdoctr
[2m2026-09-16T18:19:51.747481Z[0m [32m INFO[0m [2mpanoptikon::inferio::worker[0m[2m:[0m 2026-09-16 20:19:51,747 [DEBUG] PIL.PngImagePlugin: STREAM b'IHDR' 16 13 [3mworker[0m[2m=[0mdoctr
[2m2026-09-16T18:19:51.747493Z[0m [32m INFO[0m [2mpanoptikon::inferio::worker[0m[2m:[0m 2026-09-16 20:19:51,747 [DEBUG] PIL.PngImagePlugin: STREAM b'IDAT' 41 65536 [3mworker[0m[2m=[0mdoctr
[2m2026-09-16T18:19:52.673463Z[0m [32m INFO[0m [2mpanoptikon::inferio::worker[0m[2m:[0m 2026-09-16 20:19:52,673 [DEBUG] PIL.PngImagePlugin: STREAM b'IHDR' 16 13 [3mworker[0m[2m=[0mdoctr
[2m2026-09-16T18:19:52.673495Z[0m [32m INFO[0m [2mpanoptikon::inferio::worker[0m[2m:[0m 2026-09-16 20:19:52,673 [DEBUG] PIL.PngImagePlugin: STREAM b'IDAT' 41 65536 [3mworker[0m[2m=[0mdoctr
[2m2026-09-16T18:19:52.682468Z[0m [32m INFO[0m [2mpanoptikon::inferio::worker[0m[2m:[0m 2026-09-16 20:19:52,682 [DEBUG] PIL.PngImagePlugin: STREAM b'IHDR' 16 13 [3mworker[0m[2m=[0mdoctr
[2m2026-09-16T18:19:52.682478Z[0m [32m INFO[0m [2mpanoptikon::inferio::worker[0m[2m:[0m 2026-09-16 20:19:52,682 [DEBUG] PIL.PngImagePlugin: STREAM b'IDAT' 41 65536 [3mworker[0m[2m=[0mdoctr
[2m2026-09-16T18:19:53.600294Z[0m [32m INFO[0m [2mpanoptikon::inferio::worker[0m[2m:[0m 2026-09-16 20:19:53,600 [DEBUG] PIL.PngImagePlugin: STREAM b'IHDR' 16 13 [3mworker[0m[2m=[0mdoctr
[2m2026-09-16T18:19:53.600331Z[0m [32m INFO[0m [2mpanoptikon::inferio::worker[0m[2m:[0m 2026-09-16 20:19:53,600 [DEBUG] PIL.PngImagePlugin: STREAM b'IDAT' 41 65536 [3mworker[0m[2m=[0mdoctr
[2m2026-09-16T18:19:54.537149Z[0m [34mDEBUG[0m [2mpanoptikon::inferio::ledger[0m[2m:[0m settled a granted window [3mmodel[0m[2m=[0mdoctr/db_resnet50_crnn_mobilenet_v3_small [3mgpu[0m[2m=[0mGPU-MPS [3moutcome[0m[2m=[0m"clean" [3mfit_samples[0m[2m=[0m3 [3mthroughput_samples[0m[2m=[0m3 [3mclamped_samples[0m[2m=[0m0 [3mclamped[0m[2m=[0mnone [3mramp_step[0m[2m=[0m2 [3mdeflation[0m[2m=[0m0 [3mclean_windows[0m[2m=[0m12 [3mmax_units_measured[0m[2m=[0m16
[2m2026-09-16T18:19:54.537197Z[0m [34mDEBUG[0m [2mpanoptikon::inferio::ledger[0m[2m:[0m issued a memory grant [3mmodel[0m[2m=[0mdoctr/db_resnet50_crnn_mobilenet_v3_small [3mgpu[0m[2m=[0mGPU-MPS [3munit_budget[0m[2m=[0m3 [3mmb[0m[2m=[0m107848 [3mcanvas_pixels[0m[2m=[0mnone [3mshare_mb[0m[2m=[0m107848 [3mroom_mb[0m[2m=[0m107848 [3mheadroom_mb[0m[2m=[0m107848 [3mexternal_mb[0m[2m=[0m22200 [3mreserve_mb[0m[2m=[0m1024 [3mreserve_rule[0m[2m=[0m"capped_default" [3mpre_fit[0m[2m=[0mtrue [3mramp_step[0m[2m=[0m2 [3mdeflation[0m[2m=[0m0 [3msqueezed[0m[2m=[0mfalse [3mwindow_requests[0m[2m=[0m9
[2m2026-09-16T18:19:54.537911Z[0m [32m INFO[0m [2mpanoptikon::inferio::worker[0m[2m:[0m 2026-09-16 20:19:54,537 [DEBUG] PIL.PngImagePlugin: STREAM b'IHDR' 16 13 [3mworker[0m[2m=[0mdoctr
[2m2026-09-16T18:19:54.537933Z[0m [32m INFO[0m [2mpanoptikon::inferio::worker[0m[2m:[0m 2026-09-16 20:19:54,537 [DEBUG] PIL.PngImagePlugin: STREAM b'IDAT' 41 65536 [3mworker[0m[2m=[0mdoctr
[2m2026-09-16T18:19:57.330604Z[0m [34mDEBUG[0m [2mpanoptikon::inferio::ledger[0m[2m:[0m settled a granted window [3mmodel[0m[2m=[0mdoctr/db_resnet50_crnn_mobilenet_v3_small [3mgpu[0m[2m=[0mGPU-MPS [3moutcome[0m[2m=[0m"clean" [3mfit_samples[0m[2m=[0m3 [3mthroughput_samples[0m[2m=[0m3 [3mclamped_samples[0m[2m=[0m0 [3mclamped[0m[2m=[0mnone [3mramp_step[0m[2m=[0m2 [3mdeflation[0m[2m=[0m0 [3mclean_windows[0m[2m=[0m13 [3mmax_units_measured[0m[2m=[0m16
[2m2026-09-16T18:19:57.330677Z[0m [34mDEBUG[0m [2mpanoptikon::inferio::ledger[0m[2m:[0m issued a memory grant [3mmodel[0m[2m=[0mdoctr/db_resnet50_crnn_mobilenet_v3_small [3mgpu[0m[2m=[0mGPU-MPS [3munit_budget[0m[2m=[0m3 [3mmb[0m[2m=[0m106664 [3mcanvas_pixels[0m[2m=[0mnone [3mshare_mb[0m[2m=[0m106664 [3mroom_mb[0m[2m=[0m106664 [3mheadroom_mb[0m[2m=[0m106664 [3mexternal_mb[0m[2m=[0m23384 [3mreserve_mb[0m[2m=[0m1024 [3mreserve_rule[0m[2m=[0m"capped_default" [3mpre_fit[0m[2m=[0mtrue [3mramp_step[0m[2m=[0m2 [3mdeflation[0m[2m=[0m0 [3msqueezed[0m[2m=[0mfalse [3mwindow_requests[0m[2m=[0m9
[2m2026-09-16T18:19:57.332281Z[0m [32m INFO[0m [2mpanoptikon::inferio::worker[0m[2m:[0m 2026-09-16 20:19:57,332 [DEBUG] PIL.PngImagePlugin: STREAM b'IHDR' 16 13 [3mworker[0m[2m=[0mdoctr
[2m2026-09-16T18:19:57.332296Z[0m [32m INFO[0m [2mpanoptikon::inferio::worker[0m[2m:[0m 2026-09-16 20:19:57,332 [DEBUG] PIL.PngImagePlugin: STREAM b'IDAT' 41 65536 [3mworker[0m[2m=[0mdoctr
[2m2026-09-16T18:19:58.258656Z[0m [32m INFO[0m [2mpanoptikon::inferio::worker[0m[2m:[0m 2026-09-16 20:19:58,258 [DEBUG] PIL.PngImagePlugin: STREAM b'IHDR' 16 13 [3mworker[0m[2m=[0mdoctr
[2m2026-09-16T18:19:58.258702Z[0m [32m INFO[0m [2mpanoptikon::inferio::worker[0m[2m:[0m 2026-09-16 20:19:58,258 [DEBUG] PIL.PngImagePlugin: STREAM b'IDAT' 41 65536 [3mworker[0m[2m=[0mdoctr
[2m2026-09-16T18:19:59.185546Z[0m [32m INFO[0m [2mpanoptikon::inferio::worker[0m[2m:[0m 2026-09-16 20:19:59,185 [DEBUG] PIL.PngImagePlugin: STREAM b'IHDR' 16 13 [3mworker[0m[2m=[0mdoctr
[2m2026-09-16T18:19:59.185585Z[0m [32m INFO[0m [2mpanoptikon::inferio::worker[0m[2m:[0m 2026-09-16 20:19:59,185 [DEBUG] PIL.PngImagePlugin: STREAM b'IDAT' 41 65536 [3mworker[0m[2m=[0mdoctr
[2m2026-09-16T18:20:00.111635Z[0m [34mDEBUG[0m [2mpanoptikon::inferio::ledger[0m[2m:[0m settled a granted window [3mmodel[0m[2m=[0mdoctr/db_resnet50_crnn_mobilenet_v3_small [3mgpu[0m[2m=[0mGPU-MPS [3moutcome[0m[2m=[0m"clean" [3mfit_samples[0m[2m=[0m3 [3mthroughput_samples[0m[2m=[0m3 [3mclamped_samples[0m[2m=[0m0 [3mclamped[0m[2m=[0mnone [3mramp_step[0m[2m=[0m2 [3mdeflation[0m[2m=[0m0 [3mclean_windows[0m[2m=[0m14 [3mmax_units_measured[0m[2m=[0m16
[2m2026-09-16T18:20:00.111698Z[0m [34mDEBUG[0m [2mpanoptikon::inferio::ledger[0m[2m:[0m issued a memory grant [3mmodel[0m[2m=[0mdoctr/db_resnet50_crnn_mobilenet_v3_small [3mgpu[0m[2m=[0mGPU-MPS [3munit_budget[0m[2m=[0m3 [3mmb[0m[2m=[0m106400 [3mcanvas_pixels[0m[2m=[0mnone [3mshare_mb[0m[2m=[0m106400 [3mroom_mb[0m[2m=[0m106400 [3mheadroom_mb[0m[2m=[0m106400 [3mexternal_mb[0m[2m=[0m23648 [3mreserve_mb[0m[2m=[0m1024 [3mreserve_rule[0m[2m=[0m"capped_default" [3mpre_fit[0m[2m=[0mtrue [3mramp_step[0m[2m=[0m2 [3mdeflation[0m[2m=[0m0 [3msqueezed[0m[2m=[0mfalse [3mwindow_requests[0m[2m=[0m6
[2m2026-09-16T18:20:00.115665Z[0m [32m INFO[0m [2mpanoptikon::inferio::worker[0m[2m:[0m 2026-09-16 20:20:00,115 [DEBUG] PIL.PngImagePlugin: STREAM b'IHDR' 16 13 [3mworker[0m[2m=[0mdoctr
[2m2026-09-16T18:20:00.115687Z[0m [32m INFO[0m [2mpanoptikon::inferio::worker[0m[2m:[0m 2026-09-16 20:20:00,115 [DEBUG] PIL.PngImagePlugin: STREAM b'IDAT' 41 65536 [3mworker[0m[2m=[0mdoctr
[2m2026-09-16T18:20:00.124171Z[0m [32m INFO[0m [2mpanoptikon::inferio::worker[0m[2m:[0m 2026-09-16 20:20:00,124 [DEBUG] PIL.PngImagePlugin: STREAM b'IHDR' 16 13 [3mworker[0m[2m=[0mdoctr
[2m2026-09-16T18:20:00.124196Z[0m [32m INFO[0m [2mpanoptikon::inferio::worker[0m[2m:[0m 2026-09-16 20:20:00,124 [DEBUG] PIL.PngImagePlugin: STREAM b'IDAT' 41 65536 [3mworker[0m[2m=[0mdoctr
[2m2026-09-16T18:20:02.914022Z[0m [34mDEBUG[0m [2mpanoptikon::inferio::ledger[0m[2m:[0m settled a granted window [3mmodel[0m[2m=[0mdoctr/db_resnet50_crnn_mobilenet_v3_small [3mgpu[0m[2m=[0mGPU-MPS [3moutcome[0m[2m=[0m"clean" [3mfit_samples[0m[2m=[0m3 [3mthroughput_samples[0m[2m=[0m3 [3mclamped_samples[0m[2m=[0m0 [3mclamped[0m[2m=[0mnone [3mramp_step[0m[2m=[0m2 [3mdeflation[0m[2m=[0m0 [3mclean_windows[0m[2m=[0m15 [3mmax_units_measured[0m[2m=[0m16
[2m2026-09-16T18:20:02.914087Z[0m [34mDEBUG[0m [2mpanoptikon::inferio::ledger[0m[2m:[0m issued a memory grant [3mmodel[0m[2m=[0mdoctr/db_resnet50_crnn_mobilenet_v3_small [3mgpu[0m[2m=[0mGPU-MPS [3munit_budget[0m[2m=[0m3 [3mmb[0m[2m=[0m106376 [3mcanvas_pixels[0m[2m=[0mnone [3mshare_mb[0m[2m=[0m106376 [3mroom_mb[0m[2m=[0m106376 [3mheadroom_mb[0m[2m=[0m106376 [3mexternal_mb[0m[2m=[0m23672 [3mreserve_mb[0m[2m=[0m1024 [3mreserve_rule[0m[2m=[0m"capped_default" [3mpre_fit[0m[2m=[0mtrue [3mramp_step[0m[2m=[0m2 [3mdeflation[0m[2m=[0m0 [3msqueezed[0m[2m=[0mfalse [3mwindow_requests[0m[2m=[0m6
[2m2026-09-16T18:20:02.914967Z[0m [32m INFO[0m [2mpanoptikon::inferio::worker[0m[2m:[0m 2026-09-16 20:20:02,914 [DEBUG] PIL.PngImagePlugin: STREAM b'IHDR' 16 13 [3mworker[0m[2m=[0mdoctr
[2m2026-09-16T18:20:02.914990Z[0m [32m INFO[0m [2mpanoptikon::inferio::worker[0m[2m:[0m 2026-09-16 20:20:02,914 [DEBUG] PIL.PngImagePlugin: STREAM b'IDAT' 41 65536 [3mworker[0m[2m=[0mdoctr
[2m2026-09-16T18:20:04.817143Z[0m [32m INFO[0m [2mpanoptikon::inferio::worker[0m[2m:[0m 2026-09-16 20:20:04,817 [DEBUG] PIL.PngImagePlugin: STREAM b'IHDR' 16 13 [3mworker[0m[2m=[0mdoctr
[2m2026-09-16T18:20:04.817180Z[0m [32m INFO[0m [2mpanoptikon::inferio::worker[0m[2m:[0m 2026-09-16 20:20:04,817 [DEBUG] PIL.PngImagePlugin: STREAM b'IDAT' 41 65536 [3mworker[0m[2m=[0mdoctr
[2m2026-09-16T18:20:05.786420Z[0m [34mDEBUG[0m [2mpanoptikon::inferio::ledger[0m[2m:[0m settled a granted window [3mmodel[0m[2m=[0mdoctr/db_resnet50_crnn_mobilenet_v3_small [3mgpu[0m[2m=[0mGPU-MPS [3moutcome[0m[2m=[0m"clean" [3mfit_samples[0m[2m=[0m3 [3mthroughput_samples[0m[2m=[0m3 [3mclamped_samples[0m[2m=[0m0 [3mclamped[0m[2m=[0mnone [3mramp_step[0m[2m=[0m2 [3mdeflation[0m[2m=[0m0 [3mclean_windows[0m[2m=[0m16 [3mmax_units_measured[0m[2m=[0m16
[2m2026-09-16T18:20:05.790453Z[0m [34mDEBUG[0m [2mpanoptikon::inferio::ledger[0m[2m:[0m issued a memory grant [3mmodel[0m[2m=[0mdoctr/db_resnet50_crnn_mobilenet_v3_small [3mgpu[0m[2m=[0mGPU-MPS [3munit_budget[0m[2m=[0m3 [3mmb[0m[2m=[0m106544 [3mcanvas_pixels[0m[2m=[0mnone [3mshare_mb[0m[2m=[0m106544 [3mroom_mb[0m[2m=[0m106544 [3mheadroom_mb[0m[2m=[0m106544 [3mexternal_mb[0m[2m=[0m23504 [3mreserve_mb[0m[2m=[0m1024 [3mreserve_rule[0m[2m=[0m"capped_default" [3mpre_fit[0m[2m=[0mtrue [3mramp_step[0m[2m=[0m2 [3mdeflation[0m[2m=[0m0 [3msqueezed[0m[2m=[0mfalse [3mwindow_requests[0m[2m=[0m2
[2m2026-09-16T18:20:06.703577Z[0m [32m INFO[0m [2mpanoptikon::inferio::worker[0m[2m:[0m 2026-09-16 20:20:06,703 [DEBUG] PIL.PngImagePlugin: STREAM b'IHDR' 16 13 [3mworker[0m[2m=[0mdoctr
[2m2026-09-16T18:20:06.703620Z[0m [32m INFO[0m [2mpanoptikon::inferio::worker[0m[2m:[0m 2026-09-16 20:20:06,703 [DEBUG] PIL.PngImagePlugin: STREAM b'IDAT' 41 65536 [3mworker[0m[2m=[0mdoctr
[2m2026-09-16T18:20:07.330083Z[0m [34mDEBUG[0m [2mpanoptikon::inferio::ledger[0m[2m:[0m declining to fit a throughput knee: this knee last expired and was widened, and the ring has not yet seen enough of the wider size to put it back [3mbucket[0m[2m=[0m1 [3mobserved_floor[0m[2m=[0m1 [3mobserved_top[0m[2m=[0m4 [3manchor[0m[2m=[0m16 [3mobservations[0m[2m=[0m47
[2m2026-09-16T18:20:07.330127Z[0m [32m INFO[0m [2mpanoptikon::inferio::ledger[0m[2m:[0m this model has run cleanly at its throughput knee for long enough, with memory to spare, that the knee is worth re-testing; widening the cap by one batch-size step. A knee is a brake, not a ceiling: if the curve really does flatten here, the next fit from honest samples puts it back [3mmodel[0m[2m=[0mdoctr/db_resnet50_crnn_mobilenet_v3_small [3mgpu[0m[2m=[0mGPU-MPS [3mknee_units_before[0m[2m=[0m3 [3mknee_units_after[0m[2m=[0m7 [3mclean_windows_at_the_knee[0m[2m=[0m12 [3mlast_grant_units[0m[2m=[0m3
[2m2026-09-16T18:20:07.330137Z[0m [34mDEBUG[0m [2mpanoptikon::inferio::ledger[0m[2m:[0m settled a granted window [3mmodel[0m[2m=[0mdoctr/db_resnet50_crnn_mobilenet_v3_small [3mgpu[0m[2m=[0mGPU-MPS [3moutcome[0m[2m=[0m"clean" [3mfit_samples[0m[2m=[0m2 [3mthroughput_samples[0m[2m=[0m1 [3mclamped_samples[0m[2m=[0m0 [3mclamped[0m[2m=[0mnone [3mramp_step[0m[2m=[0m2 [3mdeflation[0m[2m=[0m0 [3mclean_windows[0m[2m=[0m17 [3mmax_units_measured[0m[2m=[0m16
[2m2026-09-16T18:20:07.332509Z[0m [32m INFO[0m [2mpanoptikon::jobs::extraction[0m[2m:[0m extraction job phase timing [3mdata_load_busy_secs[0m[2m=[0m0.405620042 [3mdata_load_work_secs[0m[2m=[0m2.022695746 [3minference_busy_secs[0m[2m=[0m59.451009542 [3minference_work_secs[0m[2m=[0m5517.457414448001
[2m2026-09-16T18:20:07.333739Z[0m [32m INFO[0m [1mActor[0m[1m{[0m[3mid[0m[2m=[0m"0.5" [3mname[0m[2m=[0m"job-runner"[1m}[0m[2m:[0m [2mpanoptikon::jobs::queue[0m[2m:[0m scheduling deferred database maintenance [3mindex_db[0m[2m=[0m"cal" [3mqueue_id[0m[2m=[0m5 [3mowed[0m[2m=[0mwrote_data
[2m2026-09-16T18:20:07.333750Z[0m [32m INFO[0m [1mActor[0m[1m{[0m[3mid[0m[2m=[0m"0.5" [3mname[0m[2m=[0m"job-runner"[1m}[0m[2m:[0m [2mpanoptikon::jobs::queue[0m[2m:[0m unloading batch model at job boundary [3msetter[0m[2m=[0mdoctr/db_resnet50_crnn_mobilenet_v3_small
[2m2026-09-16T18:20:07.333897Z[0m [34mDEBUG[0m [2mpanoptikon::inferio::manager[0m[2m:[0m unload requested [3mmodel[0m[2m=[0mdoctr/db_resnet50_crnn_mobilenet_v3_small [3mcache_key[0m[2m=[0mbatch
[2m2026-09-16T18:20:07.333910Z[0m [34mDEBUG[0m [2mpanoptikon::inferio::manager[0m[2m:[0m unloading model [3mmodel[0m[2m=[0mdoctr/db_resnet50_crnn_mobilenet_v3_small
[2m2026-09-16T18:20:07.335234Z[0m [32m INFO[0m [2mpanoptikon::inferio::worker[0m[2m:[0m 2026-09-16 20:20:07,335 [INFO] inferio_worker: Unloaded; exiting. [3mworker[0m[2m=[0mdoctr
[2m2026-09-16T18:20:48.842187Z[0m [32m INFO[0m [2mpanoptikon::shutdown[0m[2m:[0m shutdown signal received; stopping gracefully (repeat the signal to force exit)
[2m2026-09-16T18:20:48.846399Z[0m [32m INFO[0m [2mpanoptikon::shutdown[0m[2m:[0m index DB writers drained [3mwriters[0m[2m=[0m2
[2m2026-09-16T18:20:48.846863Z[0m [32m INFO[0m [2mpanoptikon::shutdown[0m[2m:[0m local inference workers stopped
[2m2026-09-16T18:20:48.846976Z[0m [32m INFO[0m [2mpanoptikon::shutdown[0m[2m:[0m background work stopped cleanly
[2m2026-09-16T18:20:48.847082Z[0m [32m INFO[0m [2mpanoptikon[0m[2m:[0m gateway stopped
