{
 "schema": "legs/1",
 "scenario": "S14",
 "note": "regression sanity: the CI smoke sequence plus one job",
 "directory": "Q:\\projects\\panoptikon-pr27\\.win\\final\\legs\\f-S14-tags\\S14",
 "platform": {
  "system": "Windows",
  "release": "11",
  "machine": "AMD64",
  "python": "3.12.9"
 },
 "bin": "Q:\\projects\\panoptikon-pr27\\target\\release\\panoptikon.exe",
 "config": "Q:\\projects\\panoptikon-pr27\\tools\\calibration-protocol\\config\\server-C1win.toml",
 "gateway_config": "Q:\\projects\\panoptikon-pr27\\tools\\calibration-protocol\\config\\server-C1win.toml",
 "inference_python": "Q:/projects/panoptikon-pr27/python/.venv/Scripts/python.exe",
 "inference_python_source": "config",
 "device_env": {},
 "env_file": "Q:\\projects\\panoptikon-pr27\\tools\\calibration-protocol\\config\\env.C1win",
 "dotenv": null,
 "base_url": "http://127.0.0.1:6382",
 "legacy_port": null,
 "endpoints": [
  {
   "name": "test",
   "port": 6383
  },
  {
   "name": "legacy_ui",
   "port": 6379
  }
 ],
 "model": "tags/wd-vit-tagger-v3",
 "models": [
  "tags/wd-vit-tagger-v3"
 ],
 "scan_audio": false,
 "corpus": "Q:\\projects\\panoptikon-pr27\\.win\\results\\corpus\\smoke2",
 "gpu_total_mb": 32607,
 "gpu_total_mb_source": "--gpu-total-mb",
 "hog": null,
 "hog_events": [],
 "floor_bound": [],
 "checks": "failures,job_outcome,grant_safety,peak_fds",
 "learning": false,
 "preconditions": [],
 "analyze_command": [
  "Q:\\projects\\panoptikon-pr27\\python\\.venv\\Scripts\\python.exe",
  "Q:\\projects\\panoptikon-pr27\\tools\\calibration-protocol\\analyze.py",
  "--scenario",
  "Q:\\projects\\panoptikon-pr27\\.win\\final\\legs\\f-S14-tags\\S14",
  "--checks",
  "failures,job_outcome,grant_safety,peak_fds",
  "--json",
  "Q:\\projects\\panoptikon-pr27\\.win\\final\\legs\\f-S14-tags\\S14\\verdicts.json"
 ]
}
[2026-09-17T01:58:32.253Z] inference_python {"python": "Q:/projects/panoptikon-pr27/python/.venv/Scripts/python.exe", "source": "config", "config": "Q:\\projects\\panoptikon-pr27\\tools\\calibration-protocol\\config\\server-C1win.toml"}
[2026-09-17T01:58:32.260Z] vramrec_started
[2026-09-17T01:58:32.264Z] healthrec_started
[2026-09-17T01:58:32.270Z] gateway_started {"child": "gateway", "pid": 50964, "argv": ["Q:\\projects\\panoptikon-pr27\\target\\release\\panoptikon.exe", "--config", "Q:\\projects\\panoptikon-pr27\\tools\\calibration-protocol\\config\\server-C1win.toml", "--root", "Q:\\projects\\panoptikon-pr27\\.win\\final\\legs\\f-S14-tags\\S14\\root", "--disable-update-check"]}
[2026-09-17T01:58:33.500Z] gateway_ready
[2026-09-17T01:58:33.704Z] rescan_start {"corpus": "Q:\\projects\\panoptikon-pr27\\.win\\results\\corpus\\smoke2", "index_db": "cal", "scan_audio": false}
[2026-09-17T01:58:35.757Z] rescan_done {"indexed_files": 180, "index_db": "cal"}
[2026-09-17T01:58:35.757Z] job_start {"model": "tags/wd-vit-tagger-v3", "tag": "", "index_db": "cal"}
[2026-09-17T01:58:35.771Z] job_posted {"http_status": 202}
[2026-09-17T01:58:45.851Z] job_end {"outcome": "drained"}
[2026-09-17T01:58:45.895Z] job_items {"model": "tags/wd-vit-tagger-v3", "items": 180}
[2026-09-17T01:58:45.939Z] smoke_assertions {"summary": {"pql": {"status": 200, "count": 180}, "thumbnail": {"status": 200, "bytes": 332354}, "file": {"status": 200, "path": "Q:\\projects\\panoptikon-pr27\\.win\\results\\corpus\\smoke2\\image\\img-8000x6000-jpg\\img-8000x6000-jpg-000000.jpg", "bytes": 1107696}, "endpoints": [{"name": "test", "port": 6383, "expected": 200, "expected_under_docker": 403, "status": 200, "ok": true, "note": "the 403 is a Docker-only assertion: docker.toml gives this port the public endpoint with restricted_demo, while these configs give it the localhost policy, where 200 is correct"}, {"name": "legacy_ui", "port": 6379, "expected": 200, "expected_under_docker": 403, "status": 200, "ok": true, "note": "the 403 is a Docker-only assertion: docker.toml gives this port the public endpoint with restricted_demo, while these configs give it the localhost policy, where 200 is correct"}], "legacy_ui_queue": {"name": "legacy_ui", "port": 6379, "expected": 200, "expected_under_docker": 403, "status": 200, "ok": true, "note": "the 403 is a Docker-only assertion: docker.toml gives this port the public endpoint with restricted_demo, while these configs give it the localhost policy, where 200 is correct"}}}
[2026-09-17T01:58:45.957Z] settling {"seconds": 40.0}
[2026-09-17T01:59:26.583Z] processes_stopped {"gateway": "CTRL_BREAK, rc=0", "healthrec": "CTRL_BREAK, rc=0", "vramrec": "CTRL_BREAK, rc=0"}

DONE Q:\projects\panoptikon-pr27\.win\final\legs\f-S14-tags\S14  outcome=drained
analyze with:
  Q:\projects\panoptikon-pr27\python\.venv\Scripts\python.exe Q:\projects\panoptikon-pr27\tools\calibration-protocol\analyze.py --scenario Q:\projects\panoptikon-pr27\.win\final\legs\f-S14-tags\S14 --checks failures,job_outcome,grant_safety,peak_fds --json Q:\projects\panoptikon-pr27\.win\final\legs\f-S14-tags\S14\verdicts.json
