[2m2026-09-17T01:32:07.026853Z[0m [32m INFO[0m [2mpanoptikon::logging[0m[2m:[0m logging to file [3mpath[0m[2m=[0mdata/panoptikon.log
[2m2026-09-17T01:32:07.026887Z[0m [32m INFO[0m [2mpanoptikon::rlimit[0m[2m:[0m raised the open file descriptor soft limit to the hard limit [3msoft_nofile_before[0m[2m=[0m256 [3msoft_nofile_after[0m[2m=[0m1048576
[2m2026-09-17T01:32:07.026964Z[0m [32m INFO[0m [2mpanoptikon::accelerator_report[0m[2m:[0m accelerator backend [3mbackend[0m[2m=[0m"mps" [3mbackend_source[0m[2m=[0mmacOS: default PyPI wheels (MPS on Apple Silicon); no CUDA/ROCm builds exist [3mdevices[0m[2m=[0m[]
[2m2026-09-17T01:32:07.057789Z[0m [32m INFO[0m [2mpanoptikon::inferio::gpu[0m[2m:[0m detected GPU (unified memory; the total is the 75% seed until a worker reports the exact recommended-max figure) [3mindex[0m[2m=[0m0 [3muuid[0m[2m=[0mGPU-MPS [3mname[0m[2m=[0mApple M3 Max (128 GB) [3mtotal_mb[0m[2m=[0m98304 [3mram_mb[0m[2m=[0m131072 [3munified[0m[2m=[0mtrue
[2m2026-09-17T01:32:07.057814Z[0m [32m INFO[0m [2mpanoptikon::inferio::gpu[0m[2m:[0m admitting batches from workers that run on the CPU against system RAM (running out of it is an OS process kill rather than a catchable allocation failure, so the device ships with a default ceiling) [3muuid[0m[2m=[0mCPU [3mname[0m[2m=[0mCPU (128 GB) [3mtotal_mb[0m[2m=[0m131072 [3mdefault_cap_fraction[0m[2m=[0m0.75 [3maccelerators[0m[2m=[0m1
[2m2026-09-17T01:32:07.057894Z[0m [32m INFO[0m [2mpanoptikon[0m[2m:[0m serving /api/inference locally (inference_local.enabled)
[2m2026-09-17T01:32:07.115097Z[0m [32m INFO[0m [2mpanoptikon[0m[2m:[0m gateway listening [3mendpoint[0m[2m=[0mdefault [3maddress[0m[2m=[0m127.0.0.1:6342
[2m2026-09-17T01:32:07.115131Z[0m [32m INFO[0m [2mpanoptikon[0m[2m:[0m gateway listening [3mendpoint[0m[2m=[0mtest [3maddress[0m[2m=[0m127.0.0.1:6343
[2m2026-09-17T01:32:07.115149Z[0m [32m INFO[0m [2mpanoptikon[0m[2m:[0m gateway listening [3mendpoint[0m[2m=[0mlegacy_ui [3maddress[0m[2m=[0m127.0.0.1:6339
[2m2026-09-17T01:32:07.115158Z[0m [32m INFO[0m [2mpanoptikon[0m[2m:[0m serving HTTP/1.1 and HTTP/2 cleartext [3mmax_concurrent_streams[0m[2m=[0m512
[2m2026-09-17T01:32:07.139788Z[0m [32m INFO[0m [2mpanoptikon::media_tools[0m[2m:[0m media tools resolved [3mffmpeg[0m[2m=[0m/Users/moot/projects/panoptikon-pr27/python/.venv/lib/python3.12/site-packages/static_ffmpeg/bin/darwin_arm64/ffmpeg [3mffprobe[0m[2m=[0m/Users/moot/projects/panoptikon-pr27/python/.venv/lib/python3.12/site-packages/static_ffmpeg/bin/darwin_arm64/ffprobe
[2m2026-09-17T01:32:07.262997Z[0m [32m INFO[0m [2mpanoptikon::media_tools::transcode::hw[0m[2m:[0m hardware H.264 encoder validated [3mencoder[0m[2m=[0m"h264_videotoolbox"
[2m2026-09-17T01:32:09.603839Z[0m [32m INFO[0m [2mpanoptikon::jobs::files[0m[2m:[0m file scan phase timing [3mfolder[0m[2m=[0m"/Users/moot/projects/panoptikon-pr27/tools/calibration-protocol/results/corpus/smoke/" [3mhashing_busy_secs[0m[2m=[0m0.06321320999999998 [3mhashing_work_secs[0m[2m=[0m0.11360286600000007 [3mmetadata_busy_secs[0m[2m=[0m0.036619333999999996 [3mmetadata_work_secs[0m[2m=[0m0.06674632200000002 [3mthumbgen_busy_secs[0m[2m=[0m1.423825666 [3mthumbgen_work_secs[0m[2m=[0m10.160315588 [3mblurhash_busy_secs[0m[2m=[0m0.19235949800000007 [3mblurhash_work_secs[0m[2m=[0m0.37306182100000007
[2m2026-09-17T01:32:09.651561Z[0m [32m INFO[0m [2mpanoptikon::jobs::files[0m[2m:[0m file scan phase timing [3mfolder[0m[2m=[0m"/Users/moot/projects/panoptikon-pr27/tools/calibration-protocol/results/corpus/smoke/" [3mhashing_busy_secs[0m[2m=[0m0.0 [3mhashing_work_secs[0m[2m=[0m0.0 [3mmetadata_busy_secs[0m[2m=[0m0.0 [3mmetadata_work_secs[0m[2m=[0m0.0 [3mthumbgen_busy_secs[0m[2m=[0m0.0 [3mthumbgen_work_secs[0m[2m=[0m0.0 [3mblurhash_busy_secs[0m[2m=[0m0.0 [3mblurhash_work_secs[0m[2m=[0m0.0
[2m2026-09-17T01:32:09.652731Z[0m [32m INFO[0m [1mActor[0m[1m{[0m[3mid[0m[2m=[0m"0.5" [3mname[0m[2m=[0m"job-runner"[1m}[0m[2m:[0m [2mpanoptikon::jobs::queue[0m[2m:[0m scheduling deferred database maintenance [3mindex_db[0m[2m=[0m"cal" [3mqueue_id[0m[2m=[0m3 [3mowed[0m[2m=[0mwrote_data
[2m2026-09-17T01:32:10.185854Z[0m [34mDEBUG[0m [2mpanoptikon::inferio_client[0m[2m:[0m multiplexing inference requests over HTTP/2 cleartext [3mendpoint[0m[2m=[0mhttp://127.0.0.1:6342/api/inference [3mconnection_lanes[0m[2m=[0m64 [3mstreams_per_lane[0m[2m=[0m64 [3mmax_concurrent[0m[2m=[0m256 [3mmax_concurrent_ceiling[0m[2m=[0m4096
[2m2026-09-17T01:32:10.214647Z[0m [34mDEBUG[0m [2mpanoptikon::inferio::manager[0m[2m:[0m resolved cost dimension [3mmodel[0m[2m=[0mwhisper/tiny [3munit[0m[2m=[0m"none" [3mepoch[0m[2m=[0m1 [3mpriced[0m[2m=[0mfalse [3mdegraded[0m[2m=[0mfalse
[2m2026-09-17T01:32:10.215321Z[0m [34mDEBUG[0m [2mpanoptikon::inferio::worker[0m[2m:[0m spawned an inferio worker [3mworker[0m[2m=[0mfaster_whisper [3minference_id[0m[2m=[0m"whisper/tiny" [3mpid[0m[2m=[0mSome(51879)
[2m2026-09-17T01:32:10.882666Z[0m [32m INFO[0m [2mpanoptikon::inferio::worker[0m[2m:[0m 2026-09-17 03:32:10,882 [INFO] inferio_worker: Resolved impl class faster_whisper to /Users/moot/projects/panoptikon-pr27/python/inferio/impl/whisper.py [3mworker[0m[2m=[0mfaster_whisper
[2m2026-09-17T01:32:10.882734Z[0m [32m INFO[0m [2mpanoptikon::inferio::worker[0m[2m:[0m 2026-09-17 03:32:10,882 [INFO] inferio_worker: Handshake ok for impl class faster_whisper [3mworker[0m[2m=[0mfaster_whisper
[2m2026-09-17T01:32:10.882808Z[0m [32m INFO[0m [2mpanoptikon::inferio::worker[0m[2m:[0m 2026-09-17 03:32:10,882 [INFO] inferio_worker: Configured as whisper/tiny [3mworker[0m[2m=[0mfaster_whisper
[2m2026-09-17T01:32:10.893382Z[0m [32m INFO[0m [2mpanoptikon::inferio::worker[0m[2m:[0m 2026-09-17 03:32:10,893 [DEBUG] inferio_worker.memory: NVML init failed (NVML Shared Library Not Found) [3mworker[0m[2m=[0mfaster_whisper
[2m2026-09-17T01:32:11.335572Z[0m [32m INFO[0m [2mpanoptikon::inferio::worker[0m[2m:[0m 2026-09-17 03:32:11,335 [INFO] inferio.impl.utils: CT2 compute type 'float16' unsupported on cpu; using 'float32'. [3mworker[0m[2m=[0mfaster_whisper
[2m2026-09-17T01:32:11.337064Z[0m [32m INFO[0m [2mpanoptikon::inferio::worker[0m[2m:[0m 2026-09-17 03:32:11,337 [DEBUG] urllib3.connectionpool: Starting new HTTPS connection (1): huggingface.co:443 [3mworker[0m[2m=[0mfaster_whisper
[2m2026-09-17T01:32:11.498061Z[0m [32m INFO[0m [2mpanoptikon::inferio::worker[0m[2m:[0m 2026-09-17 03:32:11,497 [DEBUG] urllib3.connectionpool: https://huggingface.co:443 "GET /api/models/Systran/faster-whisper-tiny/revision/main HTTP/1.1" 200 None [3mworker[0m[2m=[0mfaster_whisper
[2m2026-09-17T01:32:11.611396Z[0m [34mDEBUG[0m [2mpanoptikon::inferio::worker[0m[2m:[0m worker reported its load footprint [3mworker[0m[2m=[0mwhisper/tiny [3mgpu_name[0m[2m=[0m"Apple M3 Max (128 GB)" [3mgpu_arch[0m[2m=[0m"apple-m3" [3mgpu_total_mb[0m[2m=[0m110100 [3mtorch[0m[2m=[0m"2.7.1"
[2m2026-09-17T01:32:11.611432Z[0m [34mDEBUG[0m [2mpanoptikon::inferio::manager[0m[2m:[0m replica loaded [3mmodel[0m[2m=[0mwhisper/tiny [3mreplica[0m[2m=[0m0 [3mdevice[0m[2m=[0m"<unpinned>"
[2m2026-09-17T01:32:11.630949Z[0m [34mDEBUG[0m [2mpanoptikon::inferio::http[0m[2m:[0m processing local inference predict [3mmodel[0m[2m=[0mwhisper/tiny [3minputs[0m[2m=[0m1
[2m2026-09-17T01:32:11.631342Z[0m [34mDEBUG[0m [2mpanoptikon::inferio::http[0m[2m:[0m processing local inference predict [3mmodel[0m[2m=[0mwhisper/tiny [3minputs[0m[2m=[0m1
[2m2026-09-17T01:32:11.631566Z[0m [34mDEBUG[0m [2mpanoptikon::inferio::http[0m[2m:[0m processing local inference predict [3mmodel[0m[2m=[0mwhisper/tiny [3minputs[0m[2m=[0m1
[2m2026-09-17T01:32:11.632150Z[0m [32m INFO[0m [2mpanoptikon::inferio::worker[0m[2m:[0m 2026-09-17 03:32:11,631 [INFO] faster_whisper: Processing audio with duration 00:10.000 [3mworker[0m[2m=[0mfaster_whisper
[2m2026-09-17T01:32:11.639489Z[0m [34mDEBUG[0m [2mpanoptikon::inferio::http[0m[2m:[0m processing local inference predict [3mmodel[0m[2m=[0mwhisper/tiny [3minputs[0m[2m=[0m1
[2m2026-09-17T01:32:11.639925Z[0m [34mDEBUG[0m [2mpanoptikon::inferio::http[0m[2m:[0m processing local inference predict [3mmodel[0m[2m=[0mwhisper/tiny [3minputs[0m[2m=[0m1
[2m2026-09-17T01:32:11.701813Z[0m [32m INFO[0m [2mpanoptikon::inferio::worker[0m[2m:[0m 2026-09-17 03:32:11,701 [INFO] faster_whisper: Detected language 'en' with probability 0.22 [3mworker[0m[2m=[0mfaster_whisper
[2m2026-09-17T01:32:11.702858Z[0m [32m INFO[0m [2mpanoptikon::inferio::worker[0m[2m:[0m 2026-09-17 03:32:11,702 [DEBUG] faster_whisper: Processing segment at 00:00.000 [3mworker[0m[2m=[0mfaster_whisper
[2m2026-09-17T01:32:11.811416Z[0m [32m INFO[0m [2mpanoptikon::inferio::worker[0m[2m:[0m 2026-09-17 03:32:11,811 [DEBUG] faster_whisper: Log probability threshold is not met with temperature 0.0 (-1.126615 < -1.000000) [3mworker[0m[2m=[0mfaster_whisper
[2m2026-09-17T01:32:11.811444Z[0m [32m INFO[0m [2mpanoptikon::inferio::worker[0m[2m:[0m 2026-09-17 03:32:11,811 [DEBUG] faster_whisper: No speech threshold is met (0.755838 > 0.600000) [3mworker[0m[2m=[0mfaster_whisper
[2m2026-09-17T01:32:11.814861Z[0m [32m INFO[0m [2mpanoptikon::inferio::worker[0m[2m:[0m 2026-09-17 03:32:11,814 [INFO] faster_whisper: Processing audio with duration 00:10.000 [3mworker[0m[2m=[0mfaster_whisper
[2m2026-09-17T01:32:11.879691Z[0m [32m INFO[0m [2mpanoptikon::inferio::worker[0m[2m:[0m 2026-09-17 03:32:11,879 [INFO] faster_whisper: Detected language 'en' with probability 0.27 [3mworker[0m[2m=[0mfaster_whisper
[2m2026-09-17T01:32:11.880143Z[0m [32m INFO[0m [2mpanoptikon::inferio::worker[0m[2m:[0m 2026-09-17 03:32:11,880 [INFO] faster_whisper: Processing audio with duration 00:10.000 [3mworker[0m[2m=[0mfaster_whisper
[2m2026-09-17T01:32:11.944911Z[0m [32m INFO[0m [2mpanoptikon::inferio::worker[0m[2m:[0m 2026-09-17 03:32:11,944 [INFO] faster_whisper: Detected language 'en' with probability 0.27 [3mworker[0m[2m=[0mfaster_whisper
[2m2026-09-17T01:32:11.945346Z[0m [32m INFO[0m [2mpanoptikon::inferio::worker[0m[2m:[0m 2026-09-17 03:32:11,945 [INFO] faster_whisper: Processing audio with duration 00:30.000 [3mworker[0m[2m=[0mfaster_whisper
[2m2026-09-17T01:32:12.012748Z[0m [32m INFO[0m [2mpanoptikon::inferio::worker[0m[2m:[0m 2026-09-17 03:32:12,012 [INFO] faster_whisper: Detected language 'en' with probability 0.26 [3mworker[0m[2m=[0mfaster_whisper
[2m2026-09-17T01:32:12.013202Z[0m [32m INFO[0m [2mpanoptikon::inferio::worker[0m[2m:[0m 2026-09-17 03:32:12,013 [INFO] faster_whisper: Processing audio with duration 00:30.000 [3mworker[0m[2m=[0mfaster_whisper
[2m2026-09-17T01:32:12.079838Z[0m [32m INFO[0m [2mpanoptikon::inferio::worker[0m[2m:[0m 2026-09-17 03:32:12,079 [INFO] faster_whisper: Detected language 'jw' with probability 0.20 [3mworker[0m[2m=[0mfaster_whisper
[2m2026-09-17T01:32:12.080455Z[0m [32m INFO[0m [2mpanoptikon::inferio::worker[0m[2m:[0m 2026-09-17 03:32:12,080 [DEBUG] faster_whisper: Processing segment at 00:00.000 [3mworker[0m[2m=[0mfaster_whisper
[2m2026-09-17T01:32:12.191158Z[0m [32m INFO[0m [2mpanoptikon::inferio::worker[0m[2m:[0m 2026-09-17 03:32:12,191 [DEBUG] faster_whisper: Log probability threshold is not met with temperature 0.0 (-1.372912 < -1.000000) [3mworker[0m[2m=[0mfaster_whisper
[2m2026-09-17T01:32:12.191203Z[0m [32m INFO[0m [2mpanoptikon::inferio::worker[0m[2m:[0m 2026-09-17 03:32:12,191 [DEBUG] faster_whisper: No speech threshold is met (0.838542 > 0.600000) [3mworker[0m[2m=[0mfaster_whisper
[2m2026-09-17T01:32:12.191329Z[0m [32m INFO[0m [2mpanoptikon::inferio::worker[0m[2m:[0m 2026-09-17 03:32:12,191 [DEBUG] faster_whisper: Processing segment at 00:00.000 [3mworker[0m[2m=[0mfaster_whisper
[2m2026-09-17T01:32:12.299952Z[0m [32m INFO[0m [2mpanoptikon::inferio::worker[0m[2m:[0m 2026-09-17 03:32:12,299 [DEBUG] faster_whisper: Log probability threshold is not met with temperature 0.0 (-1.085813 < -1.000000) [3mworker[0m[2m=[0mfaster_whisper
[2m2026-09-17T01:32:12.299983Z[0m [32m INFO[0m [2mpanoptikon::inferio::worker[0m[2m:[0m 2026-09-17 03:32:12,299 [DEBUG] faster_whisper: No speech threshold is met (0.835394 > 0.600000) [3mworker[0m[2m=[0mfaster_whisper
[2m2026-09-17T01:32:12.300063Z[0m [32m INFO[0m [2mpanoptikon::inferio::worker[0m[2m:[0m 2026-09-17 03:32:12,300 [DEBUG] faster_whisper: Processing segment at 00:00.000 [3mworker[0m[2m=[0mfaster_whisper
[2m2026-09-17T01:32:12.434891Z[0m [32m INFO[0m [2mpanoptikon::inferio::worker[0m[2m:[0m 2026-09-17 03:32:12,434 [DEBUG] faster_whisper: Log probability threshold is not met with temperature 0.0 (-1.414197 < -1.000000) [3mworker[0m[2m=[0mfaster_whisper
[2m2026-09-17T01:32:12.434929Z[0m [32m INFO[0m [2mpanoptikon::inferio::worker[0m[2m:[0m 2026-09-17 03:32:12,434 [DEBUG] faster_whisper: No speech threshold is met (0.934365 > 0.600000) [3mworker[0m[2m=[0mfaster_whisper
[2m2026-09-17T01:32:12.434977Z[0m [32m INFO[0m [2mpanoptikon::inferio::worker[0m[2m:[0m 2026-09-17 03:32:12,434 [DEBUG] faster_whisper: Processing segment at 00:00.000 [3mworker[0m[2m=[0mfaster_whisper
[2m2026-09-17T01:32:12.935400Z[0m [32m INFO[0m [2mpanoptikon::inferio::worker[0m[2m:[0m 2026-09-17 03:32:12,935 [DEBUG] faster_whisper: Compression ratio threshold is not met with temperature 0.0 (3.507042 > 2.400000) [3mworker[0m[2m=[0mfaster_whisper
[2m2026-09-17T01:32:13.415217Z[0m [32m INFO[0m [2mpanoptikon::inferio::worker[0m[2m:[0m 2026-09-17 03:32:13,415 [DEBUG] faster_whisper: Compression ratio threshold is not met with temperature 0.2 (4.048387 > 2.400000) [3mworker[0m[2m=[0mfaster_whisper
[2m2026-09-17T01:32:14.118141Z[0m [32m INFO[0m [2mpanoptikon::inferio::worker[0m[2m:[0m 2026-09-17 03:32:14,118 [DEBUG] faster_whisper: Compression ratio threshold is not met with temperature 0.4 (8.689655 > 2.400000) [3mworker[0m[2m=[0mfaster_whisper
[2m2026-09-17T01:32:15.708367Z[0m [32m INFO[0m [2mpanoptikon::inferio::worker[0m[2m:[0m 2026-09-17 03:32:15,708 [DEBUG] faster_whisper: Compression ratio threshold is not met with temperature 0.6 (14.866667 > 2.400000) [3mworker[0m[2m=[0mfaster_whisper
[2m2026-09-17T01:32:16.424804Z[0m [32m INFO[0m [2mpanoptikon::inferio::worker[0m[2m:[0m 2026-09-17 03:32:16,424 [DEBUG] faster_whisper: Compression ratio threshold is not met with temperature 0.8 (2.684932 > 2.400000) [3mworker[0m[2m=[0mfaster_whisper
[2m2026-09-17T01:32:16.424843Z[0m [32m INFO[0m [2mpanoptikon::inferio::worker[0m[2m:[0m 2026-09-17 03:32:16,424 [DEBUG] faster_whisper: Log probability threshold is not met with temperature 0.8 (-1.615692 < -1.000000) [3mworker[0m[2m=[0mfaster_whisper
[2m2026-09-17T01:32:16.424854Z[0m [32m INFO[0m [2mpanoptikon::inferio::worker[0m[2m:[0m 2026-09-17 03:32:16,424 [DEBUG] faster_whisper: No speech threshold is met (0.792126 > 0.600000) [3mworker[0m[2m=[0mfaster_whisper
[2m2026-09-17T01:32:16.428337Z[0m [32m INFO[0m [2mpanoptikon::jobs::extraction[0m[2m:[0m extraction job phase timing [3mdata_load_busy_secs[0m[2m=[0m0.024398209 [3mdata_load_work_secs[0m[2m=[0m0.09907341600000001 [3minference_busy_secs[0m[2m=[0m4.795935708 [3minference_work_secs[0m[2m=[0m19.350415835
[2m2026-09-17T01:32:16.429515Z[0m [32m INFO[0m [1mActor[0m[1m{[0m[3mid[0m[2m=[0m"0.5" [3mname[0m[2m=[0m"job-runner"[1m}[0m[2m:[0m [2mpanoptikon::jobs::queue[0m[2m:[0m scheduling deferred database maintenance [3mindex_db[0m[2m=[0m"cal" [3mqueue_id[0m[2m=[0m5 [3mowed[0m[2m=[0mwrote_data
[2m2026-09-17T01:32:16.429531Z[0m [32m INFO[0m [1mActor[0m[1m{[0m[3mid[0m[2m=[0m"0.5" [3mname[0m[2m=[0m"job-runner"[1m}[0m[2m:[0m [2mpanoptikon::jobs::queue[0m[2m:[0m unloading batch model at job boundary [3msetter[0m[2m=[0mwhisper/tiny
[2m2026-09-17T01:32:16.429706Z[0m [34mDEBUG[0m [2mpanoptikon::inferio::manager[0m[2m:[0m unload requested [3mmodel[0m[2m=[0mwhisper/tiny [3mcache_key[0m[2m=[0mbatch
[2m2026-09-17T01:32:16.429719Z[0m [34mDEBUG[0m [2mpanoptikon::inferio::manager[0m[2m:[0m unloading model [3mmodel[0m[2m=[0mwhisper/tiny
[2m2026-09-17T01:32:16.431976Z[0m [32m INFO[0m [2mpanoptikon::inferio::worker[0m[2m:[0m 2026-09-17 03:32:16,431 [DEBUG] inferio_worker.memory: released the allocator pool (impl): handed back 0 MiB in 0.0 ms [3mworker[0m[2m=[0mfaster_whisper
[2m2026-09-17T01:32:16.432009Z[0m [32m INFO[0m [2mpanoptikon::inferio::worker[0m[2m:[0m 2026-09-17 03:32:16,431 [INFO] inferio_worker: Unloaded; exiting. [3mworker[0m[2m=[0mfaster_whisper
[2m2026-09-17T01:32:58.285604Z[0m [32m INFO[0m [2mpanoptikon::shutdown[0m[2m:[0m shutdown signal received; stopping gracefully (repeat the signal to force exit)
[2m2026-09-17T01:32:58.289115Z[0m [32m INFO[0m [2mpanoptikon::shutdown[0m[2m:[0m index DB writers drained [3mwriters[0m[2m=[0m2
[2m2026-09-17T01:32:58.289545Z[0m [32m INFO[0m [2mpanoptikon::shutdown[0m[2m:[0m local inference workers stopped
[2m2026-09-17T01:32:58.289655Z[0m [32m INFO[0m [2mpanoptikon::shutdown[0m[2m:[0m background work stopped cleanly
[2m2026-09-17T01:32:58.318144Z[0m [32m INFO[0m [2mpanoptikon[0m[2m:[0m gateway stopped
