2026-09-17T01:32:07.026880Z  INFO panoptikon::logging: logging to file path=data/panoptikon.log
2026-09-17T01:32:07.026900Z  INFO panoptikon::rlimit: raised the open file descriptor soft limit to the hard limit soft_nofile_before=256 soft_nofile_after=1048576
2026-09-17T01:32:07.026971Z  INFO panoptikon::accelerator_report: accelerator backend backend="mps" backend_source=macOS: default PyPI wheels (MPS on Apple Silicon); no CUDA/ROCm builds exist devices=[]
2026-09-17T01:32:07.057805Z  INFO panoptikon::inferio::gpu: detected GPU (unified memory; the total is the 75% seed until a worker reports the exact recommended-max figure) index=0 uuid=GPU-MPS name=Apple M3 Max (128 GB) total_mb=98304 ram_mb=131072 unified=true
2026-09-17T01:32:07.057823Z  INFO panoptikon::inferio::gpu: admitting batches from workers that run on the CPU against system RAM (running out of it is an OS process kill rather than a catchable allocation failure, so the device ships with a default ceiling) uuid=CPU name=CPU (128 GB) total_mb=131072 default_cap_fraction=0.75 accelerators=1
2026-09-17T01:32:07.057900Z  INFO panoptikon: serving /api/inference locally (inference_local.enabled)
2026-09-17T01:32:07.115115Z  INFO panoptikon: gateway listening endpoint=default address=127.0.0.1:6342
2026-09-17T01:32:07.115138Z  INFO panoptikon: gateway listening endpoint=test address=127.0.0.1:6343
2026-09-17T01:32:07.115153Z  INFO panoptikon: gateway listening endpoint=legacy_ui address=127.0.0.1:6339
2026-09-17T01:32:07.115163Z  INFO panoptikon: serving HTTP/1.1 and HTTP/2 cleartext max_concurrent_streams=512
2026-09-17T01:32:07.139815Z  INFO panoptikon::media_tools: media tools resolved ffmpeg=/Users/moot/projects/panoptikon-pr27/python/.venv/lib/python3.12/site-packages/static_ffmpeg/bin/darwin_arm64/ffmpeg ffprobe=/Users/moot/projects/panoptikon-pr27/python/.venv/lib/python3.12/site-packages/static_ffmpeg/bin/darwin_arm64/ffprobe
2026-09-17T01:32:07.263023Z  INFO panoptikon::media_tools::transcode::hw: hardware H.264 encoder validated encoder="h264_videotoolbox"
2026-09-17T01:32:09.603876Z  INFO panoptikon::jobs::files: file scan phase timing folder="/Users/moot/projects/panoptikon-pr27/tools/calibration-protocol/results/corpus/smoke/" hashing_busy_secs=0.06321320999999998 hashing_work_secs=0.11360286600000007 metadata_busy_secs=0.036619333999999996 metadata_work_secs=0.06674632200000002 thumbgen_busy_secs=1.423825666 thumbgen_work_secs=10.160315588 blurhash_busy_secs=0.19235949800000007 blurhash_work_secs=0.37306182100000007
2026-09-17T01:32:09.651575Z  INFO panoptikon::jobs::files: file scan phase timing folder="/Users/moot/projects/panoptikon-pr27/tools/calibration-protocol/results/corpus/smoke/" hashing_busy_secs=0.0 hashing_work_secs=0.0 metadata_busy_secs=0.0 metadata_work_secs=0.0 thumbgen_busy_secs=0.0 thumbgen_work_secs=0.0 blurhash_busy_secs=0.0 blurhash_work_secs=0.0
2026-09-17T01:32:09.652751Z  INFO Actor{[3mid[0m[2m=[0m"0.5" [3mname[0m[2m=[0m"job-runner"}: panoptikon::jobs::queue: scheduling deferred database maintenance index_db="cal" queue_id=3 owed=wrote_data
2026-09-17T01:32:10.185971Z DEBUG panoptikon::inferio_client: multiplexing inference requests over HTTP/2 cleartext endpoint=http://127.0.0.1:6342/api/inference connection_lanes=64 streams_per_lane=64 max_concurrent=256 max_concurrent_ceiling=4096
2026-09-17T01:32:10.214667Z DEBUG panoptikon::inferio::manager: resolved cost dimension model=whisper/tiny unit="none" epoch=1 priced=false degraded=false
2026-09-17T01:32:10.215336Z DEBUG panoptikon::inferio::worker: spawned an inferio worker worker=faster_whisper inference_id="whisper/tiny" pid=Some(51879)
2026-09-17T01:32:10.882697Z  INFO panoptikon::inferio::worker: 2026-09-17 03:32:10,882 [INFO] inferio_worker: Resolved impl class faster_whisper to /Users/moot/projects/panoptikon-pr27/python/inferio/impl/whisper.py worker=faster_whisper
2026-09-17T01:32:10.882748Z  INFO panoptikon::inferio::worker: 2026-09-17 03:32:10,882 [INFO] inferio_worker: Handshake ok for impl class faster_whisper worker=faster_whisper
2026-09-17T01:32:10.882822Z  INFO panoptikon::inferio::worker: 2026-09-17 03:32:10,882 [INFO] inferio_worker: Configured as whisper/tiny worker=faster_whisper
2026-09-17T01:32:10.893399Z  INFO panoptikon::inferio::worker: 2026-09-17 03:32:10,893 [DEBUG] inferio_worker.memory: NVML init failed (NVML Shared Library Not Found) worker=faster_whisper
2026-09-17T01:32:11.335589Z  INFO panoptikon::inferio::worker: 2026-09-17 03:32:11,335 [INFO] inferio.impl.utils: CT2 compute type 'float16' unsupported on cpu; using 'float32'. worker=faster_whisper
2026-09-17T01:32:11.337072Z  INFO panoptikon::inferio::worker: 2026-09-17 03:32:11,337 [DEBUG] urllib3.connectionpool: Starting new HTTPS connection (1): huggingface.co:443 worker=faster_whisper
2026-09-17T01:32:11.498208Z  INFO panoptikon::inferio::worker: 2026-09-17 03:32:11,497 [DEBUG] urllib3.connectionpool: https://huggingface.co:443 "GET /api/models/Systran/faster-whisper-tiny/revision/main HTTP/1.1" 200 None worker=faster_whisper
2026-09-17T01:32:11.611419Z DEBUG panoptikon::inferio::worker: worker reported its load footprint worker=whisper/tiny gpu_name="Apple M3 Max (128 GB)" gpu_arch="apple-m3" gpu_total_mb=110100 torch="2.7.1"
2026-09-17T01:32:11.611439Z DEBUG panoptikon::inferio::manager: replica loaded model=whisper/tiny replica=0 device="<unpinned>"
2026-09-17T01:32:11.630966Z DEBUG panoptikon::inferio::http: processing local inference predict model=whisper/tiny inputs=1
2026-09-17T01:32:11.631355Z DEBUG panoptikon::inferio::http: processing local inference predict model=whisper/tiny inputs=1
2026-09-17T01:32:11.631573Z DEBUG panoptikon::inferio::http: processing local inference predict model=whisper/tiny inputs=1
2026-09-17T01:32:11.632173Z  INFO panoptikon::inferio::worker: 2026-09-17 03:32:11,631 [INFO] faster_whisper: Processing audio with duration 00:10.000 worker=faster_whisper
2026-09-17T01:32:11.639512Z DEBUG panoptikon::inferio::http: processing local inference predict model=whisper/tiny inputs=1
2026-09-17T01:32:11.639931Z DEBUG panoptikon::inferio::http: processing local inference predict model=whisper/tiny inputs=1
2026-09-17T01:32:11.701850Z  INFO panoptikon::inferio::worker: 2026-09-17 03:32:11,701 [INFO] faster_whisper: Detected language 'en' with probability 0.22 worker=faster_whisper
2026-09-17T01:32:11.702865Z  INFO panoptikon::inferio::worker: 2026-09-17 03:32:11,702 [DEBUG] faster_whisper: Processing segment at 00:00.000 worker=faster_whisper
2026-09-17T01:32:11.811437Z  INFO panoptikon::inferio::worker: 2026-09-17 03:32:11,811 [DEBUG] faster_whisper: Log probability threshold is not met with temperature 0.0 (-1.126615 < -1.000000) worker=faster_whisper
2026-09-17T01:32:11.811448Z  INFO panoptikon::inferio::worker: 2026-09-17 03:32:11,811 [DEBUG] faster_whisper: No speech threshold is met (0.755838 > 0.600000) worker=faster_whisper
2026-09-17T01:32:11.814876Z  INFO panoptikon::inferio::worker: 2026-09-17 03:32:11,814 [INFO] faster_whisper: Processing audio with duration 00:10.000 worker=faster_whisper
2026-09-17T01:32:11.879728Z  INFO panoptikon::inferio::worker: 2026-09-17 03:32:11,879 [INFO] faster_whisper: Detected language 'en' with probability 0.27 worker=faster_whisper
2026-09-17T01:32:11.880150Z  INFO panoptikon::inferio::worker: 2026-09-17 03:32:11,880 [INFO] faster_whisper: Processing audio with duration 00:10.000 worker=faster_whisper
2026-09-17T01:32:11.944939Z  INFO panoptikon::inferio::worker: 2026-09-17 03:32:11,944 [INFO] faster_whisper: Detected language 'en' with probability 0.27 worker=faster_whisper
2026-09-17T01:32:11.945349Z  INFO panoptikon::inferio::worker: 2026-09-17 03:32:11,945 [INFO] faster_whisper: Processing audio with duration 00:30.000 worker=faster_whisper
2026-09-17T01:32:12.012771Z  INFO panoptikon::inferio::worker: 2026-09-17 03:32:12,012 [INFO] faster_whisper: Detected language 'en' with probability 0.26 worker=faster_whisper
2026-09-17T01:32:12.013212Z  INFO panoptikon::inferio::worker: 2026-09-17 03:32:12,013 [INFO] faster_whisper: Processing audio with duration 00:30.000 worker=faster_whisper
2026-09-17T01:32:12.079864Z  INFO panoptikon::inferio::worker: 2026-09-17 03:32:12,079 [INFO] faster_whisper: Detected language 'jw' with probability 0.20 worker=faster_whisper
2026-09-17T01:32:12.080459Z  INFO panoptikon::inferio::worker: 2026-09-17 03:32:12,080 [DEBUG] faster_whisper: Processing segment at 00:00.000 worker=faster_whisper
2026-09-17T01:32:12.191192Z  INFO panoptikon::inferio::worker: 2026-09-17 03:32:12,191 [DEBUG] faster_whisper: Log probability threshold is not met with temperature 0.0 (-1.372912 < -1.000000) worker=faster_whisper
2026-09-17T01:32:12.191207Z  INFO panoptikon::inferio::worker: 2026-09-17 03:32:12,191 [DEBUG] faster_whisper: No speech threshold is met (0.838542 > 0.600000) worker=faster_whisper
2026-09-17T01:32:12.191342Z  INFO panoptikon::inferio::worker: 2026-09-17 03:32:12,191 [DEBUG] faster_whisper: Processing segment at 00:00.000 worker=faster_whisper
2026-09-17T01:32:12.299975Z  INFO panoptikon::inferio::worker: 2026-09-17 03:32:12,299 [DEBUG] faster_whisper: Log probability threshold is not met with temperature 0.0 (-1.085813 < -1.000000) worker=faster_whisper
2026-09-17T01:32:12.299988Z  INFO panoptikon::inferio::worker: 2026-09-17 03:32:12,299 [DEBUG] faster_whisper: No speech threshold is met (0.835394 > 0.600000) worker=faster_whisper
2026-09-17T01:32:12.300068Z  INFO panoptikon::inferio::worker: 2026-09-17 03:32:12,300 [DEBUG] faster_whisper: Processing segment at 00:00.000 worker=faster_whisper
2026-09-17T01:32:12.434919Z  INFO panoptikon::inferio::worker: 2026-09-17 03:32:12,434 [DEBUG] faster_whisper: Log probability threshold is not met with temperature 0.0 (-1.414197 < -1.000000) worker=faster_whisper
2026-09-17T01:32:12.434933Z  INFO panoptikon::inferio::worker: 2026-09-17 03:32:12,434 [DEBUG] faster_whisper: No speech threshold is met (0.934365 > 0.600000) worker=faster_whisper
2026-09-17T01:32:12.434981Z  INFO panoptikon::inferio::worker: 2026-09-17 03:32:12,434 [DEBUG] faster_whisper: Processing segment at 00:00.000 worker=faster_whisper
2026-09-17T01:32:12.935418Z  INFO panoptikon::inferio::worker: 2026-09-17 03:32:12,935 [DEBUG] faster_whisper: Compression ratio threshold is not met with temperature 0.0 (3.507042 > 2.400000) worker=faster_whisper
2026-09-17T01:32:13.415267Z  INFO panoptikon::inferio::worker: 2026-09-17 03:32:13,415 [DEBUG] faster_whisper: Compression ratio threshold is not met with temperature 0.2 (4.048387 > 2.400000) worker=faster_whisper
2026-09-17T01:32:14.118191Z  INFO panoptikon::inferio::worker: 2026-09-17 03:32:14,118 [DEBUG] faster_whisper: Compression ratio threshold is not met with temperature 0.4 (8.689655 > 2.400000) worker=faster_whisper
2026-09-17T01:32:15.708388Z  INFO panoptikon::inferio::worker: 2026-09-17 03:32:15,708 [DEBUG] faster_whisper: Compression ratio threshold is not met with temperature 0.6 (14.866667 > 2.400000) worker=faster_whisper
2026-09-17T01:32:16.424837Z  INFO panoptikon::inferio::worker: 2026-09-17 03:32:16,424 [DEBUG] faster_whisper: Compression ratio threshold is not met with temperature 0.8 (2.684932 > 2.400000) worker=faster_whisper
2026-09-17T01:32:16.424848Z  INFO panoptikon::inferio::worker: 2026-09-17 03:32:16,424 [DEBUG] faster_whisper: Log probability threshold is not met with temperature 0.8 (-1.615692 < -1.000000) worker=faster_whisper
2026-09-17T01:32:16.424859Z  INFO panoptikon::inferio::worker: 2026-09-17 03:32:16,424 [DEBUG] faster_whisper: No speech threshold is met (0.792126 > 0.600000) worker=faster_whisper
2026-09-17T01:32:16.428349Z  INFO panoptikon::jobs::extraction: extraction job phase timing data_load_busy_secs=0.024398209 data_load_work_secs=0.09907341600000001 inference_busy_secs=4.795935708 inference_work_secs=19.350415835
2026-09-17T01:32:16.429526Z  INFO Actor{[3mid[0m[2m=[0m"0.5" [3mname[0m[2m=[0m"job-runner"}: panoptikon::jobs::queue: scheduling deferred database maintenance index_db="cal" queue_id=5 owed=wrote_data
2026-09-17T01:32:16.429543Z  INFO Actor{[3mid[0m[2m=[0m"0.5" [3mname[0m[2m=[0m"job-runner"}: panoptikon::jobs::queue: unloading batch model at job boundary setter=whisper/tiny
2026-09-17T01:32:16.429715Z DEBUG panoptikon::inferio::manager: unload requested model=whisper/tiny cache_key=batch
2026-09-17T01:32:16.429724Z DEBUG panoptikon::inferio::manager: unloading model model=whisper/tiny
2026-09-17T01:32:16.431984Z  INFO panoptikon::inferio::worker: 2026-09-17 03:32:16,431 [DEBUG] inferio_worker.memory: released the allocator pool (impl): handed back 0 MiB in 0.0 ms worker=faster_whisper
2026-09-17T01:32:16.432016Z  INFO panoptikon::inferio::worker: 2026-09-17 03:32:16,431 [INFO] inferio_worker: Unloaded; exiting. worker=faster_whisper
2026-09-17T01:32:58.285773Z  INFO panoptikon::shutdown: shutdown signal received; stopping gracefully (repeat the signal to force exit)
2026-09-17T01:32:58.289253Z  INFO panoptikon::shutdown: index DB writers drained writers=2
2026-09-17T01:32:58.289635Z  INFO panoptikon::shutdown: local inference workers stopped
2026-09-17T01:32:58.289712Z  INFO panoptikon::shutdown: background work stopped cleanly
2026-09-17T01:32:58.318167Z  INFO panoptikon: gateway stopped
