{
 "schema": "legs/1",
 "scenario": "S4a",
 "note": "constant external pressure: the hog holds the board down to a fixed free level for the whole job",
 "directory": "Q:\\projects\\panoptikon-pr27\\.win\\run4\\legs\\A-wdvit-S4a8-fresh\\S4a",
 "platform": {
  "system": "Windows",
  "release": "11",
  "machine": "AMD64",
  "python": "3.12.9"
 },
 "bin": "Q:\\projects\\panoptikon-pr27\\target\\release\\panoptikon.exe",
 "config": "Q:\\projects\\panoptikon-pr27\\tools\\calibration-protocol\\config\\server-C1win-g1.toml",
 "env_file": "Q:\\projects\\panoptikon-pr27\\tools\\calibration-protocol\\config\\env.C1win-g1",
 "dotenv": null,
 "base_url": "http://127.0.0.1:6382",
 "legacy_port": null,
 "endpoints": [
  {
   "name": "test",
   "port": 6383
  },
  {
   "name": "legacy_ui",
   "port": 6379
  }
 ],
 "model": "tags/wd-vit-tagger-v3",
 "models": [
  "tags/wd-vit-tagger-v3"
 ],
 "scan_audio": false,
 "corpus": "Q:\\projects\\panoptikon-pr27\\.win\\results\\corpus\\ramp",
 "gpu_total_mb": 32607,
 "gpu_total_mb_source": "--gpu-total-mb",
 "hog": {
  "target": "gpu",
  "schedule": [
   "leave-free",
   "8192"
  ],
  "gpu_total_mb": 32607,
  "min_free_mb": 8192,
  "kind": "leave-free",
  "fraction": 0.12553250176223604,
  "scaled_mib": 4093,
  "mib": 8192,
  "reference_mib": 12288
 },
 "hog_events": [],
 "floor_bound": [
  {
   "kind": "leave-free",
   "at": "opening",
   "fraction": 0.12553250176223604,
   "min_free_mb": 8192,
   "gpu_total_mb": 32607,
   "scaled_mb": 4093,
   "resolved_mb": 8192
  }
 ],
 "checks": "all",
 "learning": false,
 "preconditions": [
  "the GPU is idle apart from the hog",
  "judge `utilization` against the probe's boundary AT THE HOG'S FREE LEVEL, never the full-GPU boundary (run2 report \u00a74.5)"
 ],
 "analyze_command": [
  "Q:\\projects\\panoptikon-pr27\\python\\.venv\\Scripts\\python.exe",
  "Q:\\projects\\panoptikon-pr27\\tools\\calibration-protocol\\analyze.py",
  "--scenario",
  "Q:\\projects\\panoptikon-pr27\\.win\\run4\\legs\\A-wdvit-S4a8-fresh\\S4a",
  "--checks",
  "all",
  "--json",
  "Q:\\projects\\panoptikon-pr27\\.win\\run4\\legs\\A-wdvit-S4a8-fresh\\S4a\\verdicts.json"
 ]
}
PRECONDITION: the GPU is idle apart from the hog
PRECONDITION: judge `utilization` against the probe's boundary AT THE HOG'S FREE LEVEL, never the full-GPU boundary (run2 report ┬º4.5)
PRECONDITION: the --min-free-mb 8192 floor binds on this 32607 MiB board - opening leave-free 4093 -> 8192 MiB, so this leg applies the floor's pressure, not the fraction's
[2026-09-16T19:18:41.853Z] floor_bound {"kind": "leave-free", "at": "opening", "fraction": 0.12553250176223604, "min_free_mb": 8192, "gpu_total_mb": 32607, "scaled_mb": 4093, "resolved_mb": 8192}
[2026-09-16T19:18:41.857Z] vramrec_started
[2026-09-16T19:18:41.861Z] hog_started {"schedule": ["leave-free", "8192"], "detail": {"gpu_total_mb": 32607, "min_free_mb": 8192, "kind": "leave-free", "fraction": 0.12553250176223604, "scaled_mib": 4093, "mib": 8192, "reference_mib": 12288}}
[2026-09-16T19:18:43.934Z] hog_filled {"state": {"schema": "hog/1", "kind": "state", "seq": 2, "t_mono": 0.844, "t_wall": 1789586323.933484, "iso": "2026-09-16T19:18:43.933483+00:00", "pid": 68472, "backend": "gpu", "target_mb": 22850, "held_mb": 22912, "chunks": 179, "free_mb": 8130, "total_mb": 32607, "own_mb": null, "override": null, "phase": "leave-free", "oom": 0, "last_error": null}}
[2026-09-16T19:18:43.939Z] healthrec_started
[2026-09-16T19:18:43.942Z] gateway_started {"child": "gateway", "pid": 53216, "argv": ["Q:\\projects\\panoptikon-pr27\\target\\release\\panoptikon.exe", "--config", "Q:\\projects\\panoptikon-pr27\\tools\\calibration-protocol\\config\\server-C1win-g1.toml", "--root", "Q:\\projects\\panoptikon-pr27\\.win\\run4\\legs\\A-wdvit-S4a8-fresh\\S4a\\root", "--disable-update-check"]}
[2026-09-16T19:18:44.881Z] gateway_ready
[2026-09-16T19:18:45.010Z] rescan_start {"corpus": "Q:\\projects\\panoptikon-pr27\\.win\\results\\corpus\\ramp", "index_db": "cal", "scan_audio": false}
[2026-09-16T19:18:51.053Z] rescan_done {"indexed_files": 2000, "index_db": "cal"}
[2026-09-16T19:18:51.053Z] job_start {"model": "tags/wd-vit-tagger-v3", "tag": "", "index_db": "cal"}
[2026-09-16T19:18:51.073Z] job_posted {"http_status": 202}
[2026-09-16T19:19:33.388Z] job_end {"outcome": "drained"}
[2026-09-16T19:19:33.404Z] settling {"seconds": 40.0}
[2026-09-16T19:20:13.427Z] hog_stop_requested
[2026-09-16T19:20:21.034Z] processes_stopped {"gateway": "CTRL_BREAK, rc=0", "healthrec": "CTRL_BREAK, rc=0", "hog": "already exited rc=0", "vramrec": "CTRL_BREAK, rc=0"}

DONE Q:\projects\panoptikon-pr27\.win\run4\legs\A-wdvit-S4a8-fresh\S4a  outcome=drained
analyze with:
  Q:\projects\panoptikon-pr27\python\.venv\Scripts\python.exe Q:\projects\panoptikon-pr27\tools\calibration-protocol\analyze.py --scenario Q:\projects\panoptikon-pr27\.win\run4\legs\A-wdvit-S4a8-fresh\S4a --checks all --json Q:\projects\panoptikon-pr27\.win\run4\legs\A-wdvit-S4a8-fresh\S4a\verdicts.json
