[2m2026-09-16T18:17:43.575239Z[0m [32m INFO[0m [2mpanoptikon::logging[0m[2m:[0m logging to file [3mpath[0m[2m=[0mdata/panoptikon.log
[2m2026-09-16T18:17:43.575283Z[0m [32m INFO[0m [2mpanoptikon::rlimit[0m[2m:[0m raised the open file descriptor soft limit to the hard limit [3msoft_nofile_before[0m[2m=[0m256 [3msoft_nofile_after[0m[2m=[0m1048576
[2m2026-09-16T18:17:43.575357Z[0m [32m INFO[0m [2mpanoptikon::accelerator_report[0m[2m:[0m accelerator backend [3mbackend[0m[2m=[0m"mps" [3mbackend_source[0m[2m=[0mmacOS: default PyPI wheels (MPS on Apple Silicon); no CUDA/ROCm builds exist [3mdevices[0m[2m=[0m[]
[2m2026-09-16T18:17:43.606760Z[0m [32m INFO[0m [2mpanoptikon::inferio::gpu[0m[2m:[0m detected GPU (unified memory; the total is the 75% seed until a worker reports the exact recommended-max figure) [3mindex[0m[2m=[0m0 [3muuid[0m[2m=[0mGPU-MPS [3mname[0m[2m=[0mApple M3 Max (128 GB) [3mtotal_mb[0m[2m=[0m98304 [3mram_mb[0m[2m=[0m131072 [3munified[0m[2m=[0mtrue
[2m2026-09-16T18:17:43.606849Z[0m [32m INFO[0m [2mpanoptikon[0m[2m:[0m serving /api/inference locally (inference_local.enabled)
[2m2026-09-16T18:17:43.669363Z[0m [32m INFO[0m [2mpanoptikon[0m[2m:[0m gateway listening [3mendpoint[0m[2m=[0mdefault [3maddress[0m[2m=[0m127.0.0.1:6342
[2m2026-09-16T18:17:43.669399Z[0m [32m INFO[0m [2mpanoptikon[0m[2m:[0m gateway listening [3mendpoint[0m[2m=[0mtest [3maddress[0m[2m=[0m127.0.0.1:6343
[2m2026-09-16T18:17:43.669414Z[0m [32m INFO[0m [2mpanoptikon[0m[2m:[0m gateway listening [3mendpoint[0m[2m=[0mlegacy_ui [3maddress[0m[2m=[0m127.0.0.1:6339
[2m2026-09-16T18:17:43.669423Z[0m [32m INFO[0m [2mpanoptikon[0m[2m:[0m serving HTTP/1.1 and HTTP/2 cleartext [3mmax_concurrent_streams[0m[2m=[0m512
[2m2026-09-16T18:17:43.690117Z[0m [32m INFO[0m [2mpanoptikon::media_tools[0m[2m:[0m media tools resolved [3mffmpeg[0m[2m=[0m/Users/moot/projects/panoptikon-pr27/python/.venv/lib/python3.12/site-packages/static_ffmpeg/bin/darwin_arm64/ffmpeg [3mffprobe[0m[2m=[0m/Users/moot/projects/panoptikon-pr27/python/.venv/lib/python3.12/site-packages/static_ffmpeg/bin/darwin_arm64/ffprobe
[2m2026-09-16T18:17:43.816827Z[0m [32m INFO[0m [2mpanoptikon::media_tools::transcode::hw[0m[2m:[0m hardware H.264 encoder validated [3mencoder[0m[2m=[0m"h264_videotoolbox"
[2m2026-09-16T18:17:46.229999Z[0m [32m INFO[0m [2mpanoptikon::jobs::files[0m[2m:[0m file scan phase timing [3mfolder[0m[2m=[0m"/Users/moot/projects/panoptikon-pr27/tools/calibration-protocol/results/corpus/smoke/" [3mhashing_busy_secs[0m[2m=[0m0.052022585999999996 [3mhashing_work_secs[0m[2m=[0m0.11546553400000001 [3mmetadata_busy_secs[0m[2m=[0m0.037757877999999995 [3mmetadata_work_secs[0m[2m=[0m0.12381542399999998 [3mthumbgen_busy_secs[0m[2m=[0m1.506565792 [3mthumbgen_work_secs[0m[2m=[0m12.893668911999997 [3mblurhash_busy_secs[0m[2m=[0m0.19520074800000006 [3mblurhash_work_secs[0m[2m=[0m0.3743608450000003
[2m2026-09-16T18:17:46.279404Z[0m [32m INFO[0m [2mpanoptikon::jobs::files[0m[2m:[0m file scan phase timing [3mfolder[0m[2m=[0m"/Users/moot/projects/panoptikon-pr27/tools/calibration-protocol/results/corpus/smoke/" [3mhashing_busy_secs[0m[2m=[0m0.0 [3mhashing_work_secs[0m[2m=[0m0.0 [3mmetadata_busy_secs[0m[2m=[0m0.0 [3mmetadata_work_secs[0m[2m=[0m0.0 [3mthumbgen_busy_secs[0m[2m=[0m0.0 [3mthumbgen_work_secs[0m[2m=[0m0.0 [3mblurhash_busy_secs[0m[2m=[0m0.0 [3mblurhash_work_secs[0m[2m=[0m0.0
[2m2026-09-16T18:17:46.280569Z[0m [32m INFO[0m [1mActor[0m[1m{[0m[3mid[0m[2m=[0m"0.5" [3mname[0m[2m=[0m"job-runner"[1m}[0m[2m:[0m [2mpanoptikon::jobs::queue[0m[2m:[0m scheduling deferred database maintenance [3mindex_db[0m[2m=[0m"cal" [3mqueue_id[0m[2m=[0m3 [3mowed[0m[2m=[0mwrote_data
[2m2026-09-16T18:17:46.723806Z[0m [34mDEBUG[0m [2mpanoptikon::inferio_client[0m[2m:[0m multiplexing inference requests over HTTP/2 cleartext [3mendpoint[0m[2m=[0mhttp://127.0.0.1:6342/api/inference [3mconnection_lanes[0m[2m=[0m64 [3mstreams_per_lane[0m[2m=[0m64 [3mmax_concurrent[0m[2m=[0m256 [3mmax_concurrent_ceiling[0m[2m=[0m4096
[2m2026-09-16T18:17:46.752619Z[0m [34mDEBUG[0m [2mpanoptikon::inferio::manager[0m[2m:[0m resolved cost dimension [3mmodel[0m[2m=[0mwhisper/tiny [3munit[0m[2m=[0m"none" [3mepoch[0m[2m=[0m1 [3mpriced[0m[2m=[0mfalse [3mdegraded[0m[2m=[0mfalse
[2m2026-09-16T18:17:46.753253Z[0m [34mDEBUG[0m [2mpanoptikon::inferio::worker[0m[2m:[0m spawned an inferio worker [3mworker[0m[2m=[0mfaster_whisper [3minference_id[0m[2m=[0m"whisper/tiny" [3mpid[0m[2m=[0mSome(32998)
[2m2026-09-16T18:17:47.425107Z[0m [32m INFO[0m [2mpanoptikon::inferio::worker[0m[2m:[0m 2026-09-16 20:17:47,425 [INFO] inferio_worker: Resolved impl class faster_whisper to /Users/moot/projects/panoptikon-pr27/python/inferio/impl/whisper.py [3mworker[0m[2m=[0mfaster_whisper
[2m2026-09-16T18:17:47.425157Z[0m [32m INFO[0m [2mpanoptikon::inferio::worker[0m[2m:[0m 2026-09-16 20:17:47,425 [INFO] inferio_worker: Handshake ok for impl class faster_whisper [3mworker[0m[2m=[0mfaster_whisper
[2m2026-09-16T18:17:47.425232Z[0m [32m INFO[0m [2mpanoptikon::inferio::worker[0m[2m:[0m 2026-09-16 20:17:47,425 [INFO] inferio_worker: Configured as whisper/tiny [3mworker[0m[2m=[0mfaster_whisper
[2m2026-09-16T18:17:47.425466Z[0m [32m INFO[0m [2mpanoptikon::inferio::worker[0m[2m:[0m 2026-09-16 20:17:47,425 [DEBUG] inferio_worker.memory: NVML init failed (NVML Shared Library Not Found) [3mworker[0m[2m=[0mfaster_whisper
[2m2026-09-16T18:17:47.904930Z[0m [32m INFO[0m [2mpanoptikon::inferio::worker[0m[2m:[0m 2026-09-16 20:17:47,904 [INFO] inferio.impl.utils: CT2 compute type 'float16' unsupported on cpu; using 'float32'. [3mworker[0m[2m=[0mfaster_whisper
[2m2026-09-16T18:17:47.906464Z[0m [32m INFO[0m [2mpanoptikon::inferio::worker[0m[2m:[0m 2026-09-16 20:17:47,906 [DEBUG] urllib3.connectionpool: Starting new HTTPS connection (1): huggingface.co:443 [3mworker[0m[2m=[0mfaster_whisper
[2m2026-09-16T18:17:48.074495Z[0m [32m INFO[0m [2mpanoptikon::inferio::worker[0m[2m:[0m 2026-09-16 20:17:48,074 [DEBUG] urllib3.connectionpool: https://huggingface.co:443 "GET /api/models/Systran/faster-whisper-tiny/revision/main HTTP/1.1" 200 None [3mworker[0m[2m=[0mfaster_whisper
[2m2026-09-16T18:17:48.192696Z[0m [34mDEBUG[0m [2mpanoptikon::inferio::worker[0m[2m:[0m worker reported its load footprint [3mworker[0m[2m=[0mwhisper/tiny [3mgpu_name[0m[2m=[0m"Apple M3 Max (128 GB)" [3mgpu_arch[0m[2m=[0m"apple-m3" [3mgpu_total_mb[0m[2m=[0m110100 [3mtorch[0m[2m=[0m"2.7.1"
[2m2026-09-16T18:17:48.192723Z[0m [34mDEBUG[0m [2mpanoptikon::inferio::manager[0m[2m:[0m replica loaded [3mmodel[0m[2m=[0mwhisper/tiny [3mreplica[0m[2m=[0m0 [3mdevice[0m[2m=[0m"<unpinned>"
[2m2026-09-16T18:17:48.211079Z[0m [34mDEBUG[0m [2mpanoptikon::inferio::http[0m[2m:[0m processing local inference predict [3mmodel[0m[2m=[0mwhisper/tiny [3minputs[0m[2m=[0m1
[2m2026-09-16T18:17:48.211605Z[0m [34mDEBUG[0m [2mpanoptikon::inferio::http[0m[2m:[0m processing local inference predict [3mmodel[0m[2m=[0mwhisper/tiny [3minputs[0m[2m=[0m1
[2m2026-09-16T18:17:48.211647Z[0m [34mDEBUG[0m [2mpanoptikon::inferio::http[0m[2m:[0m processing local inference predict [3mmodel[0m[2m=[0mwhisper/tiny [3minputs[0m[2m=[0m1
[2m2026-09-16T18:17:48.212319Z[0m [32m INFO[0m [2mpanoptikon::inferio::worker[0m[2m:[0m 2026-09-16 20:17:48,212 [INFO] faster_whisper: Processing audio with duration 00:10.000 [3mworker[0m[2m=[0mfaster_whisper
[2m2026-09-16T18:17:48.219294Z[0m [34mDEBUG[0m [2mpanoptikon::inferio::http[0m[2m:[0m processing local inference predict [3mmodel[0m[2m=[0mwhisper/tiny [3minputs[0m[2m=[0m1
[2m2026-09-16T18:17:48.219349Z[0m [34mDEBUG[0m [2mpanoptikon::inferio::http[0m[2m:[0m processing local inference predict [3mmodel[0m[2m=[0mwhisper/tiny [3minputs[0m[2m=[0m1
[2m2026-09-16T18:17:48.286523Z[0m [32m INFO[0m [2mpanoptikon::inferio::worker[0m[2m:[0m 2026-09-16 20:17:48,286 [INFO] faster_whisper: Detected language 'en' with probability 0.27 [3mworker[0m[2m=[0mfaster_whisper
[2m2026-09-16T18:17:48.290098Z[0m [32m INFO[0m [2mpanoptikon::inferio::worker[0m[2m:[0m 2026-09-16 20:17:48,290 [DEBUG] faster_whisper: Processing segment at 00:00.000 [3mworker[0m[2m=[0mfaster_whisper
[2m2026-09-16T18:17:48.400646Z[0m [32m INFO[0m [2mpanoptikon::inferio::worker[0m[2m:[0m 2026-09-16 20:17:48,400 [DEBUG] faster_whisper: Log probability threshold is not met with temperature 0.0 (-1.085813 < -1.000000) [3mworker[0m[2m=[0mfaster_whisper
[2m2026-09-16T18:17:48.400683Z[0m [32m INFO[0m [2mpanoptikon::inferio::worker[0m[2m:[0m 2026-09-16 20:17:48,400 [DEBUG] faster_whisper: No speech threshold is met (0.835394 > 0.600000) [3mworker[0m[2m=[0mfaster_whisper
[2m2026-09-16T18:17:48.404388Z[0m [32m INFO[0m [2mpanoptikon::inferio::worker[0m[2m:[0m 2026-09-16 20:17:48,404 [INFO] faster_whisper: Processing audio with duration 00:10.000 [3mworker[0m[2m=[0mfaster_whisper
[2m2026-09-16T18:17:48.470099Z[0m [32m INFO[0m [2mpanoptikon::inferio::worker[0m[2m:[0m 2026-09-16 20:17:48,470 [INFO] faster_whisper: Detected language 'en' with probability 0.27 [3mworker[0m[2m=[0mfaster_whisper
[2m2026-09-16T18:17:48.470575Z[0m [32m INFO[0m [2mpanoptikon::inferio::worker[0m[2m:[0m 2026-09-16 20:17:48,470 [INFO] faster_whisper: Processing audio with duration 00:10.000 [3mworker[0m[2m=[0mfaster_whisper
[2m2026-09-16T18:17:48.535108Z[0m [32m INFO[0m [2mpanoptikon::inferio::worker[0m[2m:[0m 2026-09-16 20:17:48,535 [INFO] faster_whisper: Detected language 'en' with probability 0.22 [3mworker[0m[2m=[0mfaster_whisper
[2m2026-09-16T18:17:48.535503Z[0m [32m INFO[0m [2mpanoptikon::inferio::worker[0m[2m:[0m 2026-09-16 20:17:48,535 [INFO] faster_whisper: Processing audio with duration 00:30.000 [3mworker[0m[2m=[0mfaster_whisper
[2m2026-09-16T18:17:48.603231Z[0m [32m INFO[0m [2mpanoptikon::inferio::worker[0m[2m:[0m 2026-09-16 20:17:48,603 [INFO] faster_whisper: Detected language 'jw' with probability 0.20 [3mworker[0m[2m=[0mfaster_whisper
[2m2026-09-16T18:17:48.603702Z[0m [32m INFO[0m [2mpanoptikon::inferio::worker[0m[2m:[0m 2026-09-16 20:17:48,603 [INFO] faster_whisper: Processing audio with duration 00:30.000 [3mworker[0m[2m=[0mfaster_whisper
[2m2026-09-16T18:17:48.670825Z[0m [32m INFO[0m [2mpanoptikon::inferio::worker[0m[2m:[0m 2026-09-16 20:17:48,670 [INFO] faster_whisper: Detected language 'en' with probability 0.26 [3mworker[0m[2m=[0mfaster_whisper
[2m2026-09-16T18:17:48.671383Z[0m [32m INFO[0m [2mpanoptikon::inferio::worker[0m[2m:[0m 2026-09-16 20:17:48,671 [DEBUG] faster_whisper: Processing segment at 00:00.000 [3mworker[0m[2m=[0mfaster_whisper
[2m2026-09-16T18:17:48.783708Z[0m [32m INFO[0m [2mpanoptikon::inferio::worker[0m[2m:[0m 2026-09-16 20:17:48,783 [DEBUG] faster_whisper: Log probability threshold is not met with temperature 0.0 (-1.372912 < -1.000000) [3mworker[0m[2m=[0mfaster_whisper
[2m2026-09-16T18:17:48.783734Z[0m [32m INFO[0m [2mpanoptikon::inferio::worker[0m[2m:[0m 2026-09-16 20:17:48,783 [DEBUG] faster_whisper: No speech threshold is met (0.838542 > 0.600000) [3mworker[0m[2m=[0mfaster_whisper
[2m2026-09-16T18:17:48.783902Z[0m [32m INFO[0m [2mpanoptikon::inferio::worker[0m[2m:[0m 2026-09-16 20:17:48,783 [DEBUG] faster_whisper: Processing segment at 00:00.000 [3mworker[0m[2m=[0mfaster_whisper
[2m2026-09-16T18:17:48.895726Z[0m [32m INFO[0m [2mpanoptikon::inferio::worker[0m[2m:[0m 2026-09-16 20:17:48,895 [DEBUG] faster_whisper: Log probability threshold is not met with temperature 0.0 (-1.126615 < -1.000000) [3mworker[0m[2m=[0mfaster_whisper
[2m2026-09-16T18:17:48.895752Z[0m [32m INFO[0m [2mpanoptikon::inferio::worker[0m[2m:[0m 2026-09-16 20:17:48,895 [DEBUG] faster_whisper: No speech threshold is met (0.755838 > 0.600000) [3mworker[0m[2m=[0mfaster_whisper
[2m2026-09-16T18:17:48.895823Z[0m [32m INFO[0m [2mpanoptikon::inferio::worker[0m[2m:[0m 2026-09-16 20:17:48,895 [DEBUG] faster_whisper: Processing segment at 00:00.000 [3mworker[0m[2m=[0mfaster_whisper
[2m2026-09-16T18:17:49.398004Z[0m [32m INFO[0m [2mpanoptikon::inferio::worker[0m[2m:[0m 2026-09-16 20:17:49,397 [DEBUG] faster_whisper: Compression ratio threshold is not met with temperature 0.0 (3.507042 > 2.400000) [3mworker[0m[2m=[0mfaster_whisper
[2m2026-09-16T18:17:50.598929Z[0m [32m INFO[0m [2mpanoptikon::inferio::worker[0m[2m:[0m 2026-09-16 20:17:50,598 [DEBUG] faster_whisper: Compression ratio threshold is not met with temperature 0.2 (8.648148 > 2.400000) [3mworker[0m[2m=[0mfaster_whisper
[2m2026-09-16T18:17:51.821602Z[0m [32m INFO[0m [2mpanoptikon::inferio::worker[0m[2m:[0m 2026-09-16 20:17:51,821 [DEBUG] faster_whisper: Compression ratio threshold is not met with temperature 0.4 (15.785714 > 2.400000) [3mworker[0m[2m=[0mfaster_whisper
[2m2026-09-16T18:17:52.784618Z[0m [32m INFO[0m [2mpanoptikon::inferio::worker[0m[2m:[0m 2026-09-16 20:17:52,784 [DEBUG] faster_whisper: Compression ratio threshold is not met with temperature 0.6 (17.153846 > 2.400000) [3mworker[0m[2m=[0mfaster_whisper
[2m2026-09-16T18:17:53.600947Z[0m [32m INFO[0m [2mpanoptikon::inferio::worker[0m[2m:[0m 2026-09-16 20:17:53,600 [DEBUG] faster_whisper: Log probability threshold is not met with temperature 0.8 (-2.321790 < -1.000000) [3mworker[0m[2m=[0mfaster_whisper
[2m2026-09-16T18:17:53.600975Z[0m [32m INFO[0m [2mpanoptikon::inferio::worker[0m[2m:[0m 2026-09-16 20:17:53,600 [DEBUG] faster_whisper: No speech threshold is met (0.792126 > 0.600000) [3mworker[0m[2m=[0mfaster_whisper
[2m2026-09-16T18:17:53.601048Z[0m [32m INFO[0m [2mpanoptikon::inferio::worker[0m[2m:[0m 2026-09-16 20:17:53,601 [DEBUG] faster_whisper: Processing segment at 00:00.000 [3mworker[0m[2m=[0mfaster_whisper
[2m2026-09-16T18:17:53.735240Z[0m [32m INFO[0m [2mpanoptikon::inferio::worker[0m[2m:[0m 2026-09-16 20:17:53,735 [DEBUG] faster_whisper: Log probability threshold is not met with temperature 0.0 (-1.414197 < -1.000000) [3mworker[0m[2m=[0mfaster_whisper
[2m2026-09-16T18:17:53.735301Z[0m [32m INFO[0m [2mpanoptikon::inferio::worker[0m[2m:[0m 2026-09-16 20:17:53,735 [DEBUG] faster_whisper: No speech threshold is met (0.934365 > 0.600000) [3mworker[0m[2m=[0mfaster_whisper
[2m2026-09-16T18:17:53.738038Z[0m [32m INFO[0m [2mpanoptikon::jobs::extraction[0m[2m:[0m extraction job phase timing [3mdata_load_busy_secs[0m[2m=[0m0.022461542 [3mdata_load_work_secs[0m[2m=[0m0.090758709 [3minference_busy_secs[0m[2m=[0m5.525727458 [3minference_work_secs[0m[2m=[0m22.280515458000004
[2m2026-09-16T18:17:53.739222Z[0m [32m INFO[0m [1mActor[0m[1m{[0m[3mid[0m[2m=[0m"0.5" [3mname[0m[2m=[0m"job-runner"[1m}[0m[2m:[0m [2mpanoptikon::jobs::queue[0m[2m:[0m scheduling deferred database maintenance [3mindex_db[0m[2m=[0m"cal" [3mqueue_id[0m[2m=[0m5 [3mowed[0m[2m=[0mwrote_data
[2m2026-09-16T18:17:53.739235Z[0m [32m INFO[0m [1mActor[0m[1m{[0m[3mid[0m[2m=[0m"0.5" [3mname[0m[2m=[0m"job-runner"[1m}[0m[2m:[0m [2mpanoptikon::jobs::queue[0m[2m:[0m unloading batch model at job boundary [3msetter[0m[2m=[0mwhisper/tiny
[2m2026-09-16T18:17:53.739354Z[0m [34mDEBUG[0m [2mpanoptikon::inferio::manager[0m[2m:[0m unload requested [3mmodel[0m[2m=[0mwhisper/tiny [3mcache_key[0m[2m=[0mbatch
[2m2026-09-16T18:17:53.739365Z[0m [34mDEBUG[0m [2mpanoptikon::inferio::manager[0m[2m:[0m unloading model [3mmodel[0m[2m=[0mwhisper/tiny
[2m2026-09-16T18:17:53.741573Z[0m [32m INFO[0m [2mpanoptikon::inferio::worker[0m[2m:[0m 2026-09-16 20:17:53,741 [INFO] inferio_worker: Unloaded; exiting. [3mworker[0m[2m=[0mfaster_whisper
[2m2026-09-16T18:18:34.870452Z[0m [32m INFO[0m [2mpanoptikon::shutdown[0m[2m:[0m shutdown signal received; stopping gracefully (repeat the signal to force exit)
[2m2026-09-16T18:18:34.875794Z[0m [32m INFO[0m [2mpanoptikon::shutdown[0m[2m:[0m index DB writers drained [3mwriters[0m[2m=[0m2
[2m2026-09-16T18:18:34.876244Z[0m [32m INFO[0m [2mpanoptikon::shutdown[0m[2m:[0m local inference workers stopped
[2m2026-09-16T18:18:34.876338Z[0m [32m INFO[0m [2mpanoptikon::shutdown[0m[2m:[0m background work stopped cleanly
[2m2026-09-16T18:18:34.904479Z[0m [32m INFO[0m [2mpanoptikon[0m[2m:[0m gateway stopped
