{
 "schema": "legs/1",
 "scenario": "S2",
 "note": "cold ramp on an idle GPU: empty store, the ramp corpus",
 "directory": "Q:\\projects\\panoptikon-pr27\\.win\\run4\\legs\\r4-S2\\S2",
 "platform": {
  "system": "Windows",
  "release": "11",
  "machine": "AMD64",
  "python": "3.12.9"
 },
 "bin": "Q:\\projects\\panoptikon-pr27\\target\\release\\panoptikon.exe",
 "config": "Q:\\projects\\panoptikon-pr27\\tools\\calibration-protocol\\config\\server-C1win.toml",
 "env_file": "Q:\\projects\\panoptikon-pr27\\tools\\calibration-protocol\\config\\env.C1win",
 "dotenv": null,
 "base_url": "http://127.0.0.1:6382",
 "legacy_port": null,
 "endpoints": [
  {
   "name": "test",
   "port": 6383
  },
  {
   "name": "legacy_ui",
   "port": 6379
  }
 ],
 "model": "tags/wd-vit-tagger-v3",
 "models": [
  "tags/wd-vit-tagger-v3"
 ],
 "scan_audio": false,
 "corpus": "Q:\\projects\\panoptikon-pr27\\.win\\results\\corpus\\ramp",
 "gpu_total_mb": 32607,
 "gpu_total_mb_source": "--gpu-total-mb",
 "hog": null,
 "hog_events": [],
 "floor_bound": [],
 "checks": "all",
 "learning": true,
 "preconditions": [
  "the GPU is idle (stop any other tenant)",
  "no calibration.toml is seeded: the ramp must start from the seed",
  "run ceiling_probe.py for the same model first, and pass its --probe/bisect files to analyze.py"
 ],
 "analyze_command": [
  "Q:\\projects\\panoptikon-pr27\\python\\.venv\\Scripts\\python.exe",
  "Q:\\projects\\panoptikon-pr27\\tools\\calibration-protocol\\analyze.py",
  "--scenario",
  "Q:\\projects\\panoptikon-pr27\\.win\\run4\\legs\\r4-S2\\S2",
  "--checks",
  "all",
  "--learning",
  "--json",
  "Q:\\projects\\panoptikon-pr27\\.win\\run4\\legs\\r4-S2\\S2\\verdicts.json"
 ]
}
PRECONDITION: the GPU is idle (stop any other tenant)
PRECONDITION: no calibration.toml is seeded: the ramp must start from the seed
PRECONDITION: run ceiling_probe.py for the same model first, and pass its --probe/bisect files to analyze.py
[2026-09-16T19:50:28.745Z] vramrec_started
[2026-09-16T19:50:28.749Z] healthrec_started
[2026-09-16T19:50:28.752Z] gateway_started {"child": "gateway", "pid": 49996, "argv": ["Q:\\projects\\panoptikon-pr27\\target\\release\\panoptikon.exe", "--config", "Q:\\projects\\panoptikon-pr27\\tools\\calibration-protocol\\config\\server-C1win.toml", "--root", "Q:\\projects\\panoptikon-pr27\\.win\\run4\\legs\\r4-S2\\S2\\root", "--disable-update-check"]}
[2026-09-16T19:50:29.821Z] gateway_ready
[2026-09-16T19:50:29.949Z] rescan_start {"corpus": "Q:\\projects\\panoptikon-pr27\\.win\\results\\corpus\\ramp", "index_db": "cal", "scan_audio": false}
[2026-09-16T19:50:36.033Z] rescan_done {"indexed_files": 2000, "index_db": "cal"}
[2026-09-16T19:50:36.033Z] job_start {"model": "tags/wd-vit-tagger-v3", "tag": "", "index_db": "cal"}
[2026-09-16T19:50:36.052Z] job_posted {"http_status": 202}
[2026-09-16T19:51:18.348Z] job_end {"outcome": "drained"}
[2026-09-16T19:51:18.382Z] settling {"seconds": 40.0}
[2026-09-16T19:52:02.810Z] processes_stopped {"gateway": "CTRL_BREAK, rc=0", "healthrec": "CTRL_BREAK, rc=0", "vramrec": "CTRL_BREAK, rc=0"}

DONE Q:\projects\panoptikon-pr27\.win\run4\legs\r4-S2\S2  outcome=drained
analyze with:
  Q:\projects\panoptikon-pr27\python\.venv\Scripts\python.exe Q:\projects\panoptikon-pr27\tools\calibration-protocol\analyze.py --scenario Q:\projects\panoptikon-pr27\.win\run4\legs\r4-S2\S2 --checks all --learning --json Q:\projects\panoptikon-pr27\.win\run4\legs\r4-S2\S2\verdicts.json
