### 2026-09-17T03:09:43+02:00 PASS START 2133563f
### 2026-09-17T03:09:43+02:00 HOG START port=6501 leave-free=2048
22070 MiB, 24576 MiB
### 2026-09-17T03:10:03+02:00 START S1
### 2026-09-17T03:11:10+02:00 END S1 rc=0
### 2026-09-17T03:11:18+02:00 HOG STOP port=6501
1 MiB
### 2026-09-17T03:11:26+02:00 START S2-wdvit
### 2026-09-17T03:13:51+02:00 END S2-wdvit rc=0
### 2026-09-17T03:13:59+02:00 START S2-wdvit-unseeded
### 2026-09-17T03:16:20+02:00 END S2-wdvit-unseeded rc=0
### 2026-09-17T03:16:28+02:00 START S3-wdvit
### 2026-09-17T03:20:39+02:00 END S3-wdvit rc=0
### 2026-09-17T03:20:47+02:00 START S4a
### 2026-09-17T03:23:14+02:00 END S4a rc=0
### 2026-09-17T03:23:22+02:00 START S4b
### 2026-09-17T03:30:28+02:00 END S4b rc=0
### 2026-09-17T03:30:36+02:00 START S4c
### 2026-09-17T03:37:47+02:00 END S4c rc=0
### 2026-09-17T03:37:55+02:00 START S4d
### 2026-09-17T03:44:50+02:00 END S4d rc=0
### 2026-09-17T03:44:58+02:00 START S4d-repeat
### 2026-09-17T03:51:54+02:00 END S4d-repeat rc=0
### 2026-09-17T03:52:02+02:00 START S5-oom2
### 2026-09-17T03:52:55+02:00 END S5-oom2 rc=0
### 2026-09-17T03:53:03+02:00 START S5-oom1
### 2026-09-17T03:53:56+02:00 END S5-oom1 rc=0
### 2026-09-17T03:54:04+02:00 START S5-failbatch
### 2026-09-17T03:56:01+02:00 END S5-failbatch rc=0
### 2026-09-17T03:56:09+02:00 START S5-oomtext
### 2026-09-17T03:58:08+02:00 END S5-oomtext rc=0
### 2026-09-17T03:58:16+02:00 START S5-oomtimed
### 2026-09-17T03:59:08+02:00 END S5-oomtimed rc=0
### 2026-09-17T03:59:16+02:00 START S5-dying
### 2026-09-17T04:00:21+02:00 END S5-dying rc=0
### 2026-09-17T04:00:29+02:00 START S5-diesonload
### 2026-09-17T04:01:22+02:00 END S5-diesonload rc=1
### 2026-09-17T04:01:30+02:00 START S5-oomimpl
### 2026-09-17T04:01:32+02:00 END S5-oomimpl rc=1
### 2026-09-17T04:01:40+02:00 SKIP S14-tags
### 2026-09-17T04:01:40+02:00 START S14-clip
### 2026-09-17T04:02:47+02:00 END S14-clip rc=0
### 2026-09-17T04:02:55+02:00 START S14-ocr
### 2026-09-17T04:04:02+02:00 END S14-ocr rc=0
### 2026-09-17T04:04:10+02:00 START S14-whisper
### 2026-09-17T04:05:05+02:00 END S14-whisper rc=0
### 2026-09-17T04:05:13+02:00 START S14-florence2
### 2026-09-17T04:06:38+02:00 END S14-florence2 rc=0
### 2026-09-17T04:06:46+02:00 START S14-textembed
### 2026-09-17T04:08:37+02:00 END S14-textembed rc=0
### 2026-09-17T04:08:45+02:00 HOG START port=6502 leave-free=8192
15926 MiB, 24576 MiB
### 2026-09-17T04:09:05+02:00 START sc8-S2
### 2026-09-17T04:11:28+02:00 END sc8-S2 rc=0
### 2026-09-17T04:11:36+02:00 START sc8-S2-unseeded
### 2026-09-17T04:13:57+02:00 END sc8-S2-unseeded rc=0
### 2026-09-17T04:14:05+02:00 START sc8-S2-vith
### 2026-09-17T04:16:08+02:00 END sc8-S2-vith rc=0
### 2026-09-17T04:16:16+02:00 START sc8-S14-flor
### 2026-09-17T04:17:43+02:00 END sc8-S14-flor rc=0
### 2026-09-17T04:17:51+02:00 START sc8-S4a
### 2026-09-17T04:19:02+02:00 END sc8-S4a rc=1
### 2026-09-17T04:19:10+02:00 HOG STOP port=6502
1 MiB
### 2026-09-17T04:19:18+02:00 PASS DONE
1 MiB
