{
 "schema": "legs/1",
 "scenario": "S3",
 "note": "restart and resume: the second job must start from the persisted anchor, not from the seed",
 "directory": "/home/moot/projects/panoptikon/tools/calibration-protocol/results/final/S3-wdvit/S3",
 "platform": {
  "system": "Linux",
  "release": "6.8.0-138-generic",
  "machine": "x86_64",
  "python": "3.12.10"
 },
 "bin": "/home/moot/projects/panoptikon/target/release/panoptikon",
 "config": "/home/moot/projects/panoptikon/tools/calibration-protocol/config/server-C1.toml",
 "gateway_config": "/home/moot/projects/panoptikon/tools/calibration-protocol/config/server-C1.toml",
 "inference_python": "/home/moot/projects/panoptikon/python/.venv/bin/python",
 "inference_python_source": "config",
 "device_env": {},
 "env_file": "/home/moot/projects/panoptikon/tools/calibration-protocol/config/env.C1",
 "dotenv": null,
 "base_url": "http://127.0.0.1:6342",
 "legacy_port": null,
 "endpoints": [
  {
   "name": "test",
   "port": 6343
  },
  {
   "name": "legacy_ui",
   "port": 6339
  }
 ],
 "model": "tags/wd-vit-tagger-v3",
 "models": [
  "tags/wd-vit-tagger-v3"
 ],
 "scan_audio": false,
 "corpus": "/home/moot/projects/panoptikon/tools/calibration-protocol/results/corpus/ramp",
 "gpu_total_mb": 24576,
 "gpu_total_mb_source": "nvml",
 "hog": null,
 "hog_events": [],
 "floor_bound": [],
 "checks": "all",
 "learning": false,
 "preconditions": [
  "the GPU is idle",
  "seed the store with --seed-calibration <an S2 leg's calibration.after.toml>, or let the first job here write one"
 ],
 "analyze_command": [
  "/home/moot/projects/panoptikon/python/.venv/bin/python",
  "/home/moot/projects/panoptikon/tools/calibration-protocol/analyze.py",
  "--scenario",
  "/home/moot/projects/panoptikon/tools/calibration-protocol/results/final/S3-wdvit/S3",
  "--checks",
  "all",
  "--json",
  "/home/moot/projects/panoptikon/tools/calibration-protocol/results/final/S3-wdvit/S3/verdicts.json"
 ]
}
PRECONDITION: the GPU is idle
PRECONDITION: seed the store with --seed-calibration <an S2 leg's calibration.after.toml>, or let the first job here write one
[2026-09-17T01:16:30.628Z] inference_python {"python": "/home/moot/projects/panoptikon/python/.venv/bin/python", "source": "config", "config": "/home/moot/projects/panoptikon/tools/calibration-protocol/config/server-C1.toml"}
[2026-09-17T01:16:30.642Z] vramrec_started
[2026-09-17T01:16:30.643Z] healthrec_started
[2026-09-17T01:16:30.644Z] gateway_started {"child": "gateway", "pid": 601025, "argv": ["/home/moot/projects/panoptikon/target/release/panoptikon", "--config", "/home/moot/projects/panoptikon/tools/calibration-protocol/config/server-C1.toml", "--root", "/home/moot/projects/panoptikon/tools/calibration-protocol/results/final/S3-wdvit/S3/root", "--disable-update-check"]}
[2026-09-17T01:16:32.086Z] gateway_ready
[2026-09-17T01:16:32.271Z] rescan_start {"corpus": "/home/moot/projects/panoptikon/tools/calibration-protocol/results/corpus/ramp", "index_db": "cal", "scan_audio": false}
[2026-09-17T01:16:52.293Z] rescan_done {"indexed_files": 2000, "index_db": "cal"}
[2026-09-17T01:16:52.294Z] job_start {"model": "tags/wd-vit-tagger-v3", "tag": "", "index_db": "cal"}
[2026-09-17T01:16:52.404Z] job_posted {"http_status": 202}
[2026-09-17T01:18:12.461Z] job_end {"outcome": "drained"}
[2026-09-17T01:18:12.474Z] job_items {"model": "tags/wd-vit-tagger-v3", "items": 2000}
[2026-09-17T01:18:12.476Z] gateway_stopping_for_restart
[2026-09-17T01:18:14.077Z] gateway_stopped {"how": "SIGTERM, rc=0"}
[2026-09-17T01:18:17.080Z] gateway_started {"child": "gateway-2", "pid": 604613, "argv": ["/home/moot/projects/panoptikon/target/release/panoptikon", "--config", "/home/moot/projects/panoptikon/tools/calibration-protocol/config/server-C1.toml", "--root", "/home/moot/projects/panoptikon/tools/calibration-protocol/results/final/S3-wdvit/S3/root", "--disable-update-check"]}
[2026-09-17T01:18:18.361Z] gateway_ready
[2026-09-17T01:18:18.373Z] second_job_prepares_a_fresh_db {"index_db": "cal2"}
[2026-09-17T01:18:18.565Z] rescan_start {"corpus": "/home/moot/projects/panoptikon/tools/calibration-protocol/results/corpus/ramp", "index_db": "cal2", "scan_audio": false}
[2026-09-17T01:18:38.588Z] rescan_done {"indexed_files": 2000, "index_db": "cal2"}
[2026-09-17T01:18:38.588Z] job_start {"model": "tags/wd-vit-tagger-v3", "tag": "-resume", "index_db": "cal2"}
[2026-09-17T01:18:38.678Z] job_posted {"http_status": 202}
[2026-09-17T01:19:58.737Z] job_end {"outcome": "drained"}
[2026-09-17T01:19:58.749Z] job_items {"model": "tags/wd-vit-tagger-v3", "items": 2000}
[2026-09-17T01:19:58.752Z] settling {"seconds": 40.0}
[2026-09-17T01:20:39.357Z] processes_stopped {"gateway-2": "SIGTERM, rc=0", "gateway": "already exited rc=0", "healthrec": "SIGTERM, rc=0", "vramrec": "SIGTERM, rc=0"}

DONE /home/moot/projects/panoptikon/tools/calibration-protocol/results/final/S3-wdvit/S3  outcome=drained
analyze with:
  /home/moot/projects/panoptikon/python/.venv/bin/python /home/moot/projects/panoptikon/tools/calibration-protocol/analyze.py --scenario /home/moot/projects/panoptikon/tools/calibration-protocol/results/final/S3-wdvit/S3 --checks all --json /home/moot/projects/panoptikon/tools/calibration-protocol/results/final/S3-wdvit/S3/verdicts.json
