{
 "schema": "legs/1",
 "scenario": "S5",
 "note": "OOM backstop: a fault-injection fixture, whose failures must be absorbed without losing the job",
 "directory": "/home/moot/projects/panoptikon/tools/calibration-protocol/results/final/S5-diesonload/S5",
 "platform": {
  "system": "Linux",
  "release": "6.8.0-138-generic",
  "machine": "x86_64",
  "python": "3.12.10"
 },
 "bin": "/home/moot/projects/panoptikon/target/release/panoptikon",
 "config": "/home/moot/projects/panoptikon/tools/calibration-protocol/config/server-C1.toml",
 "gateway_config": "/home/moot/projects/panoptikon/tools/calibration-protocol/config/server-C1.toml",
 "inference_python": "/home/moot/projects/panoptikon/python/.venv/bin/python",
 "inference_python_source": "config",
 "device_env": {},
 "env_file": "/home/moot/projects/panoptikon/tools/calibration-protocol/config/env.C1",
 "dotenv": null,
 "base_url": "http://127.0.0.1:6342",
 "legacy_port": null,
 "endpoints": [
  {
   "name": "test",
   "port": 6343
  },
  {
   "name": "legacy_ui",
   "port": 6339
  }
 ],
 "model": "calibfixture/dies_on_load_cuda",
 "models": [
  "calibfixture/dies_on_load_cuda"
 ],
 "scan_audio": false,
 "corpus": "/home/moot/projects/panoptikon/tools/calibration-protocol/results/corpus/smoke",
 "gpu_total_mb": 24576,
 "gpu_total_mb_source": "nvml",
 "hog": null,
 "hog_events": [],
 "floor_bound": [],
 "checks": "all",
 "learning": false,
 "preconditions": [
  "run fixtures/install-fixtures.sh first, or point the gateway's config_dirs/impl_dirs at fixtures/registry and fixtures/impls",
  "record which classifier tier fired on every OOM (`oom_class.source`); on ROCm and MPS a missing message pattern means NO DEFLATION AT ALL (run2 report \u00a710)"
 ],
 "analyze_command": [
  "/home/moot/projects/panoptikon/python/.venv/bin/python",
  "/home/moot/projects/panoptikon/tools/calibration-protocol/analyze.py",
  "--scenario",
  "/home/moot/projects/panoptikon/tools/calibration-protocol/results/final/S5-diesonload/S5",
  "--checks",
  "all",
  "--expect-ooms",
  "1",
  "--json",
  "/home/moot/projects/panoptikon/tools/calibration-protocol/results/final/S5-diesonload/S5/verdicts.json"
 ]
}
PRECONDITION: run fixtures/install-fixtures.sh first, or point the gateway's config_dirs/impl_dirs at fixtures/registry and fixtures/impls
PRECONDITION: record which classifier tier fired on every OOM (`oom_class.source`); on ROCm and MPS a missing message pattern means NO DEFLATION AT ALL (run2 report §10)
[2026-09-17T02:00:31.917Z] inference_python {"python": "/home/moot/projects/panoptikon/python/.venv/bin/python", "source": "config", "config": "/home/moot/projects/panoptikon/tools/calibration-protocol/config/server-C1.toml"}
[2026-09-17T02:00:31.919Z] vramrec_started
[2026-09-17T02:00:31.920Z] healthrec_started
[2026-09-17T02:00:31.921Z] gateway_started {"child": "gateway", "pid": 690426, "argv": ["/home/moot/projects/panoptikon/target/release/panoptikon", "--config", "/home/moot/projects/panoptikon/tools/calibration-protocol/config/server-C1.toml", "--root", "/home/moot/projects/panoptikon/tools/calibration-protocol/results/final/S5-diesonload/S5/root", "--disable-update-check"]}
[2026-09-17T02:00:33.376Z] gateway_ready
[2026-09-17T02:00:33.539Z] rescan_start {"corpus": "/home/moot/projects/panoptikon/tools/calibration-protocol/results/corpus/smoke", "index_db": "cal", "scan_audio": false}
[2026-09-17T02:00:37.549Z] rescan_done {"indexed_files": 180, "index_db": "cal"}
[2026-09-17T02:00:37.550Z] job_start {"model": "calibfixture/dies_on_load_cuda", "tag": "", "index_db": "cal"}
[2026-09-17T02:00:37.661Z] job_posted {"http_status": 202}
[2026-09-17T02:00:41.666Z] job_end {"outcome": "drained"}
[2026-09-17T02:00:41.673Z] job_no_items {"model": "calibfixture/dies_on_load_cuda", "index_db": "cal", "record": "0 items", "hint": "the model found nothing to run on - a derived text setter needs extracted_text rows another setter wrote first, and every setter needs a corpus its handler accepts"}
[2026-09-17T02:00:41.676Z] settling {"seconds": 40.0}
[2026-09-17T02:01:21.679Z] no_calibration_toml {"expected": "/home/moot/projects/panoptikon/tools/calibration-protocol/results/final/S5-diesonload/S5/root/data/inferio/calibration.toml"}
[2026-09-17T02:01:22.280Z] processes_stopped {"gateway": "SIGTERM, rc=0", "healthrec": "SIGTERM, rc=0", "vramrec": "SIGTERM, rc=0"}

DONE /home/moot/projects/panoptikon/tools/calibration-protocol/results/final/S5-diesonload/S5  outcome=no_items
analyze with:
  /home/moot/projects/panoptikon/python/.venv/bin/python /home/moot/projects/panoptikon/tools/calibration-protocol/analyze.py --scenario /home/moot/projects/panoptikon/tools/calibration-protocol/results/final/S5-diesonload/S5 --checks all --expect-ooms 1 --json /home/moot/projects/panoptikon/tools/calibration-protocol/results/final/S5-diesonload/S5/verdicts.json
