{
 "schema": "legs/1",
 "scenario": "S5",
 "note": "OOM backstop: a fault-injection fixture, whose failures must be absorbed without losing the job",
 "directory": "/home/moot/projects/panoptikon/tools/calibration-protocol/results/final/S5-oomtext/S5",
 "platform": {
  "system": "Linux",
  "release": "6.8.0-138-generic",
  "machine": "x86_64",
  "python": "3.12.10"
 },
 "bin": "/home/moot/projects/panoptikon/target/release/panoptikon",
 "config": "/home/moot/projects/panoptikon/tools/calibration-protocol/config/server-C1.toml",
 "gateway_config": "/home/moot/projects/panoptikon/tools/calibration-protocol/config/server-C1.toml",
 "inference_python": "/home/moot/projects/panoptikon/python/.venv/bin/python",
 "inference_python_source": "config",
 "device_env": {},
 "env_file": "/home/moot/projects/panoptikon/tools/calibration-protocol/config/env.C1",
 "dotenv": null,
 "base_url": "http://127.0.0.1:6342",
 "legacy_port": null,
 "endpoints": [
  {
   "name": "test",
   "port": 6343
  },
  {
   "name": "legacy_ui",
   "port": 6339
  }
 ],
 "model": "calibfixture/failbatch_oomtext_cuda",
 "models": [
  "calibfixture/failbatch_oomtext_cuda"
 ],
 "scan_audio": false,
 "corpus": "/home/moot/projects/panoptikon/tools/calibration-protocol/results/corpus/smoke",
 "gpu_total_mb": 24576,
 "gpu_total_mb_source": "nvml",
 "hog": null,
 "hog_events": [],
 "floor_bound": [],
 "checks": "all",
 "learning": false,
 "preconditions": [
  "run fixtures/install-fixtures.sh first, or point the gateway's config_dirs/impl_dirs at fixtures/registry and fixtures/impls",
  "record which classifier tier fired on every OOM (`oom_class.source`); on ROCm and MPS a missing message pattern means NO DEFLATION AT ALL (run2 report \u00a710)"
 ],
 "analyze_command": [
  "/home/moot/projects/panoptikon/python/.venv/bin/python",
  "/home/moot/projects/panoptikon/tools/calibration-protocol/analyze.py",
  "--scenario",
  "/home/moot/projects/panoptikon/tools/calibration-protocol/results/final/S5-oomtext/S5",
  "--checks",
  "all",
  "--expect-ooms",
  "1",
  "--json",
  "/home/moot/projects/panoptikon/tools/calibration-protocol/results/final/S5-oomtext/S5/verdicts.json"
 ]
}
PRECONDITION: run fixtures/install-fixtures.sh first, or point the gateway's config_dirs/impl_dirs at fixtures/registry and fixtures/impls
PRECONDITION: record which classifier tier fired on every OOM (`oom_class.source`); on ROCm and MPS a missing message pattern means NO DEFLATION AT ALL (run2 report §10)
[2026-09-17T01:56:11.562Z] inference_python {"python": "/home/moot/projects/panoptikon/python/.venv/bin/python", "source": "config", "config": "/home/moot/projects/panoptikon/tools/calibration-protocol/config/server-C1.toml"}
[2026-09-17T01:56:11.565Z] vramrec_started
[2026-09-17T01:56:11.566Z] healthrec_started
[2026-09-17T01:56:11.567Z] gateway_started {"child": "gateway", "pid": 680307, "argv": ["/home/moot/projects/panoptikon/target/release/panoptikon", "--config", "/home/moot/projects/panoptikon/tools/calibration-protocol/config/server-C1.toml", "--root", "/home/moot/projects/panoptikon/tools/calibration-protocol/results/final/S5-oomtext/S5/root", "--disable-update-check"]}
[2026-09-17T01:56:13.010Z] gateway_ready
[2026-09-17T01:56:13.206Z] rescan_start {"corpus": "/home/moot/projects/panoptikon/tools/calibration-protocol/results/corpus/smoke", "index_db": "cal", "scan_audio": false}
[2026-09-17T01:56:19.216Z] rescan_done {"indexed_files": 180, "index_db": "cal"}
[2026-09-17T01:56:19.216Z] job_start {"model": "calibfixture/failbatch_oomtext_cuda", "tag": "", "index_db": "cal"}
[2026-09-17T01:56:19.327Z] job_posted {"http_status": 202}
[2026-09-17T01:57:27.375Z] job_end {"outcome": "drained"}
[2026-09-17T01:57:27.380Z] job_items {"model": "calibfixture/failbatch_oomtext_cuda", "items": 180}
[2026-09-17T01:57:27.384Z] settling {"seconds": 40.0}
[2026-09-17T01:58:07.988Z] processes_stopped {"gateway": "SIGTERM, rc=0", "healthrec": "SIGTERM, rc=0", "vramrec": "SIGTERM, rc=0"}

DONE /home/moot/projects/panoptikon/tools/calibration-protocol/results/final/S5-oomtext/S5  outcome=drained
analyze with:
  /home/moot/projects/panoptikon/python/.venv/bin/python /home/moot/projects/panoptikon/tools/calibration-protocol/analyze.py --scenario /home/moot/projects/panoptikon/tools/calibration-protocol/results/final/S5-oomtext/S5 --checks all --expect-ooms 1 --json /home/moot/projects/panoptikon/tools/calibration-protocol/results/final/S5-oomtext/S5/verdicts.json
