{
 "schema": "legs/1",
 "scenario": "S14",
 "note": "regression sanity: the CI smoke sequence plus one job",
 "directory": "/home/moot/projects/panoptikon/tools/calibration-protocol/results/final/sc8-S14-flor/S14",
 "platform": {
  "system": "Linux",
  "release": "6.8.0-138-generic",
  "machine": "x86_64",
  "python": "3.12.10"
 },
 "bin": "/home/moot/projects/panoptikon/target/release/panoptikon",
 "config": "/home/moot/projects/panoptikon/tools/calibration-protocol/config/server-C1.toml",
 "gateway_config": "/home/moot/projects/panoptikon/tools/calibration-protocol/config/server-C1.toml",
 "inference_python": "/home/moot/projects/panoptikon/python/.venv/bin/python",
 "inference_python_source": "config",
 "device_env": {},
 "env_file": "/home/moot/projects/panoptikon/tools/calibration-protocol/config/env.C1",
 "dotenv": null,
 "base_url": "http://127.0.0.1:6342",
 "legacy_port": null,
 "endpoints": [
  {
   "name": "test",
   "port": 6343
  },
  {
   "name": "legacy_ui",
   "port": 6339
  }
 ],
 "model": "florence2/msft_large-caption",
 "models": [
  "florence2/msft_large-caption"
 ],
 "scan_audio": false,
 "corpus": "/home/moot/projects/panoptikon/tools/calibration-protocol/results/corpus/smoke",
 "gpu_total_mb": 24576,
 "gpu_total_mb_source": "nvml",
 "hog": null,
 "hog_events": [],
 "floor_bound": [],
 "checks": "failures,job_outcome,grant_safety,peak_fds",
 "learning": false,
 "preconditions": [],
 "analyze_command": [
  "/home/moot/projects/panoptikon/python/.venv/bin/python",
  "/home/moot/projects/panoptikon/tools/calibration-protocol/analyze.py",
  "--scenario",
  "/home/moot/projects/panoptikon/tools/calibration-protocol/results/final/sc8-S14-flor/S14",
  "--checks",
  "failures,job_outcome,grant_safety,peak_fds",
  "--json",
  "/home/moot/projects/panoptikon/tools/calibration-protocol/results/final/sc8-S14-flor/S14/verdicts.json"
 ]
}
[2026-09-17T02:16:18.717Z] inference_python {"python": "/home/moot/projects/panoptikon/python/.venv/bin/python", "source": "config", "config": "/home/moot/projects/panoptikon/tools/calibration-protocol/config/server-C1.toml"}
[2026-09-17T02:16:18.720Z] vramrec_started
[2026-09-17T02:16:18.721Z] healthrec_started
[2026-09-17T02:16:18.722Z] gateway_started {"child": "gateway", "pid": 731437, "argv": ["/home/moot/projects/panoptikon/target/release/panoptikon", "--config", "/home/moot/projects/panoptikon/tools/calibration-protocol/config/server-C1.toml", "--root", "/home/moot/projects/panoptikon/tools/calibration-protocol/results/final/sc8-S14-flor/S14/root", "--disable-update-check"]}
[2026-09-17T02:16:20.065Z] gateway_ready
[2026-09-17T02:16:20.251Z] rescan_start {"corpus": "/home/moot/projects/panoptikon/tools/calibration-protocol/results/corpus/smoke", "index_db": "cal", "scan_audio": false}
[2026-09-17T02:16:24.260Z] rescan_done {"indexed_files": 180, "index_db": "cal"}
[2026-09-17T02:16:24.260Z] job_start {"model": "florence2/msft_large-caption", "tag": "", "index_db": "cal"}
[2026-09-17T02:16:24.331Z] job_posted {"http_status": 202}
[2026-09-17T02:17:02.360Z] job_end {"outcome": "drained"}
[2026-09-17T02:17:02.368Z] job_items {"model": "florence2/msft_large-caption", "items": 180}
[2026-09-17T02:17:02.394Z] smoke_assertions {"summary": {"pql": {"status": 200, "count": 180}, "thumbnail": {"status": 200, "bytes": 267609}, "file": {"status": 200, "path": "/home/moot/projects/panoptikon/tools/calibration-protocol/results/corpus/smoke/image/img-8000x6000-jpg/img-8000x6000-jpg-000003.jpg", "bytes": 1028054}, "endpoints": [{"name": "test", "port": 6343, "expected": 200, "expected_under_docker": 403, "status": 200, "ok": true, "note": "the 403 is a Docker-only assertion: docker.toml gives this port the public endpoint with restricted_demo, while these configs give it the localhost policy, where 200 is correct"}, {"name": "legacy_ui", "port": 6339, "expected": 200, "expected_under_docker": 403, "status": 200, "ok": true, "note": "the 403 is a Docker-only assertion: docker.toml gives this port the public endpoint with restricted_demo, while these configs give it the localhost policy, where 200 is correct"}], "legacy_ui_queue": {"name": "legacy_ui", "port": 6339, "expected": 200, "expected_under_docker": 403, "status": 200, "ok": true, "note": "the 403 is a Docker-only assertion: docker.toml gives this port the public endpoint with restricted_demo, while these configs give it the localhost policy, where 200 is correct"}}}
[2026-09-17T02:17:02.397Z] settling {"seconds": 40.0}
[2026-09-17T02:17:43.001Z] processes_stopped {"gateway": "SIGTERM, rc=0", "healthrec": "SIGTERM, rc=0", "vramrec": "SIGTERM, rc=0"}

DONE /home/moot/projects/panoptikon/tools/calibration-protocol/results/final/sc8-S14-flor/S14  outcome=drained
analyze with:
  /home/moot/projects/panoptikon/python/.venv/bin/python /home/moot/projects/panoptikon/tools/calibration-protocol/analyze.py --scenario /home/moot/projects/panoptikon/tools/calibration-protocol/results/final/sc8-S14-flor/S14 --checks failures,job_outcome,grant_safety,peak_fds --json /home/moot/projects/panoptikon/tools/calibration-protocol/results/final/sc8-S14-flor/S14/verdicts.json
