[2m2026-09-17T01:29:27.775427Z[0m [32m INFO[0m [2mpanoptikon::logging[0m[2m:[0m logging to file [3mpath[0m[2m=[0mdata/panoptikon.log
[2m2026-09-17T01:29:27.775461Z[0m [32m INFO[0m [2mpanoptikon::rlimit[0m[2m:[0m raised the open file descriptor soft limit to the hard limit [3msoft_nofile_before[0m[2m=[0m256 [3msoft_nofile_after[0m[2m=[0m1048576
[2m2026-09-17T01:29:27.775545Z[0m [32m INFO[0m [2mpanoptikon::accelerator_report[0m[2m:[0m accelerator backend [3mbackend[0m[2m=[0m"mps" [3mbackend_source[0m[2m=[0mmacOS: default PyPI wheels (MPS on Apple Silicon); no CUDA/ROCm builds exist [3mdevices[0m[2m=[0m[]
[2m2026-09-17T01:29:27.804360Z[0m [32m INFO[0m [2mpanoptikon::inferio::gpu[0m[2m:[0m detected GPU (unified memory; the total is the 75% seed until a worker reports the exact recommended-max figure) [3mindex[0m[2m=[0m0 [3muuid[0m[2m=[0mGPU-MPS [3mname[0m[2m=[0mApple M3 Max (128 GB) [3mtotal_mb[0m[2m=[0m98304 [3mram_mb[0m[2m=[0m131072 [3munified[0m[2m=[0mtrue
[2m2026-09-17T01:29:27.804386Z[0m [32m INFO[0m [2mpanoptikon::inferio::gpu[0m[2m:[0m admitting batches from workers that run on the CPU against system RAM (running out of it is an OS process kill rather than a catchable allocation failure, so the device ships with a default ceiling) [3muuid[0m[2m=[0mCPU [3mname[0m[2m=[0mCPU (128 GB) [3mtotal_mb[0m[2m=[0m131072 [3mdefault_cap_fraction[0m[2m=[0m0.75 [3maccelerators[0m[2m=[0m1
[2m2026-09-17T01:29:27.804470Z[0m [32m INFO[0m [2mpanoptikon[0m[2m:[0m serving /api/inference locally (inference_local.enabled)
[2m2026-09-17T01:29:27.864646Z[0m [32m INFO[0m [2mpanoptikon[0m[2m:[0m gateway listening [3mendpoint[0m[2m=[0mdefault [3maddress[0m[2m=[0m127.0.0.1:6342
[2m2026-09-17T01:29:27.864685Z[0m [32m INFO[0m [2mpanoptikon[0m[2m:[0m gateway listening [3mendpoint[0m[2m=[0mtest [3maddress[0m[2m=[0m127.0.0.1:6343
[2m2026-09-17T01:29:27.864701Z[0m [32m INFO[0m [2mpanoptikon[0m[2m:[0m gateway listening [3mendpoint[0m[2m=[0mlegacy_ui [3maddress[0m[2m=[0m127.0.0.1:6339
[2m2026-09-17T01:29:27.864711Z[0m [32m INFO[0m [2mpanoptikon[0m[2m:[0m serving HTTP/1.1 and HTTP/2 cleartext [3mmax_concurrent_streams[0m[2m=[0m512
[2m2026-09-17T01:29:27.890459Z[0m [32m INFO[0m [2mpanoptikon::media_tools[0m[2m:[0m media tools resolved [3mffmpeg[0m[2m=[0m/Users/moot/projects/panoptikon-pr27/python/.venv/lib/python3.12/site-packages/static_ffmpeg/bin/darwin_arm64/ffmpeg [3mffprobe[0m[2m=[0m/Users/moot/projects/panoptikon-pr27/python/.venv/lib/python3.12/site-packages/static_ffmpeg/bin/darwin_arm64/ffprobe
[2m2026-09-17T01:29:28.018740Z[0m [32m INFO[0m [2mpanoptikon::media_tools::transcode::hw[0m[2m:[0m hardware H.264 encoder validated [3mencoder[0m[2m=[0m"h264_videotoolbox"
[2m2026-09-17T01:29:30.341742Z[0m [32m INFO[0m [2mpanoptikon::jobs::files[0m[2m:[0m file scan phase timing [3mfolder[0m[2m=[0m"/Users/moot/projects/panoptikon-pr27/tools/calibration-protocol/results/corpus/smoke/" [3mhashing_busy_secs[0m[2m=[0m0.053671539 [3mhashing_work_secs[0m[2m=[0m0.20583570399999998 [3mmetadata_busy_secs[0m[2m=[0m0.009672830000000004 [3mmetadata_work_secs[0m[2m=[0m0.013017911000000007 [3mthumbgen_busy_secs[0m[2m=[0m1.443435791 [3mthumbgen_work_secs[0m[2m=[0m9.861953422000001 [3mblurhash_busy_secs[0m[2m=[0m0.192092457 [3mblurhash_work_secs[0m[2m=[0m0.36683917200000005
[2m2026-09-17T01:29:30.389852Z[0m [32m INFO[0m [2mpanoptikon::jobs::files[0m[2m:[0m file scan phase timing [3mfolder[0m[2m=[0m"/Users/moot/projects/panoptikon-pr27/tools/calibration-protocol/results/corpus/smoke/" [3mhashing_busy_secs[0m[2m=[0m0.0 [3mhashing_work_secs[0m[2m=[0m0.0 [3mmetadata_busy_secs[0m[2m=[0m0.0 [3mmetadata_work_secs[0m[2m=[0m0.0 [3mthumbgen_busy_secs[0m[2m=[0m0.0 [3mthumbgen_work_secs[0m[2m=[0m0.0 [3mblurhash_busy_secs[0m[2m=[0m0.0 [3mblurhash_work_secs[0m[2m=[0m0.0
[2m2026-09-17T01:29:30.390931Z[0m [32m INFO[0m [1mActor[0m[1m{[0m[3mid[0m[2m=[0m"0.5" [3mname[0m[2m=[0m"job-runner"[1m}[0m[2m:[0m [2mpanoptikon::jobs::queue[0m[2m:[0m scheduling deferred database maintenance [3mindex_db[0m[2m=[0m"cal" [3mqueue_id[0m[2m=[0m3 [3mowed[0m[2m=[0mwrote_data
[2m2026-09-17T01:29:30.902298Z[0m [34mDEBUG[0m [2mpanoptikon::inferio_client[0m[2m:[0m multiplexing inference requests over HTTP/2 cleartext [3mendpoint[0m[2m=[0mhttp://127.0.0.1:6342/api/inference [3mconnection_lanes[0m[2m=[0m64 [3mstreams_per_lane[0m[2m=[0m64 [3mmax_concurrent[0m[2m=[0m256 [3mmax_concurrent_ceiling[0m[2m=[0m4096
[2m2026-09-17T01:29:30.932406Z[0m [34mDEBUG[0m [2mpanoptikon::inferio::manager[0m[2m:[0m resolved cost dimension [3mmodel[0m[2m=[0mtags/wd-vit-tagger-v3 [3munit[0m[2m=[0m"item" [3maggregation[0m[2m=[0m"count" [3mepoch[0m[2m=[0m1 [3mseed_units[0m[2m=[0m64 [3mpriced[0m[2m=[0mtrue [3mdegraded[0m[2m=[0mfalse
[2m2026-09-17T01:29:30.932454Z[0m [34mDEBUG[0m [2mpanoptikon::inferio::ledger[0m[2m:[0m probing the host for this GPU's free memory before pricing a load against it [3mmodel[0m[2m=[0m"tags/wd-vit-tagger-v3" [3mgpu[0m[2m=[0m"GPU-MPS" [3mreason[0m[2m=[0m"no free sample: this GPU has never had a resident" [3msample_age_ms[0m[2m=[0mNone
[2m2026-09-17T01:29:30.932505Z[0m [34mDEBUG[0m [2mpanoptikon::inferio::ledger[0m[2m:[0m refreshed the GPU's free memory from the host probe [3mgpu[0m[2m=[0mGPU-MPS [3msource[0m[2m=[0m"mps" [3mfree_mb[0m[2m=[0m107320 [3mtotal_mb[0m[2m=[0m98304 [3mexternal_mb[0m[2m=[0m23752 [3mprevious_age_ms[0m[2m=[0mNone [3mrecorded[0m[2m=[0mtrue
[2m2026-09-17T01:29:30.933197Z[0m [34mDEBUG[0m [2mpanoptikon::inferio::worker[0m[2m:[0m spawned an inferio worker [3mworker[0m[2m=[0mwd_tagger [3minference_id[0m[2m=[0m"tags/wd-vit-tagger-v3" [3mpid[0m[2m=[0mSome(51740)
[2m2026-09-17T01:29:31.623028Z[0m [32m INFO[0m [2mpanoptikon::inferio::worker[0m[2m:[0m 2026-09-17 03:29:31,622 [INFO] inferio_worker: Resolved impl class wd_tagger to /Users/moot/projects/panoptikon-pr27/python/inferio/impl/wd_tagger.py [3mworker[0m[2m=[0mwd_tagger
[2m2026-09-17T01:29:31.623093Z[0m [32m INFO[0m [2mpanoptikon::inferio::worker[0m[2m:[0m 2026-09-17 03:29:31,623 [INFO] inferio_worker: Handshake ok for impl class wd_tagger [3mworker[0m[2m=[0mwd_tagger
[2m2026-09-17T01:29:31.623157Z[0m [32m INFO[0m [2mpanoptikon::inferio::worker[0m[2m:[0m 2026-09-17 03:29:31,623 [INFO] inferio_worker: Configured as tags/wd-vit-tagger-v3 [3mworker[0m[2m=[0mwd_tagger
[2m2026-09-17T01:29:31.633729Z[0m [32m INFO[0m [2mpanoptikon::inferio::worker[0m[2m:[0m 2026-09-17 03:29:31,633 [DEBUG] inferio_worker.memory: NVML init failed (NVML Shared Library Not Found) [3mworker[0m[2m=[0mwd_tagger
[2m2026-09-17T01:29:32.285881Z[0m [32m INFO[0m [2mpanoptikon::inferio::worker[0m[2m:[0m 2026-09-17 03:29:32,285 [DEBUG] urllib3.connectionpool: Starting new HTTPS connection (1): huggingface.co:443 [3mworker[0m[2m=[0mwd_tagger
[2m2026-09-17T01:29:32.455949Z[0m [32m INFO[0m [2mpanoptikon::inferio::worker[0m[2m:[0m 2026-09-17 03:29:32,455 [DEBUG] urllib3.connectionpool: https://huggingface.co:443 "HEAD /SmilingWolf/wd-vit-tagger-v3/resolve/main/selected_tags.csv HTTP/1.1" 307 0 [3mworker[0m[2m=[0mwd_tagger
[2m2026-09-17T01:29:32.474647Z[0m [32m INFO[0m [2mpanoptikon::inferio::worker[0m[2m:[0m 2026-09-17 03:29:32,474 [DEBUG] urllib3.connectionpool: https://huggingface.co:443 "HEAD /api/resolve-cache/models/SmilingWolf/wd-vit-tagger-v3/7f6b584d0bd3f55c4531f14ba3d4761b2bccdc0f/selected_tags.csv HTTP/1.1" 200 0 [3mworker[0m[2m=[0mwd_tagger
[2m2026-09-17T01:29:32.617499Z[0m [32m INFO[0m [2mpanoptikon::inferio::worker[0m[2m:[0m 2026-09-17 03:29:32,617 [DEBUG] urllib3.connectionpool: https://huggingface.co:443 "HEAD /SmilingWolf/wd-vit-tagger-v3/resolve/main/config.json HTTP/1.1" 307 0 [3mworker[0m[2m=[0mwd_tagger
[2m2026-09-17T01:29:32.639026Z[0m [32m INFO[0m [2mpanoptikon::inferio::worker[0m[2m:[0m 2026-09-17 03:29:32,638 [DEBUG] urllib3.connectionpool: https://huggingface.co:443 "HEAD /api/resolve-cache/models/SmilingWolf/wd-vit-tagger-v3/7f6b584d0bd3f55c4531f14ba3d4761b2bccdc0f/config.json HTTP/1.1" 200 0 [3mworker[0m[2m=[0mwd_tagger
[2m2026-09-17T01:29:33.375231Z[0m [32m INFO[0m [2mpanoptikon::inferio::worker[0m[2m:[0m 2026-09-17 03:29:33,375 [DEBUG] urllib3.connectionpool: https://huggingface.co:443 "HEAD /SmilingWolf/wd-vit-tagger-v3/resolve/main/model.safetensors HTTP/1.1" 302 0 [3mworker[0m[2m=[0mwd_tagger
[2m2026-09-17T01:29:33.376474Z[0m [32m INFO[0m [2mpanoptikon::inferio::worker[0m[2m:[0m 2026-09-17 03:29:33,376 [INFO] timm.models._hub: [SmilingWolf/wd-vit-tagger-v3] Safe alternative available for 'pytorch_model.bin' (as 'model.safetensors'). Loading weights using safetensors. [3mworker[0m[2m=[0mwd_tagger
[2m2026-09-17T01:29:33.505060Z[0m [32m INFO[0m [2mpanoptikon::inferio::worker[0m[2m:[0m 2026-09-17 03:29:33,504 [DEBUG] inferio_worker_impl_0_wd_tagger: Model SmilingWolf/wd-vit-tagger-v3 loaded [3mworker[0m[2m=[0mwd_tagger
[2m2026-09-17T01:29:33.507497Z[0m [34mDEBUG[0m [2mpanoptikon::inferio::worker[0m[2m:[0m worker reported its load footprint [3mworker[0m[2m=[0mtags/wd-vit-tagger-v3 [3mbase_mb[0m[2m=[0m1384 [3mbase_method[0m[2m=[0m"mps" [3mdtype[0m[2m=[0m"fp32" [3mdtype_method[0m[2m=[0m"inferred" [3mgpu_name[0m[2m=[0m"Apple M3 Max (128 GB)" [3mgpu_arch[0m[2m=[0m"apple-m3" [3mgpu_total_mb[0m[2m=[0m110100 [3mtorch[0m[2m=[0m"2.7.1"
[2m2026-09-17T01:29:33.507531Z[0m [34mDEBUG[0m [2mpanoptikon::inferio::manager[0m[2m:[0m replica loaded [3mmodel[0m[2m=[0mtags/wd-vit-tagger-v3 [3mreplica[0m[2m=[0m0 [3mdevice[0m[2m=[0m"<unpinned>"
[2m2026-09-17T01:29:33.507551Z[0m [32m INFO[0m [2mpanoptikon::inferio::ledger[0m[2m:[0m this unified-memory device's admission total is now the figure the worker's own runtime reports, which is what its allocations are actually judged against; the probe's seed was a default fraction of host RAM and a raised GPU memory limit moves the real figure well away from it [3mmodel[0m[2m=[0mtags/wd-vit-tagger-v3 [3mgpu[0m[2m=[0mGPU-MPS [3mseed_total_mb[0m[2m=[0m98304 [3mreported_total_mb[0m[2m=[0m110100 [3mram_mb[0m[2m=[0m131072
[2m2026-09-17T01:29:33.507703Z[0m [34mDEBUG[0m [2mpanoptikon::inferio::ledger[0m[2m:[0m admitted a worker to a GPU's ledger [3mmodel[0m[2m=[0mtags/wd-vit-tagger-v3 [3mgpu[0m[2m=[0mGPU-MPS [3mreplica[0m[2m=[0m2 [3mbase_mb[0m[2m=[0mSome(1384) [3mbase_method[0m[2m=[0m"mps" [3mreserved_at_load_mb[0m[2m=[0mSome(1384) [3mseeded_from_store[0m[2m=[0mfalse
[2m2026-09-17T01:29:33.511805Z[0m [34mDEBUG[0m [2mpanoptikon::inferio::http[0m[2m:[0m processing local inference predict [3mmodel[0m[2m=[0mtags/wd-vit-tagger-v3 [3minputs[0m[2m=[0m1
[2m2026-09-17T01:29:33.511860Z[0m [34mDEBUG[0m [2mpanoptikon::inferio::ledger[0m[2m:[0m issued a memory grant [3mmodel[0m[2m=[0mtags/wd-vit-tagger-v3 [3mgpu[0m[2m=[0mGPU-MPS [3munit_budget[0m[2m=[0m1 [3mmb[0m[2m=[0m104082 [3mcanvas_pixels[0m[2m=[0mnone [3mshare_mb[0m[2m=[0m104082 [3mroom_mb[0m[2m=[0m104082 [3mheadroom_mb[0m[2m=[0m104082 [3mexternal_mb[0m[2m=[0m24582 [3mreserve_mb[0m[2m=[0m1024 [3mreserve_rule[0m[2m=[0m"capped_default" [3mpre_fit[0m[2m=[0mtrue [3mramp_step[0m[2m=[0m0 [3mdeflation[0m[2m=[0m0 [3msqueezed[0m[2m=[0mfalse [3mwindow_requests[0m[2m=[0m1
[2m2026-09-17T01:29:33.512083Z[0m [34mDEBUG[0m [2mpanoptikon::inferio::http[0m[2m:[0m processing local inference predict [3mmodel[0m[2m=[0mtags/wd-vit-tagger-v3 [3minputs[0m[2m=[0m1
[2m2026-09-17T01:29:33.512183Z[0m [34mDEBUG[0m [2mpanoptikon::inferio::http[0m[2m:[0m processing local inference predict [3mmodel[0m[2m=[0mtags/wd-vit-tagger-v3 [3minputs[0m[2m=[0m1
[2m2026-09-17T01:29:33.512625Z[0m [34mDEBUG[0m [2mpanoptikon::inferio::http[0m[2m:[0m processing local inference predict [3mmodel[0m[2m=[0mtags/wd-vit-tagger-v3 [3minputs[0m[2m=[0m1
[2m2026-09-17T01:29:33.512692Z[0m [34mDEBUG[0m [2mpanoptikon::inferio::http[0m[2m:[0m processing local inference predict [3mmodel[0m[2m=[0mtags/wd-vit-tagger-v3 [3minputs[0m[2m=[0m1
[2m2026-09-17T01:29:33.512692Z[0m [34mDEBUG[0m [2mpanoptikon::inferio::http[0m[2m:[0m processing local inference predict [3mmodel[0m[2m=[0mtags/wd-vit-tagger-v3 [3minputs[0m[2m=[0m1
[2m2026-09-17T01:29:33.512625Z[0m [34mDEBUG[0m [2mpanoptikon::inferio::http[0m[2m:[0m processing local inference predict [3mmodel[0m[2m=[0mtags/wd-vit-tagger-v3 [3minputs[0m[2m=[0m1
[2m2026-09-17T01:29:33.512775Z[0m [34mDEBUG[0m [2mpanoptikon::inferio::http[0m[2m:[0m processing local inference predict [3mmodel[0m[2m=[0mtags/wd-vit-tagger-v3 [3minputs[0m[2m=[0m1
[2m2026-09-17T01:29:33.512776Z[0m [34mDEBUG[0m [2mpanoptikon::inferio::http[0m[2m:[0m processing local inference predict [3mmodel[0m[2m=[0mtags/wd-vit-tagger-v3 [3minputs[0m[2m=[0m1
[2m2026-09-17T01:29:33.512931Z[0m [34mDEBUG[0m [2mpanoptikon::inferio::http[0m[2m:[0m processing local inference predict [3mmodel[0m[2m=[0mtags/wd-vit-tagger-v3 [3minputs[0m[2m=[0m1
[2m2026-09-17T01:29:33.512937Z[0m [34mDEBUG[0m [2mpanoptikon::inferio::http[0m[2m:[0m processing local inference predict [3mmodel[0m[2m=[0mtags/wd-vit-tagger-v3 [3minputs[0m[2m=[0m1
[2m2026-09-17T01:29:33.513047Z[0m [34mDEBUG[0m [2mpanoptikon::inferio::http[0m[2m:[0m processing local inference predict [3mmodel[0m[2m=[0mtags/wd-vit-tagger-v3 [3minputs[0m[2m=[0m1
[2m2026-09-17T01:29:33.513294Z[0m [34mDEBUG[0m [2mpanoptikon::inferio::http[0m[2m:[0m processing local inference predict [3mmodel[0m[2m=[0mtags/wd-vit-tagger-v3 [3minputs[0m[2m=[0m1
[2m2026-09-17T01:29:33.513943Z[0m [34mDEBUG[0m [2mpanoptikon::inferio::http[0m[2m:[0m processing local inference predict [3mmodel[0m[2m=[0mtags/wd-vit-tagger-v3 [3minputs[0m[2m=[0m1
[2m2026-09-17T01:29:33.513953Z[0m [34mDEBUG[0m [2mpanoptikon::inferio::http[0m[2m:[0m processing local inference predict [3mmodel[0m[2m=[0mtags/wd-vit-tagger-v3 [3minputs[0m[2m=[0m1
[2m2026-09-17T01:29:33.513971Z[0m [34mDEBUG[0m [2mpanoptikon::inferio::http[0m[2m:[0m processing local inference predict [3mmodel[0m[2m=[0mtags/wd-vit-tagger-v3 [3minputs[0m[2m=[0m1
[2m2026-09-17T01:29:33.513985Z[0m [34mDEBUG[0m [2mpanoptikon::inferio::http[0m[2m:[0m processing local inference predict [3mmodel[0m[2m=[0mtags/wd-vit-tagger-v3 [3minputs[0m[2m=[0m1
[2m2026-09-17T01:29:33.513962Z[0m [34mDEBUG[0m [2mpanoptikon::inferio::http[0m[2m:[0m processing local inference predict [3mmodel[0m[2m=[0mtags/wd-vit-tagger-v3 [3minputs[0m[2m=[0m1
[2m2026-09-17T01:29:33.514066Z[0m [34mDEBUG[0m [2mpanoptikon::inferio::http[0m[2m:[0m processing local inference predict [3mmodel[0m[2m=[0mtags/wd-vit-tagger-v3 [3minputs[0m[2m=[0m1
[2m2026-09-17T01:29:33.514071Z[0m [34mDEBUG[0m [2mpanoptikon::inferio::http[0m[2m:[0m processing local inference predict [3mmodel[0m[2m=[0mtags/wd-vit-tagger-v3 [3minputs[0m[2m=[0m1
[2m2026-09-17T01:29:33.514169Z[0m [34mDEBUG[0m [2mpanoptikon::inferio::http[0m[2m:[0m processing local inference predict [3mmodel[0m[2m=[0mtags/wd-vit-tagger-v3 [3minputs[0m[2m=[0m1
[2m2026-09-17T01:29:33.514688Z[0m [34mDEBUG[0m [2mpanoptikon::inferio::http[0m[2m:[0m processing local inference predict [3mmodel[0m[2m=[0mtags/wd-vit-tagger-v3 [3minputs[0m[2m=[0m1
[2m2026-09-17T01:29:33.514733Z[0m [34mDEBUG[0m [2mpanoptikon::inferio::http[0m[2m:[0m processing local inference predict [3mmodel[0m[2m=[0mtags/wd-vit-tagger-v3 [3minputs[0m[2m=[0m1
[2m2026-09-17T01:29:33.514750Z[0m [34mDEBUG[0m [2mpanoptikon::inferio::http[0m[2m:[0m processing local inference predict [3mmodel[0m[2m=[0mtags/wd-vit-tagger-v3 [3minputs[0m[2m=[0m1
[2m2026-09-17T01:29:33.514778Z[0m [34mDEBUG[0m [2mpanoptikon::inferio::http[0m[2m:[0m processing local inference predict [3mmodel[0m[2m=[0mtags/wd-vit-tagger-v3 [3minputs[0m[2m=[0m1
[2m2026-09-17T01:29:33.514834Z[0m [34mDEBUG[0m [2mpanoptikon::inferio::http[0m[2m:[0m processing local inference predict [3mmodel[0m[2m=[0mtags/wd-vit-tagger-v3 [3minputs[0m[2m=[0m1
[2m2026-09-17T01:29:33.514859Z[0m [34mDEBUG[0m [2mpanoptikon::inferio::http[0m[2m:[0m processing local inference predict [3mmodel[0m[2m=[0mtags/wd-vit-tagger-v3 [3minputs[0m[2m=[0m1
[2m2026-09-17T01:29:33.514917Z[0m [34mDEBUG[0m [2mpanoptikon::inferio::http[0m[2m:[0m processing local inference predict [3mmodel[0m[2m=[0mtags/wd-vit-tagger-v3 [3minputs[0m[2m=[0m1
[2m2026-09-17T01:29:33.515028Z[0m [34mDEBUG[0m [2mpanoptikon::inferio::http[0m[2m:[0m processing local inference predict [3mmodel[0m[2m=[0mtags/wd-vit-tagger-v3 [3minputs[0m[2m=[0m1
[2m2026-09-17T01:29:33.515030Z[0m [34mDEBUG[0m [2mpanoptikon::inferio::http[0m[2m:[0m processing local inference predict [3mmodel[0m[2m=[0mtags/wd-vit-tagger-v3 [3minputs[0m[2m=[0m1
[2m2026-09-17T01:29:33.515665Z[0m [34mDEBUG[0m [2mpanoptikon::inferio::http[0m[2m:[0m processing local inference predict [3mmodel[0m[2m=[0mtags/wd-vit-tagger-v3 [3minputs[0m[2m=[0m1
[2m2026-09-17T01:29:33.515705Z[0m [34mDEBUG[0m [2mpanoptikon::inferio::http[0m[2m:[0m processing local inference predict [3mmodel[0m[2m=[0mtags/wd-vit-tagger-v3 [3minputs[0m[2m=[0m1
[2m2026-09-17T01:29:33.515725Z[0m [34mDEBUG[0m [2mpanoptikon::inferio::http[0m[2m:[0m processing local inference predict [3mmodel[0m[2m=[0mtags/wd-vit-tagger-v3 [3minputs[0m[2m=[0m1
[2m2026-09-17T01:29:33.515756Z[0m [34mDEBUG[0m [2mpanoptikon::inferio::http[0m[2m:[0m processing local inference predict [3mmodel[0m[2m=[0mtags/wd-vit-tagger-v3 [3minputs[0m[2m=[0m1
[2m2026-09-17T01:29:33.515807Z[0m [34mDEBUG[0m [2mpanoptikon::inferio::http[0m[2m:[0m processing local inference predict [3mmodel[0m[2m=[0mtags/wd-vit-tagger-v3 [3minputs[0m[2m=[0m1
[2m2026-09-17T01:29:33.515791Z[0m [34mDEBUG[0m [2mpanoptikon::inferio::http[0m[2m:[0m processing local inference predict [3mmodel[0m[2m=[0mtags/wd-vit-tagger-v3 [3minputs[0m[2m=[0m1
[2m2026-09-17T01:29:33.515823Z[0m [34mDEBUG[0m [2mpanoptikon::inferio::http[0m[2m:[0m processing local inference predict [3mmodel[0m[2m=[0mtags/wd-vit-tagger-v3 [3minputs[0m[2m=[0m1
[2m2026-09-17T01:29:33.515912Z[0m [34mDEBUG[0m [2mpanoptikon::inferio::http[0m[2m:[0m processing local inference predict [3mmodel[0m[2m=[0mtags/wd-vit-tagger-v3 [3minputs[0m[2m=[0m1
[2m2026-09-17T01:29:33.515976Z[0m [34mDEBUG[0m [2mpanoptikon::inferio::http[0m[2m:[0m processing local inference predict [3mmodel[0m[2m=[0mtags/wd-vit-tagger-v3 [3minputs[0m[2m=[0m1
[2m2026-09-17T01:29:33.516021Z[0m [34mDEBUG[0m [2mpanoptikon::inferio::http[0m[2m:[0m processing local inference predict [3mmodel[0m[2m=[0mtags/wd-vit-tagger-v3 [3minputs[0m[2m=[0m1
[2m2026-09-17T01:29:33.516111Z[0m [34mDEBUG[0m [2mpanoptikon::inferio::http[0m[2m:[0m processing local inference predict [3mmodel[0m[2m=[0mtags/wd-vit-tagger-v3 [3minputs[0m[2m=[0m1
[2m2026-09-17T01:29:33.516141Z[0m [34mDEBUG[0m [2mpanoptikon::inferio::http[0m[2m:[0m processing local inference predict [3mmodel[0m[2m=[0mtags/wd-vit-tagger-v3 [3minputs[0m[2m=[0m1
[2m2026-09-17T01:29:33.516253Z[0m [34mDEBUG[0m [2mpanoptikon::inferio::http[0m[2m:[0m processing local inference predict [3mmodel[0m[2m=[0mtags/wd-vit-tagger-v3 [3minputs[0m[2m=[0m1
[2m2026-09-17T01:29:33.516357Z[0m [34mDEBUG[0m [2mpanoptikon::inferio::http[0m[2m:[0m processing local inference predict [3mmodel[0m[2m=[0mtags/wd-vit-tagger-v3 [3minputs[0m[2m=[0m1
[2m2026-09-17T01:29:33.517337Z[0m [34mDEBUG[0m [2mpanoptikon::inferio::http[0m[2m:[0m processing local inference predict [3mmodel[0m[2m=[0mtags/wd-vit-tagger-v3 [3minputs[0m[2m=[0m1
[2m2026-09-17T01:29:33.517343Z[0m [34mDEBUG[0m [2mpanoptikon::inferio::http[0m[2m:[0m processing local inference predict [3mmodel[0m[2m=[0mtags/wd-vit-tagger-v3 [3minputs[0m[2m=[0m1
[2m2026-09-17T01:29:33.517388Z[0m [34mDEBUG[0m [2mpanoptikon::inferio::http[0m[2m:[0m processing local inference predict [3mmodel[0m[2m=[0mtags/wd-vit-tagger-v3 [3minputs[0m[2m=[0m1
[2m2026-09-17T01:29:33.517393Z[0m [34mDEBUG[0m [2mpanoptikon::inferio::http[0m[2m:[0m processing local inference predict [3mmodel[0m[2m=[0mtags/wd-vit-tagger-v3 [3minputs[0m[2m=[0m1
[2m2026-09-17T01:29:33.517433Z[0m [34mDEBUG[0m [2mpanoptikon::inferio::http[0m[2m:[0m processing local inference predict [3mmodel[0m[2m=[0mtags/wd-vit-tagger-v3 [3minputs[0m[2m=[0m1
[2m2026-09-17T01:29:33.517467Z[0m [34mDEBUG[0m [2mpanoptikon::inferio::http[0m[2m:[0m processing local inference predict [3mmodel[0m[2m=[0mtags/wd-vit-tagger-v3 [3minputs[0m[2m=[0m1
[2m2026-09-17T01:29:33.517520Z[0m [34mDEBUG[0m [2mpanoptikon::inferio::http[0m[2m:[0m processing local inference predict [3mmodel[0m[2m=[0mtags/wd-vit-tagger-v3 [3minputs[0m[2m=[0m1
[2m2026-09-17T01:29:33.517521Z[0m [34mDEBUG[0m [2mpanoptikon::inferio::http[0m[2m:[0m processing local inference predict [3mmodel[0m[2m=[0mtags/wd-vit-tagger-v3 [3minputs[0m[2m=[0m1
[2m2026-09-17T01:29:33.517575Z[0m [34mDEBUG[0m [2mpanoptikon::inferio::http[0m[2m:[0m processing local inference predict [3mmodel[0m[2m=[0mtags/wd-vit-tagger-v3 [3minputs[0m[2m=[0m1
[2m2026-09-17T01:29:33.517625Z[0m [34mDEBUG[0m [2mpanoptikon::inferio::http[0m[2m:[0m processing local inference predict [3mmodel[0m[2m=[0mtags/wd-vit-tagger-v3 [3minputs[0m[2m=[0m1
[2m2026-09-17T01:29:33.517654Z[0m [34mDEBUG[0m [2mpanoptikon::inferio::http[0m[2m:[0m processing local inference predict [3mmodel[0m[2m=[0mtags/wd-vit-tagger-v3 [3minputs[0m[2m=[0m1
[2m2026-09-17T01:29:33.517672Z[0m [34mDEBUG[0m [2mpanoptikon::inferio::http[0m[2m:[0m processing local inference predict [3mmodel[0m[2m=[0mtags/wd-vit-tagger-v3 [3minputs[0m[2m=[0m1
[2m2026-09-17T01:29:33.517679Z[0m [34mDEBUG[0m [2mpanoptikon::inferio::http[0m[2m:[0m processing local inference predict [3mmodel[0m[2m=[0mtags/wd-vit-tagger-v3 [3minputs[0m[2m=[0m1
[2m2026-09-17T01:29:33.517698Z[0m [34mDEBUG[0m [2mpanoptikon::inferio::http[0m[2m:[0m processing local inference predict [3mmodel[0m[2m=[0mtags/wd-vit-tagger-v3 [3minputs[0m[2m=[0m1
[2m2026-09-17T01:29:33.517699Z[0m [34mDEBUG[0m [2mpanoptikon::inferio::http[0m[2m:[0m processing local inference predict [3mmodel[0m[2m=[0mtags/wd-vit-tagger-v3 [3minputs[0m[2m=[0m1
[2m2026-09-17T01:29:33.517725Z[0m [34mDEBUG[0m [2mpanoptikon::inferio::http[0m[2m:[0m processing local inference predict [3mmodel[0m[2m=[0mtags/wd-vit-tagger-v3 [3minputs[0m[2m=[0m1
[2m2026-09-17T01:29:33.517725Z[0m [34mDEBUG[0m [2mpanoptikon::inferio::http[0m[2m:[0m processing local inference predict [3mmodel[0m[2m=[0mtags/wd-vit-tagger-v3 [3minputs[0m[2m=[0m1
[2m2026-09-17T01:29:33.517763Z[0m [34mDEBUG[0m [2mpanoptikon::inferio::http[0m[2m:[0m processing local inference predict [3mmodel[0m[2m=[0mtags/wd-vit-tagger-v3 [3minputs[0m[2m=[0m1
[2m2026-09-17T01:29:33.517768Z[0m [34mDEBUG[0m [2mpanoptikon::inferio::http[0m[2m:[0m processing local inference predict [3mmodel[0m[2m=[0mtags/wd-vit-tagger-v3 [3minputs[0m[2m=[0m1
[2m2026-09-17T01:29:33.517772Z[0m [34mDEBUG[0m [2mpanoptikon::inferio::http[0m[2m:[0m processing local inference predict [3mmodel[0m[2m=[0mtags/wd-vit-tagger-v3 [3minputs[0m[2m=[0m1
[2m2026-09-17T01:29:33.523509Z[0m [32m INFO[0m [2mpanoptikon::inferio::worker[0m[2m:[0m 2026-09-17 03:29:33,523 [DEBUG] inferio_worker_impl_0_wd_tagger: Running inference on 1 images [3mworker[0m[2m=[0mwd_tagger
[2m2026-09-17T01:29:33.617820Z[0m [34mDEBUG[0m [2mpanoptikon::inferio::ledger[0m[2m:[0m queued a calibration profile update for the store [3mmodel[0m[2m=[0mtags/wd-vit-tagger-v3 [3mgpu[0m[2m=[0mGPU-MPS [3mreason[0m[2m=[0m"anchor_advanced" [3mmax_units_measured[0m[2m=[0m0 [3mfit_version[0m[2m=[0m0
[2m2026-09-17T01:29:33.617861Z[0m [34mDEBUG[0m [2mpanoptikon::inferio::ledger[0m[2m:[0m settled a granted window [3mmodel[0m[2m=[0mtags/wd-vit-tagger-v3 [3mgpu[0m[2m=[0mGPU-MPS [3moutcome[0m[2m=[0m"clean" [3mfit_samples[0m[2m=[0m1 [3mthroughput_samples[0m[2m=[0m0 [3mclamped_samples[0m[2m=[0m0 [3mclamped[0m[2m=[0mnone [3mramp_step[0m[2m=[0m0 [3mdeflation[0m[2m=[0m0 [3mclean_windows[0m[2m=[0m1 [3mmax_units_measured[0m[2m=[0m1
[2m2026-09-17T01:29:33.617896Z[0m [34mDEBUG[0m [2mpanoptikon::inferio::ledger[0m[2m:[0m issued a memory grant [3mmodel[0m[2m=[0mtags/wd-vit-tagger-v3 [3mgpu[0m[2m=[0mGPU-MPS [3munit_budget[0m[2m=[0m2 [3mmb[0m[2m=[0m104033 [3mcanvas_pixels[0m[2m=[0mnone [3mshare_mb[0m[2m=[0m104033 [3mroom_mb[0m[2m=[0m104033 [3mheadroom_mb[0m[2m=[0m103961 [3mexternal_mb[0m[2m=[0m24631 [3mreserve_mb[0m[2m=[0m1024 [3mreserve_rule[0m[2m=[0m"capped_default" [3mpre_fit[0m[2m=[0mtrue [3mramp_step[0m[2m=[0m0 [3mdeflation[0m[2m=[0m0 [3msqueezed[0m[2m=[0mfalse [3mwindow_requests[0m[2m=[0m6
[2m2026-09-17T01:29:33.618445Z[0m [34mDEBUG[0m [2mpanoptikon::inferio::http[0m[2m:[0m processing local inference predict [3mmodel[0m[2m=[0mtags/wd-vit-tagger-v3 [3minputs[0m[2m=[0m1
[2m2026-09-17T01:29:33.619283Z[0m [34mDEBUG[0m [2mpanoptikon::inferio::http[0m[2m:[0m processing local inference predict [3mmodel[0m[2m=[0mtags/wd-vit-tagger-v3 [3minputs[0m[2m=[0m1
[2m2026-09-17T01:29:33.619342Z[0m [34mDEBUG[0m [2mpanoptikon::inferio::http[0m[2m:[0m processing local inference predict [3mmodel[0m[2m=[0mtags/wd-vit-tagger-v3 [3minputs[0m[2m=[0m1
[2m2026-09-17T01:29:33.619369Z[0m [34mDEBUG[0m [2mpanoptikon::inferio::http[0m[2m:[0m processing local inference predict [3mmodel[0m[2m=[0mtags/wd-vit-tagger-v3 [3minputs[0m[2m=[0m1
[2m2026-09-17T01:29:33.619755Z[0m [34mDEBUG[0m [2mpanoptikon::inferio::http[0m[2m:[0m processing local inference predict [3mmodel[0m[2m=[0mtags/wd-vit-tagger-v3 [3minputs[0m[2m=[0m1
[2m2026-09-17T01:29:33.619764Z[0m [34mDEBUG[0m [2mpanoptikon::inferio::http[0m[2m:[0m processing local inference predict [3mmodel[0m[2m=[0mtags/wd-vit-tagger-v3 [3minputs[0m[2m=[0m1
[2m2026-09-17T01:29:33.619768Z[0m [34mDEBUG[0m [2mpanoptikon::inferio::http[0m[2m:[0m processing local inference predict [3mmodel[0m[2m=[0mtags/wd-vit-tagger-v3 [3minputs[0m[2m=[0m1
[2m2026-09-17T01:29:33.619772Z[0m [34mDEBUG[0m [2mpanoptikon::inferio::http[0m[2m:[0m processing local inference predict [3mmodel[0m[2m=[0mtags/wd-vit-tagger-v3 [3minputs[0m[2m=[0m1
[2m2026-09-17T01:29:33.619922Z[0m [34mDEBUG[0m [2mpanoptikon::inferio::http[0m[2m:[0m processing local inference predict [3mmodel[0m[2m=[0mtags/wd-vit-tagger-v3 [3minputs[0m[2m=[0m1
[2m2026-09-17T01:29:33.619983Z[0m [34mDEBUG[0m [2mpanoptikon::inferio::http[0m[2m:[0m processing local inference predict [3mmodel[0m[2m=[0mtags/wd-vit-tagger-v3 [3minputs[0m[2m=[0m1
[2m2026-09-17T01:29:33.620270Z[0m [34mDEBUG[0m [2mpanoptikon::inferio::http[0m[2m:[0m processing local inference predict [3mmodel[0m[2m=[0mtags/wd-vit-tagger-v3 [3minputs[0m[2m=[0m1
[2m2026-09-17T01:29:33.620479Z[0m [34mDEBUG[0m [2mpanoptikon::inferio::http[0m[2m:[0m processing local inference predict [3mmodel[0m[2m=[0mtags/wd-vit-tagger-v3 [3minputs[0m[2m=[0m1
[2m2026-09-17T01:29:33.620824Z[0m [34mDEBUG[0m [2mpanoptikon::inferio::http[0m[2m:[0m processing local inference predict [3mmodel[0m[2m=[0mtags/wd-vit-tagger-v3 [3minputs[0m[2m=[0m1
[2m2026-09-17T01:29:33.620900Z[0m [34mDEBUG[0m [2mpanoptikon::inferio::http[0m[2m:[0m processing local inference predict [3mmodel[0m[2m=[0mtags/wd-vit-tagger-v3 [3minputs[0m[2m=[0m1
[2m2026-09-17T01:29:33.620958Z[0m [34mDEBUG[0m [2mpanoptikon::inferio::http[0m[2m:[0m processing local inference predict [3mmodel[0m[2m=[0mtags/wd-vit-tagger-v3 [3minputs[0m[2m=[0m1
[2m2026-09-17T01:29:33.621168Z[0m [34mDEBUG[0m [2mpanoptikon::inferio::http[0m[2m:[0m processing local inference predict [3mmodel[0m[2m=[0mtags/wd-vit-tagger-v3 [3minputs[0m[2m=[0m1
[2m2026-09-17T01:29:33.621200Z[0m [34mDEBUG[0m [2mpanoptikon::inferio::http[0m[2m:[0m processing local inference predict [3mmodel[0m[2m=[0mtags/wd-vit-tagger-v3 [3minputs[0m[2m=[0m1
[2m2026-09-17T01:29:33.621248Z[0m [34mDEBUG[0m [2mpanoptikon::inferio::http[0m[2m:[0m processing local inference predict [3mmodel[0m[2m=[0mtags/wd-vit-tagger-v3 [3minputs[0m[2m=[0m1
[2m2026-09-17T01:29:33.621318Z[0m [34mDEBUG[0m [2mpanoptikon::inferio::http[0m[2m:[0m processing local inference predict [3mmodel[0m[2m=[0mtags/wd-vit-tagger-v3 [3minputs[0m[2m=[0m1
[2m2026-09-17T01:29:33.621332Z[0m [34mDEBUG[0m [2mpanoptikon::inferio::http[0m[2m:[0m processing local inference predict [3mmodel[0m[2m=[0mtags/wd-vit-tagger-v3 [3minputs[0m[2m=[0m1
[2m2026-09-17T01:29:33.621450Z[0m [34mDEBUG[0m [2mpanoptikon::inferio::http[0m[2m:[0m processing local inference predict [3mmodel[0m[2m=[0mtags/wd-vit-tagger-v3 [3minputs[0m[2m=[0m1
[2m2026-09-17T01:29:33.621479Z[0m [34mDEBUG[0m [2mpanoptikon::inferio::http[0m[2m:[0m processing local inference predict [3mmodel[0m[2m=[0mtags/wd-vit-tagger-v3 [3minputs[0m[2m=[0m1
[2m2026-09-17T01:29:33.621518Z[0m [34mDEBUG[0m [2mpanoptikon::inferio::http[0m[2m:[0m processing local inference predict [3mmodel[0m[2m=[0mtags/wd-vit-tagger-v3 [3minputs[0m[2m=[0m1
[2m2026-09-17T01:29:33.621518Z[0m [34mDEBUG[0m [2mpanoptikon::inferio::http[0m[2m:[0m processing local inference predict [3mmodel[0m[2m=[0mtags/wd-vit-tagger-v3 [3minputs[0m[2m=[0m1
[2m2026-09-17T01:29:33.621574Z[0m [34mDEBUG[0m [2mpanoptikon::inferio::http[0m[2m:[0m processing local inference predict [3mmodel[0m[2m=[0mtags/wd-vit-tagger-v3 [3minputs[0m[2m=[0m1
[2m2026-09-17T01:29:33.621631Z[0m [34mDEBUG[0m [2mpanoptikon::inferio::http[0m[2m:[0m processing local inference predict [3mmodel[0m[2m=[0mtags/wd-vit-tagger-v3 [3minputs[0m[2m=[0m1
[2m2026-09-17T01:29:33.621641Z[0m [34mDEBUG[0m [2mpanoptikon::inferio::http[0m[2m:[0m processing local inference predict [3mmodel[0m[2m=[0mtags/wd-vit-tagger-v3 [3minputs[0m[2m=[0m1
[2m2026-09-17T01:29:33.621682Z[0m [34mDEBUG[0m [2mpanoptikon::inferio::http[0m[2m:[0m processing local inference predict [3mmodel[0m[2m=[0mtags/wd-vit-tagger-v3 [3minputs[0m[2m=[0m1
[2m2026-09-17T01:29:33.621719Z[0m [34mDEBUG[0m [2mpanoptikon::inferio::http[0m[2m:[0m processing local inference predict [3mmodel[0m[2m=[0mtags/wd-vit-tagger-v3 [3minputs[0m[2m=[0m1
[2m2026-09-17T01:29:33.621951Z[0m [34mDEBUG[0m [2mpanoptikon::inferio::http[0m[2m:[0m processing local inference predict [3mmodel[0m[2m=[0mtags/wd-vit-tagger-v3 [3minputs[0m[2m=[0m1
[2m2026-09-17T01:29:33.621982Z[0m [34mDEBUG[0m [2mpanoptikon::inferio::http[0m[2m:[0m processing local inference predict [3mmodel[0m[2m=[0mtags/wd-vit-tagger-v3 [3minputs[0m[2m=[0m1
[2m2026-09-17T01:29:33.622170Z[0m [34mDEBUG[0m [2mpanoptikon::inferio::http[0m[2m:[0m processing local inference predict [3mmodel[0m[2m=[0mtags/wd-vit-tagger-v3 [3minputs[0m[2m=[0m1
[2m2026-09-17T01:29:33.622201Z[0m [34mDEBUG[0m [2mpanoptikon::inferio::http[0m[2m:[0m processing local inference predict [3mmodel[0m[2m=[0mtags/wd-vit-tagger-v3 [3minputs[0m[2m=[0m1
[2m2026-09-17T01:29:33.622297Z[0m [32m INFO[0m [2mpanoptikon::inferio::worker[0m[2m:[0m 2026-09-17 03:29:33,622 [DEBUG] inferio_worker_impl_0_wd_tagger: Running inference on 2 images [3mworker[0m[2m=[0mwd_tagger
[2m2026-09-17T01:29:33.625751Z[0m [34mDEBUG[0m [2mpanoptikon::inferio::http[0m[2m:[0m processing local inference predict [3mmodel[0m[2m=[0mtags/wd-vit-tagger-v3 [3minputs[0m[2m=[0m1
[2m2026-09-17T01:29:33.625772Z[0m [34mDEBUG[0m [2mpanoptikon::inferio::http[0m[2m:[0m processing local inference predict [3mmodel[0m[2m=[0mtags/wd-vit-tagger-v3 [3minputs[0m[2m=[0m1
[2m2026-09-17T01:29:33.629109Z[0m [32m INFO[0m [2mpanoptikon::inferio::calibration[0m[2m:[0m wrote the local calibration store [3mpath[0m[2m=[0mdata/inferio/calibration.toml [3mprofiles[0m[2m=[0m1
[2m2026-09-17T01:29:33.625790Z[0m [34mDEBUG[0m [2mpanoptikon::inferio::http[0m[2m:[0m processing local inference predict [3mmodel[0m[2m=[0mtags/wd-vit-tagger-v3 [3minputs[0m[2m=[0m1
[2m2026-09-17T01:29:33.629130Z[0m [34mDEBUG[0m [2mpanoptikon::inferio::http[0m[2m:[0m processing local inference predict [3mmodel[0m[2m=[0mtags/wd-vit-tagger-v3 [3minputs[0m[2m=[0m1
[2m2026-09-17T01:29:33.629135Z[0m [34mDEBUG[0m [2mpanoptikon::inferio::http[0m[2m:[0m processing local inference predict [3mmodel[0m[2m=[0mtags/wd-vit-tagger-v3 [3minputs[0m[2m=[0m1
[2m2026-09-17T01:29:33.625951Z[0m [34mDEBUG[0m [2mpanoptikon::inferio::http[0m[2m:[0m processing local inference predict [3mmodel[0m[2m=[0mtags/wd-vit-tagger-v3 [3minputs[0m[2m=[0m1
[2m2026-09-17T01:29:33.625967Z[0m [34mDEBUG[0m [2mpanoptikon::inferio::http[0m[2m:[0m processing local inference predict [3mmodel[0m[2m=[0mtags/wd-vit-tagger-v3 [3minputs[0m[2m=[0m1
[2m2026-09-17T01:29:33.626071Z[0m [34mDEBUG[0m [2mpanoptikon::inferio::http[0m[2m:[0m processing local inference predict [3mmodel[0m[2m=[0mtags/wd-vit-tagger-v3 [3minputs[0m[2m=[0m1
[2m2026-09-17T01:29:33.626090Z[0m [34mDEBUG[0m [2mpanoptikon::inferio::http[0m[2m:[0m processing local inference predict [3mmodel[0m[2m=[0mtags/wd-vit-tagger-v3 [3minputs[0m[2m=[0m1
[2m2026-09-17T01:29:33.629209Z[0m [34mDEBUG[0m [2mpanoptikon::inferio::http[0m[2m:[0m processing local inference predict [3mmodel[0m[2m=[0mtags/wd-vit-tagger-v3 [3minputs[0m[2m=[0m1
[2m2026-09-17T01:29:33.629219Z[0m [34mDEBUG[0m [2mpanoptikon::inferio::http[0m[2m:[0m processing local inference predict [3mmodel[0m[2m=[0mtags/wd-vit-tagger-v3 [3minputs[0m[2m=[0m1
[2m2026-09-17T01:29:33.626160Z[0m [34mDEBUG[0m [2mpanoptikon::inferio::http[0m[2m:[0m processing local inference predict [3mmodel[0m[2m=[0mtags/wd-vit-tagger-v3 [3minputs[0m[2m=[0m1
[2m2026-09-17T01:29:33.626163Z[0m [34mDEBUG[0m [2mpanoptikon::inferio::http[0m[2m:[0m processing local inference predict [3mmodel[0m[2m=[0mtags/wd-vit-tagger-v3 [3minputs[0m[2m=[0m1
[2m2026-09-17T01:29:33.626169Z[0m [34mDEBUG[0m [2mpanoptikon::inferio::http[0m[2m:[0m processing local inference predict [3mmodel[0m[2m=[0mtags/wd-vit-tagger-v3 [3minputs[0m[2m=[0m1
[2m2026-09-17T01:29:33.626276Z[0m [34mDEBUG[0m [2mpanoptikon::inferio::http[0m[2m:[0m processing local inference predict [3mmodel[0m[2m=[0mtags/wd-vit-tagger-v3 [3minputs[0m[2m=[0m1
[2m2026-09-17T01:29:33.629281Z[0m [34mDEBUG[0m [2mpanoptikon::inferio::http[0m[2m:[0m processing local inference predict [3mmodel[0m[2m=[0mtags/wd-vit-tagger-v3 [3minputs[0m[2m=[0m1
[2m2026-09-17T01:29:33.629286Z[0m [34mDEBUG[0m [2mpanoptikon::inferio::http[0m[2m:[0m processing local inference predict [3mmodel[0m[2m=[0mtags/wd-vit-tagger-v3 [3minputs[0m[2m=[0m1
[2m2026-09-17T01:29:33.625811Z[0m [34mDEBUG[0m [2mpanoptikon::inferio::http[0m[2m:[0m processing local inference predict [3mmodel[0m[2m=[0mtags/wd-vit-tagger-v3 [3minputs[0m[2m=[0m1
[2m2026-09-17T01:29:33.625964Z[0m [34mDEBUG[0m [2mpanoptikon::inferio::http[0m[2m:[0m processing local inference predict [3mmodel[0m[2m=[0mtags/wd-vit-tagger-v3 [3minputs[0m[2m=[0m1
[2m2026-09-17T01:29:33.629159Z[0m [34mDEBUG[0m [2mpanoptikon::inferio::http[0m[2m:[0m processing local inference predict [3mmodel[0m[2m=[0mtags/wd-vit-tagger-v3 [3minputs[0m[2m=[0m1
[2m2026-09-17T01:29:33.626108Z[0m [34mDEBUG[0m [2mpanoptikon::inferio::http[0m[2m:[0m processing local inference predict [3mmodel[0m[2m=[0mtags/wd-vit-tagger-v3 [3minputs[0m[2m=[0m1
[2m2026-09-17T01:29:33.629217Z[0m [34mDEBUG[0m [2mpanoptikon::inferio::http[0m[2m:[0m processing local inference predict [3mmodel[0m[2m=[0mtags/wd-vit-tagger-v3 [3minputs[0m[2m=[0m1
[2m2026-09-17T01:29:33.629373Z[0m [34mDEBUG[0m [2mpanoptikon::inferio::http[0m[2m:[0m processing local inference predict [3mmodel[0m[2m=[0mtags/wd-vit-tagger-v3 [3minputs[0m[2m=[0m1
[2m2026-09-17T01:29:33.629253Z[0m [34mDEBUG[0m [2mpanoptikon::inferio::http[0m[2m:[0m processing local inference predict [3mmodel[0m[2m=[0mtags/wd-vit-tagger-v3 [3minputs[0m[2m=[0m1
[2m2026-09-17T01:29:33.629265Z[0m [34mDEBUG[0m [2mpanoptikon::inferio::http[0m[2m:[0m processing local inference predict [3mmodel[0m[2m=[0mtags/wd-vit-tagger-v3 [3minputs[0m[2m=[0m1
[2m2026-09-17T01:29:33.629424Z[0m [34mDEBUG[0m [2mpanoptikon::inferio::http[0m[2m:[0m processing local inference predict [3mmodel[0m[2m=[0mtags/wd-vit-tagger-v3 [3minputs[0m[2m=[0m1
[2m2026-09-17T01:29:33.625836Z[0m [34mDEBUG[0m [2mpanoptikon::inferio::http[0m[2m:[0m processing local inference predict [3mmodel[0m[2m=[0mtags/wd-vit-tagger-v3 [3minputs[0m[2m=[0m1
[2m2026-09-17T01:29:33.629156Z[0m [34mDEBUG[0m [2mpanoptikon::inferio::http[0m[2m:[0m processing local inference predict [3mmodel[0m[2m=[0mtags/wd-vit-tagger-v3 [3minputs[0m[2m=[0m1
[2m2026-09-17T01:29:33.629466Z[0m [34mDEBUG[0m [2mpanoptikon::inferio::http[0m[2m:[0m processing local inference predict [3mmodel[0m[2m=[0mtags/wd-vit-tagger-v3 [3minputs[0m[2m=[0m1
[2m2026-09-17T01:29:33.629478Z[0m [34mDEBUG[0m [2mpanoptikon::inferio::http[0m[2m:[0m processing local inference predict [3mmodel[0m[2m=[0mtags/wd-vit-tagger-v3 [3minputs[0m[2m=[0m1
[2m2026-09-17T01:29:33.629362Z[0m [34mDEBUG[0m [2mpanoptikon::inferio::http[0m[2m:[0m processing local inference predict [3mmodel[0m[2m=[0mtags/wd-vit-tagger-v3 [3minputs[0m[2m=[0m1
[2m2026-09-17T01:29:33.626159Z[0m [34mDEBUG[0m [2mpanoptikon::inferio::http[0m[2m:[0m processing local inference predict [3mmodel[0m[2m=[0mtags/wd-vit-tagger-v3 [3minputs[0m[2m=[0m1
[2m2026-09-17T01:29:33.629424Z[0m [34mDEBUG[0m [2mpanoptikon::inferio::http[0m[2m:[0m processing local inference predict [3mmodel[0m[2m=[0mtags/wd-vit-tagger-v3 [3minputs[0m[2m=[0m1
[2m2026-09-17T01:29:33.629488Z[0m [34mDEBUG[0m [2mpanoptikon::inferio::http[0m[2m:[0m processing local inference predict [3mmodel[0m[2m=[0mtags/wd-vit-tagger-v3 [3minputs[0m[2m=[0m1
[2m2026-09-17T01:29:33.629559Z[0m [34mDEBUG[0m [2mpanoptikon::inferio::http[0m[2m:[0m processing local inference predict [3mmodel[0m[2m=[0mtags/wd-vit-tagger-v3 [3minputs[0m[2m=[0m1
[2m2026-09-17T01:29:33.629572Z[0m [34mDEBUG[0m [2mpanoptikon::inferio::http[0m[2m:[0m processing local inference predict [3mmodel[0m[2m=[0mtags/wd-vit-tagger-v3 [3minputs[0m[2m=[0m1
[2m2026-09-17T01:29:33.629484Z[0m [34mDEBUG[0m [2mpanoptikon::inferio::http[0m[2m:[0m processing local inference predict [3mmodel[0m[2m=[0mtags/wd-vit-tagger-v3 [3minputs[0m[2m=[0m1
[2m2026-09-17T01:29:33.629597Z[0m [34mDEBUG[0m [2mpanoptikon::inferio::http[0m[2m:[0m processing local inference predict [3mmodel[0m[2m=[0mtags/wd-vit-tagger-v3 [3minputs[0m[2m=[0m1
[2m2026-09-17T01:29:33.629603Z[0m [34mDEBUG[0m [2mpanoptikon::inferio::http[0m[2m:[0m processing local inference predict [3mmodel[0m[2m=[0mtags/wd-vit-tagger-v3 [3minputs[0m[2m=[0m1
[2m2026-09-17T01:29:33.629585Z[0m [34mDEBUG[0m [2mpanoptikon::inferio::http[0m[2m:[0m processing local inference predict [3mmodel[0m[2m=[0mtags/wd-vit-tagger-v3 [3minputs[0m[2m=[0m1
[2m2026-09-17T01:29:33.629265Z[0m [34mDEBUG[0m [2mpanoptikon::inferio::http[0m[2m:[0m processing local inference predict [3mmodel[0m[2m=[0mtags/wd-vit-tagger-v3 [3minputs[0m[2m=[0m1
[2m2026-09-17T01:29:33.629603Z[0m [34mDEBUG[0m [2mpanoptikon::inferio::http[0m[2m:[0m processing local inference predict [3mmodel[0m[2m=[0mtags/wd-vit-tagger-v3 [3minputs[0m[2m=[0m1
[2m2026-09-17T01:29:33.629695Z[0m [34mDEBUG[0m [2mpanoptikon::inferio::http[0m[2m:[0m processing local inference predict [3mmodel[0m[2m=[0mtags/wd-vit-tagger-v3 [3minputs[0m[2m=[0m1
[2m2026-09-17T01:29:33.629731Z[0m [34mDEBUG[0m [2mpanoptikon::inferio::http[0m[2m:[0m processing local inference predict [3mmodel[0m[2m=[0mtags/wd-vit-tagger-v3 [3minputs[0m[2m=[0m1
[2m2026-09-17T01:29:33.629837Z[0m [34mDEBUG[0m [2mpanoptikon::inferio::http[0m[2m:[0m processing local inference predict [3mmodel[0m[2m=[0mtags/wd-vit-tagger-v3 [3minputs[0m[2m=[0m1
[2m2026-09-17T01:29:33.630076Z[0m [34mDEBUG[0m [2mpanoptikon::inferio::http[0m[2m:[0m processing local inference predict [3mmodel[0m[2m=[0mtags/wd-vit-tagger-v3 [3minputs[0m[2m=[0m1
[2m2026-09-17T01:29:33.630083Z[0m [34mDEBUG[0m [2mpanoptikon::inferio::http[0m[2m:[0m processing local inference predict [3mmodel[0m[2m=[0mtags/wd-vit-tagger-v3 [3minputs[0m[2m=[0m1
[2m2026-09-17T01:29:33.630308Z[0m [34mDEBUG[0m [2mpanoptikon::inferio::http[0m[2m:[0m processing local inference predict [3mmodel[0m[2m=[0mtags/wd-vit-tagger-v3 [3minputs[0m[2m=[0m1
[2m2026-09-17T01:29:33.630770Z[0m [34mDEBUG[0m [2mpanoptikon::inferio::http[0m[2m:[0m processing local inference predict [3mmodel[0m[2m=[0mtags/wd-vit-tagger-v3 [3minputs[0m[2m=[0m1
[2m2026-09-17T01:29:33.630774Z[0m [34mDEBUG[0m [2mpanoptikon::inferio::http[0m[2m:[0m processing local inference predict [3mmodel[0m[2m=[0mtags/wd-vit-tagger-v3 [3minputs[0m[2m=[0m1
[2m2026-09-17T01:29:33.630798Z[0m [34mDEBUG[0m [2mpanoptikon::inferio::http[0m[2m:[0m processing local inference predict [3mmodel[0m[2m=[0mtags/wd-vit-tagger-v3 [3minputs[0m[2m=[0m1
[2m2026-09-17T01:29:33.630853Z[0m [34mDEBUG[0m [2mpanoptikon::inferio::http[0m[2m:[0m processing local inference predict [3mmodel[0m[2m=[0mtags/wd-vit-tagger-v3 [3minputs[0m[2m=[0m1
[2m2026-09-17T01:29:33.630887Z[0m [34mDEBUG[0m [2mpanoptikon::inferio::http[0m[2m:[0m processing local inference predict [3mmodel[0m[2m=[0mtags/wd-vit-tagger-v3 [3minputs[0m[2m=[0m1
[2m2026-09-17T01:29:33.630905Z[0m [34mDEBUG[0m [2mpanoptikon::inferio::http[0m[2m:[0m processing local inference predict [3mmodel[0m[2m=[0mtags/wd-vit-tagger-v3 [3minputs[0m[2m=[0m1
[2m2026-09-17T01:29:33.630887Z[0m [34mDEBUG[0m [2mpanoptikon::inferio::http[0m[2m:[0m processing local inference predict [3mmodel[0m[2m=[0mtags/wd-vit-tagger-v3 [3minputs[0m[2m=[0m1
[2m2026-09-17T01:29:33.630933Z[0m [34mDEBUG[0m [2mpanoptikon::inferio::http[0m[2m:[0m processing local inference predict [3mmodel[0m[2m=[0mtags/wd-vit-tagger-v3 [3minputs[0m[2m=[0m1
[2m2026-09-17T01:29:33.630907Z[0m [34mDEBUG[0m [2mpanoptikon::inferio::http[0m[2m:[0m processing local inference predict [3mmodel[0m[2m=[0mtags/wd-vit-tagger-v3 [3minputs[0m[2m=[0m1
[2m2026-09-17T01:29:33.630984Z[0m [34mDEBUG[0m [2mpanoptikon::inferio::http[0m[2m:[0m processing local inference predict [3mmodel[0m[2m=[0mtags/wd-vit-tagger-v3 [3minputs[0m[2m=[0m1
[2m2026-09-17T01:29:33.631006Z[0m [34mDEBUG[0m [2mpanoptikon::inferio::http[0m[2m:[0m processing local inference predict [3mmodel[0m[2m=[0mtags/wd-vit-tagger-v3 [3minputs[0m[2m=[0m1
[2m2026-09-17T01:29:33.631026Z[0m [34mDEBUG[0m [2mpanoptikon::inferio::http[0m[2m:[0m processing local inference predict [3mmodel[0m[2m=[0mtags/wd-vit-tagger-v3 [3minputs[0m[2m=[0m1
[2m2026-09-17T01:29:33.631329Z[0m [34mDEBUG[0m [2mpanoptikon::inferio::http[0m[2m:[0m processing local inference predict [3mmodel[0m[2m=[0mtags/wd-vit-tagger-v3 [3minputs[0m[2m=[0m1
[2m2026-09-17T01:29:33.631343Z[0m [34mDEBUG[0m [2mpanoptikon::inferio::http[0m[2m:[0m processing local inference predict [3mmodel[0m[2m=[0mtags/wd-vit-tagger-v3 [3minputs[0m[2m=[0m1
[2m2026-09-17T01:29:33.631367Z[0m [34mDEBUG[0m [2mpanoptikon::inferio::http[0m[2m:[0m processing local inference predict [3mmodel[0m[2m=[0mtags/wd-vit-tagger-v3 [3minputs[0m[2m=[0m1
[2m2026-09-17T01:29:33.631382Z[0m [34mDEBUG[0m [2mpanoptikon::inferio::http[0m[2m:[0m processing local inference predict [3mmodel[0m[2m=[0mtags/wd-vit-tagger-v3 [3minputs[0m[2m=[0m1
[2m2026-09-17T01:29:33.631382Z[0m [34mDEBUG[0m [2mpanoptikon::inferio::http[0m[2m:[0m processing local inference predict [3mmodel[0m[2m=[0mtags/wd-vit-tagger-v3 [3minputs[0m[2m=[0m1
[2m2026-09-17T01:29:33.631386Z[0m [34mDEBUG[0m [2mpanoptikon::inferio::http[0m[2m:[0m processing local inference predict [3mmodel[0m[2m=[0mtags/wd-vit-tagger-v3 [3minputs[0m[2m=[0m1
[2m2026-09-17T01:29:33.631413Z[0m [34mDEBUG[0m [2mpanoptikon::inferio::http[0m[2m:[0m processing local inference predict [3mmodel[0m[2m=[0mtags/wd-vit-tagger-v3 [3minputs[0m[2m=[0m1
[2m2026-09-17T01:29:33.631471Z[0m [34mDEBUG[0m [2mpanoptikon::inferio::http[0m[2m:[0m processing local inference predict [3mmodel[0m[2m=[0mtags/wd-vit-tagger-v3 [3minputs[0m[2m=[0m1
[2m2026-09-17T01:29:33.631508Z[0m [34mDEBUG[0m [2mpanoptikon::inferio::http[0m[2m:[0m processing local inference predict [3mmodel[0m[2m=[0mtags/wd-vit-tagger-v3 [3minputs[0m[2m=[0m1
[2m2026-09-17T01:29:33.631520Z[0m [34mDEBUG[0m [2mpanoptikon::inferio::http[0m[2m:[0m processing local inference predict [3mmodel[0m[2m=[0mtags/wd-vit-tagger-v3 [3minputs[0m[2m=[0m1
[2m2026-09-17T01:29:33.631520Z[0m [34mDEBUG[0m [2mpanoptikon::inferio::http[0m[2m:[0m processing local inference predict [3mmodel[0m[2m=[0mtags/wd-vit-tagger-v3 [3minputs[0m[2m=[0m1
[2m2026-09-17T01:29:33.631524Z[0m [34mDEBUG[0m [2mpanoptikon::inferio::http[0m[2m:[0m processing local inference predict [3mmodel[0m[2m=[0mtags/wd-vit-tagger-v3 [3minputs[0m[2m=[0m1
[2m2026-09-17T01:29:33.631576Z[0m [34mDEBUG[0m [2mpanoptikon::inferio::http[0m[2m:[0m processing local inference predict [3mmodel[0m[2m=[0mtags/wd-vit-tagger-v3 [3minputs[0m[2m=[0m1
[2m2026-09-17T01:29:33.631529Z[0m [34mDEBUG[0m [2mpanoptikon::inferio::http[0m[2m:[0m processing local inference predict [3mmodel[0m[2m=[0mtags/wd-vit-tagger-v3 [3minputs[0m[2m=[0m1
[2m2026-09-17T01:29:33.631548Z[0m [34mDEBUG[0m [2mpanoptikon::inferio::http[0m[2m:[0m processing local inference predict [3mmodel[0m[2m=[0mtags/wd-vit-tagger-v3 [3minputs[0m[2m=[0m1
[2m2026-09-17T01:29:33.631588Z[0m [34mDEBUG[0m [2mpanoptikon::inferio::http[0m[2m:[0m processing local inference predict [3mmodel[0m[2m=[0mtags/wd-vit-tagger-v3 [3minputs[0m[2m=[0m1
[2m2026-09-17T01:29:33.631548Z[0m [34mDEBUG[0m [2mpanoptikon::inferio::http[0m[2m:[0m processing local inference predict [3mmodel[0m[2m=[0mtags/wd-vit-tagger-v3 [3minputs[0m[2m=[0m1
[2m2026-09-17T01:29:33.631669Z[0m [34mDEBUG[0m [2mpanoptikon::inferio::http[0m[2m:[0m processing local inference predict [3mmodel[0m[2m=[0mtags/wd-vit-tagger-v3 [3minputs[0m[2m=[0m1
[2m2026-09-17T01:29:33.631677Z[0m [34mDEBUG[0m [2mpanoptikon::inferio::http[0m[2m:[0m processing local inference predict [3mmodel[0m[2m=[0mtags/wd-vit-tagger-v3 [3minputs[0m[2m=[0m1
[2m2026-09-17T01:29:33.631685Z[0m [34mDEBUG[0m [2mpanoptikon::inferio::http[0m[2m:[0m processing local inference predict [3mmodel[0m[2m=[0mtags/wd-vit-tagger-v3 [3minputs[0m[2m=[0m1
[2m2026-09-17T01:29:33.631777Z[0m [34mDEBUG[0m [2mpanoptikon::inferio::http[0m[2m:[0m processing local inference predict [3mmodel[0m[2m=[0mtags/wd-vit-tagger-v3 [3minputs[0m[2m=[0m1
[2m2026-09-17T01:29:33.631822Z[0m [34mDEBUG[0m [2mpanoptikon::inferio::http[0m[2m:[0m processing local inference predict [3mmodel[0m[2m=[0mtags/wd-vit-tagger-v3 [3minputs[0m[2m=[0m1
[2m2026-09-17T01:29:33.631831Z[0m [34mDEBUG[0m [2mpanoptikon::inferio::http[0m[2m:[0m processing local inference predict [3mmodel[0m[2m=[0mtags/wd-vit-tagger-v3 [3minputs[0m[2m=[0m1
[2m2026-09-17T01:29:33.712242Z[0m [32m INFO[0m [2mpanoptikon::inferio::worker[0m[2m:[0m 2026-09-17 03:29:33,712 [DEBUG] inferio_worker_impl_0_wd_tagger: Running inference on 2 images [3mworker[0m[2m=[0mwd_tagger
[2m2026-09-17T01:29:33.780514Z[0m [32m INFO[0m [2mpanoptikon::inferio::worker[0m[2m:[0m 2026-09-17 03:29:33,780 [DEBUG] inferio_worker_impl_0_wd_tagger: Running inference on 2 images [3mworker[0m[2m=[0mwd_tagger
[2m2026-09-17T01:29:33.846735Z[0m [34mDEBUG[0m [2mpanoptikon::inferio::ledger[0m[2m:[0m declining to fit a throughput knee: the ring's quiet buckets hold too few observations to read as a curve [3mobservations[0m[2m=[0m2 [3mmin_observations[0m[2m=[0m12 [3mbuckets[0m[2m=[0m1 [3mmin_buckets[0m[2m=[0m3
[2m2026-09-17T01:29:33.846764Z[0m [34mDEBUG[0m [2mpanoptikon::inferio::ledger[0m[2m:[0m queued a calibration profile update for the store [3mmodel[0m[2m=[0mtags/wd-vit-tagger-v3 [3mgpu[0m[2m=[0mGPU-MPS [3mreason[0m[2m=[0m"anchor_advanced" [3mmax_units_measured[0m[2m=[0m2 [3mfit_version[0m[2m=[0m0
[2m2026-09-17T01:29:33.846775Z[0m [34mDEBUG[0m [2mpanoptikon::inferio::ledger[0m[2m:[0m settled a granted window [3mmodel[0m[2m=[0mtags/wd-vit-tagger-v3 [3mgpu[0m[2m=[0mGPU-MPS [3moutcome[0m[2m=[0m"clean" [3mfit_samples[0m[2m=[0m3 [3mthroughput_samples[0m[2m=[0m2 [3mclamped_samples[0m[2m=[0m0 [3mclamped[0m[2m=[0mnone [3mramp_step[0m[2m=[0m1 [3mdeflation[0m[2m=[0m0 [3mclean_windows[0m[2m=[0m2 [3mmax_units_measured[0m[2m=[0m2
[2m2026-09-17T01:29:33.846811Z[0m [34mDEBUG[0m [2mpanoptikon::inferio::ledger[0m[2m:[0m issued a memory grant [3mmodel[0m[2m=[0mtags/wd-vit-tagger-v3 [3mgpu[0m[2m=[0mGPU-MPS [3munit_budget[0m[2m=[0m4 [3mmb[0m[2m=[0m104149 [3mcanvas_pixels[0m[2m=[0mnone [3mshare_mb[0m[2m=[0m104149 [3mroom_mb[0m[2m=[0m104149 [3mheadroom_mb[0m[2m=[0m103961 [3mexternal_mb[0m[2m=[0m24515 [3mreserve_mb[0m[2m=[0m1024 [3mreserve_rule[0m[2m=[0m"capped_default" [3mpre_fit[0m[2m=[0mtrue [3mramp_step[0m[2m=[0m1 [3mdeflation[0m[2m=[0m0 [3msqueezed[0m[2m=[0mfalse [3mwindow_requests[0m[2m=[0m12
[2m2026-09-17T01:29:33.853825Z[0m [32m INFO[0m [2mpanoptikon::inferio::worker[0m[2m:[0m 2026-09-17 03:29:33,853 [DEBUG] inferio_worker_impl_0_wd_tagger: Running inference on 4 images [3mworker[0m[2m=[0mwd_tagger
[2m2026-09-17T01:29:34.001707Z[0m [32m INFO[0m [2mpanoptikon::inferio::worker[0m[2m:[0m 2026-09-17 03:29:34,001 [DEBUG] inferio_worker_impl_0_wd_tagger: Running inference on 4 images [3mworker[0m[2m=[0mwd_tagger
[2m2026-09-17T01:29:34.132200Z[0m [32m INFO[0m [2mpanoptikon::inferio::worker[0m[2m:[0m 2026-09-17 03:29:34,132 [DEBUG] inferio_worker_impl_0_wd_tagger: Running inference on 4 images [3mworker[0m[2m=[0mwd_tagger
[2m2026-09-17T01:29:34.258298Z[0m [34mDEBUG[0m [2mpanoptikon::inferio::ledger[0m[2m:[0m declining to fit a throughput knee: the ring's quiet buckets hold too few observations to read as a curve [3mobservations[0m[2m=[0m4 [3mmin_observations[0m[2m=[0m12 [3mbuckets[0m[2m=[0m2 [3mmin_buckets[0m[2m=[0m3
[2m2026-09-17T01:29:34.258317Z[0m [34mDEBUG[0m [2mpanoptikon::inferio::ledger[0m[2m:[0m queued a calibration profile update for the store [3mmodel[0m[2m=[0mtags/wd-vit-tagger-v3 [3mgpu[0m[2m=[0mGPU-MPS [3mreason[0m[2m=[0m"anchor_advanced" [3mmax_units_measured[0m[2m=[0m4 [3mfit_version[0m[2m=[0m0
[2m2026-09-17T01:29:34.258327Z[0m [34mDEBUG[0m [2mpanoptikon::inferio::ledger[0m[2m:[0m settled a granted window [3mmodel[0m[2m=[0mtags/wd-vit-tagger-v3 [3mgpu[0m[2m=[0mGPU-MPS [3moutcome[0m[2m=[0m"clean" [3mfit_samples[0m[2m=[0m3 [3mthroughput_samples[0m[2m=[0m2 [3mclamped_samples[0m[2m=[0m0 [3mclamped[0m[2m=[0mnone [3mramp_step[0m[2m=[0m2 [3mdeflation[0m[2m=[0m0 [3mclean_windows[0m[2m=[0m3 [3mmax_units_measured[0m[2m=[0m4
[2m2026-09-17T01:29:34.258368Z[0m [34mDEBUG[0m [2mpanoptikon::inferio::ledger[0m[2m:[0m issued a memory grant [3mmodel[0m[2m=[0mtags/wd-vit-tagger-v3 [3mgpu[0m[2m=[0mGPU-MPS [3munit_budget[0m[2m=[0m8 [3mmb[0m[2m=[0m104377 [3mcanvas_pixels[0m[2m=[0mnone [3mshare_mb[0m[2m=[0m104377 [3mroom_mb[0m[2m=[0m104377 [3mheadroom_mb[0m[2m=[0m103961 [3mexternal_mb[0m[2m=[0m24287 [3mreserve_mb[0m[2m=[0m1024 [3mreserve_rule[0m[2m=[0m"capped_default" [3mpre_fit[0m[2m=[0mtrue [3mramp_step[0m[2m=[0m2 [3mdeflation[0m[2m=[0m0 [3msqueezed[0m[2m=[0mfalse [3mwindow_requests[0m[2m=[0m24
[2m2026-09-17T01:29:34.271330Z[0m [32m INFO[0m [2mpanoptikon::inferio::worker[0m[2m:[0m 2026-09-17 03:29:34,271 [DEBUG] inferio_worker_impl_0_wd_tagger: Running inference on 8 images [3mworker[0m[2m=[0mwd_tagger
[2m2026-09-17T01:29:34.546357Z[0m [32m INFO[0m [2mpanoptikon::inferio::worker[0m[2m:[0m 2026-09-17 03:29:34,546 [DEBUG] inferio_worker_impl_0_wd_tagger: Running inference on 8 images [3mworker[0m[2m=[0mwd_tagger
[2m2026-09-17T01:29:34.806788Z[0m [32m INFO[0m [2mpanoptikon::inferio::worker[0m[2m:[0m 2026-09-17 03:29:34,806 [DEBUG] inferio_worker_impl_0_wd_tagger: Running inference on 8 images [3mworker[0m[2m=[0mwd_tagger
[2m2026-09-17T01:29:35.056298Z[0m [34mDEBUG[0m [2mpanoptikon::inferio::ledger[0m[2m:[0m refitted the memory cost model [3mmodel[0m[2m=[0mtags/wd-vit-tagger-v3 [3mgpu[0m[2m=[0mGPU-MPS [3mslope_mb_per_unit[0m[2m=[0m1.4821428571428572 [3mintercept_mb[0m[2m=[0m5.607142857142857 [3mresidual_mb[0m[2m=[0m2.553571428571428 [3msamples[0m[2m=[0m4 [3mversion[0m[2m=[0m1
[2m2026-09-17T01:29:35.056322Z[0m [34mDEBUG[0m [2mpanoptikon::inferio::ledger[0m[2m:[0m declining to fit a throughput knee: the ring's quiet buckets hold too few observations to read as a curve [3mobservations[0m[2m=[0m6 [3mmin_observations[0m[2m=[0m12 [3mbuckets[0m[2m=[0m3 [3mmin_buckets[0m[2m=[0m3
[2m2026-09-17T01:29:35.056330Z[0m [34mDEBUG[0m [2mpanoptikon::inferio::ledger[0m[2m:[0m queued a calibration profile update for the store [3mmodel[0m[2m=[0mtags/wd-vit-tagger-v3 [3mgpu[0m[2m=[0mGPU-MPS [3mreason[0m[2m=[0m"fit_changed" [3mmax_units_measured[0m[2m=[0m8 [3mfit_version[0m[2m=[0m1
[2m2026-09-17T01:29:35.056340Z[0m [34mDEBUG[0m [2mpanoptikon::inferio::ledger[0m[2m:[0m settled a granted window [3mmodel[0m[2m=[0mtags/wd-vit-tagger-v3 [3mgpu[0m[2m=[0mGPU-MPS [3moutcome[0m[2m=[0m"clean" [3mfit_samples[0m[2m=[0m3 [3mthroughput_samples[0m[2m=[0m2 [3mclamped_samples[0m[2m=[0m0 [3mclamped[0m[2m=[0mnone [3mramp_step[0m[2m=[0m3 [3mdeflation[0m[2m=[0m0 [3mclean_windows[0m[2m=[0m4 [3mmax_units_measured[0m[2m=[0m8
[2m2026-09-17T01:29:35.056365Z[0m [34mDEBUG[0m [2mpanoptikon::inferio::ledger[0m[2m:[0m issued a memory grant [3mmodel[0m[2m=[0mtags/wd-vit-tagger-v3 [3mgpu[0m[2m=[0mGPU-MPS [3munit_budget[0m[2m=[0m16 [3mmb[0m[2m=[0m95 [3mcanvas_pixels[0m[2m=[0mnone [3mshare_mb[0m[2m=[0m103947 [3mroom_mb[0m[2m=[0m103947 [3mheadroom_mb[0m[2m=[0m103079 [3mexternal_mb[0m[2m=[0m24717 [3mreserve_mb[0m[2m=[0m1024 [3mreserve_rule[0m[2m=[0m"capped_default" [3mpre_fit[0m[2m=[0mfalse [3mramp_step[0m[2m=[0m3 [3mdeflation[0m[2m=[0m0 [3msqueezed[0m[2m=[0mfalse [3mwindow_requests[0m[2m=[0m48
[2m2026-09-17T01:29:35.058310Z[0m [32m INFO[0m [2mpanoptikon::inferio::worker[0m[2m:[0m 2026-09-17 03:29:35,058 [DEBUG] inferio_worker.packing: this window's 95 MiB grant is below 80% of the 1892 MiB of releasable slack in the 2252 MiB pool (1/2 consecutive windows before releasing it) [3mworker[0m[2m=[0mwd_tagger
[2m2026-09-17T01:29:35.082073Z[0m [32m INFO[0m [2mpanoptikon::inferio::worker[0m[2m:[0m 2026-09-17 03:29:35,082 [DEBUG] inferio_worker_impl_0_wd_tagger: Running inference on 16 images [3mworker[0m[2m=[0mwd_tagger
[2m2026-09-17T01:29:35.637591Z[0m [32m INFO[0m [2mpanoptikon::inferio::worker[0m[2m:[0m 2026-09-17 03:29:35,637 [DEBUG] inferio_worker_impl_0_wd_tagger: Running inference on 16 images [3mworker[0m[2m=[0mwd_tagger
[2m2026-09-17T01:29:36.134304Z[0m [32m INFO[0m [2mpanoptikon::inferio::worker[0m[2m:[0m 2026-09-17 03:29:36,134 [DEBUG] PIL.Image: Importing BlpImagePlugin [3mworker[0m[2m=[0mwd_tagger
[2m2026-09-17T01:29:36.137201Z[0m [32m INFO[0m [2mpanoptikon::inferio::worker[0m[2m:[0m 2026-09-17 03:29:36,137 [DEBUG] PIL.Image: Importing BmpImagePlugin [3mworker[0m[2m=[0mwd_tagger
[2m2026-09-17T01:29:36.137208Z[0m [32m INFO[0m [2mpanoptikon::inferio::worker[0m[2m:[0m 2026-09-17 03:29:36,137 [DEBUG] PIL.Image: Importing BufrStubImagePlugin [3mworker[0m[2m=[0mwd_tagger
[2m2026-09-17T01:29:36.137744Z[0m [32m INFO[0m [2mpanoptikon::inferio::worker[0m[2m:[0m 2026-09-17 03:29:36,137 [DEBUG] PIL.Image: Importing CurImagePlugin [3mworker[0m[2m=[0mwd_tagger
[2m2026-09-17T01:29:36.138163Z[0m [32m INFO[0m [2mpanoptikon::inferio::worker[0m[2m:[0m 2026-09-17 03:29:36,138 [DEBUG] PIL.Image: Importing DcxImagePlugin [3mworker[0m[2m=[0mwd_tagger
[2m2026-09-17T01:29:36.138873Z[0m [32m INFO[0m [2mpanoptikon::inferio::worker[0m[2m:[0m 2026-09-17 03:29:36,138 [DEBUG] PIL.Image: Importing DdsImagePlugin [3mworker[0m[2m=[0mwd_tagger
[2m2026-09-17T01:29:36.140277Z[0m [32m INFO[0m [2mpanoptikon::inferio::worker[0m[2m:[0m 2026-09-17 03:29:36,140 [DEBUG] PIL.Image: Importing EpsImagePlugin [3mworker[0m[2m=[0mwd_tagger
[2m2026-09-17T01:29:36.140876Z[0m [32m INFO[0m [2mpanoptikon::inferio::worker[0m[2m:[0m 2026-09-17 03:29:36,140 [DEBUG] PIL.Image: Importing FitsImagePlugin [3mworker[0m[2m=[0mwd_tagger
[2m2026-09-17T01:29:36.141162Z[0m [32m INFO[0m [2mpanoptikon::inferio::worker[0m[2m:[0m 2026-09-17 03:29:36,141 [DEBUG] PIL.Image: Importing FliImagePlugin [3mworker[0m[2m=[0mwd_tagger
[2m2026-09-17T01:29:36.141417Z[0m [32m INFO[0m [2mpanoptikon::inferio::worker[0m[2m:[0m 2026-09-17 03:29:36,141 [DEBUG] PIL.Image: Importing FpxImagePlugin [3mworker[0m[2m=[0mwd_tagger
[2m2026-09-17T01:29:36.141726Z[0m [32m INFO[0m [2mpanoptikon::inferio::worker[0m[2m:[0m 2026-09-17 03:29:36,141 [DEBUG] PIL.Image: Image: failed to import FpxImagePlugin: No module named 'olefile' [3mworker[0m[2m=[0mwd_tagger
[2m2026-09-17T01:29:36.141740Z[0m [32m INFO[0m [2mpanoptikon::inferio::worker[0m[2m:[0m 2026-09-17 03:29:36,141 [DEBUG] PIL.Image: Importing FtexImagePlugin [3mworker[0m[2m=[0mwd_tagger
[2m2026-09-17T01:29:36.142044Z[0m [32m INFO[0m [2mpanoptikon::inferio::worker[0m[2m:[0m 2026-09-17 03:29:36,142 [DEBUG] PIL.Image: Importing GbrImagePlugin [3mworker[0m[2m=[0mwd_tagger
[2m2026-09-17T01:29:36.142168Z[0m [32m INFO[0m [2mpanoptikon::inferio::worker[0m[2m:[0m 2026-09-17 03:29:36,142 [DEBUG] PIL.Image: Importing GifImagePlugin [3mworker[0m[2m=[0mwd_tagger
[2m2026-09-17T01:29:36.142179Z[0m [32m INFO[0m [2mpanoptikon::inferio::worker[0m[2m:[0m 2026-09-17 03:29:36,142 [DEBUG] PIL.Image: Importing GribStubImagePlugin [3mworker[0m[2m=[0mwd_tagger
[2m2026-09-17T01:29:36.142467Z[0m [32m INFO[0m [2mpanoptikon::inferio::worker[0m[2m:[0m 2026-09-17 03:29:36,142 [DEBUG] PIL.Image: Importing Hdf5StubImagePlugin [3mworker[0m[2m=[0mwd_tagger
[2m2026-09-17T01:29:36.142569Z[0m [32m INFO[0m [2mpanoptikon::inferio::worker[0m[2m:[0m 2026-09-17 03:29:36,142 [DEBUG] PIL.Image: Importing IcnsImagePlugin [3mworker[0m[2m=[0mwd_tagger
[2m2026-09-17T01:29:36.143576Z[0m [32m INFO[0m [2mpanoptikon::inferio::worker[0m[2m:[0m 2026-09-17 03:29:36,143 [DEBUG] PIL.Image: Importing IcoImagePlugin [3mworker[0m[2m=[0mwd_tagger
[2m2026-09-17T01:29:36.143938Z[0m [32m INFO[0m [2mpanoptikon::inferio::worker[0m[2m:[0m 2026-09-17 03:29:36,143 [DEBUG] PIL.Image: Importing ImImagePlugin [3mworker[0m[2m=[0mwd_tagger
[2m2026-09-17T01:29:36.144286Z[0m [32m INFO[0m [2mpanoptikon::inferio::worker[0m[2m:[0m 2026-09-17 03:29:36,144 [DEBUG] PIL.Image: Importing ImtImagePlugin [3mworker[0m[2m=[0mwd_tagger
[2m2026-09-17T01:29:36.144437Z[0m [32m INFO[0m [2mpanoptikon::inferio::worker[0m[2m:[0m 2026-09-17 03:29:36,144 [DEBUG] PIL.Image: Importing IptcImagePlugin [3mworker[0m[2m=[0mwd_tagger
[2m2026-09-17T01:29:36.144692Z[0m [32m INFO[0m [2mpanoptikon::inferio::worker[0m[2m:[0m 2026-09-17 03:29:36,144 [DEBUG] PIL.Image: Importing JpegImagePlugin [3mworker[0m[2m=[0mwd_tagger
[2m2026-09-17T01:29:36.144697Z[0m [32m INFO[0m [2mpanoptikon::inferio::worker[0m[2m:[0m 2026-09-17 03:29:36,144 [DEBUG] PIL.Image: Importing Jpeg2KImagePlugin [3mworker[0m[2m=[0mwd_tagger
[2m2026-09-17T01:29:36.144706Z[0m [32m INFO[0m [2mpanoptikon::inferio::worker[0m[2m:[0m 2026-09-17 03:29:36,144 [DEBUG] PIL.Image: Importing McIdasImagePlugin [3mworker[0m[2m=[0mwd_tagger
[2m2026-09-17T01:29:36.144900Z[0m [32m INFO[0m [2mpanoptikon::inferio::worker[0m[2m:[0m 2026-09-17 03:29:36,144 [DEBUG] PIL.Image: Importing MicImagePlugin [3mworker[0m[2m=[0mwd_tagger
[2m2026-09-17T01:29:36.145338Z[0m [32m INFO[0m [2mpanoptikon::inferio::worker[0m[2m:[0m 2026-09-17 03:29:36,145 [DEBUG] PIL.Image: Image: failed to import MicImagePlugin: No module named 'olefile' [3mworker[0m[2m=[0mwd_tagger
[2m2026-09-17T01:29:36.145354Z[0m [32m INFO[0m [2mpanoptikon::inferio::worker[0m[2m:[0m 2026-09-17 03:29:36,145 [DEBUG] PIL.Image: Importing MpegImagePlugin [3mworker[0m[2m=[0mwd_tagger
[2m2026-09-17T01:29:36.145629Z[0m [32m INFO[0m [2mpanoptikon::inferio::worker[0m[2m:[0m 2026-09-17 03:29:36,145 [DEBUG] PIL.Image: Importing MpoImagePlugin [3mworker[0m[2m=[0mwd_tagger
[2m2026-09-17T01:29:36.146460Z[0m [32m INFO[0m [2mpanoptikon::inferio::worker[0m[2m:[0m 2026-09-17 03:29:36,146 [DEBUG] PIL.Image: Importing MspImagePlugin [3mworker[0m[2m=[0mwd_tagger
[2m2026-09-17T01:29:36.146595Z[0m [32m INFO[0m [2mpanoptikon::inferio::worker[0m[2m:[0m 2026-09-17 03:29:36,146 [DEBUG] PIL.Image: Importing PalmImagePlugin [3mworker[0m[2m=[0mwd_tagger
[2m2026-09-17T01:29:36.146962Z[0m [32m INFO[0m [2mpanoptikon::inferio::worker[0m[2m:[0m 2026-09-17 03:29:36,146 [DEBUG] PIL.Image: Importing PcdImagePlugin [3mworker[0m[2m=[0mwd_tagger
[2m2026-09-17T01:29:36.147151Z[0m [32m INFO[0m [2mpanoptikon::inferio::worker[0m[2m:[0m 2026-09-17 03:29:36,147 [DEBUG] PIL.Image: Importing PcxImagePlugin [3mworker[0m[2m=[0mwd_tagger
[2m2026-09-17T01:29:36.147167Z[0m [32m INFO[0m [2mpanoptikon::inferio::worker[0m[2m:[0m 2026-09-17 03:29:36,147 [DEBUG] PIL.Image: Importing PdfImagePlugin [3mworker[0m[2m=[0mwd_tagger
[2m2026-09-17T01:29:36.149078Z[0m [32m INFO[0m [2mpanoptikon::inferio::worker[0m[2m:[0m 2026-09-17 03:29:36,149 [DEBUG] PIL.Image: Importing PixarImagePlugin [3mworker[0m[2m=[0mwd_tagger
[2m2026-09-17T01:29:36.149444Z[0m [32m INFO[0m [2mpanoptikon::inferio::worker[0m[2m:[0m 2026-09-17 03:29:36,149 [DEBUG] PIL.Image: Importing PngImagePlugin [3mworker[0m[2m=[0mwd_tagger
[2m2026-09-17T01:29:36.149454Z[0m [32m INFO[0m [2mpanoptikon::inferio::worker[0m[2m:[0m 2026-09-17 03:29:36,149 [DEBUG] PIL.Image: Importing PpmImagePlugin [3mworker[0m[2m=[0mwd_tagger
[2m2026-09-17T01:29:36.149464Z[0m [32m INFO[0m [2mpanoptikon::inferio::worker[0m[2m:[0m 2026-09-17 03:29:36,149 [DEBUG] PIL.Image: Importing PsdImagePlugin [3mworker[0m[2m=[0mwd_tagger
[2m2026-09-17T01:29:36.149707Z[0m [32m INFO[0m [2mpanoptikon::inferio::worker[0m[2m:[0m 2026-09-17 03:29:36,149 [DEBUG] PIL.Image: Importing QoiImagePlugin [3mworker[0m[2m=[0mwd_tagger
[2m2026-09-17T01:29:36.149837Z[0m [32m INFO[0m [2mpanoptikon::inferio::worker[0m[2m:[0m 2026-09-17 03:29:36,149 [DEBUG] PIL.Image: Importing SgiImagePlugin [3mworker[0m[2m=[0mwd_tagger
[2m2026-09-17T01:29:36.150074Z[0m [32m INFO[0m [2mpanoptikon::inferio::worker[0m[2m:[0m 2026-09-17 03:29:36,150 [DEBUG] PIL.Image: Importing SpiderImagePlugin [3mworker[0m[2m=[0mwd_tagger
[2m2026-09-17T01:29:36.150324Z[0m [32m INFO[0m [2mpanoptikon::inferio::worker[0m[2m:[0m 2026-09-17 03:29:36,150 [DEBUG] PIL.Image: Importing SunImagePlugin [3mworker[0m[2m=[0mwd_tagger
[2m2026-09-17T01:29:36.150530Z[0m [32m INFO[0m [2mpanoptikon::inferio::worker[0m[2m:[0m 2026-09-17 03:29:36,150 [DEBUG] PIL.Image: Importing TgaImagePlugin [3mworker[0m[2m=[0mwd_tagger
[2m2026-09-17T01:29:36.150645Z[0m [32m INFO[0m [2mpanoptikon::inferio::worker[0m[2m:[0m 2026-09-17 03:29:36,150 [DEBUG] PIL.Image: Importing TiffImagePlugin [3mworker[0m[2m=[0mwd_tagger
[2m2026-09-17T01:29:36.150653Z[0m [32m INFO[0m [2mpanoptikon::inferio::worker[0m[2m:[0m 2026-09-17 03:29:36,150 [DEBUG] PIL.Image: Importing WebPImagePlugin [3mworker[0m[2m=[0mwd_tagger
[2m2026-09-17T01:29:36.181822Z[0m [32m INFO[0m [2mpanoptikon::inferio::worker[0m[2m:[0m 2026-09-17 03:29:36,181 [DEBUG] PIL.Image: Importing WmfImagePlugin [3mworker[0m[2m=[0mwd_tagger
[2m2026-09-17T01:29:36.182277Z[0m [32m INFO[0m [2mpanoptikon::inferio::worker[0m[2m:[0m 2026-09-17 03:29:36,182 [DEBUG] PIL.Image: Importing XbmImagePlugin [3mworker[0m[2m=[0mwd_tagger
[2m2026-09-17T01:29:36.182810Z[0m [32m INFO[0m [2mpanoptikon::inferio::worker[0m[2m:[0m 2026-09-17 03:29:36,182 [DEBUG] PIL.Image: Importing XpmImagePlugin [3mworker[0m[2m=[0mwd_tagger
[2m2026-09-17T01:29:36.183488Z[0m [32m INFO[0m [2mpanoptikon::inferio::worker[0m[2m:[0m 2026-09-17 03:29:36,183 [DEBUG] PIL.Image: Importing XVThumbImagePlugin [3mworker[0m[2m=[0mwd_tagger
[2m2026-09-17T01:29:36.197339Z[0m [32m INFO[0m [2mpanoptikon::inferio::worker[0m[2m:[0m 2026-09-17 03:29:36,197 [DEBUG] inferio_worker_impl_0_wd_tagger: Running inference on 16 images [3mworker[0m[2m=[0mwd_tagger
[2m2026-09-17T01:29:36.736344Z[0m [32m INFO[0m [2mpanoptikon::inferio::ledger[0m[2m:[0m holding the throughput ramp at this rung: the rung is the top of a measured plateau [3mmodel[0m[2m=[0mtags/wd-vit-tagger-v3 [3mgpu[0m[2m=[0mGPU-MPS [3munits[0m[2m=[0m32 [3mcertified[0m[2m=[0mtrue [3mknee_binds[0m[2m=[0mfalse
[2m2026-09-17T01:29:36.736369Z[0m [34mDEBUG[0m [2mpanoptikon::inferio::ledger[0m[2m:[0m refitted the memory cost model [3mmodel[0m[2m=[0mtags/wd-vit-tagger-v3 [3mgpu[0m[2m=[0mGPU-MPS [3mslope_mb_per_unit[0m[2m=[0m2.416666666666667 [3mintercept_mb[0m[2m=[0m0.33333333333333215 [3mresidual_mb[0m[2m=[0m0.6666666666666679 [3msamples[0m[2m=[0m5 [3mversion[0m[2m=[0m2
[2m2026-09-17T01:29:36.736381Z[0m [34mDEBUG[0m [2mpanoptikon::inferio::ledger[0m[2m:[0m declining to fit a throughput knee: the ring's quiet buckets hold too few observations to read as a curve [3mobservations[0m[2m=[0m8 [3mmin_observations[0m[2m=[0m12 [3mbuckets[0m[2m=[0m4 [3mmin_buckets[0m[2m=[0m3
[2m2026-09-17T01:29:36.736388Z[0m [34mDEBUG[0m [2mpanoptikon::inferio::ledger[0m[2m:[0m queued a calibration profile update for the store [3mmodel[0m[2m=[0mtags/wd-vit-tagger-v3 [3mgpu[0m[2m=[0mGPU-MPS [3mreason[0m[2m=[0m"fit_changed" [3mmax_units_measured[0m[2m=[0m16 [3mfit_version[0m[2m=[0m2
[2m2026-09-17T01:29:36.736401Z[0m [34mDEBUG[0m [2mpanoptikon::inferio::ledger[0m[2m:[0m settled a granted window [3mmodel[0m[2m=[0mtags/wd-vit-tagger-v3 [3mgpu[0m[2m=[0mGPU-MPS [3moutcome[0m[2m=[0m"clean" [3mfit_samples[0m[2m=[0m3 [3mthroughput_samples[0m[2m=[0m2 [3mclamped_samples[0m[2m=[0m0 [3mclamped[0m[2m=[0mnone [3mramp_step[0m[2m=[0m3 [3mdeflation[0m[2m=[0m0 [3mclean_windows[0m[2m=[0m5 [3mmax_units_measured[0m[2m=[0m16
[2m2026-09-17T01:29:36.739832Z[0m [34mDEBUG[0m [2mpanoptikon::inferio::ledger[0m[2m:[0m issued a memory grant [3mmodel[0m[2m=[0mtags/wd-vit-tagger-v3 [3mgpu[0m[2m=[0mGPU-MPS [3munit_budget[0m[2m=[0m32 [3mmb[0m[2m=[0m283 [3mcanvas_pixels[0m[2m=[0mnone [3mshare_mb[0m[2m=[0m103899 [3mroom_mb[0m[2m=[0m103899 [3mheadroom_mb[0m[2m=[0m101103 [3mexternal_mb[0m[2m=[0m24765 [3mreserve_mb[0m[2m=[0m1024 [3mreserve_rule[0m[2m=[0m"capped_default" [3mpre_fit[0m[2m=[0mfalse [3mramp_step[0m[2m=[0m3 [3mdeflation[0m[2m=[0m0 [3msqueezed[0m[2m=[0mfalse [3mwindow_requests[0m[2m=[0m89
[2m2026-09-17T01:29:36.756713Z[0m [32m INFO[0m [2mpanoptikon::inferio::worker[0m[2m:[0m 2026-09-17 03:29:36,756 [DEBUG] inferio_worker.memory: released the allocator pool (shrink): handed back 1032 MiB in 9.2 ms; the next batch pays the re-grow [3mworker[0m[2m=[0mwd_tagger
[2m2026-09-17T01:29:36.756735Z[0m [32m INFO[0m [2mpanoptikon::inferio::worker[0m[2m:[0m 2026-09-17 03:29:36,756 [INFO] inferio_worker.packing: grant fell to 283 MiB against 3820 MiB of releasable slack (a 4180 MiB allocator pool) for 2 consecutive windows; released the pool (empty_cache) so the memory returns to the GPU [3mworker[0m[2m=[0mwd_tagger
[2m2026-09-17T01:29:36.841037Z[0m [32m INFO[0m [2mpanoptikon::inferio::worker[0m[2m:[0m 2026-09-17 03:29:36,840 [DEBUG] PIL.PngImagePlugin: STREAM b'IHDR' 16 13 [3mworker[0m[2m=[0mwd_tagger
[2m2026-09-17T01:29:36.841060Z[0m [32m INFO[0m [2mpanoptikon::inferio::worker[0m[2m:[0m 2026-09-17 03:29:36,841 [DEBUG] PIL.PngImagePlugin: STREAM b'IDAT' 41 65536 [3mworker[0m[2m=[0mwd_tagger
[2m2026-09-17T01:29:36.861407Z[0m [32m INFO[0m [2mpanoptikon::inferio::worker[0m[2m:[0m 2026-09-17 03:29:36,861 [DEBUG] PIL.PngImagePlugin: STREAM b'IHDR' 16 13 [3mworker[0m[2m=[0mwd_tagger
[2m2026-09-17T01:29:36.861420Z[0m [32m INFO[0m [2mpanoptikon::inferio::worker[0m[2m:[0m 2026-09-17 03:29:36,861 [DEBUG] PIL.PngImagePlugin: STREAM b'IDAT' 41 65536 [3mworker[0m[2m=[0mwd_tagger
[2m2026-09-17T01:29:36.881298Z[0m [32m INFO[0m [2mpanoptikon::inferio::worker[0m[2m:[0m 2026-09-17 03:29:36,881 [DEBUG] inferio_worker_impl_0_wd_tagger: Running inference on 32 images [3mworker[0m[2m=[0mwd_tagger
[2m2026-09-17T01:29:38.171152Z[0m [32m INFO[0m [2mpanoptikon::inferio::worker[0m[2m:[0m 2026-09-17 03:29:38,171 [DEBUG] inferio_worker.memory: the batch after a shrink release that handed back 1032 MiB re-grew the pool by 3740 MiB and took 1414.008 ms in all [3mworker[0m[2m=[0mwd_tagger
[2m2026-09-17T01:29:38.209099Z[0m [32m INFO[0m [2mpanoptikon::inferio::worker[0m[2m:[0m 2026-09-17 03:29:38,209 [DEBUG] PIL.PngImagePlugin: STREAM b'IHDR' 16 13 [3mworker[0m[2m=[0mwd_tagger
[2m2026-09-17T01:29:38.209121Z[0m [32m INFO[0m [2mpanoptikon::inferio::worker[0m[2m:[0m 2026-09-17 03:29:38,209 [DEBUG] PIL.PngImagePlugin: STREAM b'IDAT' 41 65536 [3mworker[0m[2m=[0mwd_tagger
[2m2026-09-17T01:29:38.219451Z[0m [32m INFO[0m [2mpanoptikon::inferio::worker[0m[2m:[0m 2026-09-17 03:29:38,219 [DEBUG] PIL.PngImagePlugin: STREAM b'IHDR' 16 13 [3mworker[0m[2m=[0mwd_tagger
[2m2026-09-17T01:29:38.219460Z[0m [32m INFO[0m [2mpanoptikon::inferio::worker[0m[2m:[0m 2026-09-17 03:29:38,219 [DEBUG] PIL.PngImagePlugin: STREAM b'IDAT' 41 65536 [3mworker[0m[2m=[0mwd_tagger
[2m2026-09-17T01:29:38.228660Z[0m [32m INFO[0m [2mpanoptikon::inferio::worker[0m[2m:[0m 2026-09-17 03:29:38,228 [DEBUG] PIL.PngImagePlugin: STREAM b'IHDR' 16 13 [3mworker[0m[2m=[0mwd_tagger
[2m2026-09-17T01:29:38.228668Z[0m [32m INFO[0m [2mpanoptikon::inferio::worker[0m[2m:[0m 2026-09-17 03:29:38,228 [DEBUG] PIL.PngImagePlugin: STREAM b'IDAT' 41 65536 [3mworker[0m[2m=[0mwd_tagger
[2m2026-09-17T01:29:38.239861Z[0m [32m INFO[0m [2mpanoptikon::inferio::worker[0m[2m:[0m 2026-09-17 03:29:38,239 [DEBUG] PIL.PngImagePlugin: STREAM b'IHDR' 16 13 [3mworker[0m[2m=[0mwd_tagger
[2m2026-09-17T01:29:38.239869Z[0m [32m INFO[0m [2mpanoptikon::inferio::worker[0m[2m:[0m 2026-09-17 03:29:38,239 [DEBUG] PIL.PngImagePlugin: STREAM b'IDAT' 41 65536 [3mworker[0m[2m=[0mwd_tagger
[2m2026-09-17T01:29:38.250915Z[0m [32m INFO[0m [2mpanoptikon::inferio::worker[0m[2m:[0m 2026-09-17 03:29:38,250 [DEBUG] inferio_worker_impl_0_wd_tagger: Running inference on 32 images [3mworker[0m[2m=[0mwd_tagger
[2m2026-09-17T01:29:39.354304Z[0m [32m INFO[0m [2mpanoptikon::inferio::worker[0m[2m:[0m 2026-09-17 03:29:39,354 [DEBUG] PIL.PngImagePlugin: STREAM b'IHDR' 16 13 [3mworker[0m[2m=[0mwd_tagger
[2m2026-09-17T01:29:39.354325Z[0m [32m INFO[0m [2mpanoptikon::inferio::worker[0m[2m:[0m 2026-09-17 03:29:39,354 [DEBUG] PIL.PngImagePlugin: STREAM b'IDAT' 41 65536 [3mworker[0m[2m=[0mwd_tagger
[2m2026-09-17T01:29:39.363240Z[0m [32m INFO[0m [2mpanoptikon::inferio::worker[0m[2m:[0m 2026-09-17 03:29:39,363 [DEBUG] PIL.PngImagePlugin: STREAM b'IHDR' 16 13 [3mworker[0m[2m=[0mwd_tagger
[2m2026-09-17T01:29:39.363254Z[0m [32m INFO[0m [2mpanoptikon::inferio::worker[0m[2m:[0m 2026-09-17 03:29:39,363 [DEBUG] PIL.PngImagePlugin: STREAM b'IDAT' 41 65536 [3mworker[0m[2m=[0mwd_tagger
[2m2026-09-17T01:29:39.373436Z[0m [32m INFO[0m [2mpanoptikon::inferio::worker[0m[2m:[0m 2026-09-17 03:29:39,373 [DEBUG] PIL.PngImagePlugin: STREAM b'IHDR' 16 13 [3mworker[0m[2m=[0mwd_tagger
[2m2026-09-17T01:29:39.373445Z[0m [32m INFO[0m [2mpanoptikon::inferio::worker[0m[2m:[0m 2026-09-17 03:29:39,373 [DEBUG] PIL.PngImagePlugin: STREAM b'IDAT' 41 65536 [3mworker[0m[2m=[0mwd_tagger
[2m2026-09-17T01:29:39.382606Z[0m [32m INFO[0m [2mpanoptikon::inferio::worker[0m[2m:[0m 2026-09-17 03:29:39,382 [DEBUG] PIL.PngImagePlugin: STREAM b'IHDR' 16 13 [3mworker[0m[2m=[0mwd_tagger
[2m2026-09-17T01:29:39.382614Z[0m [32m INFO[0m [2mpanoptikon::inferio::worker[0m[2m:[0m 2026-09-17 03:29:39,382 [DEBUG] PIL.PngImagePlugin: STREAM b'IDAT' 41 65536 [3mworker[0m[2m=[0mwd_tagger
[2m2026-09-17T01:29:39.391721Z[0m [32m INFO[0m [2mpanoptikon::inferio::worker[0m[2m:[0m 2026-09-17 03:29:39,391 [DEBUG] PIL.PngImagePlugin: STREAM b'IHDR' 16 13 [3mworker[0m[2m=[0mwd_tagger
[2m2026-09-17T01:29:39.391728Z[0m [32m INFO[0m [2mpanoptikon::inferio::worker[0m[2m:[0m 2026-09-17 03:29:39,391 [DEBUG] PIL.PngImagePlugin: STREAM b'IDAT' 41 65536 [3mworker[0m[2m=[0mwd_tagger
[2m2026-09-17T01:29:39.402733Z[0m [32m INFO[0m [2mpanoptikon::inferio::worker[0m[2m:[0m 2026-09-17 03:29:39,402 [DEBUG] PIL.PngImagePlugin: STREAM b'IHDR' 16 13 [3mworker[0m[2m=[0mwd_tagger
[2m2026-09-17T01:29:39.402745Z[0m [32m INFO[0m [2mpanoptikon::inferio::worker[0m[2m:[0m 2026-09-17 03:29:39,402 [DEBUG] PIL.PngImagePlugin: STREAM b'IDAT' 41 65536 [3mworker[0m[2m=[0mwd_tagger
[2m2026-09-17T01:29:39.412105Z[0m [32m INFO[0m [2mpanoptikon::inferio::worker[0m[2m:[0m 2026-09-17 03:29:39,412 [DEBUG] PIL.PngImagePlugin: STREAM b'IHDR' 16 13 [3mworker[0m[2m=[0mwd_tagger
[2m2026-09-17T01:29:39.412113Z[0m [32m INFO[0m [2mpanoptikon::inferio::worker[0m[2m:[0m 2026-09-17 03:29:39,412 [DEBUG] PIL.PngImagePlugin: STREAM b'IDAT' 41 65536 [3mworker[0m[2m=[0mwd_tagger
[2m2026-09-17T01:29:39.422786Z[0m [32m INFO[0m [2mpanoptikon::inferio::worker[0m[2m:[0m 2026-09-17 03:29:39,422 [DEBUG] PIL.PngImagePlugin: STREAM b'IHDR' 16 13 [3mworker[0m[2m=[0mwd_tagger
[2m2026-09-17T01:29:39.422792Z[0m [32m INFO[0m [2mpanoptikon::inferio::worker[0m[2m:[0m 2026-09-17 03:29:39,422 [DEBUG] PIL.PngImagePlugin: STREAM b'IDAT' 41 65536 [3mworker[0m[2m=[0mwd_tagger
[2m2026-09-17T01:29:39.440504Z[0m [32m INFO[0m [2mpanoptikon::inferio::worker[0m[2m:[0m 2026-09-17 03:29:39,440 [DEBUG] PIL.PngImagePlugin: STREAM b'IHDR' 16 13 [3mworker[0m[2m=[0mwd_tagger
[2m2026-09-17T01:29:39.440515Z[0m [32m INFO[0m [2mpanoptikon::inferio::worker[0m[2m:[0m 2026-09-17 03:29:39,440 [DEBUG] PIL.PngImagePlugin: STREAM b'IDAT' 41 65536 [3mworker[0m[2m=[0mwd_tagger
[2m2026-09-17T01:29:39.448995Z[0m [32m INFO[0m [2mpanoptikon::inferio::worker[0m[2m:[0m 2026-09-17 03:29:39,448 [DEBUG] PIL.PngImagePlugin: STREAM b'IHDR' 16 13 [3mworker[0m[2m=[0mwd_tagger
[2m2026-09-17T01:29:39.449002Z[0m [32m INFO[0m [2mpanoptikon::inferio::worker[0m[2m:[0m 2026-09-17 03:29:39,448 [DEBUG] PIL.PngImagePlugin: STREAM b'IDAT' 41 65536 [3mworker[0m[2m=[0mwd_tagger
[2m2026-09-17T01:29:39.457481Z[0m [32m INFO[0m [2mpanoptikon::inferio::worker[0m[2m:[0m 2026-09-17 03:29:39,457 [DEBUG] PIL.PngImagePlugin: STREAM b'IHDR' 16 13 [3mworker[0m[2m=[0mwd_tagger
[2m2026-09-17T01:29:39.457488Z[0m [32m INFO[0m [2mpanoptikon::inferio::worker[0m[2m:[0m 2026-09-17 03:29:39,457 [DEBUG] PIL.PngImagePlugin: STREAM b'IDAT' 41 65536 [3mworker[0m[2m=[0mwd_tagger
[2m2026-09-17T01:29:39.467104Z[0m [32m INFO[0m [2mpanoptikon::inferio::worker[0m[2m:[0m 2026-09-17 03:29:39,467 [DEBUG] PIL.PngImagePlugin: STREAM b'IHDR' 16 13 [3mworker[0m[2m=[0mwd_tagger
[2m2026-09-17T01:29:39.467112Z[0m [32m INFO[0m [2mpanoptikon::inferio::worker[0m[2m:[0m 2026-09-17 03:29:39,467 [DEBUG] PIL.PngImagePlugin: STREAM b'IDAT' 41 65536 [3mworker[0m[2m=[0mwd_tagger
[2m2026-09-17T01:29:39.479664Z[0m [32m INFO[0m [2mpanoptikon::inferio::worker[0m[2m:[0m 2026-09-17 03:29:39,479 [DEBUG] PIL.PngImagePlugin: STREAM b'IHDR' 16 13 [3mworker[0m[2m=[0mwd_tagger
[2m2026-09-17T01:29:39.479678Z[0m [32m INFO[0m [2mpanoptikon::inferio::worker[0m[2m:[0m 2026-09-17 03:29:39,479 [DEBUG] PIL.PngImagePlugin: STREAM b'IDAT' 41 65536 [3mworker[0m[2m=[0mwd_tagger
[2m2026-09-17T01:29:39.488894Z[0m [32m INFO[0m [2mpanoptikon::inferio::worker[0m[2m:[0m 2026-09-17 03:29:39,488 [DEBUG] PIL.PngImagePlugin: STREAM b'IHDR' 16 13 [3mworker[0m[2m=[0mwd_tagger
[2m2026-09-17T01:29:39.488906Z[0m [32m INFO[0m [2mpanoptikon::inferio::worker[0m[2m:[0m 2026-09-17 03:29:39,488 [DEBUG] PIL.PngImagePlugin: STREAM b'IDAT' 41 65536 [3mworker[0m[2m=[0mwd_tagger
[2m2026-09-17T01:29:39.729198Z[0m [32m INFO[0m [2mpanoptikon::inferio::worker[0m[2m:[0m 2026-09-17 03:29:39,729 [DEBUG] inferio_worker_impl_0_wd_tagger: Running inference on 25 images [3mworker[0m[2m=[0mwd_tagger
[2m2026-09-17T01:29:41.601175Z[0m [34mDEBUG[0m [2mpanoptikon::inferio::ledger[0m[2m:[0m refitted the memory cost model [3mmodel[0m[2m=[0mtags/wd-vit-tagger-v3 [3mgpu[0m[2m=[0mGPU-MPS [3mslope_mb_per_unit[0m[2m=[0m49.46666666666667 [3mintercept_mb[0m[2m=[0m-93.93333333333334 [3mresidual_mb[0m[2m=[0m58.46666666666667 [3msamples[0m[2m=[0m7 [3mversion[0m[2m=[0m3
[2m2026-09-17T01:29:41.601218Z[0m [34mDEBUG[0m [2mpanoptikon::inferio::ledger[0m[2m:[0m declining to fit a throughput knee: the ring's quiet buckets hold too few observations to read as a curve [3mobservations[0m[2m=[0m8 [3mmin_observations[0m[2m=[0m12 [3mbuckets[0m[2m=[0m4 [3mmin_buckets[0m[2m=[0m3
[2m2026-09-17T01:29:41.601230Z[0m [34mDEBUG[0m [2mpanoptikon::inferio::ledger[0m[2m:[0m queued a calibration profile update for the store [3mmodel[0m[2m=[0mtags/wd-vit-tagger-v3 [3mgpu[0m[2m=[0mGPU-MPS [3mreason[0m[2m=[0m"fit_changed" [3mmax_units_measured[0m[2m=[0m32 [3mfit_version[0m[2m=[0m3
[2m2026-09-17T01:29:41.601244Z[0m [34mDEBUG[0m [2mpanoptikon::inferio::ledger[0m[2m:[0m settled a granted window [3mmodel[0m[2m=[0mtags/wd-vit-tagger-v3 [3mgpu[0m[2m=[0mGPU-MPS [3moutcome[0m[2m=[0m"clean" [3mfit_samples[0m[2m=[0m3 [3mthroughput_samples[0m[2m=[0m1 [3mclamped_samples[0m[2m=[0m0 [3mclamped[0m[2m=[0mnone [3mramp_step[0m[2m=[0m3 [3mdeflation[0m[2m=[0m0 [3mclean_windows[0m[2m=[0m6 [3mmax_units_measured[0m[2m=[0m32
[2m2026-09-17T01:29:41.681152Z[0m [32m INFO[0m [2mpanoptikon::jobs::extraction[0m[2m:[0m extraction job phase timing [3mdata_load_busy_secs[0m[2m=[0m0.005265667 [3mdata_load_work_secs[0m[2m=[0m0.029024576999999996 [3minference_busy_secs[0m[2m=[0m8.091298208 [3minference_work_secs[0m[2m=[0m910.5155097500003
[2m2026-09-17T01:29:41.682372Z[0m [32m INFO[0m [1mActor[0m[1m{[0m[3mid[0m[2m=[0m"0.5" [3mname[0m[2m=[0m"job-runner"[1m}[0m[2m:[0m [2mpanoptikon::jobs::queue[0m[2m:[0m scheduling deferred database maintenance [3mindex_db[0m[2m=[0m"cal" [3mqueue_id[0m[2m=[0m5 [3mowed[0m[2m=[0mwrote_data,tags_changed
[2m2026-09-17T01:29:41.682388Z[0m [32m INFO[0m [1mActor[0m[1m{[0m[3mid[0m[2m=[0m"0.5" [3mname[0m[2m=[0m"job-runner"[1m}[0m[2m:[0m [2mpanoptikon::jobs::queue[0m[2m:[0m unloading batch model at job boundary [3msetter[0m[2m=[0mtags/wd-vit-tagger-v3
[2m2026-09-17T01:29:41.682605Z[0m [34mDEBUG[0m [2mpanoptikon::inferio::manager[0m[2m:[0m unload requested [3mmodel[0m[2m=[0mtags/wd-vit-tagger-v3 [3mcache_key[0m[2m=[0mbatch
[2m2026-09-17T01:29:41.682620Z[0m [34mDEBUG[0m [2mpanoptikon::inferio::manager[0m[2m:[0m unloading model [3mmodel[0m[2m=[0mtags/wd-vit-tagger-v3
[2m2026-09-17T01:29:41.682654Z[0m [34mDEBUG[0m [2mpanoptikon::inferio::ledger[0m[2m:[0m credited a departed replica's footprint back to the GPU's free reading, so its memory is not reattributed to external usage, and flagged the reading for a refresh [3mmodel[0m[2m=[0mtags/wd-vit-tagger-v3 [3mgpu[0m[2m=[0mGPU-MPS [3mfootprint_mb[0m[2m=[0m6030 [3madjusted_free_mb[0m[2m=[0m105253
[2m2026-09-17T01:29:41.709755Z[0m [32m INFO[0m [2mpanoptikon::inferio::worker[0m[2m:[0m 2026-09-17 03:29:41,709 [DEBUG] inferio_worker.memory: released the allocator pool (impl): handed back 3318 MiB in 26.7 ms [3mworker[0m[2m=[0mwd_tagger
[2m2026-09-17T01:29:41.709776Z[0m [32m INFO[0m [2mpanoptikon::inferio::worker[0m[2m:[0m 2026-09-17 03:29:41,709 [DEBUG] inferio_worker_impl_0_wd_tagger: Model SmilingWolf/wd-vit-tagger-v3 unloaded [3mworker[0m[2m=[0mwd_tagger
[2m2026-09-17T01:29:41.709820Z[0m [32m INFO[0m [2mpanoptikon::inferio::worker[0m[2m:[0m 2026-09-17 03:29:41,709 [INFO] inferio_worker: Unloaded; exiting. [3mworker[0m[2m=[0mwd_tagger
[2m2026-09-17T01:30:03.638265Z[0m [32m INFO[0m [2mpanoptikon::inferio::calibration[0m[2m:[0m wrote the local calibration store [3mpath[0m[2m=[0mdata/inferio/calibration.toml [3mprofiles[0m[2m=[0m1
[2m2026-09-17T01:30:23.060355Z[0m [32m INFO[0m [2mpanoptikon::shutdown[0m[2m:[0m shutdown signal received; stopping gracefully (repeat the signal to force exit)
[2m2026-09-17T01:30:23.065757Z[0m [32m INFO[0m [2mpanoptikon::shutdown[0m[2m:[0m index DB writers drained [3mwriters[0m[2m=[0m2
[2m2026-09-17T01:30:23.066180Z[0m [32m INFO[0m [2mpanoptikon::shutdown[0m[2m:[0m local inference workers stopped
[2m2026-09-17T01:30:23.066297Z[0m [32m INFO[0m [2mpanoptikon::shutdown[0m[2m:[0m background work stopped cleanly
[2m2026-09-17T01:30:23.092324Z[0m [32m INFO[0m [2mpanoptikon[0m[2m:[0m gateway stopped
