{
 "schema": "legs/1",
 "scenario": "S1",
 "note": "inventory, identity and a full GPU (the neighbour still resident)",
 "directory": "/home/moot/projects/panoptikon/tools/calibration-protocol/results/run4/S1/S1",
 "platform": {
  "system": "Linux",
  "release": "6.8.0-138-generic",
  "machine": "x86_64",
  "python": "3.12.10"
 },
 "bin": "/home/moot/projects/panoptikon/target/release/panoptikon",
 "config": "/home/moot/projects/panoptikon/tools/calibration-protocol/config/server-C1.toml",
 "env_file": "/home/moot/projects/panoptikon/tools/calibration-protocol/config/env.C1",
 "dotenv": null,
 "base_url": "http://127.0.0.1:6342",
 "legacy_port": null,
 "endpoints": [
  {
   "name": "test",
   "port": 6343
  },
  {
   "name": "legacy_ui",
   "port": 6339
  }
 ],
 "model": "tags/wd-vit-tagger-v3",
 "models": [
  "tags/wd-vit-tagger-v3"
 ],
 "scan_audio": false,
 "corpus": "/home/moot/projects/panoptikon/tools/calibration-protocol/results/corpus/smoke",
 "gpu_total_mb": 24576,
 "gpu_total_mb_source": "nvml",
 "hog": null,
 "hog_events": [],
 "floor_bound": [],
 "checks": "oracle_agreement,base_accuracy,footprint_agreement,grant_safety,failures,job_outcome,ledger_invariant,peak_fds",
 "learning": false,
 "preconditions": [
  "the GPU's other tenant is STILL RUNNING - this is the only leg that wants a full board"
 ],
 "analyze_command": [
  "/home/moot/projects/panoptikon/python/.venv/bin/python",
  "/home/moot/projects/panoptikon/tools/calibration-protocol/analyze.py",
  "--scenario",
  "/home/moot/projects/panoptikon/tools/calibration-protocol/results/run4/S1/S1",
  "--checks",
  "oracle_agreement,base_accuracy,footprint_agreement,grant_safety,failures,job_outcome,ledger_invariant,peak_fds",
  "--json",
  "/home/moot/projects/panoptikon/tools/calibration-protocol/results/run4/S1/S1/verdicts.json"
 ]
}
PRECONDITION: the GPU's other tenant is STILL RUNNING - this is the only leg that wants a full board
[2026-09-16T18:16:31.801Z] vramrec_started
[2026-09-16T18:16:31.802Z] healthrec_started
[2026-09-16T18:16:31.803Z] gateway_started {"child": "gateway", "pid": 3969302, "argv": ["/home/moot/projects/panoptikon/target/release/panoptikon", "--config", "/home/moot/projects/panoptikon/tools/calibration-protocol/config/server-C1.toml", "--root", "/home/moot/projects/panoptikon/tools/calibration-protocol/results/run4/S1/S1/root", "--disable-update-check"]}
[2026-09-16T18:16:33.089Z] gateway_ready
[2026-09-16T18:16:33.284Z] rescan_start {"corpus": "/home/moot/projects/panoptikon/tools/calibration-protocol/results/corpus/smoke", "index_db": "cal", "scan_audio": false}
[2026-09-16T18:16:37.294Z] rescan_done {"indexed_files": 180, "index_db": "cal"}
[2026-09-16T18:16:37.294Z] job_start {"model": "tags/wd-vit-tagger-v3", "tag": "", "index_db": "cal"}
[2026-09-16T18:16:37.353Z] job_posted {"http_status": 202}
[2026-09-16T18:16:55.367Z] job_end {"outcome": "drained"}
[2026-09-16T18:16:55.377Z] settling {"seconds": 40.0}
[2026-09-16T18:17:35.980Z] processes_stopped {"gateway": "SIGTERM, rc=0", "healthrec": "SIGTERM, rc=0", "vramrec": "SIGTERM, rc=0"}

DONE /home/moot/projects/panoptikon/tools/calibration-protocol/results/run4/S1/S1  outcome=drained
analyze with:
  /home/moot/projects/panoptikon/python/.venv/bin/python /home/moot/projects/panoptikon/tools/calibration-protocol/analyze.py --scenario /home/moot/projects/panoptikon/tools/calibration-protocol/results/run4/S1/S1 --checks oracle_agreement,base_accuracy,footprint_agreement,grant_safety,failures,job_outcome,ledger_invariant,peak_fds --json /home/moot/projects/panoptikon/tools/calibration-protocol/results/run4/S1/S1/verdicts.json
