{
 "schema": "legs/1",
 "scenario": "S4d",
 "note": "step down: the hog starts holding the board and releases everything at t = 120 s; the budget must grow back",
 "directory": "/home/moot/projects/panoptikon/tools/calibration-protocol/results/run4/S4d/S4d",
 "platform": {
  "system": "Linux",
  "release": "6.8.0-138-generic",
  "machine": "x86_64",
  "python": "3.12.10"
 },
 "bin": "/home/moot/projects/panoptikon/target/release/panoptikon",
 "config": "/home/moot/projects/panoptikon/tools/calibration-protocol/config/server-C1.toml",
 "env_file": "/home/moot/projects/panoptikon/tools/calibration-protocol/config/env.C1",
 "dotenv": null,
 "base_url": "http://127.0.0.1:6342",
 "legacy_port": null,
 "endpoints": [
  {
   "name": "test",
   "port": 6343
  },
  {
   "name": "legacy_ui",
   "port": 6339
  }
 ],
 "model": "tags/wd-vit-tagger-v3",
 "models": [
  "tags/wd-vit-tagger-v3"
 ],
 "scan_audio": false,
 "corpus": "/home/moot/projects/panoptikon/tools/calibration-protocol/results/corpus/ramp4",
 "gpu_total_mb": 24576,
 "gpu_total_mb_source": "nvml",
 "hog": {
  "target": "gpu",
  "schedule": [
   "leave-free",
   "2057"
  ],
  "gpu_total_mb": 24576,
  "min_free_mb": 1024,
  "kind": "leave-free",
  "fraction": 0.08368833450815737,
  "scaled_mib": 2057,
  "mib": 2057,
  "reference_mib": 8192
 },
 "hog_events": [
  {
   "at_s": 120.0,
   "label": "release",
   "mb": 0,
   "fraction": 0.0
  }
 ],
 "floor_bound": [],
 "checks": "all",
 "learning": false,
 "preconditions": [
  "the GPU is idle apart from the hog"
 ],
 "analyze_command": [
  "/home/moot/projects/panoptikon/python/.venv/bin/python",
  "/home/moot/projects/panoptikon/tools/calibration-protocol/analyze.py",
  "--scenario",
  "/home/moot/projects/panoptikon/tools/calibration-protocol/results/run4/S4d/S4d",
  "--checks",
  "all",
  "--json",
  "/home/moot/projects/panoptikon/tools/calibration-protocol/results/run4/S4d/S4d/verdicts.json"
 ]
}
PRECONDITION: the GPU is idle apart from the hog
[2026-09-16T18:43:22.235Z] vramrec_started
[2026-09-16T18:43:22.236Z] hog_started {"schedule": ["leave-free", "2057"], "detail": {"gpu_total_mb": 24576, "min_free_mb": 1024, "kind": "leave-free", "fraction": 0.08368833450815737, "scaled_mib": 2057, "mib": 2057, "reference_mib": 8192}}
[2026-09-16T18:43:25.247Z] hog_filled {"state": {"schema": "hog/1", "kind": "state", "seq": 2, "t_mono": 0.965889, "t_wall": 1789584205.246802, "iso": "2026-09-16T18:43:25.246814+00:00", "pid": 4020365, "backend": "gpu", "target_mb": 21758, "held_mb": 21760, "chunks": 170, "free_mb": 2055, "total_mb": 24576, "own_mb": 22060, "override": null, "phase": "leave-free", "oom": 0, "last_error": null}}
[2026-09-16T18:43:25.249Z] healthrec_started
[2026-09-16T18:43:25.250Z] gateway_started {"child": "gateway", "pid": 4020456, "argv": ["/home/moot/projects/panoptikon/target/release/panoptikon", "--config", "/home/moot/projects/panoptikon/tools/calibration-protocol/config/server-C1.toml", "--root", "/home/moot/projects/panoptikon/tools/calibration-protocol/results/run4/S4d/S4d/root", "--disable-update-check"]}
[2026-09-16T18:43:26.505Z] gateway_ready
[2026-09-16T18:43:26.663Z] rescan_start {"corpus": "/home/moot/projects/panoptikon/tools/calibration-protocol/results/corpus/ramp4", "index_db": "cal", "scan_audio": false}
[2026-09-16T18:44:44.731Z] rescan_done {"indexed_files": 8000, "index_db": "cal"}
[2026-09-16T18:44:44.732Z] job_start {"model": "tags/wd-vit-tagger-v3", "tag": "", "index_db": "cal"}
[2026-09-16T18:44:44.831Z] job_posted {"http_status": 202}
[2026-09-16T18:46:44.731Z] hog_event_request {"label": "release", "query": "mb=0", "at_s": 120.0}
[2026-09-16T18:46:44.734Z] hog_event_ack {"label": "release"}
[2026-09-16T18:46:44.736Z] hog_state {"label": "release", "held_mb": 21760, "target_mb": 21758, "free_mb": 993}
[2026-09-16T18:49:39.054Z] job_end {"outcome": "drained"}
[2026-09-16T18:49:39.083Z] settling {"seconds": 40.0}
[2026-09-16T18:50:19.087Z] hog_stop_requested
[2026-09-16T18:50:22.689Z] processes_stopped {"gateway": "SIGTERM, rc=0", "healthrec": "SIGTERM, rc=0", "hog": "already exited rc=0", "vramrec": "SIGTERM, rc=0"}

DONE /home/moot/projects/panoptikon/tools/calibration-protocol/results/run4/S4d/S4d  outcome=drained
analyze with:
  /home/moot/projects/panoptikon/python/.venv/bin/python /home/moot/projects/panoptikon/tools/calibration-protocol/analyze.py --scenario /home/moot/projects/panoptikon/tools/calibration-protocol/results/run4/S4d/S4d --checks all --json /home/moot/projects/panoptikon/tools/calibration-protocol/results/run4/S4d/S4d/verdicts.json
