{
 "schema": "legs/1",
 "scenario": "S4c",
 "note": "spike: the hog squeezes the board to ~2 GB free for 10 s at t = 90 s, then releases",
 "directory": "/home/moot/projects/panoptikon/tools/calibration-protocol/results/run4/sc12-S4c/S4c",
 "platform": {
  "system": "Linux",
  "release": "6.8.0-138-generic",
  "machine": "x86_64",
  "python": "3.12.10"
 },
 "bin": "/home/moot/projects/panoptikon/target/release/panoptikon",
 "config": "/home/moot/projects/panoptikon/tools/calibration-protocol/config/server-C1.toml",
 "env_file": "/home/moot/projects/panoptikon/tools/calibration-protocol/config/env.C1",
 "dotenv": null,
 "base_url": "http://127.0.0.1:6342",
 "legacy_port": null,
 "endpoints": [
  {
   "name": "test",
   "port": 6343
  },
  {
   "name": "legacy_ui",
   "port": 6339
  }
 ],
 "model": "tags/wd-vit-tagger-v3",
 "models": [
  "tags/wd-vit-tagger-v3"
 ],
 "scan_audio": false,
 "corpus": "/home/moot/projects/panoptikon/tools/calibration-protocol/results/corpus/ramp4",
 "gpu_total_mb": 12288,
 "gpu_total_mb_source": "--gpu-total-mb",
 "hog": {
  "target": "gpu",
  "schedule": [
   "hold",
   "0"
  ],
  "gpu_total_mb": 12288,
  "min_free_mb": 1024,
  "kind": "hold",
  "fraction": 0.0,
  "scaled_mib": 0,
  "mib": 0,
  "reference_mib": 0
 },
 "hog_events": [
  {
   "at_s": 90.0,
   "label": "spike",
   "leave_free_mb": 2048,
   "fraction": null
  },
  {
   "at_s": 100.0,
   "label": "release",
   "mb": 0,
   "fraction": 0.0
  }
 ],
 "floor_bound": [],
 "checks": "all",
 "learning": false,
 "preconditions": [
  "the GPU is idle apart from the hog",
  "on Windows/WDDM the spike shows as a THROUGHPUT COLLAPSE, not an OOM: read `throughput_collapse` and per-batch `duration_ms`, and run the leg once more with 'Prefer No Sysmem Fallback' set"
 ],
 "analyze_command": [
  "/home/moot/projects/panoptikon/python/.venv/bin/python",
  "/home/moot/projects/panoptikon/tools/calibration-protocol/analyze.py",
  "--scenario",
  "/home/moot/projects/panoptikon/tools/calibration-protocol/results/run4/sc12-S4c/S4c",
  "--checks",
  "all",
  "--json",
  "/home/moot/projects/panoptikon/tools/calibration-protocol/results/run4/sc12-S4c/S4c/verdicts.json"
 ]
}
PRECONDITION: the GPU is idle apart from the hog
PRECONDITION: on Windows/WDDM the spike shows as a THROUGHPUT COLLAPSE, not an OOM: read `throughput_collapse` and per-batch `duration_ms`, and run the leg once more with 'Prefer No Sysmem Fallback' set
[2026-09-16T19:39:15.019Z] vramrec_started
[2026-09-16T19:39:15.020Z] hog_started {"schedule": ["hold", "0"], "detail": {"gpu_total_mb": 12288, "min_free_mb": 1024, "kind": "hold", "fraction": 0.0, "scaled_mib": 0, "mib": 0, "reference_mib": 0}}
[2026-09-16T19:39:17.027Z] hog_filled {"state": {"schema": "hog/1", "kind": "state", "seq": 1, "t_mono": 0.140996, "t_wall": 1789587557.026753, "iso": "2026-09-16T19:39:17.026761+00:00", "pid": 4139329, "backend": "gpu", "target_mb": 0, "held_mb": 0, "chunks": 0, "free_mb": 11989, "total_mb": 24576, "own_mb": 300, "override": null, "phase": "hold", "oom": 0, "last_error": null}}
[2026-09-16T19:39:17.028Z] healthrec_started
[2026-09-16T19:39:17.030Z] gateway_started {"child": "gateway", "pid": 4139446, "argv": ["/home/moot/projects/panoptikon/target/release/panoptikon", "--config", "/home/moot/projects/panoptikon/tools/calibration-protocol/config/server-C1.toml", "--root", "/home/moot/projects/panoptikon/tools/calibration-protocol/results/run4/sc12-S4c/S4c/root", "--disable-update-check"]}
[2026-09-16T19:39:18.215Z] gateway_ready
[2026-09-16T19:39:18.384Z] rescan_start {"corpus": "/home/moot/projects/panoptikon/tools/calibration-protocol/results/corpus/ramp4", "index_db": "cal", "scan_audio": false}
[2026-09-16T19:40:34.449Z] rescan_done {"indexed_files": 8000, "index_db": "cal"}
[2026-09-16T19:40:34.449Z] job_start {"model": "tags/wd-vit-tagger-v3", "tag": "", "index_db": "cal"}
[2026-09-16T19:40:34.508Z] job_posted {"http_status": 202}
[2026-09-16T19:42:04.449Z] hog_event_request {"label": "spike", "query": "leave_free=2048", "at_s": 90.0}
[2026-09-16T19:42:04.452Z] hog_event_ack {"label": "spike"}
[2026-09-16T19:42:04.455Z] hog_state {"label": "spike", "held_mb": 0, "target_mb": 0, "free_mb": 436}
[2026-09-16T19:42:14.449Z] hog_event_request {"label": "release", "query": "mb=0", "at_s": 100.0}
[2026-09-16T19:42:14.452Z] hog_event_ack {"label": "release"}
[2026-09-16T19:42:14.455Z] hog_state {"label": "release", "held_mb": 0, "target_mb": 0, "free_mb": 436}
[2026-09-16T19:45:38.730Z] job_end {"outcome": "drained"}
[2026-09-16T19:45:38.749Z] settling {"seconds": 40.0}
[2026-09-16T19:46:18.755Z] hog_stop_requested
[2026-09-16T19:46:22.556Z] processes_stopped {"gateway": "SIGTERM, rc=0", "healthrec": "SIGTERM, rc=0", "hog": "already exited rc=0", "vramrec": "SIGTERM, rc=0"}

DONE /home/moot/projects/panoptikon/tools/calibration-protocol/results/run4/sc12-S4c/S4c  outcome=drained
analyze with:
  /home/moot/projects/panoptikon/python/.venv/bin/python /home/moot/projects/panoptikon/tools/calibration-protocol/analyze.py --scenario /home/moot/projects/panoptikon/tools/calibration-protocol/results/run4/sc12-S4c/S4c --checks all --json /home/moot/projects/panoptikon/tools/calibration-protocol/results/run4/sc12-S4c/S4c/verdicts.json
