2026-09-17T02:37:39.242138Z  INFO panoptikon::logging: logging to file path=data/panoptikon.log
2026-09-17T02:37:39.242160Z  INFO panoptikon::rlimit: raised the open file descriptor soft limit to the hard limit soft_nofile_before=256 soft_nofile_after=1048576
2026-09-17T02:37:39.242256Z  INFO panoptikon::accelerator_report: accelerator backend backend="mps" backend_source=macOS: default PyPI wheels (MPS on Apple Silicon); no CUDA/ROCm builds exist devices=[]
2026-09-17T02:37:39.272438Z  INFO panoptikon::inferio::gpu: detected GPU (unified memory; the total is the 75% seed until a worker reports the exact recommended-max figure) index=0 uuid=GPU-MPS name=Apple M3 Max (128 GB) total_mb=98304 ram_mb=131072 unified=true
2026-09-17T02:37:39.272453Z  INFO panoptikon::inferio::gpu: admitting batches from workers that run on the CPU against system RAM (running out of it is an OS process kill rather than a catchable allocation failure, so the device ships with a default ceiling) uuid=CPU name=CPU (128 GB) total_mb=131072 default_cap_fraction=0.75 accelerators=1
2026-09-17T02:37:39.272525Z  INFO panoptikon: serving /api/inference locally (inference_local.enabled)
2026-09-17T02:37:39.330108Z  INFO panoptikon: gateway listening endpoint=default address=127.0.0.1:6342
2026-09-17T02:37:39.330128Z  INFO panoptikon: gateway listening endpoint=test address=127.0.0.1:6343
2026-09-17T02:37:39.330143Z  INFO panoptikon: gateway listening endpoint=legacy_ui address=127.0.0.1:6339
2026-09-17T02:37:39.330152Z  INFO panoptikon: serving HTTP/1.1 and HTTP/2 cleartext max_concurrent_streams=512
2026-09-17T02:37:39.353717Z  INFO panoptikon::media_tools: media tools resolved ffmpeg=/Users/moot/projects/panoptikon-pr27/python/.venv/lib/python3.12/site-packages/static_ffmpeg/bin/darwin_arm64/ffmpeg ffprobe=/Users/moot/projects/panoptikon-pr27/python/.venv/lib/python3.12/site-packages/static_ffmpeg/bin/darwin_arm64/ffprobe
2026-09-17T02:37:39.479954Z  INFO panoptikon::media_tools::transcode::hw: hardware H.264 encoder validated encoder="h264_videotoolbox"
2026-09-17T02:37:41.378331Z DEBUG panoptikon::inferio::http: processing local inference predict model=calibfixture/cpu_alloc_oom inputs=8
2026-09-17T02:37:41.378448Z DEBUG panoptikon::inferio::manager: resolved cost dimension model=calibfixture/cpu_alloc_oom unit="item" aggregation="count" epoch=1 seed_units=8 priced=true degraded=false
2026-09-17T02:37:41.378464Z DEBUG panoptikon::inferio::ledger: probing the host for this GPU's free memory before pricing a load against it model="calibfixture/cpu_alloc_oom" gpu="GPU-MPS" reason="no free sample: this GPU has never had a resident" sample_age_ms=None
2026-09-17T02:37:41.378517Z DEBUG panoptikon::inferio::ledger: refreshed the GPU's free memory from the host probe gpu=GPU-MPS source="mps" free_mb=110422 total_mb=98304 external_mb=20650 previous_age_ms=None recorded=true
2026-09-17T02:37:41.378823Z DEBUG panoptikon::inferio::worker: spawned an inferio worker worker=cpu_alloc_oom_test inference_id="calibfixture/cpu_alloc_oom" pid=Some(58397)
2026-09-17T02:37:42.083475Z  INFO panoptikon::inferio::worker: 2026-09-17 04:37:42,083 [WARNING] inferio_worker: Failed to import impl module /Users/moot/projects/panoptikon-pr27/python/tests/inferio_worker/fixture_impls/broken_impl.py: broken_impl is intentionally broken at import time worker=cpu_alloc_oom_test
2026-09-17T02:37:42.083490Z  INFO panoptikon::inferio::worker: Traceback (most recent call last): worker=cpu_alloc_oom_test
2026-09-17T02:37:42.083496Z  INFO panoptikon::inferio::worker:   File "/Users/moot/projects/panoptikon-pr27/python/inferio_worker/discovery.py", line 69, in _load_impl_from_file worker=cpu_alloc_oom_test
2026-09-17T02:37:42.083502Z  INFO panoptikon::inferio::worker:     spec.loader.exec_module(mod) worker=cpu_alloc_oom_test
2026-09-17T02:37:42.083506Z  INFO panoptikon::inferio::worker:   File "<frozen importlib._bootstrap_external>", line 999, in exec_module worker=cpu_alloc_oom_test
2026-09-17T02:37:42.083510Z  INFO panoptikon::inferio::worker:   File "<frozen importlib._bootstrap>", line 488, in _call_with_frames_removed worker=cpu_alloc_oom_test
2026-09-17T02:37:42.083514Z  INFO panoptikon::inferio::worker:   File "/Users/moot/projects/panoptikon-pr27/python/tests/inferio_worker/fixture_impls/broken_impl.py", line 8, in <module> worker=cpu_alloc_oom_test
2026-09-17T02:37:42.083522Z  INFO panoptikon::inferio::worker:     raise RuntimeError("broken_impl is intentionally broken at import time") worker=cpu_alloc_oom_test
2026-09-17T02:37:42.083526Z  INFO panoptikon::inferio::worker: RuntimeError: broken_impl is intentionally broken at import time worker=cpu_alloc_oom_test
2026-09-17T02:37:42.083593Z  INFO panoptikon::inferio::worker: 2026-09-17 04:37:42,083 [INFO] inferio_worker: Resolved impl class cpu_alloc_oom_test to /Users/moot/projects/panoptikon-pr27/python/tests/inferio_worker/fixture_impls/cpu_alloc_oom_impl.py worker=cpu_alloc_oom_test
2026-09-17T02:37:42.083647Z  INFO panoptikon::inferio::worker: 2026-09-17 04:37:42,083 [INFO] inferio_worker: Handshake ok for impl class cpu_alloc_oom_test worker=cpu_alloc_oom_test
2026-09-17T02:37:42.083736Z  INFO panoptikon::inferio::worker: 2026-09-17 04:37:42,083 [INFO] inferio_worker: Configured as calibfixture/cpu_alloc_oom worker=cpu_alloc_oom_test
2026-09-17T02:37:42.093911Z  INFO panoptikon::inferio::worker: 2026-09-17 04:37:42,093 [DEBUG] inferio_worker.memory: NVML init failed (NVML Shared Library Not Found) worker=cpu_alloc_oom_test
2026-09-17T02:37:42.095052Z DEBUG panoptikon::inferio::worker: worker reported its load footprint worker=calibfixture/cpu_alloc_oom gpu_name="Apple M3 Max (128 GB)" gpu_arch="apple-m3" gpu_total_mb=110100 torch="2.7.1"
2026-09-17T02:37:42.095066Z DEBUG panoptikon::inferio::manager: replica loaded model=calibfixture/cpu_alloc_oom replica=0 device="<unpinned>"
2026-09-17T02:37:42.095084Z  INFO panoptikon::inferio::ledger: this unified-memory device's admission total is now the figure the worker's own runtime reports, which is what its allocations are actually judged against; the probe's seed was a default fraction of host RAM and a raised GPU memory limit moves the real figure well away from it model=calibfixture/cpu_alloc_oom gpu=GPU-MPS seed_total_mb=98304 reported_total_mb=110100 ram_mb=131072
2026-09-17T02:37:42.095100Z DEBUG panoptikon::inferio::ledger: admitted a worker to a GPU's ledger model=calibfixture/cpu_alloc_oom gpu=GPU-MPS replica=2 base_mb=None base_method="<none>" reserved_at_load_mb=Some(0) seeded_from_store=false
2026-09-17T02:37:42.095161Z DEBUG panoptikon::inferio::ledger: issued a memory grant model=calibfixture/cpu_alloc_oom gpu=GPU-MPS unit_budget=8 mb=109231 canvas_pixels=none share_mb=109231 room_mb=109231 headroom_mb=109231 external_mb=20817 reserve_mb=1024 reserve_rule="capped_default" pre_fit=true ramp_step=0 deflation=0 squeezed=false window_requests=1
2026-09-17T02:37:42.095419Z DEBUG panoptikon::inferio::worker: spawned an inferio worker worker=cpu_alloc_oom_test inference_id="<unconfigured>" pid=Some(58398)
2026-09-17T02:37:42.096880Z  INFO panoptikon::inferio::worker: 2026-09-17 04:37:42,096 [ERROR] inferio_worker: calibfixture/cpu_alloc_oom - predict failed: INFERENCE_OOM_WINDOW: out of GPU memory on a packed batch of 8 inputs (8 item units): [enforce fail at alloc_cpu.cpp:117] data. DefaultCPUAllocator: can't allocate memory: you tried to allocate 8589934592 bytes. worker=cpu_alloc_oom_test
2026-09-17T02:37:42.096887Z  INFO panoptikon::inferio::worker: Traceback (most recent call last): worker=cpu_alloc_oom_test
2026-09-17T02:37:42.096892Z  INFO panoptikon::inferio::worker:   File "/Users/moot/projects/panoptikon-pr27/python/inferio_worker/packing.py", line 1402, in run_window worker=cpu_alloc_oom_test
2026-09-17T02:37:42.096897Z  INFO panoptikon::inferio::worker:     produced = list(instance.predict([inputs[index] for index in batch])) worker=cpu_alloc_oom_test
2026-09-17T02:37:42.096901Z  INFO panoptikon::inferio::worker:                     ^^^^^^^^^^^^^^^^^^^^^^^^^^^^^^^^^^^^^^^^^^^^^^^^^^^^ worker=cpu_alloc_oom_test
2026-09-17T02:37:42.096905Z  INFO panoptikon::inferio::worker:   File "/Users/moot/projects/panoptikon-pr27/python/tests/inferio_worker/fixture_impls/cpu_alloc_oom_impl.py", line 22, in predict worker=cpu_alloc_oom_test
2026-09-17T02:37:42.096909Z  INFO panoptikon::inferio::worker:     raise RuntimeError( worker=cpu_alloc_oom_test
2026-09-17T02:37:42.096912Z  INFO panoptikon::inferio::worker: RuntimeError: [enforce fail at alloc_cpu.cpp:117] data. DefaultCPUAllocator: can't allocate memory: you tried to allocate 8589934592 bytes. worker=cpu_alloc_oom_test
2026-09-17T02:37:42.096916Z  INFO panoptikon::inferio::worker: The above exception was the direct cause of the following exception: worker=cpu_alloc_oom_test
2026-09-17T02:37:42.096919Z  INFO panoptikon::inferio::worker: Traceback (most recent call last): worker=cpu_alloc_oom_test
2026-09-17T02:37:42.096927Z  INFO panoptikon::inferio::worker:   File "/Users/moot/projects/panoptikon-pr27/python/inferio_worker/__main__.py", line 360, in _serve worker=cpu_alloc_oom_test
2026-09-17T02:37:42.096931Z  INFO panoptikon::inferio::worker:     **packing.run_window( worker=cpu_alloc_oom_test
2026-09-17T02:37:42.096934Z  INFO panoptikon::inferio::worker:       ^^^^^^^^^^^^^^^^^^^ worker=cpu_alloc_oom_test
2026-09-17T02:37:42.096938Z  INFO panoptikon::inferio::worker:   File "/Users/moot/projects/panoptikon-pr27/python/inferio_worker/packing.py", line 1443, in run_window worker=cpu_alloc_oom_test
2026-09-17T02:37:42.096941Z  INFO panoptikon::inferio::worker:     raise WindowFailure(message, measurements, exc) from exc worker=cpu_alloc_oom_test
2026-09-17T02:37:42.096945Z  INFO panoptikon::inferio::worker: inferio_worker.packing.WindowFailure: INFERENCE_OOM_WINDOW: out of GPU memory on a packed batch of 8 inputs (8 item units): [enforce fail at alloc_cpu.cpp:117] data. DefaultCPUAllocator: can't allocate memory: you tried to allocate 8589934592 bytes. worker=cpu_alloc_oom_test
2026-09-17T02:37:42.097294Z  WARN panoptikon::inferio::ledger: not deflating on this window's out-of-memory report: the worker classified it from the failure's *wording* alone, and its own live reading at that instant had at least the whole envelope this window was priced at still free. A batch this size was not what the GPU ran out of, so halving the budget would cost throughput and fix nothing (run2 change R3, finding Q1/B11) model=calibfixture/cpu_alloc_oom gpu=GPU-MPS contradicted=1 free_mb_at_failure=110100 grant_mb=109231
2026-09-17T02:37:42.097310Z DEBUG panoptikon::inferio::ledger: skipped the calibration store update: the worker reported no dtype model=calibfixture/cpu_alloc_oom gpu=GPU-MPS reason="no_dtype"
2026-09-17T02:37:42.097319Z  INFO panoptikon::inferio::ledger: classified this window as an out-of-memory negative: naming the tier that decided it, because a classification the ledger trusts outright is acted on silently otherwise and the deflation it causes cannot be attributed from the log (run2 defect C2) model=calibfixture/cpu_alloc_oom gpu=GPU-MPS source=marker exception=unknown trust="trusted" free_mb_at_failure=-1 grant_mb=109231 oom_samples=0
2026-09-17T02:37:42.097327Z  WARN panoptikon::inferio::ledger: settled a granted window model=calibfixture/cpu_alloc_oom gpu=GPU-MPS outcome="negative" reason="oom" fit_samples=0 throughput_samples=0 clamped_samples=0 clamped=none ramp_step=0 deflation=1 clean_windows=0 max_units_measured=0
2026-09-17T02:37:42.097359Z ERROR panoptikon::inferio::http: prediction failed model=calibfixture/cpu_alloc_oom error=predict failed for inferio worker calibfixture/cpu_alloc_oom: worker error: INFERENCE_OOM_WINDOW: out of GPU memory on a packed batch of 8 inputs (8 item units): [enforce fail at alloc_cpu.cpp:117] data. DefaultCPUAllocator: can't allocate memory: you tried to allocate 8589934592 bytes.
worker traceback:
Traceback (most recent call last):
  File "/Users/moot/projects/panoptikon-pr27/python/inferio_worker/packing.py", line 1402, in run_window
    produced = list(instance.predict([inputs[index] for index in batch]))
                    ^^^^^^^^^^^^^^^^^^^^^^^^^^^^^^^^^^^^^^^^^^^^^^^^^^^^
  File "/Users/moot/projects/panoptikon-pr27/python/tests/inferio_worker/fixture_impls/cpu_alloc_oom_impl.py", line 22, in predict
    raise RuntimeError(
RuntimeError: [enforce fail at alloc_cpu.cpp:117] data. DefaultCPUAllocator: can't allocate memory: you tried to allocate 8589934592 bytes.

The above exception was the direct cause of the following exception:

Traceback (most recent call last):
  File "/Users/moot/projects/panoptikon-pr27/python/inferio_worker/__main__.py", line 360, in _serve
    **packing.run_window(
      ^^^^^^^^^^^^^^^^^^^
  File "/Users/moot/projects/panoptikon-pr27/python/inferio_worker/packing.py", line 1443, in run_window
    raise WindowFailure(message, measurements, exc) from exc
inferio_worker.packing.WindowFailure: INFERENCE_OOM_WINDOW: out of GPU memory on a packed batch of 8 inputs (8 item units): [enforce fail at alloc_cpu.cpp:117] data. DefaultCPUAllocator: can't allocate memory: you tried to allocate 8589934592 bytes.

worker stderr tail:
2026-09-17 04:37:42,083 [WARNING] inferio_worker: Failed to import impl module /Users/moot/projects/panoptikon-pr27/python/tests/inferio_worker/fixture_impls/broken_impl.py: broken_impl is intentionally broken at import time
Traceback (most recent call last):
  File "/Users/moot/projects/panoptikon-pr27/python/inferio_worker/discovery.py", line 69, in _load_impl_from_file
    spec.loader.exec_module(mod)
  File "<frozen importlib._bootstrap_external>", line 999, in exec_module
  File "<frozen importlib._bootstrap>", line 488, in _call_with_frames_removed
  File "/Users/moot/projects/panoptikon-pr27/python/tests/inferio_worker/fixture_impls/broken_impl.py", line 8, in <module>
    raise RuntimeError("broken_impl is intentionally broken at import time")
RuntimeError: broken_impl is intentionally broken at import time
2026-09-17 04:37:42,083 [INFO] inferio_worker: Resolved impl class cpu_alloc_oom_test to /Users/moot/projects/panoptikon-pr27/python/tests/inferio_worker/fixture_impls/cpu_alloc_oom_impl.py
2026-09-17 04:37:42,083 [INFO] inferio_worker: Handshake ok for impl class cpu_alloc_oom_test
2026-09-17 04:37:42,083 [INFO] inferio_worker: Configured as calibfixture/cpu_alloc_oom
2026-09-17 04:37:42,093 [DEBUG] inferio_worker.memory: NVML init failed (NVML Shared Library Not Found)
2026-09-17 04:37:42,096 [ERROR] inferio_worker: calibfixture/cpu_alloc_oom - predict failed: INFERENCE_OOM_WINDOW: out of GPU memory on a packed batch of 8 inputs (8 item units): [enforce fail at alloc_cpu.cpp:117] data. DefaultCPUAllocator: can't allocate memory: you tried to allocate 8589934592 bytes.
Traceback (most recent call last):
  File "/Users/moot/projects/panoptikon-pr27/python/inferio_worker/packing.py", line 1402, in run_window
    produced = list(instance.predict([inputs[index] for index in batch]))
                    ^^^^^^^^^^^^^^^^^^^^^^^^^^^^^^^^^^^^^^^^^^^^^^^^^^^^
  File "/Users/moot/projects/panoptikon-pr27/python/tests/inferio_worker/fixture_impls/cpu_alloc_oom_impl.py", line 22, in predict
    raise RuntimeError(
RuntimeError: [enforce fail at alloc_cpu.cpp:117] data. DefaultCPUAllocator: can't allocate memory: you tried to allocate 8589934592 bytes.
The above exception was the direct cause of the following exception:
Traceback (most recent call last):
  File "/Users/moot/projects/panoptikon-pr27/python/inferio_worker/__main__.py", line 360, in _serve
    **packing.run_window(
      ^^^^^^^^^^^^^^^^^^^
  File "/Users/moot/projects/panoptikon-pr27/python/inferio_worker/packing.py", line 1443, in run_window
    raise WindowFailure(message, measurements, exc) from exc
inferio_worker.packing.WindowFailure: INFERENCE_OOM_WINDOW: out of GPU memory on a packed batch of 8 inputs (8 item units): [enforce fail at alloc_cpu.cpp:117] data. DefaultCPUAllocator: can't allocate memory: you tried to allocate 8589934592 bytes.
2026-09-17T02:37:42.097385Z ERROR tower_http::trace::on_failure: response failed classification=Status code: 500 Internal Server Error latency=719 ms
2026-09-17T02:37:42.098552Z DEBUG panoptikon::inferio::http: processing local inference predict model=calibfixture/cpu_alloc_oom inputs=8
2026-09-17T02:37:42.102347Z DEBUG panoptikon::inferio::ledger: issued a memory grant model=calibfixture/cpu_alloc_oom gpu=GPU-MPS unit_budget=4 mb=109231 canvas_pixels=none share_mb=109231 room_mb=109231 headroom_mb=109231 external_mb=20817 reserve_mb=1024 reserve_rule="capped_default" pre_fit=true ramp_step=0 deflation=1 squeezed=false window_requests=1
2026-09-17T02:37:42.103233Z  INFO panoptikon::inferio::worker: 2026-09-17 04:37:42,102 [ERROR] inferio_worker: calibfixture/cpu_alloc_oom - predict failed: INFERENCE_OOM_WINDOW: out of GPU memory on a packed batch of 4 inputs (4 item units): [enforce fail at alloc_cpu.cpp:117] data. DefaultCPUAllocator: can't allocate memory: you tried to allocate 8589934592 bytes. worker=cpu_alloc_oom_test
2026-09-17T02:37:42.103239Z  INFO panoptikon::inferio::worker: Traceback (most recent call last): worker=cpu_alloc_oom_test
2026-09-17T02:37:42.103244Z  INFO panoptikon::inferio::worker:   File "/Users/moot/projects/panoptikon-pr27/python/inferio_worker/packing.py", line 1402, in run_window worker=cpu_alloc_oom_test
2026-09-17T02:37:42.103253Z  INFO panoptikon::inferio::worker:     produced = list(instance.predict([inputs[index] for index in batch])) worker=cpu_alloc_oom_test
2026-09-17T02:37:42.103258Z  INFO panoptikon::inferio::worker:                     ^^^^^^^^^^^^^^^^^^^^^^^^^^^^^^^^^^^^^^^^^^^^^^^^^^^^ worker=cpu_alloc_oom_test
2026-09-17T02:37:42.103262Z  INFO panoptikon::inferio::worker:   File "/Users/moot/projects/panoptikon-pr27/python/tests/inferio_worker/fixture_impls/cpu_alloc_oom_impl.py", line 22, in predict worker=cpu_alloc_oom_test
2026-09-17T02:37:42.103265Z  INFO panoptikon::inferio::worker:     raise RuntimeError( worker=cpu_alloc_oom_test
2026-09-17T02:37:42.103269Z  INFO panoptikon::inferio::worker: RuntimeError: [enforce fail at alloc_cpu.cpp:117] data. DefaultCPUAllocator: can't allocate memory: you tried to allocate 8589934592 bytes. worker=cpu_alloc_oom_test
2026-09-17T02:37:42.103273Z  INFO panoptikon::inferio::worker: The above exception was the direct cause of the following exception: worker=cpu_alloc_oom_test
2026-09-17T02:37:42.103276Z  INFO panoptikon::inferio::worker: Traceback (most recent call last): worker=cpu_alloc_oom_test
2026-09-17T02:37:42.103279Z  INFO panoptikon::inferio::worker:   File "/Users/moot/projects/panoptikon-pr27/python/inferio_worker/__main__.py", line 360, in _serve worker=cpu_alloc_oom_test
2026-09-17T02:37:42.103283Z  INFO panoptikon::inferio::worker:     **packing.run_window( worker=cpu_alloc_oom_test
2026-09-17T02:37:42.103287Z  INFO panoptikon::inferio::worker:       ^^^^^^^^^^^^^^^^^^^ worker=cpu_alloc_oom_test
2026-09-17T02:37:42.103297Z  INFO panoptikon::inferio::worker:   File "/Users/moot/projects/panoptikon-pr27/python/inferio_worker/packing.py", line 1443, in run_window worker=cpu_alloc_oom_test
2026-09-17T02:37:42.103301Z  INFO panoptikon::inferio::worker:     raise WindowFailure(message, measurements, exc) from exc worker=cpu_alloc_oom_test
2026-09-17T02:37:42.103304Z  INFO panoptikon::inferio::worker: inferio_worker.packing.WindowFailure: INFERENCE_OOM_WINDOW: out of GPU memory on a packed batch of 4 inputs (4 item units): [enforce fail at alloc_cpu.cpp:117] data. DefaultCPUAllocator: can't allocate memory: you tried to allocate 8589934592 bytes. worker=cpu_alloc_oom_test
2026-09-17T02:37:42.103619Z  WARN panoptikon::inferio::ledger: not deflating on this window's out-of-memory report: the worker classified it from the failure's *wording* alone, and its own live reading at that instant had at least the whole envelope this window was priced at still free. A batch this size was not what the GPU ran out of, so halving the budget would cost throughput and fix nothing (run2 change R3, finding Q1/B11) model=calibfixture/cpu_alloc_oom gpu=GPU-MPS contradicted=1 free_mb_at_failure=110100 grant_mb=109231
2026-09-17T02:37:42.103634Z  INFO panoptikon::inferio::ledger: classified this window as an out-of-memory negative: naming the tier that decided it, because a classification the ledger trusts outright is acted on silently otherwise and the deflation it causes cannot be attributed from the log (run2 defect C2) model=calibfixture/cpu_alloc_oom gpu=GPU-MPS source=marker exception=unknown trust="trusted" free_mb_at_failure=-1 grant_mb=109231 oom_samples=0
2026-09-17T02:37:42.103642Z  WARN panoptikon::inferio::ledger: settled a granted window model=calibfixture/cpu_alloc_oom gpu=GPU-MPS outcome="negative" reason="oom" fit_samples=0 throughput_samples=0 clamped_samples=0 clamped=none ramp_step=0 deflation=2 clean_windows=0 max_units_measured=0
2026-09-17T02:37:42.103666Z ERROR panoptikon::inferio::http: prediction failed model=calibfixture/cpu_alloc_oom error=predict failed for inferio worker calibfixture/cpu_alloc_oom: worker error: INFERENCE_OOM_WINDOW: out of GPU memory on a packed batch of 4 inputs (4 item units): [enforce fail at alloc_cpu.cpp:117] data. DefaultCPUAllocator: can't allocate memory: you tried to allocate 8589934592 bytes.
worker traceback:
Traceback (most recent call last):
  File "/Users/moot/projects/panoptikon-pr27/python/inferio_worker/packing.py", line 1402, in run_window
    produced = list(instance.predict([inputs[index] for index in batch]))
                    ^^^^^^^^^^^^^^^^^^^^^^^^^^^^^^^^^^^^^^^^^^^^^^^^^^^^
  File "/Users/moot/projects/panoptikon-pr27/python/tests/inferio_worker/fixture_impls/cpu_alloc_oom_impl.py", line 22, in predict
    raise RuntimeError(
RuntimeError: [enforce fail at alloc_cpu.cpp:117] data. DefaultCPUAllocator: can't allocate memory: you tried to allocate 8589934592 bytes.

The above exception was the direct cause of the following exception:

Traceback (most recent call last):
  File "/Users/moot/projects/panoptikon-pr27/python/inferio_worker/__main__.py", line 360, in _serve
    **packing.run_window(
      ^^^^^^^^^^^^^^^^^^^
  File "/Users/moot/projects/panoptikon-pr27/python/inferio_worker/packing.py", line 1443, in run_window
    raise WindowFailure(message, measurements, exc) from exc
inferio_worker.packing.WindowFailure: INFERENCE_OOM_WINDOW: out of GPU memory on a packed batch of 4 inputs (4 item units): [enforce fail at alloc_cpu.cpp:117] data. DefaultCPUAllocator: can't allocate memory: you tried to allocate 8589934592 bytes.

worker stderr tail:
2026-09-17 04:37:42,083 [WARNING] inferio_worker: Failed to import impl module /Users/moot/projects/panoptikon-pr27/python/tests/inferio_worker/fixture_impls/broken_impl.py: broken_impl is intentionally broken at import time
Traceback (most recent call last):
  File "/Users/moot/projects/panoptikon-pr27/python/inferio_worker/discovery.py", line 69, in _load_impl_from_file
    spec.loader.exec_module(mod)
  File "<frozen importlib._bootstrap_external>", line 999, in exec_module
  File "<frozen importlib._bootstrap>", line 488, in _call_with_frames_removed
  File "/Users/moot/projects/panoptikon-pr27/python/tests/inferio_worker/fixture_impls/broken_impl.py", line 8, in <module>
    raise RuntimeError("broken_impl is intentionally broken at import time")
RuntimeError: broken_impl is intentionally broken at import time
2026-09-17 04:37:42,083 [INFO] inferio_worker: Resolved impl class cpu_alloc_oom_test to /Users/moot/projects/panoptikon-pr27/python/tests/inferio_worker/fixture_impls/cpu_alloc_oom_impl.py
2026-09-17 04:37:42,083 [INFO] inferio_worker: Handshake ok for impl class cpu_alloc_oom_test
2026-09-17 04:37:42,083 [INFO] inferio_worker: Configured as calibfixture/cpu_alloc_oom
2026-09-17 04:37:42,093 [DEBUG] inferio_worker.memory: NVML init failed (NVML Shared Library Not Found)
2026-09-17 04:37:42,096 [ERROR] inferio_worker: calibfixture/cpu_alloc_oom - predict failed: INFERENCE_OOM_WINDOW: out of GPU memory on a packed batch of 8 inputs (8 item units): [enforce fail at alloc_cpu.cpp:117] data. DefaultCPUAllocator: can't allocate memory: you tried to allocate 8589934592 bytes.
Traceback (most recent call last):
  File "/Users/moot/projects/panoptikon-pr27/python/inferio_worker/packing.py", line 1402, in run_window
    produced = list(instance.predict([inputs[index] for index in batch]))
                    ^^^^^^^^^^^^^^^^^^^^^^^^^^^^^^^^^^^^^^^^^^^^^^^^^^^^
  File "/Users/moot/projects/panoptikon-pr27/python/tests/inferio_worker/fixture_impls/cpu_alloc_oom_impl.py", line 22, in predict
    raise RuntimeError(
RuntimeError: [enforce fail at alloc_cpu.cpp:117] data. DefaultCPUAllocator: can't allocate memory: you tried to allocate 8589934592 bytes.
The above exception was the direct cause of the following exception:
Traceback (most recent call last):
  File "/Users/moot/projects/panoptikon-pr27/python/inferio_worker/__main__.py", line 360, in _serve
    **packing.run_window(
      ^^^^^^^^^^^^^^^^^^^
  File "/Users/moot/projects/panoptikon-pr27/python/inferio_worker/packing.py", line 1443, in run_window
    raise WindowFailure(message, measurements, exc) from exc
inferio_worker.packing.WindowFailure: INFERENCE_OOM_WINDOW: out of GPU memory on a packed batch of 8 inputs (8 item units): [enforce fail at alloc_cpu.cpp:117] data. DefaultCPUAllocator: can't allocate memory: you tried to allocate 8589934592 bytes.
2026-09-17 04:37:42,102 [ERROR] inferio_worker: calibfixture/cpu_alloc_oom - predict failed: INFERENCE_OOM_WINDOW: out of GPU memory on a packed batch of 4 inputs (4 item units): [enforce fail at alloc_cpu.cpp:117] data. DefaultCPUAllocator: can't allocate memory: you tried to allocate 8589934592 bytes.
Traceback (most recent call last):
  File "/Users/moot/projects/panoptikon-pr27/python/inferio_worker/packing.py", line 1402, in run_window
    produced = list(instance.predict([inputs[index] for index in batch]))
                    ^^^^^^^^^^^^^^^^^^^^^^^^^^^^^^^^^^^^^^^^^^^^^^^^^^^^
  File "/Users/moot/projects/panoptikon-pr27/python/tests/inferio_worker/fixture_impls/cpu_alloc_oom_impl.py", line 22, in predict
    raise RuntimeError(
RuntimeError: [enforce fail at alloc_cpu.cpp:117] data. DefaultCPUAllocator: can't allocate memory: you tried to allocate 8589934592 bytes.
The above exception was the direct cause of the following exception:
Traceback (most recent call last):
  File "/Users/moot/projects/panoptikon-pr27/python/inferio_worker/__main__.py", line 360, in _serve
    **packing.run_window(
      ^^^^^^^^^^^^^^^^^^^
  File "/Users/moot/projects/panoptikon-pr27/python/inferio_worker/packing.py", line 1443, in run_window
    raise WindowFailure(message, measurements, exc) from exc
inferio_worker.packing.WindowFailure: INFERENCE_OOM_WINDOW: out of GPU memory on a packed batch of 4 inputs (4 item units): [enforce fail at alloc_cpu.cpp:117] data. DefaultCPUAllocator: can't allocate memory: you tried to allocate 8589934592 bytes.
2026-09-17T02:37:42.103684Z ERROR tower_http::trace::on_failure: response failed classification=Status code: 500 Internal Server Error latency=5 ms
2026-09-17T02:37:42.104739Z DEBUG panoptikon::inferio::http: processing local inference predict model=calibfixture/cpu_alloc_oom inputs=8
2026-09-17T02:37:42.104756Z DEBUG panoptikon::inferio::ledger: issued a memory grant model=calibfixture/cpu_alloc_oom gpu=GPU-MPS unit_budget=2 mb=109231 canvas_pixels=none share_mb=109231 room_mb=109231 headroom_mb=109231 external_mb=20817 reserve_mb=1024 reserve_rule="capped_default" pre_fit=true ramp_step=0 deflation=2 squeezed=false window_requests=1
2026-09-17T02:37:42.105672Z  INFO panoptikon::inferio::worker: 2026-09-17 04:37:42,105 [ERROR] inferio_worker: calibfixture/cpu_alloc_oom - predict failed: INFERENCE_OOM_WINDOW: out of GPU memory on a packed batch of 2 inputs (2 item units): [enforce fail at alloc_cpu.cpp:117] data. DefaultCPUAllocator: can't allocate memory: you tried to allocate 8589934592 bytes. worker=cpu_alloc_oom_test
2026-09-17T02:37:42.105679Z  INFO panoptikon::inferio::worker: Traceback (most recent call last): worker=cpu_alloc_oom_test
2026-09-17T02:37:42.105684Z  INFO panoptikon::inferio::worker:   File "/Users/moot/projects/panoptikon-pr27/python/inferio_worker/packing.py", line 1402, in run_window worker=cpu_alloc_oom_test
2026-09-17T02:37:42.105689Z  INFO panoptikon::inferio::worker:     produced = list(instance.predict([inputs[index] for index in batch])) worker=cpu_alloc_oom_test
2026-09-17T02:37:42.105694Z  INFO panoptikon::inferio::worker:                     ^^^^^^^^^^^^^^^^^^^^^^^^^^^^^^^^^^^^^^^^^^^^^^^^^^^^ worker=cpu_alloc_oom_test
2026-09-17T02:37:42.105701Z  INFO panoptikon::inferio::worker:   File "/Users/moot/projects/panoptikon-pr27/python/tests/inferio_worker/fixture_impls/cpu_alloc_oom_impl.py", line 22, in predict worker=cpu_alloc_oom_test
2026-09-17T02:37:42.105705Z  INFO panoptikon::inferio::worker:     raise RuntimeError( worker=cpu_alloc_oom_test
2026-09-17T02:37:42.105708Z  INFO panoptikon::inferio::worker: RuntimeError: [enforce fail at alloc_cpu.cpp:117] data. DefaultCPUAllocator: can't allocate memory: you tried to allocate 8589934592 bytes. worker=cpu_alloc_oom_test
2026-09-17T02:37:42.105712Z  INFO panoptikon::inferio::worker: The above exception was the direct cause of the following exception: worker=cpu_alloc_oom_test
2026-09-17T02:37:42.105715Z  INFO panoptikon::inferio::worker: Traceback (most recent call last): worker=cpu_alloc_oom_test
2026-09-17T02:37:42.105719Z  INFO panoptikon::inferio::worker:   File "/Users/moot/projects/panoptikon-pr27/python/inferio_worker/__main__.py", line 360, in _serve worker=cpu_alloc_oom_test
2026-09-17T02:37:42.105726Z  INFO panoptikon::inferio::worker:     **packing.run_window( worker=cpu_alloc_oom_test
2026-09-17T02:37:42.105730Z  INFO panoptikon::inferio::worker:       ^^^^^^^^^^^^^^^^^^^ worker=cpu_alloc_oom_test
2026-09-17T02:37:42.105733Z  INFO panoptikon::inferio::worker:   File "/Users/moot/projects/panoptikon-pr27/python/inferio_worker/packing.py", line 1443, in run_window worker=cpu_alloc_oom_test
2026-09-17T02:37:42.105737Z  INFO panoptikon::inferio::worker:     raise WindowFailure(message, measurements, exc) from exc worker=cpu_alloc_oom_test
2026-09-17T02:37:42.105741Z  INFO panoptikon::inferio::worker: inferio_worker.packing.WindowFailure: INFERENCE_OOM_WINDOW: out of GPU memory on a packed batch of 2 inputs (2 item units): [enforce fail at alloc_cpu.cpp:117] data. DefaultCPUAllocator: can't allocate memory: you tried to allocate 8589934592 bytes. worker=cpu_alloc_oom_test
2026-09-17T02:37:42.106077Z  WARN panoptikon::inferio::ledger: not deflating on this window's out-of-memory report: the worker classified it from the failure's *wording* alone, and its own live reading at that instant had at least the whole envelope this window was priced at still free. A batch this size was not what the GPU ran out of, so halving the budget would cost throughput and fix nothing (run2 change R3, finding Q1/B11) model=calibfixture/cpu_alloc_oom gpu=GPU-MPS contradicted=1 free_mb_at_failure=110100 grant_mb=109231
2026-09-17T02:37:42.106092Z  INFO panoptikon::inferio::ledger: classified this window as an out-of-memory negative: naming the tier that decided it, because a classification the ledger trusts outright is acted on silently otherwise and the deflation it causes cannot be attributed from the log (run2 defect C2) model=calibfixture/cpu_alloc_oom gpu=GPU-MPS source=marker exception=unknown trust="trusted" free_mb_at_failure=-1 grant_mb=109231 oom_samples=0
2026-09-17T02:37:42.106099Z  WARN panoptikon::inferio::ledger: settled a granted window model=calibfixture/cpu_alloc_oom gpu=GPU-MPS outcome="negative" reason="oom" fit_samples=0 throughput_samples=0 clamped_samples=0 clamped=none ramp_step=0 deflation=3 clean_windows=0 max_units_measured=0
2026-09-17T02:37:42.106117Z ERROR panoptikon::inferio::http: prediction failed model=calibfixture/cpu_alloc_oom error=predict failed for inferio worker calibfixture/cpu_alloc_oom: worker error: INFERENCE_OOM_WINDOW: out of GPU memory on a packed batch of 2 inputs (2 item units): [enforce fail at alloc_cpu.cpp:117] data. DefaultCPUAllocator: can't allocate memory: you tried to allocate 8589934592 bytes.
worker traceback:
Traceback (most recent call last):
  File "/Users/moot/projects/panoptikon-pr27/python/inferio_worker/packing.py", line 1402, in run_window
    produced = list(instance.predict([inputs[index] for index in batch]))
                    ^^^^^^^^^^^^^^^^^^^^^^^^^^^^^^^^^^^^^^^^^^^^^^^^^^^^
  File "/Users/moot/projects/panoptikon-pr27/python/tests/inferio_worker/fixture_impls/cpu_alloc_oom_impl.py", line 22, in predict
    raise RuntimeError(
RuntimeError: [enforce fail at alloc_cpu.cpp:117] data. DefaultCPUAllocator: can't allocate memory: you tried to allocate 8589934592 bytes.

The above exception was the direct cause of the following exception:

Traceback (most recent call last):
  File "/Users/moot/projects/panoptikon-pr27/python/inferio_worker/__main__.py", line 360, in _serve
    **packing.run_window(
      ^^^^^^^^^^^^^^^^^^^
  File "/Users/moot/projects/panoptikon-pr27/python/inferio_worker/packing.py", line 1443, in run_window
    raise WindowFailure(message, measurements, exc) from exc
inferio_worker.packing.WindowFailure: INFERENCE_OOM_WINDOW: out of GPU memory on a packed batch of 2 inputs (2 item units): [enforce fail at alloc_cpu.cpp:117] data. DefaultCPUAllocator: can't allocate memory: you tried to allocate 8589934592 bytes.

worker stderr tail:
2026-09-17 04:37:42,083 [INFO] inferio_worker: Configured as calibfixture/cpu_alloc_oom
2026-09-17 04:37:42,093 [DEBUG] inferio_worker.memory: NVML init failed (NVML Shared Library Not Found)
2026-09-17 04:37:42,096 [ERROR] inferio_worker: calibfixture/cpu_alloc_oom - predict failed: INFERENCE_OOM_WINDOW: out of GPU memory on a packed batch of 8 inputs (8 item units): [enforce fail at alloc_cpu.cpp:117] data. DefaultCPUAllocator: can't allocate memory: you tried to allocate 8589934592 bytes.
Traceback (most recent call last):
  File "/Users/moot/projects/panoptikon-pr27/python/inferio_worker/packing.py", line 1402, in run_window
    produced = list(instance.predict([inputs[index] for index in batch]))
                    ^^^^^^^^^^^^^^^^^^^^^^^^^^^^^^^^^^^^^^^^^^^^^^^^^^^^
  File "/Users/moot/projects/panoptikon-pr27/python/tests/inferio_worker/fixture_impls/cpu_alloc_oom_impl.py", line 22, in predict
    raise RuntimeError(
RuntimeError: [enforce fail at alloc_cpu.cpp:117] data. DefaultCPUAllocator: can't allocate memory: you tried to allocate 8589934592 bytes.
The above exception was the direct cause of the following exception:
Traceback (most recent call last):
  File "/Users/moot/projects/panoptikon-pr27/python/inferio_worker/__main__.py", line 360, in _serve
    **packing.run_window(
      ^^^^^^^^^^^^^^^^^^^
  File "/Users/moot/projects/panoptikon-pr27/python/inferio_worker/packing.py", line 1443, in run_window
    raise WindowFailure(message, measurements, exc) from exc
inferio_worker.packing.WindowFailure: INFERENCE_OOM_WINDOW: out of GPU memory on a packed batch of 8 inputs (8 item units): [enforce fail at alloc_cpu.cpp:117] data. DefaultCPUAllocator: can't allocate memory: you tried to allocate 8589934592 bytes.
2026-09-17 04:37:42,102 [ERROR] inferio_worker: calibfixture/cpu_alloc_oom - predict failed: INFERENCE_OOM_WINDOW: out of GPU memory on a packed batch of 4 inputs (4 item units): [enforce fail at alloc_cpu.cpp:117] data. DefaultCPUAllocator: can't allocate memory: you tried to allocate 8589934592 bytes.
Traceback (most recent call last):
  File "/Users/moot/projects/panoptikon-pr27/python/inferio_worker/packing.py", line 1402, in run_window
    produced = list(instance.predict([inputs[index] for index in batch]))
                    ^^^^^^^^^^^^^^^^^^^^^^^^^^^^^^^^^^^^^^^^^^^^^^^^^^^^
  File "/Users/moot/projects/panoptikon-pr27/python/tests/inferio_worker/fixture_impls/cpu_alloc_oom_impl.py", line 22, in predict
    raise RuntimeError(
RuntimeError: [enforce fail at alloc_cpu.cpp:117] data. DefaultCPUAllocator: can't allocate memory: you tried to allocate 8589934592 bytes.
The above exception was the direct cause of the following exception:
Traceback (most recent call last):
  File "/Users/moot/projects/panoptikon-pr27/python/inferio_worker/__main__.py", line 360, in _serve
    **packing.run_window(
      ^^^^^^^^^^^^^^^^^^^
  File "/Users/moot/projects/panoptikon-pr27/python/inferio_worker/packing.py", line 1443, in run_window
    raise WindowFailure(message, measurements, exc) from exc
inferio_worker.packing.WindowFailure: INFERENCE_OOM_WINDOW: out of GPU memory on a packed batch of 4 inputs (4 item units): [enforce fail at alloc_cpu.cpp:117] data. DefaultCPUAllocator: can't allocate memory: you tried to allocate 8589934592 bytes.
2026-09-17 04:37:42,105 [ERROR] inferio_worker: calibfixture/cpu_alloc_oom - predict failed: INFERENCE_OOM_WINDOW: out of GPU memory on a packed batch of 2 inputs (2 item units): [enforce fail at alloc_cpu.cpp:117] data. DefaultCPUAllocator: can't allocate memory: you tried to allocate 8589934592 bytes.
Traceback (most recent call last):
  File "/Users/moot/projects/panoptikon-pr27/python/inferio_worker/packing.py", line 1402, in run_window
    produced = list(instance.predict([inputs[index] for index in batch]))
                    ^^^^^^^^^^^^^^^^^^^^^^^^^^^^^^^^^^^^^^^^^^^^^^^^^^^^
  File "/Users/moot/projects/panoptikon-pr27/python/tests/inferio_worker/fixture_impls/cpu_alloc_oom_impl.py", line 22, in predict
    raise RuntimeError(
RuntimeError: [enforce fail at alloc_cpu.cpp:117] data. DefaultCPUAllocator: can't allocate memory: you tried to allocate 8589934592 bytes.
The above exception was the direct cause of the following exception:
Traceback (most recent call last):
  File "/Users/moot/projects/panoptikon-pr27/python/inferio_worker/__main__.py", line 360, in _serve
    **packing.run_window(
      ^^^^^^^^^^^^^^^^^^^
  File "/Users/moot/projects/panoptikon-pr27/python/inferio_worker/packing.py", line 1443, in run_window
    raise WindowFailure(message, measurements, exc) from exc
inferio_worker.packing.WindowFailure: INFERENCE_OOM_WINDOW: out of GPU memory on a packed batch of 2 inputs (2 item units): [enforce fail at alloc_cpu.cpp:117] data. DefaultCPUAllocator: can't allocate memory: you tried to allocate 8589934592 bytes.
2026-09-17T02:37:42.106134Z ERROR tower_http::trace::on_failure: response failed classification=Status code: 500 Internal Server Error latency=1 ms
2026-09-17T02:37:42.107041Z DEBUG panoptikon::inferio::http: processing local inference predict model=calibfixture/cpu_alloc_oom inputs=8
2026-09-17T02:37:42.107102Z DEBUG panoptikon::inferio::ledger: issued a memory grant model=calibfixture/cpu_alloc_oom gpu=GPU-MPS unit_budget=1 mb=109231 canvas_pixels=none share_mb=109231 room_mb=109231 headroom_mb=109231 external_mb=20817 reserve_mb=1024 reserve_rule="capped_default" pre_fit=true ramp_step=0 deflation=3 squeezed=false window_requests=1
2026-09-17T02:37:42.107908Z  INFO panoptikon::inferio::worker: 2026-09-17 04:37:42,107 [ERROR] inferio_worker: calibfixture/cpu_alloc_oom - predict failed: [enforce fail at alloc_cpu.cpp:117] data. DefaultCPUAllocator: can't allocate memory: you tried to allocate 8589934592 bytes. worker=cpu_alloc_oom_test
2026-09-17T02:37:42.107914Z  INFO panoptikon::inferio::worker: Traceback (most recent call last): worker=cpu_alloc_oom_test
2026-09-17T02:37:42.107918Z  INFO panoptikon::inferio::worker:   File "/Users/moot/projects/panoptikon-pr27/python/inferio_worker/packing.py", line 1402, in run_window worker=cpu_alloc_oom_test
2026-09-17T02:37:42.107923Z  INFO panoptikon::inferio::worker:     produced = list(instance.predict([inputs[index] for index in batch])) worker=cpu_alloc_oom_test
2026-09-17T02:37:42.107928Z  INFO panoptikon::inferio::worker:                     ^^^^^^^^^^^^^^^^^^^^^^^^^^^^^^^^^^^^^^^^^^^^^^^^^^^^ worker=cpu_alloc_oom_test
2026-09-17T02:37:42.107932Z  INFO panoptikon::inferio::worker:   File "/Users/moot/projects/panoptikon-pr27/python/tests/inferio_worker/fixture_impls/cpu_alloc_oom_impl.py", line 22, in predict worker=cpu_alloc_oom_test
2026-09-17T02:37:42.107935Z  INFO panoptikon::inferio::worker:     raise RuntimeError( worker=cpu_alloc_oom_test
2026-09-17T02:37:42.107947Z  INFO panoptikon::inferio::worker: RuntimeError: [enforce fail at alloc_cpu.cpp:117] data. DefaultCPUAllocator: can't allocate memory: you tried to allocate 8589934592 bytes. worker=cpu_alloc_oom_test
2026-09-17T02:37:42.107951Z  INFO panoptikon::inferio::worker: The above exception was the direct cause of the following exception: worker=cpu_alloc_oom_test
2026-09-17T02:37:42.107954Z  INFO panoptikon::inferio::worker: Traceback (most recent call last): worker=cpu_alloc_oom_test
2026-09-17T02:37:42.107957Z  INFO panoptikon::inferio::worker:   File "/Users/moot/projects/panoptikon-pr27/python/inferio_worker/__main__.py", line 360, in _serve worker=cpu_alloc_oom_test
2026-09-17T02:37:42.107961Z  INFO panoptikon::inferio::worker:     **packing.run_window( worker=cpu_alloc_oom_test
2026-09-17T02:37:42.107965Z  INFO panoptikon::inferio::worker:       ^^^^^^^^^^^^^^^^^^^ worker=cpu_alloc_oom_test
2026-09-17T02:37:42.107969Z  INFO panoptikon::inferio::worker:   File "/Users/moot/projects/panoptikon-pr27/python/inferio_worker/packing.py", line 1443, in run_window worker=cpu_alloc_oom_test
2026-09-17T02:37:42.107973Z  INFO panoptikon::inferio::worker:     raise WindowFailure(message, measurements, exc) from exc worker=cpu_alloc_oom_test
2026-09-17T02:37:42.107976Z  INFO panoptikon::inferio::worker: inferio_worker.packing.WindowFailure: [enforce fail at alloc_cpu.cpp:117] data. DefaultCPUAllocator: can't allocate memory: you tried to allocate 8589934592 bytes. worker=cpu_alloc_oom_test
2026-09-17T02:37:42.108292Z  WARN panoptikon::inferio::ledger: not deflating on this window's out-of-memory report: the worker classified it from the failure's *wording* alone, and its own live reading at that instant had at least the whole envelope this window was priced at still free. A batch this size was not what the GPU ran out of, so halving the budget would cost throughput and fix nothing (run2 change R3, finding Q1/B11) model=calibfixture/cpu_alloc_oom gpu=GPU-MPS contradicted=1 free_mb_at_failure=110100 grant_mb=109231
2026-09-17T02:37:42.108305Z  INFO panoptikon::inferio::ledger: classified this window as an out-of-memory negative: naming the tier that decided it, because a classification the ledger trusts outright is acted on silently otherwise and the deflation it causes cannot be attributed from the log (run2 defect C2) model=calibfixture/cpu_alloc_oom gpu=GPU-MPS source=error_frame exception=unknown trust="trusted" free_mb_at_failure=-1 grant_mb=109231 oom_samples=0
2026-09-17T02:37:42.108314Z  WARN panoptikon::inferio::ledger: settled a granted window model=calibfixture/cpu_alloc_oom gpu=GPU-MPS outcome="negative" reason="oom" fit_samples=0 throughput_samples=0 clamped_samples=0 clamped=none ramp_step=0 deflation=4 clean_windows=0 max_units_measured=0
2026-09-17T02:37:42.108331Z ERROR panoptikon::inferio::http: prediction failed model=calibfixture/cpu_alloc_oom error=predict failed for inferio worker calibfixture/cpu_alloc_oom: worker error: [enforce fail at alloc_cpu.cpp:117] data. DefaultCPUAllocator: can't allocate memory: you tried to allocate 8589934592 bytes.
worker traceback:
Traceback (most recent call last):
  File "/Users/moot/projects/panoptikon-pr27/python/inferio_worker/packing.py", line 1402, in run_window
    produced = list(instance.predict([inputs[index] for index in batch]))
                    ^^^^^^^^^^^^^^^^^^^^^^^^^^^^^^^^^^^^^^^^^^^^^^^^^^^^
  File "/Users/moot/projects/panoptikon-pr27/python/tests/inferio_worker/fixture_impls/cpu_alloc_oom_impl.py", line 22, in predict
    raise RuntimeError(
RuntimeError: [enforce fail at alloc_cpu.cpp:117] data. DefaultCPUAllocator: can't allocate memory: you tried to allocate 8589934592 bytes.

The above exception was the direct cause of the following exception:

Traceback (most recent call last):
  File "/Users/moot/projects/panoptikon-pr27/python/inferio_worker/__main__.py", line 360, in _serve
    **packing.run_window(
      ^^^^^^^^^^^^^^^^^^^
  File "/Users/moot/projects/panoptikon-pr27/python/inferio_worker/packing.py", line 1443, in run_window
    raise WindowFailure(message, measurements, exc) from exc
inferio_worker.packing.WindowFailure: [enforce fail at alloc_cpu.cpp:117] data. DefaultCPUAllocator: can't allocate memory: you tried to allocate 8589934592 bytes.

worker stderr tail:
    raise WindowFailure(message, measurements, exc) from exc
inferio_worker.packing.WindowFailure: INFERENCE_OOM_WINDOW: out of GPU memory on a packed batch of 8 inputs (8 item units): [enforce fail at alloc_cpu.cpp:117] data. DefaultCPUAllocator: can't allocate memory: you tried to allocate 8589934592 bytes.
2026-09-17 04:37:42,102 [ERROR] inferio_worker: calibfixture/cpu_alloc_oom - predict failed: INFERENCE_OOM_WINDOW: out of GPU memory on a packed batch of 4 inputs (4 item units): [enforce fail at alloc_cpu.cpp:117] data. DefaultCPUAllocator: can't allocate memory: you tried to allocate 8589934592 bytes.
Traceback (most recent call last):
  File "/Users/moot/projects/panoptikon-pr27/python/inferio_worker/packing.py", line 1402, in run_window
    produced = list(instance.predict([inputs[index] for index in batch]))
                    ^^^^^^^^^^^^^^^^^^^^^^^^^^^^^^^^^^^^^^^^^^^^^^^^^^^^
  File "/Users/moot/projects/panoptikon-pr27/python/tests/inferio_worker/fixture_impls/cpu_alloc_oom_impl.py", line 22, in predict
    raise RuntimeError(
RuntimeError: [enforce fail at alloc_cpu.cpp:117] data. DefaultCPUAllocator: can't allocate memory: you tried to allocate 8589934592 bytes.
The above exception was the direct cause of the following exception:
Traceback (most recent call last):
  File "/Users/moot/projects/panoptikon-pr27/python/inferio_worker/__main__.py", line 360, in _serve
    **packing.run_window(
      ^^^^^^^^^^^^^^^^^^^
  File "/Users/moot/projects/panoptikon-pr27/python/inferio_worker/packing.py", line 1443, in run_window
    raise WindowFailure(message, measurements, exc) from exc
inferio_worker.packing.WindowFailure: INFERENCE_OOM_WINDOW: out of GPU memory on a packed batch of 4 inputs (4 item units): [enforce fail at alloc_cpu.cpp:117] data. DefaultCPUAllocator: can't allocate memory: you tried to allocate 8589934592 bytes.
2026-09-17 04:37:42,105 [ERROR] inferio_worker: calibfixture/cpu_alloc_oom - predict failed: INFERENCE_OOM_WINDOW: out of GPU memory on a packed batch of 2 inputs (2 item units): [enforce fail at alloc_cpu.cpp:117] data. DefaultCPUAllocator: can't allocate memory: you tried to allocate 8589934592 bytes.
Traceback (most recent call last):
  File "/Users/moot/projects/panoptikon-pr27/python/inferio_worker/packing.py", line 1402, in run_window
    produced = list(instance.predict([inputs[index] for index in batch]))
                    ^^^^^^^^^^^^^^^^^^^^^^^^^^^^^^^^^^^^^^^^^^^^^^^^^^^^
  File "/Users/moot/projects/panoptikon-pr27/python/tests/inferio_worker/fixture_impls/cpu_alloc_oom_impl.py", line 22, in predict
    raise RuntimeError(
RuntimeError: [enforce fail at alloc_cpu.cpp:117] data. DefaultCPUAllocator: can't allocate memory: you tried to allocate 8589934592 bytes.
The above exception was the direct cause of the following exception:
Traceback (most recent call last):
  File "/Users/moot/projects/panoptikon-pr27/python/inferio_worker/__main__.py", line 360, in _serve
    **packing.run_window(
      ^^^^^^^^^^^^^^^^^^^
  File "/Users/moot/projects/panoptikon-pr27/python/inferio_worker/packing.py", line 1443, in run_window
    raise WindowFailure(message, measurements, exc) from exc
inferio_worker.packing.WindowFailure: INFERENCE_OOM_WINDOW: out of GPU memory on a packed batch of 2 inputs (2 item units): [enforce fail at alloc_cpu.cpp:117] data. DefaultCPUAllocator: can't allocate memory: you tried to allocate 8589934592 bytes.
2026-09-17 04:37:42,107 [ERROR] inferio_worker: calibfixture/cpu_alloc_oom - predict failed: [enforce fail at alloc_cpu.cpp:117] data. DefaultCPUAllocator: can't allocate memory: you tried to allocate 8589934592 bytes.
Traceback (most recent call last):
  File "/Users/moot/projects/panoptikon-pr27/python/inferio_worker/packing.py", line 1402, in run_window
    produced = list(instance.predict([inputs[index] for index in batch]))
                    ^^^^^^^^^^^^^^^^^^^^^^^^^^^^^^^^^^^^^^^^^^^^^^^^^^^^
  File "/Users/moot/projects/panoptikon-pr27/python/tests/inferio_worker/fixture_impls/cpu_alloc_oom_impl.py", line 22, in predict
    raise RuntimeError(
RuntimeError: [enforce fail at alloc_cpu.cpp:117] data. DefaultCPUAllocator: can't allocate memory: you tried to allocate 8589934592 bytes.
The above exception was the direct cause of the following exception:
Traceback (most recent call last):
  File "/Users/moot/projects/panoptikon-pr27/python/inferio_worker/__main__.py", line 360, in _serve
    **packing.run_window(
      ^^^^^^^^^^^^^^^^^^^
  File "/Users/moot/projects/panoptikon-pr27/python/inferio_worker/packing.py", line 1443, in run_window
    raise WindowFailure(message, measurements, exc) from exc
inferio_worker.packing.WindowFailure: [enforce fail at alloc_cpu.cpp:117] data. DefaultCPUAllocator: can't allocate memory: you tried to allocate 8589934592 bytes.
2026-09-17T02:37:42.108349Z ERROR tower_http::trace::on_failure: response failed classification=Status code: 500 Internal Server Error latency=1 ms
2026-09-17T02:37:42.109175Z DEBUG panoptikon::inferio::http: processing local inference predict model=calibfixture/cpu_alloc_oom inputs=8
2026-09-17T02:37:42.109195Z DEBUG panoptikon::inferio::ledger: issued a memory grant model=calibfixture/cpu_alloc_oom gpu=GPU-MPS unit_budget=1 mb=109231 canvas_pixels=none share_mb=109231 room_mb=109231 headroom_mb=109231 external_mb=20817 reserve_mb=1024 reserve_rule="capped_default" pre_fit=true ramp_step=0 deflation=4 squeezed=false window_requests=1
2026-09-17T02:37:42.110050Z  INFO panoptikon::inferio::worker: 2026-09-17 04:37:42,109 [ERROR] inferio_worker: calibfixture/cpu_alloc_oom - predict failed: [enforce fail at alloc_cpu.cpp:117] data. DefaultCPUAllocator: can't allocate memory: you tried to allocate 8589934592 bytes. worker=cpu_alloc_oom_test
2026-09-17T02:37:42.110055Z  INFO panoptikon::inferio::worker: Traceback (most recent call last): worker=cpu_alloc_oom_test
2026-09-17T02:37:42.110058Z  INFO panoptikon::inferio::worker:   File "/Users/moot/projects/panoptikon-pr27/python/inferio_worker/packing.py", line 1402, in run_window worker=cpu_alloc_oom_test
2026-09-17T02:37:42.110065Z  INFO panoptikon::inferio::worker:     produced = list(instance.predict([inputs[index] for index in batch])) worker=cpu_alloc_oom_test
2026-09-17T02:37:42.110072Z  INFO panoptikon::inferio::worker:                     ^^^^^^^^^^^^^^^^^^^^^^^^^^^^^^^^^^^^^^^^^^^^^^^^^^^^ worker=cpu_alloc_oom_test
2026-09-17T02:37:42.110076Z  INFO panoptikon::inferio::worker:   File "/Users/moot/projects/panoptikon-pr27/python/tests/inferio_worker/fixture_impls/cpu_alloc_oom_impl.py", line 22, in predict worker=cpu_alloc_oom_test
2026-09-17T02:37:42.110079Z  INFO panoptikon::inferio::worker:     raise RuntimeError( worker=cpu_alloc_oom_test
2026-09-17T02:37:42.110082Z  INFO panoptikon::inferio::worker: RuntimeError: [enforce fail at alloc_cpu.cpp:117] data. DefaultCPUAllocator: can't allocate memory: you tried to allocate 8589934592 bytes. worker=cpu_alloc_oom_test
2026-09-17T02:37:42.110089Z  INFO panoptikon::inferio::worker: The above exception was the direct cause of the following exception: worker=cpu_alloc_oom_test
2026-09-17T02:37:42.110093Z  INFO panoptikon::inferio::worker: Traceback (most recent call last): worker=cpu_alloc_oom_test
2026-09-17T02:37:42.110096Z  INFO panoptikon::inferio::worker:   File "/Users/moot/projects/panoptikon-pr27/python/inferio_worker/__main__.py", line 360, in _serve worker=cpu_alloc_oom_test
2026-09-17T02:37:42.110100Z  INFO panoptikon::inferio::worker:     **packing.run_window( worker=cpu_alloc_oom_test
2026-09-17T02:37:42.110103Z  INFO panoptikon::inferio::worker:       ^^^^^^^^^^^^^^^^^^^ worker=cpu_alloc_oom_test
2026-09-17T02:37:42.110107Z  INFO panoptikon::inferio::worker:   File "/Users/moot/projects/panoptikon-pr27/python/inferio_worker/packing.py", line 1443, in run_window worker=cpu_alloc_oom_test
2026-09-17T02:37:42.110110Z  INFO panoptikon::inferio::worker:     raise WindowFailure(message, measurements, exc) from exc worker=cpu_alloc_oom_test
2026-09-17T02:37:42.110114Z  INFO panoptikon::inferio::worker: inferio_worker.packing.WindowFailure: [enforce fail at alloc_cpu.cpp:117] data. DefaultCPUAllocator: can't allocate memory: you tried to allocate 8589934592 bytes. worker=cpu_alloc_oom_test
2026-09-17T02:37:42.110449Z  WARN panoptikon::inferio::ledger: not deflating on this window's out-of-memory report: the worker classified it from the failure's *wording* alone, and its own live reading at that instant had at least the whole envelope this window was priced at still free. A batch this size was not what the GPU ran out of, so halving the budget would cost throughput and fix nothing (run2 change R3, finding Q1/B11) model=calibfixture/cpu_alloc_oom gpu=GPU-MPS contradicted=1 free_mb_at_failure=110100 grant_mb=109231
2026-09-17T02:37:42.110462Z  INFO panoptikon::inferio::ledger: classified this window as an out-of-memory negative: naming the tier that decided it, because a classification the ledger trusts outright is acted on silently otherwise and the deflation it causes cannot be attributed from the log (run2 defect C2) model=calibfixture/cpu_alloc_oom gpu=GPU-MPS source=error_frame exception=unknown trust="trusted" free_mb_at_failure=-1 grant_mb=109231 oom_samples=0
2026-09-17T02:37:42.110473Z  WARN panoptikon::inferio::ledger: settled a granted window model=calibfixture/cpu_alloc_oom gpu=GPU-MPS outcome="negative" reason="oom" fit_samples=0 throughput_samples=0 clamped_samples=0 clamped=none ramp_step=0 deflation=4 clean_windows=0 max_units_measured=0
2026-09-17T02:37:42.110490Z ERROR panoptikon::inferio::http: prediction failed model=calibfixture/cpu_alloc_oom error=predict failed for inferio worker calibfixture/cpu_alloc_oom: worker error: [enforce fail at alloc_cpu.cpp:117] data. DefaultCPUAllocator: can't allocate memory: you tried to allocate 8589934592 bytes.
worker traceback:
Traceback (most recent call last):
  File "/Users/moot/projects/panoptikon-pr27/python/inferio_worker/packing.py", line 1402, in run_window
    produced = list(instance.predict([inputs[index] for index in batch]))
                    ^^^^^^^^^^^^^^^^^^^^^^^^^^^^^^^^^^^^^^^^^^^^^^^^^^^^
  File "/Users/moot/projects/panoptikon-pr27/python/tests/inferio_worker/fixture_impls/cpu_alloc_oom_impl.py", line 22, in predict
    raise RuntimeError(
RuntimeError: [enforce fail at alloc_cpu.cpp:117] data. DefaultCPUAllocator: can't allocate memory: you tried to allocate 8589934592 bytes.

The above exception was the direct cause of the following exception:

Traceback (most recent call last):
  File "/Users/moot/projects/panoptikon-pr27/python/inferio_worker/__main__.py", line 360, in _serve
    **packing.run_window(
      ^^^^^^^^^^^^^^^^^^^
  File "/Users/moot/projects/panoptikon-pr27/python/inferio_worker/packing.py", line 1443, in run_window
    raise WindowFailure(message, measurements, exc) from exc
inferio_worker.packing.WindowFailure: [enforce fail at alloc_cpu.cpp:117] data. DefaultCPUAllocator: can't allocate memory: you tried to allocate 8589934592 bytes.

worker stderr tail:
    raise WindowFailure(message, measurements, exc) from exc
inferio_worker.packing.WindowFailure: INFERENCE_OOM_WINDOW: out of GPU memory on a packed batch of 4 inputs (4 item units): [enforce fail at alloc_cpu.cpp:117] data. DefaultCPUAllocator: can't allocate memory: you tried to allocate 8589934592 bytes.
2026-09-17 04:37:42,105 [ERROR] inferio_worker: calibfixture/cpu_alloc_oom - predict failed: INFERENCE_OOM_WINDOW: out of GPU memory on a packed batch of 2 inputs (2 item units): [enforce fail at alloc_cpu.cpp:117] data. DefaultCPUAllocator: can't allocate memory: you tried to allocate 8589934592 bytes.
Traceback (most recent call last):
  File "/Users/moot/projects/panoptikon-pr27/python/inferio_worker/packing.py", line 1402, in run_window
    produced = list(instance.predict([inputs[index] for index in batch]))
                    ^^^^^^^^^^^^^^^^^^^^^^^^^^^^^^^^^^^^^^^^^^^^^^^^^^^^
  File "/Users/moot/projects/panoptikon-pr27/python/tests/inferio_worker/fixture_impls/cpu_alloc_oom_impl.py", line 22, in predict
    raise RuntimeError(
RuntimeError: [enforce fail at alloc_cpu.cpp:117] data. DefaultCPUAllocator: can't allocate memory: you tried to allocate 8589934592 bytes.
The above exception was the direct cause of the following exception:
Traceback (most recent call last):
  File "/Users/moot/projects/panoptikon-pr27/python/inferio_worker/__main__.py", line 360, in _serve
    **packing.run_window(
      ^^^^^^^^^^^^^^^^^^^
  File "/Users/moot/projects/panoptikon-pr27/python/inferio_worker/packing.py", line 1443, in run_window
    raise WindowFailure(message, measurements, exc) from exc
inferio_worker.packing.WindowFailure: INFERENCE_OOM_WINDOW: out of GPU memory on a packed batch of 2 inputs (2 item units): [enforce fail at alloc_cpu.cpp:117] data. DefaultCPUAllocator: can't allocate memory: you tried to allocate 8589934592 bytes.
2026-09-17 04:37:42,107 [ERROR] inferio_worker: calibfixture/cpu_alloc_oom - predict failed: [enforce fail at alloc_cpu.cpp:117] data. DefaultCPUAllocator: can't allocate memory: you tried to allocate 8589934592 bytes.
Traceback (most recent call last):
  File "/Users/moot/projects/panoptikon-pr27/python/inferio_worker/packing.py", line 1402, in run_window
    produced = list(instance.predict([inputs[index] for index in batch]))
                    ^^^^^^^^^^^^^^^^^^^^^^^^^^^^^^^^^^^^^^^^^^^^^^^^^^^^
  File "/Users/moot/projects/panoptikon-pr27/python/tests/inferio_worker/fixture_impls/cpu_alloc_oom_impl.py", line 22, in predict
    raise RuntimeError(
RuntimeError: [enforce fail at alloc_cpu.cpp:117] data. DefaultCPUAllocator: can't allocate memory: you tried to allocate 8589934592 bytes.
The above exception was the direct cause of the following exception:
Traceback (most recent call last):
  File "/Users/moot/projects/panoptikon-pr27/python/inferio_worker/__main__.py", line 360, in _serve
    **packing.run_window(
      ^^^^^^^^^^^^^^^^^^^
  File "/Users/moot/projects/panoptikon-pr27/python/inferio_worker/packing.py", line 1443, in run_window
    raise WindowFailure(message, measurements, exc) from exc
inferio_worker.packing.WindowFailure: [enforce fail at alloc_cpu.cpp:117] data. DefaultCPUAllocator: can't allocate memory: you tried to allocate 8589934592 bytes.
2026-09-17 04:37:42,109 [ERROR] inferio_worker: calibfixture/cpu_alloc_oom - predict failed: [enforce fail at alloc_cpu.cpp:117] data. DefaultCPUAllocator: can't allocate memory: you tried to allocate 8589934592 bytes.
Traceback (most recent call last):
  File "/Users/moot/projects/panoptikon-pr27/python/inferio_worker/packing.py", line 1402, in run_window
    produced = list(instance.predict([inputs[index] for index in batch]))
                    ^^^^^^^^^^^^^^^^^^^^^^^^^^^^^^^^^^^^^^^^^^^^^^^^^^^^
  File "/Users/moot/projects/panoptikon-pr27/python/tests/inferio_worker/fixture_impls/cpu_alloc_oom_impl.py", line 22, in predict
    raise RuntimeError(
RuntimeError: [enforce fail at alloc_cpu.cpp:117] data. DefaultCPUAllocator: can't allocate memory: you tried to allocate 8589934592 bytes.
The above exception was the direct cause of the following exception:
Traceback (most recent call last):
  File "/Users/moot/projects/panoptikon-pr27/python/inferio_worker/__main__.py", line 360, in _serve
    **packing.run_window(
      ^^^^^^^^^^^^^^^^^^^
  File "/Users/moot/projects/panoptikon-pr27/python/inferio_worker/packing.py", line 1443, in run_window
    raise WindowFailure(message, measurements, exc) from exc
inferio_worker.packing.WindowFailure: [enforce fail at alloc_cpu.cpp:117] data. DefaultCPUAllocator: can't allocate memory: you tried to allocate 8589934592 bytes.
2026-09-17T02:37:42.110505Z ERROR tower_http::trace::on_failure: response failed classification=Status code: 500 Internal Server Error latency=1 ms
2026-09-17T02:37:42.111438Z DEBUG panoptikon::inferio::http: processing local inference predict model=calibfixture/cpu_alloc_oom inputs=8
2026-09-17T02:37:42.111457Z DEBUG panoptikon::inferio::ledger: issued a memory grant model=calibfixture/cpu_alloc_oom gpu=GPU-MPS unit_budget=1 mb=109231 canvas_pixels=none share_mb=109231 room_mb=109231 headroom_mb=109231 external_mb=20817 reserve_mb=1024 reserve_rule="capped_default" pre_fit=true ramp_step=0 deflation=4 squeezed=false window_requests=1
2026-09-17T02:37:42.112239Z  INFO panoptikon::inferio::worker: 2026-09-17 04:37:42,111 [ERROR] inferio_worker: calibfixture/cpu_alloc_oom - predict failed: [enforce fail at alloc_cpu.cpp:117] data. DefaultCPUAllocator: can't allocate memory: you tried to allocate 8589934592 bytes. worker=cpu_alloc_oom_test
2026-09-17T02:37:42.112244Z  INFO panoptikon::inferio::worker: Traceback (most recent call last): worker=cpu_alloc_oom_test
2026-09-17T02:37:42.112247Z  INFO panoptikon::inferio::worker:   File "/Users/moot/projects/panoptikon-pr27/python/inferio_worker/packing.py", line 1402, in run_window worker=cpu_alloc_oom_test
2026-09-17T02:37:42.112251Z  INFO panoptikon::inferio::worker:     produced = list(instance.predict([inputs[index] for index in batch])) worker=cpu_alloc_oom_test
2026-09-17T02:37:42.112254Z  INFO panoptikon::inferio::worker:                     ^^^^^^^^^^^^^^^^^^^^^^^^^^^^^^^^^^^^^^^^^^^^^^^^^^^^ worker=cpu_alloc_oom_test
2026-09-17T02:37:42.112258Z  INFO panoptikon::inferio::worker:   File "/Users/moot/projects/panoptikon-pr27/python/tests/inferio_worker/fixture_impls/cpu_alloc_oom_impl.py", line 22, in predict worker=cpu_alloc_oom_test
2026-09-17T02:37:42.112262Z  INFO panoptikon::inferio::worker:     raise RuntimeError( worker=cpu_alloc_oom_test
2026-09-17T02:37:42.112266Z  INFO panoptikon::inferio::worker: RuntimeError: [enforce fail at alloc_cpu.cpp:117] data. DefaultCPUAllocator: can't allocate memory: you tried to allocate 8589934592 bytes. worker=cpu_alloc_oom_test
2026-09-17T02:37:42.112270Z  INFO panoptikon::inferio::worker: The above exception was the direct cause of the following exception: worker=cpu_alloc_oom_test
2026-09-17T02:37:42.112273Z  INFO panoptikon::inferio::worker: Traceback (most recent call last): worker=cpu_alloc_oom_test
2026-09-17T02:37:42.112277Z  INFO panoptikon::inferio::worker:   File "/Users/moot/projects/panoptikon-pr27/python/inferio_worker/__main__.py", line 360, in _serve worker=cpu_alloc_oom_test
2026-09-17T02:37:42.112280Z  INFO panoptikon::inferio::worker:     **packing.run_window( worker=cpu_alloc_oom_test
2026-09-17T02:37:42.112284Z  INFO panoptikon::inferio::worker:       ^^^^^^^^^^^^^^^^^^^ worker=cpu_alloc_oom_test
2026-09-17T02:37:42.112288Z  INFO panoptikon::inferio::worker:   File "/Users/moot/projects/panoptikon-pr27/python/inferio_worker/packing.py", line 1443, in run_window worker=cpu_alloc_oom_test
2026-09-17T02:37:42.112291Z  INFO panoptikon::inferio::worker:     raise WindowFailure(message, measurements, exc) from exc worker=cpu_alloc_oom_test
2026-09-17T02:37:42.112295Z  INFO panoptikon::inferio::worker: inferio_worker.packing.WindowFailure: [enforce fail at alloc_cpu.cpp:117] data. DefaultCPUAllocator: can't allocate memory: you tried to allocate 8589934592 bytes. worker=cpu_alloc_oom_test
2026-09-17T02:37:42.112623Z  WARN panoptikon::inferio::ledger: not deflating on this window's out-of-memory report: the worker classified it from the failure's *wording* alone, and its own live reading at that instant had at least the whole envelope this window was priced at still free. A batch this size was not what the GPU ran out of, so halving the budget would cost throughput and fix nothing (run2 change R3, finding Q1/B11) model=calibfixture/cpu_alloc_oom gpu=GPU-MPS contradicted=1 free_mb_at_failure=110100 grant_mb=109231
2026-09-17T02:37:42.112638Z  INFO panoptikon::inferio::ledger: classified this window as an out-of-memory negative: naming the tier that decided it, because a classification the ledger trusts outright is acted on silently otherwise and the deflation it causes cannot be attributed from the log (run2 defect C2) model=calibfixture/cpu_alloc_oom gpu=GPU-MPS source=error_frame exception=unknown trust="trusted" free_mb_at_failure=-1 grant_mb=109231 oom_samples=0
2026-09-17T02:37:42.112647Z  WARN panoptikon::inferio::ledger: settled a granted window model=calibfixture/cpu_alloc_oom gpu=GPU-MPS outcome="negative" reason="oom" fit_samples=0 throughput_samples=0 clamped_samples=0 clamped=none ramp_step=0 deflation=4 clean_windows=0 max_units_measured=0
2026-09-17T02:37:42.112661Z ERROR panoptikon::inferio::http: prediction failed model=calibfixture/cpu_alloc_oom error=predict failed for inferio worker calibfixture/cpu_alloc_oom: worker error: [enforce fail at alloc_cpu.cpp:117] data. DefaultCPUAllocator: can't allocate memory: you tried to allocate 8589934592 bytes.
worker traceback:
Traceback (most recent call last):
  File "/Users/moot/projects/panoptikon-pr27/python/inferio_worker/packing.py", line 1402, in run_window
    produced = list(instance.predict([inputs[index] for index in batch]))
                    ^^^^^^^^^^^^^^^^^^^^^^^^^^^^^^^^^^^^^^^^^^^^^^^^^^^^
  File "/Users/moot/projects/panoptikon-pr27/python/tests/inferio_worker/fixture_impls/cpu_alloc_oom_impl.py", line 22, in predict
    raise RuntimeError(
RuntimeError: [enforce fail at alloc_cpu.cpp:117] data. DefaultCPUAllocator: can't allocate memory: you tried to allocate 8589934592 bytes.

The above exception was the direct cause of the following exception:

Traceback (most recent call last):
  File "/Users/moot/projects/panoptikon-pr27/python/inferio_worker/__main__.py", line 360, in _serve
    **packing.run_window(
      ^^^^^^^^^^^^^^^^^^^
  File "/Users/moot/projects/panoptikon-pr27/python/inferio_worker/packing.py", line 1443, in run_window
    raise WindowFailure(message, measurements, exc) from exc
inferio_worker.packing.WindowFailure: [enforce fail at alloc_cpu.cpp:117] data. DefaultCPUAllocator: can't allocate memory: you tried to allocate 8589934592 bytes.

worker stderr tail:
    raise WindowFailure(message, measurements, exc) from exc
inferio_worker.packing.WindowFailure: INFERENCE_OOM_WINDOW: out of GPU memory on a packed batch of 2 inputs (2 item units): [enforce fail at alloc_cpu.cpp:117] data. DefaultCPUAllocator: can't allocate memory: you tried to allocate 8589934592 bytes.
2026-09-17 04:37:42,107 [ERROR] inferio_worker: calibfixture/cpu_alloc_oom - predict failed: [enforce fail at alloc_cpu.cpp:117] data. DefaultCPUAllocator: can't allocate memory: you tried to allocate 8589934592 bytes.
Traceback (most recent call last):
  File "/Users/moot/projects/panoptikon-pr27/python/inferio_worker/packing.py", line 1402, in run_window
    produced = list(instance.predict([inputs[index] for index in batch]))
                    ^^^^^^^^^^^^^^^^^^^^^^^^^^^^^^^^^^^^^^^^^^^^^^^^^^^^
  File "/Users/moot/projects/panoptikon-pr27/python/tests/inferio_worker/fixture_impls/cpu_alloc_oom_impl.py", line 22, in predict
    raise RuntimeError(
RuntimeError: [enforce fail at alloc_cpu.cpp:117] data. DefaultCPUAllocator: can't allocate memory: you tried to allocate 8589934592 bytes.
The above exception was the direct cause of the following exception:
Traceback (most recent call last):
  File "/Users/moot/projects/panoptikon-pr27/python/inferio_worker/__main__.py", line 360, in _serve
    **packing.run_window(
      ^^^^^^^^^^^^^^^^^^^
  File "/Users/moot/projects/panoptikon-pr27/python/inferio_worker/packing.py", line 1443, in run_window
    raise WindowFailure(message, measurements, exc) from exc
inferio_worker.packing.WindowFailure: [enforce fail at alloc_cpu.cpp:117] data. DefaultCPUAllocator: can't allocate memory: you tried to allocate 8589934592 bytes.
2026-09-17 04:37:42,109 [ERROR] inferio_worker: calibfixture/cpu_alloc_oom - predict failed: [enforce fail at alloc_cpu.cpp:117] data. DefaultCPUAllocator: can't allocate memory: you tried to allocate 8589934592 bytes.
Traceback (most recent call last):
  File "/Users/moot/projects/panoptikon-pr27/python/inferio_worker/packing.py", line 1402, in run_window
    produced = list(instance.predict([inputs[index] for index in batch]))
                    ^^^^^^^^^^^^^^^^^^^^^^^^^^^^^^^^^^^^^^^^^^^^^^^^^^^^
  File "/Users/moot/projects/panoptikon-pr27/python/tests/inferio_worker/fixture_impls/cpu_alloc_oom_impl.py", line 22, in predict
    raise RuntimeError(
RuntimeError: [enforce fail at alloc_cpu.cpp:117] data. DefaultCPUAllocator: can't allocate memory: you tried to allocate 8589934592 bytes.
The above exception was the direct cause of the following exception:
Traceback (most recent call last):
  File "/Users/moot/projects/panoptikon-pr27/python/inferio_worker/__main__.py", line 360, in _serve
    **packing.run_window(
      ^^^^^^^^^^^^^^^^^^^
  File "/Users/moot/projects/panoptikon-pr27/python/inferio_worker/packing.py", line 1443, in run_window
    raise WindowFailure(message, measurements, exc) from exc
inferio_worker.packing.WindowFailure: [enforce fail at alloc_cpu.cpp:117] data. DefaultCPUAllocator: can't allocate memory: you tried to allocate 8589934592 bytes.
2026-09-17 04:37:42,111 [ERROR] inferio_worker: calibfixture/cpu_alloc_oom - predict failed: [enforce fail at alloc_cpu.cpp:117] data. DefaultCPUAllocator: can't allocate memory: you tried to allocate 8589934592 bytes.
Traceback (most recent call last):
  File "/Users/moot/projects/panoptikon-pr27/python/inferio_worker/packing.py", line 1402, in run_window
    produced = list(instance.predict([inputs[index] for index in batch]))
                    ^^^^^^^^^^^^^^^^^^^^^^^^^^^^^^^^^^^^^^^^^^^^^^^^^^^^
  File "/Users/moot/projects/panoptikon-pr27/python/tests/inferio_worker/fixture_impls/cpu_alloc_oom_impl.py", line 22, in predict
    raise RuntimeError(
RuntimeError: [enforce fail at alloc_cpu.cpp:117] data. DefaultCPUAllocator: can't allocate memory: you tried to allocate 8589934592 bytes.
The above exception was the direct cause of the following exception:
Traceback (most recent call last):
  File "/Users/moot/projects/panoptikon-pr27/python/inferio_worker/__main__.py", line 360, in _serve
    **packing.run_window(
      ^^^^^^^^^^^^^^^^^^^
  File "/Users/moot/projects/panoptikon-pr27/python/inferio_worker/packing.py", line 1443, in run_window
    raise WindowFailure(message, measurements, exc) from exc
inferio_worker.packing.WindowFailure: [enforce fail at alloc_cpu.cpp:117] data. DefaultCPUAllocator: can't allocate memory: you tried to allocate 8589934592 bytes.
2026-09-17T02:37:42.112677Z ERROR tower_http::trace::on_failure: response failed classification=Status code: 500 Internal Server Error latency=1 ms
2026-09-17T02:37:42.763593Z  INFO panoptikon::inferio::worker: 2026-09-17 04:37:42,763 [WARNING] inferio_worker: Failed to import impl module /Users/moot/projects/panoptikon-pr27/python/tests/inferio_worker/fixture_impls/broken_impl.py: broken_impl is intentionally broken at import time worker=cpu_alloc_oom_test
2026-09-17T02:37:42.763611Z  INFO panoptikon::inferio::worker: Traceback (most recent call last): worker=cpu_alloc_oom_test
2026-09-17T02:37:42.763617Z  INFO panoptikon::inferio::worker:   File "/Users/moot/projects/panoptikon-pr27/python/inferio_worker/discovery.py", line 69, in _load_impl_from_file worker=cpu_alloc_oom_test
2026-09-17T02:37:42.763622Z  INFO panoptikon::inferio::worker:     spec.loader.exec_module(mod) worker=cpu_alloc_oom_test
2026-09-17T02:37:42.763626Z  INFO panoptikon::inferio::worker:   File "<frozen importlib._bootstrap_external>", line 999, in exec_module worker=cpu_alloc_oom_test
2026-09-17T02:37:42.763631Z  INFO panoptikon::inferio::worker:   File "<frozen importlib._bootstrap>", line 488, in _call_with_frames_removed worker=cpu_alloc_oom_test
2026-09-17T02:37:42.763635Z  INFO panoptikon::inferio::worker:   File "/Users/moot/projects/panoptikon-pr27/python/tests/inferio_worker/fixture_impls/broken_impl.py", line 8, in <module> worker=cpu_alloc_oom_test
2026-09-17T02:37:42.763638Z  INFO panoptikon::inferio::worker:     raise RuntimeError("broken_impl is intentionally broken at import time") worker=cpu_alloc_oom_test
2026-09-17T02:37:42.763643Z  INFO panoptikon::inferio::worker: RuntimeError: broken_impl is intentionally broken at import time worker=cpu_alloc_oom_test
2026-09-17T02:37:42.763704Z  INFO panoptikon::inferio::worker: 2026-09-17 04:37:42,763 [INFO] inferio_worker: Resolved impl class cpu_alloc_oom_test to /Users/moot/projects/panoptikon-pr27/python/tests/inferio_worker/fixture_impls/cpu_alloc_oom_impl.py worker=cpu_alloc_oom_test
2026-09-17T02:37:42.763755Z  INFO panoptikon::inferio::worker: 2026-09-17 04:37:42,763 [INFO] inferio_worker: Handshake ok for impl class cpu_alloc_oom_test worker=cpu_alloc_oom_test
2026-09-17T02:37:42.763822Z  INFO panoptikon::inferio::prewarm: prewarmed worker parked impl_class=cpu_alloc_oom_test failed_prepare=false device="<unpinned>"
2026-09-17T02:37:52.191257Z  INFO panoptikon::shutdown: shutdown signal received; stopping gracefully (repeat the signal to force exit)
2026-09-17T02:37:52.195271Z  INFO panoptikon::shutdown: index DB writers drained writers=1
2026-09-17T02:37:52.196338Z  INFO panoptikon::inferio::worker: 2026-09-17 04:37:52,196 [INFO] inferio_worker: Unloaded; exiting. worker=cpu_alloc_oom_test
2026-09-17T02:37:52.196426Z  INFO panoptikon::inferio::worker: 2026-09-17 04:37:52,195 [INFO] inferio_worker: Unloaded; exiting. worker=cpu_alloc_oom_test
2026-09-17T02:37:52.381337Z  INFO panoptikon::shutdown: local inference workers stopped
2026-09-17T02:37:52.381346Z  INFO panoptikon::shutdown: background work stopped cleanly
2026-09-17T02:37:52.381358Z  INFO panoptikon: gateway stopped
