2026-09-17T02:26:50.625751Z  INFO panoptikon::logging: logging to file path=data/panoptikon.log
2026-09-17T02:26:50.625773Z  INFO panoptikon::rlimit: raised the open file descriptor soft limit to the hard limit soft_nofile_before=256 soft_nofile_after=1048576
2026-09-17T02:26:50.625858Z  INFO panoptikon::accelerator_report: accelerator backend backend="mps" backend_source=macOS: default PyPI wheels (MPS on Apple Silicon); no CUDA/ROCm builds exist devices=[]
2026-09-17T02:26:50.655367Z  INFO panoptikon::inferio::gpu: detected GPU (unified memory; the total is the 75% seed until a worker reports the exact recommended-max figure) index=0 uuid=GPU-MPS name=Apple M3 Max (128 GB) total_mb=98304 ram_mb=131072 unified=true
2026-09-17T02:26:50.655381Z  INFO panoptikon::inferio::gpu: admitting batches from workers that run on the CPU against system RAM (running out of it is an OS process kill rather than a catchable allocation failure, so the device ships with a default ceiling) uuid=CPU name=CPU (128 GB) total_mb=131072 default_cap_fraction=0.75 accelerators=1
2026-09-17T02:26:50.655454Z  INFO panoptikon: serving /api/inference locally (inference_local.enabled)
2026-09-17T02:26:50.714771Z  INFO panoptikon: gateway listening endpoint=default address=127.0.0.1:6342
2026-09-17T02:26:50.714792Z  INFO panoptikon: gateway listening endpoint=test address=127.0.0.1:6343
2026-09-17T02:26:50.714807Z  INFO panoptikon: gateway listening endpoint=legacy_ui address=127.0.0.1:6339
2026-09-17T02:26:50.714816Z  INFO panoptikon: serving HTTP/1.1 and HTTP/2 cleartext max_concurrent_streams=512
2026-09-17T02:26:50.736579Z  INFO panoptikon::media_tools: media tools resolved ffmpeg=/Users/moot/projects/panoptikon-pr27/python/.venv/lib/python3.12/site-packages/static_ffmpeg/bin/darwin_arm64/ffmpeg ffprobe=/Users/moot/projects/panoptikon-pr27/python/.venv/lib/python3.12/site-packages/static_ffmpeg/bin/darwin_arm64/ffprobe
2026-09-17T02:26:50.862966Z  INFO panoptikon::media_tools::transcode::hw: hardware H.264 encoder validated encoder="h264_videotoolbox"
2026-09-17T02:26:52.769029Z DEBUG panoptikon::inferio::http: processing local inference predict model=florence2/msft_large-caption inputs=10
2026-09-17T02:26:52.769194Z DEBUG panoptikon::inferio::manager: resolved cost dimension model=florence2/msft_large-caption unit="item" aggregation="count" epoch=1 seed_units=4 priced=true degraded=false
2026-09-17T02:26:52.769209Z DEBUG panoptikon::inferio::ledger: probing the host for this GPU's free memory before pricing a load against it model="florence2/msft_large-caption" gpu="CPU" reason="no free sample: this GPU has never had a resident" sample_age_ms=None
2026-09-17T02:26:52.769265Z DEBUG panoptikon::inferio::ledger: refreshed the GPU's free memory from the host probe gpu=CPU source="ram" free_mb=110519 total_mb=131072 external_mb=20553 previous_age_ms=None recorded=true
2026-09-17T02:26:52.769513Z DEBUG panoptikon::inferio::http: processing local inference predict model=clip/apple_MobileCLIP-S1 inputs=25
2026-09-17T02:26:52.769611Z DEBUG panoptikon::inferio::worker: spawned an inferio worker worker=florence2 inference_id="florence2/msft_large-caption" pid=Some(57710)
2026-09-17T02:26:52.769635Z DEBUG panoptikon::inferio::manager: resolved cost dimension model=clip/apple_MobileCLIP-S1 unit="item" aggregation="count" epoch=1 seed_units=192 priced=true degraded=false
2026-09-17T02:26:52.769645Z DEBUG panoptikon::inferio::ledger: probing the host for this GPU's free memory before pricing a load against it model="clip/apple_MobileCLIP-S1" gpu="GPU-MPS" reason="no free sample: this GPU has never had a resident" sample_age_ms=None
2026-09-17T02:26:52.769667Z DEBUG panoptikon::inferio::ledger: refreshed the GPU's free memory from the host probe gpu=GPU-MPS source="mps" free_mb=110516 total_mb=98304 external_mb=20556 previous_age_ms=None recorded=true
2026-09-17T02:26:52.769869Z DEBUG panoptikon::inferio::worker: spawned an inferio worker worker=openclip inference_id="clip/apple_MobileCLIP-S1" pid=Some(57711)
2026-09-17T02:26:52.769970Z DEBUG panoptikon::inferio::http: processing local inference predict model=clip/apple_MobileCLIP-S1 inputs=25
2026-09-17T02:26:53.294005Z  INFO panoptikon::inferio::worker: 2026-09-17 04:26:53,293 [INFO] inferio_worker: Resolved impl class openclip to /Users/moot/projects/panoptikon-pr27/python/inferio/impl/clip.py worker=openclip
2026-09-17T02:26:53.294026Z  INFO panoptikon::inferio::worker: 2026-09-17 04:26:53,293 [INFO] inferio_worker: Handshake ok for impl class openclip worker=openclip
2026-09-17T02:26:53.294168Z  INFO panoptikon::inferio::worker: 2026-09-17 04:26:53,294 [INFO] inferio_worker: Configured as clip/apple_MobileCLIP-S1 worker=openclip
2026-09-17T02:26:53.305748Z  INFO panoptikon::inferio::worker: 2026-09-17 04:26:53,305 [DEBUG] inferio_worker.memory: NVML init failed (NVML Shared Library Not Found) worker=openclip
2026-09-17T02:26:53.356737Z  INFO panoptikon::inferio::worker: 2026-09-17 04:26:53,356 [INFO] inferio_worker: Resolved impl class florence2 to /Users/moot/projects/panoptikon-pr27/python/inferio/impl/florence2.py worker=florence2
2026-09-17T02:26:53.356755Z  INFO panoptikon::inferio::worker: 2026-09-17 04:26:53,356 [INFO] inferio_worker: Handshake ok for impl class florence2 worker=florence2
2026-09-17T02:26:53.356838Z  INFO panoptikon::inferio::worker: 2026-09-17 04:26:53,356 [INFO] inferio_worker: Configured as florence2/msft_large-caption worker=florence2
2026-09-17T02:26:55.293650Z  INFO panoptikon::inferio::worker: 2026-09-17 04:26:55,293 [INFO] inferio_worker_impl_0_florence2: Precision 'fp16' requested but device is cpu; using fp32. worker=florence2
2026-09-17T02:26:55.301116Z  INFO panoptikon::inferio::worker: 2026-09-17 04:26:55,301 [DEBUG] urllib3.connectionpool: Starting new HTTPS connection (1): huggingface.co:443 worker=florence2
2026-09-17T02:26:55.349909Z  INFO panoptikon::inferio::worker: 2026-09-17 04:26:55,349 [WARNING] inferio_worker_impl_0_clip: Precision 'fp16' requested for hf-hub:apple/MobileCLIP-S1-OpenCLIP but device is mps; using fp32. worker=openclip
2026-09-17T02:26:55.349924Z  INFO panoptikon::inferio::worker: 2026-09-17 04:26:55,349 [INFO] root: Parsing model identifier. Schema: hf-hub, Identifier: apple/MobileCLIP-S1-OpenCLIP worker=openclip
2026-09-17T02:26:55.349936Z  INFO panoptikon::inferio::worker: 2026-09-17 04:26:55,349 [INFO] root: Attempting to load config from HF Hub: apple/MobileCLIP-S1-OpenCLIP worker=openclip
2026-09-17T02:26:55.351456Z  INFO panoptikon::inferio::worker: 2026-09-17 04:26:55,351 [DEBUG] urllib3.connectionpool: Starting new HTTPS connection (1): huggingface.co:443 worker=openclip
2026-09-17T02:26:55.457125Z  INFO panoptikon::inferio::worker: 2026-09-17 04:26:55,457 [DEBUG] urllib3.connectionpool: https://huggingface.co:443 "HEAD /florence-community/Florence-2-large-ft/resolve/main/config.json HTTP/1.1" 307 0 worker=florence2
2026-09-17T02:26:55.468427Z  INFO panoptikon::inferio::worker: 2026-09-17 04:26:55,468 [DEBUG] urllib3.connectionpool: https://huggingface.co:443 "HEAD /api/resolve-cache/models/florence-community/Florence-2-large-ft/26b734a54fdfbf9c398351eedfabb7f27fc470b7/config.json HTTP/1.1" 200 0 worker=florence2
2026-09-17T02:26:55.496690Z  INFO panoptikon::inferio::worker: 2026-09-17 04:26:55,496 [DEBUG] urllib3.connectionpool: https://huggingface.co:443 "HEAD /apple/MobileCLIP-S1-OpenCLIP/resolve/main/open_clip_config.json HTTP/1.1" 307 0 worker=openclip
2026-09-17T02:26:55.510613Z  INFO panoptikon::inferio::worker: 2026-09-17 04:26:55,510 [DEBUG] urllib3.connectionpool: https://huggingface.co:443 "HEAD /api/resolve-cache/models/apple/MobileCLIP-S1-OpenCLIP/59d35241939f6942255489b83c9068e48ebf57f8/open_clip_config.json HTTP/1.1" 200 0 worker=openclip
2026-09-17T02:26:55.511791Z  INFO panoptikon::inferio::worker: 2026-09-17 04:26:55,511 [INFO] root: Loaded model config from HF Hub: apple/MobileCLIP-S1-OpenCLIP worker=openclip
2026-09-17T02:26:55.593451Z  INFO panoptikon::inferio::worker: 2026-09-17 04:26:55,592 [DEBUG] urllib3.connectionpool: https://huggingface.co:443 "HEAD /florence-community/Florence-2-large-ft/resolve/main/config.json HTTP/1.1" 307 0 worker=florence2
2026-09-17T02:26:55.611144Z  INFO panoptikon::inferio::worker: 2026-09-17 04:26:55,610 [DEBUG] urllib3.connectionpool: https://huggingface.co:443 "HEAD /api/resolve-cache/models/florence-community/Florence-2-large-ft/26b734a54fdfbf9c398351eedfabb7f27fc470b7/config.json HTTP/1.1" 200 0 worker=florence2
2026-09-17T02:26:55.645280Z  INFO panoptikon::inferio::worker: 2026-09-17 04:26:55,645 [DEBUG] urllib3.connectionpool: https://huggingface.co:443 "HEAD /apple/MobileCLIP-S1-OpenCLIP/resolve/main/open_clip_model.safetensors HTTP/1.1" 302 0 worker=openclip
2026-09-17T02:26:55.646745Z  INFO panoptikon::inferio::worker: 2026-09-17 04:26:55,646 [INFO] root: Found default weights file on HF Hub: /Users/moot/projects/panoptikon-pr27/.mac/hf/hub/models--apple--MobileCLIP-S1-OpenCLIP/snapshots/59d35241939f6942255489b83c9068e48ebf57f8/open_clip_model.safetensors worker=openclip
2026-09-17T02:26:55.646823Z  INFO panoptikon::inferio::worker: 2026-09-17 04:26:55,646 [INFO] root: Instantiating model architecture: CustomTextCLIP worker=openclip
2026-09-17T02:26:56.670074Z  INFO panoptikon::inferio::worker: 2026-09-17 04:26:56,669 [INFO] root: Loading full pretrained weights from: /Users/moot/projects/panoptikon-pr27/.mac/hf/hub/models--apple--MobileCLIP-S1-OpenCLIP/snapshots/59d35241939f6942255489b83c9068e48ebf57f8/open_clip_model.safetensors worker=openclip
2026-09-17T02:26:56.706353Z  INFO panoptikon::inferio::worker: 2026-09-17 04:26:56,706 [INFO] root: Final image preprocessing configuration set: {'size': (256, 256), 'mode': 'RGB', 'mean': [0.0, 0.0, 0.0], 'std': [1.0, 1.0, 1.0], 'interpolation': 'bilinear', 'resize_mode': 'shortest', 'fill_color': 0} worker=openclip
2026-09-17T02:26:56.706370Z  INFO panoptikon::inferio::worker: 2026-09-17 04:26:56,706 [INFO] root: Model hf-hub:apple/MobileCLIP-S1-OpenCLIP creation process complete. worker=openclip
2026-09-17T02:26:56.873717Z  INFO panoptikon::inferio::worker: 2026-09-17 04:26:56,873 [DEBUG] urllib3.connectionpool: https://huggingface.co:443 "HEAD /florence-community/Florence-2-large-ft/resolve/main/generation_config.json HTTP/1.1" 307 0 worker=florence2
2026-09-17T02:26:56.885524Z  INFO panoptikon::inferio::worker: 2026-09-17 04:26:56,885 [DEBUG] urllib3.connectionpool: https://huggingface.co:443 "HEAD /api/resolve-cache/models/florence-community/Florence-2-large-ft/26b734a54fdfbf9c398351eedfabb7f27fc470b7/generation_config.json HTTP/1.1" 200 0 worker=florence2
2026-09-17T02:26:57.009816Z  INFO panoptikon::inferio::worker: 2026-09-17 04:26:57,009 [DEBUG] urllib3.connectionpool: https://huggingface.co:443 "HEAD /florence-community/Florence-2-large-ft/resolve/main/custom_generate/generate.py HTTP/1.1" 404 0 worker=florence2
2026-09-17T02:26:57.053952Z  INFO panoptikon::inferio::worker: 2026-09-17 04:26:57,053 [INFO] root: Parsing tokenizer identifier. Schema: hf-hub, Identifier: apple/MobileCLIP-S1-OpenCLIP worker=openclip
2026-09-17T02:26:57.053964Z  INFO panoptikon::inferio::worker: 2026-09-17 04:26:57,053 [INFO] root: Attempting to load config from hf-hub:apple/MobileCLIP-S1-OpenCLIP worker=openclip
2026-09-17T02:26:57.135825Z  INFO panoptikon::inferio::worker: 2026-09-17 04:26:57,135 [DEBUG] urllib3.connectionpool: https://huggingface.co:443 "HEAD /florence-community/Florence-2-large-ft/resolve/main/processor_config.json HTTP/1.1" 307 0 worker=florence2
2026-09-17T02:26:57.147833Z  INFO panoptikon::inferio::worker: 2026-09-17 04:26:57,147 [DEBUG] urllib3.connectionpool: https://huggingface.co:443 "HEAD /api/resolve-cache/models/florence-community/Florence-2-large-ft/26b734a54fdfbf9c398351eedfabb7f27fc470b7/processor_config.json HTTP/1.1" 200 0 worker=florence2
2026-09-17T02:26:57.176462Z  INFO panoptikon::inferio::worker: 2026-09-17 04:26:57,176 [DEBUG] urllib3.connectionpool: https://huggingface.co:443 "HEAD /apple/MobileCLIP-S1-OpenCLIP/resolve/main/open_clip_config.json HTTP/1.1" 307 0 worker=openclip
2026-09-17T02:26:57.190445Z  INFO panoptikon::inferio::worker: 2026-09-17 04:26:57,190 [DEBUG] urllib3.connectionpool: https://huggingface.co:443 "HEAD /api/resolve-cache/models/apple/MobileCLIP-S1-OpenCLIP/59d35241939f6942255489b83c9068e48ebf57f8/open_clip_config.json HTTP/1.1" 200 0 worker=openclip
2026-09-17T02:26:57.191081Z  INFO panoptikon::inferio::worker: 2026-09-17 04:26:57,191 [INFO] root: Using default SimpleTokenizer. worker=openclip
2026-09-17T02:26:57.234417Z DEBUG panoptikon::inferio::worker: worker reported its load footprint worker=clip/apple_MobileCLIP-S1 base_mb=1160 base_method="mps" dtype="fp32" dtype_method="inferred" gpu_name="Apple M3 Max (128 GB)" gpu_arch="apple-m3" gpu_total_mb=110100 torch="2.7.1"
2026-09-17T02:26:57.234432Z DEBUG panoptikon::inferio::manager: replica loaded model=clip/apple_MobileCLIP-S1 replica=0 device="<unpinned>"
2026-09-17T02:26:57.234445Z  INFO panoptikon::inferio::ledger: this unified-memory device's admission total is now the figure the worker's own runtime reports, which is what its allocations are actually judged against; the probe's seed was a default fraction of host RAM and a raised GPU memory limit moves the real figure well away from it model=clip/apple_MobileCLIP-S1 gpu=GPU-MPS seed_total_mb=98304 reported_total_mb=110100 ram_mb=131072
2026-09-17T02:26:57.239069Z DEBUG panoptikon::inferio::ledger: admitted a worker to a GPU's ledger model=clip/apple_MobileCLIP-S1 gpu=GPU-MPS replica=3 base_mb=Some(1160) base_method="mps" reserved_at_load_mb=Some(1160) seeded_from_store=false
2026-09-17T02:26:57.239128Z DEBUG panoptikon::inferio::ledger: issued a memory grant model=clip/apple_MobileCLIP-S1 gpu=GPU-MPS unit_budget=50 mb=100070 canvas_pixels=none share_mb=100070 room_mb=100070 headroom_mb=100070 external_mb=24722 reserve_mb=1024 reserve_rule="capped_default" pre_fit=true ramp_step=0 deflation=0 squeezed=false window_requests=2
2026-09-17T02:26:57.239478Z DEBUG panoptikon::inferio::worker: spawned an inferio worker worker=openclip inference_id="<unconfigured>" pid=Some(57715)
2026-09-17T02:26:57.274356Z  INFO panoptikon::inferio::worker: 2026-09-17 04:26:57,274 [DEBUG] urllib3.connectionpool: https://huggingface.co:443 "GET /api/models/florence-community/Florence-2-large-ft/tree/main/additional_chat_templates?recursive=False&expand=False HTTP/1.1" 404 64 worker=florence2
2026-09-17T02:26:57.398331Z  INFO panoptikon::inferio::worker: 2026-09-17 04:26:57,398 [DEBUG] urllib3.connectionpool: https://huggingface.co:443 "HEAD /florence-community/Florence-2-large-ft/resolve/main/processor_config.json HTTP/1.1" 307 0 worker=florence2
2026-09-17T02:26:57.410107Z  INFO panoptikon::inferio::worker: 2026-09-17 04:26:57,410 [DEBUG] urllib3.connectionpool: https://huggingface.co:443 "HEAD /api/resolve-cache/models/florence-community/Florence-2-large-ft/26b734a54fdfbf9c398351eedfabb7f27fc470b7/processor_config.json HTTP/1.1" 200 0 worker=florence2
2026-09-17T02:26:57.534419Z  INFO panoptikon::inferio::worker: 2026-09-17 04:26:57,534 [DEBUG] urllib3.connectionpool: https://huggingface.co:443 "HEAD /florence-community/Florence-2-large-ft/resolve/main/chat_template.json HTTP/1.1" 404 0 worker=florence2
2026-09-17T02:26:57.656616Z  INFO panoptikon::inferio::worker: 2026-09-17 04:26:57,656 [DEBUG] urllib3.connectionpool: https://huggingface.co:443 "HEAD /florence-community/Florence-2-large-ft/resolve/main/chat_template.jinja HTTP/1.1" 404 0 worker=florence2
2026-09-17T02:26:57.746242Z DEBUG panoptikon::inferio::ledger: queued a calibration profile update for the store model=clip/apple_MobileCLIP-S1 gpu=GPU-MPS reason="anchor_advanced" max_units_measured=0 fit_version=0
2026-09-17T02:26:57.746261Z DEBUG panoptikon::inferio::ledger: settled a granted window model=clip/apple_MobileCLIP-S1 gpu=GPU-MPS outcome="clean" fit_samples=1 throughput_samples=0 clamped_samples=0 clamped=none ramp_step=0 deflation=0 clean_windows=1 max_units_measured=50
2026-09-17T02:26:57.772403Z DEBUG panoptikon::inferio::http: processing local inference predict model=clip/apple_MobileCLIP-S1 inputs=25
2026-09-17T02:26:57.772441Z DEBUG panoptikon::inferio::ledger: issued a memory grant model=clip/apple_MobileCLIP-S1 gpu=GPU-MPS unit_budget=25 mb=101133 canvas_pixels=none share_mb=101133 room_mb=101133 headroom_mb=100070 external_mb=23659 reserve_mb=1024 reserve_rule="capped_default" pre_fit=true ramp_step=0 deflation=0 squeezed=false window_requests=1
2026-09-17T02:26:57.776928Z DEBUG panoptikon::inferio::http: processing local inference predict model=clip/apple_MobileCLIP-S1 inputs=25
2026-09-17T02:26:57.776943Z  INFO panoptikon::inferio::worker: 2026-09-17 04:26:57,773 [INFO] inferio_worker: Resolved impl class openclip to /Users/moot/projects/panoptikon-pr27/python/inferio/impl/clip.py worker=openclip
2026-09-17T02:26:57.776951Z  INFO panoptikon::inferio::calibration: wrote the local calibration store path=data/inferio/calibration.toml profiles=1
2026-09-17T02:26:57.776957Z  INFO panoptikon::inferio::worker: 2026-09-17 04:26:57,773 [INFO] inferio_worker: Handshake ok for impl class openclip worker=openclip
2026-09-17T02:26:57.777003Z  INFO panoptikon::inferio::prewarm: prewarmed worker parked impl_class=openclip failed_prepare=false device="<unpinned>"
2026-09-17T02:26:57.781285Z  INFO panoptikon::inferio::worker: 2026-09-17 04:26:57,781 [DEBUG] urllib3.connectionpool: https://huggingface.co:443 "HEAD /florence-community/Florence-2-large-ft/resolve/main/audio_tokenizer_config.json HTTP/1.1" 404 0 worker=florence2
2026-09-17T02:26:57.907431Z  INFO panoptikon::inferio::worker: 2026-09-17 04:26:57,907 [DEBUG] urllib3.connectionpool: https://huggingface.co:443 "HEAD /florence-community/Florence-2-large-ft/resolve/main/preprocessor_config.json HTTP/1.1" 307 0 worker=florence2
2026-09-17T02:26:57.918783Z  INFO panoptikon::inferio::worker: 2026-09-17 04:26:57,918 [DEBUG] urllib3.connectionpool: https://huggingface.co:443 "HEAD /api/resolve-cache/models/florence-community/Florence-2-large-ft/26b734a54fdfbf9c398351eedfabb7f27fc470b7/preprocessor_config.json HTTP/1.1" 200 0 worker=florence2
2026-09-17T02:26:58.039497Z  INFO panoptikon::inferio::worker: 2026-09-17 04:26:58,039 [DEBUG] urllib3.connectionpool: https://huggingface.co:443 "HEAD /florence-community/Florence-2-large-ft/resolve/main/processor_config.json HTTP/1.1" 307 0 worker=florence2
2026-09-17T02:26:58.050770Z  INFO panoptikon::inferio::worker: 2026-09-17 04:26:58,050 [DEBUG] urllib3.connectionpool: https://huggingface.co:443 "HEAD /api/resolve-cache/models/florence-community/Florence-2-large-ft/26b734a54fdfbf9c398351eedfabb7f27fc470b7/processor_config.json HTTP/1.1" 200 0 worker=florence2
2026-09-17T02:26:58.051409Z  INFO panoptikon::inferio::worker: Using a slow image processor as `use_fast` is unset and a slow processor was saved with this model. `use_fast=True` will be the default behavior in v4.52, even if the model was saved with a slow processor. This will result in minor differences in outputs. You'll still be able to use a slow processor with `use_fast=False`. worker=florence2
2026-09-17T02:26:58.054778Z DEBUG panoptikon::inferio::ledger: declining to fit a throughput knee: the ring's quiet buckets hold too few observations to read as a curve observations=0 min_observations=12 buckets=0 min_buckets=3
2026-09-17T02:26:58.054794Z DEBUG panoptikon::inferio::ledger: settled a granted window model=clip/apple_MobileCLIP-S1 gpu=GPU-MPS outcome="clean" fit_samples=1 throughput_samples=1 clamped_samples=0 clamped=none ramp_step=0 deflation=0 clean_windows=2 max_units_measured=50
2026-09-17T02:26:58.058057Z DEBUG panoptikon::inferio::ledger: issued a memory grant model=clip/apple_MobileCLIP-S1 gpu=GPU-MPS unit_budget=25 mb=99720 canvas_pixels=none share_mb=99720 room_mb=99720 headroom_mb=98657 external_mb=25072 reserve_mb=1024 reserve_rule="capped_default" pre_fit=true ramp_step=0 deflation=0 squeezed=false window_requests=1
2026-09-17T02:26:58.058579Z DEBUG panoptikon::inferio::http: processing local inference predict model=clip/apple_MobileCLIP-S1 inputs=25
2026-09-17T02:26:58.182210Z  INFO panoptikon::inferio::worker: 2026-09-17 04:26:58,181 [DEBUG] urllib3.connectionpool: https://huggingface.co:443 "HEAD /florence-community/Florence-2-large-ft/resolve/main/tokenizer_config.json HTTP/1.1" 307 0 worker=florence2
2026-09-17T02:26:58.197053Z  INFO panoptikon::inferio::worker: 2026-09-17 04:26:58,196 [DEBUG] urllib3.connectionpool: https://huggingface.co:443 "HEAD /api/resolve-cache/models/florence-community/Florence-2-large-ft/26b734a54fdfbf9c398351eedfabb7f27fc470b7/tokenizer_config.json HTTP/1.1" 200 0 worker=florence2
2026-09-17T02:26:58.251290Z DEBUG panoptikon::inferio::ledger: declining to fit a throughput knee: the ring's quiet buckets hold too few observations to read as a curve observations=2 min_observations=12 buckets=1 min_buckets=3
2026-09-17T02:26:58.251302Z DEBUG panoptikon::inferio::ledger: settled a granted window model=clip/apple_MobileCLIP-S1 gpu=GPU-MPS outcome="clean" fit_samples=1 throughput_samples=1 clamped_samples=0 clamped=none ramp_step=0 deflation=0 clean_windows=3 max_units_measured=50
2026-09-17T02:26:58.255084Z DEBUG panoptikon::inferio::ledger: issued a memory grant model=clip/apple_MobileCLIP-S1 gpu=GPU-MPS unit_budget=25 mb=99713 canvas_pixels=none share_mb=99713 room_mb=99713 headroom_mb=98650 external_mb=25079 reserve_mb=1024 reserve_rule="capped_default" pre_fit=true ramp_step=0 deflation=0 squeezed=false window_requests=1
2026-09-17T02:26:58.256573Z DEBUG panoptikon::inferio::http: processing local inference predict model=clip/apple_MobileCLIP-S1 inputs=25
2026-09-17T02:26:58.323824Z  INFO panoptikon::inferio::worker: 2026-09-17 04:26:58,323 [DEBUG] urllib3.connectionpool: https://huggingface.co:443 "GET /api/models/florence-community/Florence-2-large-ft/tree/main/additional_chat_templates?recursive=False&expand=False HTTP/1.1" 404 64 worker=florence2
2026-09-17T02:26:58.448368Z DEBUG panoptikon::inferio::ledger: declining to fit a throughput knee: the ring's quiet buckets hold too few observations to read as a curve observations=3 min_observations=12 buckets=1 min_buckets=3
2026-09-17T02:26:58.448385Z DEBUG panoptikon::inferio::ledger: settled a granted window model=clip/apple_MobileCLIP-S1 gpu=GPU-MPS outcome="clean" fit_samples=1 throughput_samples=1 clamped_samples=0 clamped=none ramp_step=0 deflation=0 clean_windows=4 max_units_measured=50
2026-09-17T02:26:58.449960Z  INFO panoptikon::inferio::worker: 2026-09-17 04:26:58,449 [DEBUG] urllib3.connectionpool: https://huggingface.co:443 "GET /api/models/florence-community/Florence-2-large-ft/tree/main?recursive=True&expand=False HTTP/1.1" 200 None worker=florence2
2026-09-17T02:26:58.452154Z DEBUG panoptikon::inferio::ledger: issued a memory grant model=clip/apple_MobileCLIP-S1 gpu=GPU-MPS unit_budget=25 mb=99711 canvas_pixels=none share_mb=99711 room_mb=99711 headroom_mb=98648 external_mb=25081 reserve_mb=1024 reserve_rule="capped_default" pre_fit=true ramp_step=0 deflation=0 squeezed=false window_requests=1
2026-09-17T02:26:58.626173Z  INFO panoptikon::inferio::worker: 2026-09-17 04:26:58,626 [DEBUG] urllib3.connectionpool: https://huggingface.co:443 "GET /api/models/florence-community/Florence-2-large-ft/tree/main/additional_chat_templates?recursive=False&expand=False HTTP/1.1" 404 64 worker=florence2
2026-09-17T02:26:58.646549Z DEBUG panoptikon::inferio::ledger: declining to fit a throughput knee: the ring's quiet buckets hold too few observations to read as a curve observations=4 min_observations=12 buckets=1 min_buckets=3
2026-09-17T02:26:58.646560Z DEBUG panoptikon::inferio::ledger: settled a granted window model=clip/apple_MobileCLIP-S1 gpu=GPU-MPS outcome="clean" fit_samples=1 throughput_samples=1 clamped_samples=0 clamped=none ramp_step=0 deflation=0 clean_windows=5 max_units_measured=50
2026-09-17T02:26:58.766555Z  INFO panoptikon::inferio::worker: 2026-09-17 04:26:58,766 [DEBUG] urllib3.connectionpool: https://huggingface.co:443 "HEAD /florence-community/Florence-2-large-ft/resolve/main/processor_config.json HTTP/1.1" 307 0 worker=florence2
2026-09-17T02:26:58.780625Z  INFO panoptikon::inferio::worker: 2026-09-17 04:26:58,780 [DEBUG] urllib3.connectionpool: https://huggingface.co:443 "HEAD /api/resolve-cache/models/florence-community/Florence-2-large-ft/26b734a54fdfbf9c398351eedfabb7f27fc470b7/processor_config.json HTTP/1.1" 200 0 worker=florence2
2026-09-17T02:26:58.907577Z  INFO panoptikon::inferio::worker: 2026-09-17 04:26:58,907 [DEBUG] urllib3.connectionpool: https://huggingface.co:443 "HEAD /florence-community/Florence-2-large-ft/resolve/main/chat_template.json HTTP/1.1" 404 0 worker=florence2
2026-09-17T02:26:59.035317Z  INFO panoptikon::inferio::worker: 2026-09-17 04:26:59,035 [DEBUG] urllib3.connectionpool: https://huggingface.co:443 "HEAD /florence-community/Florence-2-large-ft/resolve/main/chat_template.jinja HTTP/1.1" 404 0 worker=florence2
2026-09-17T02:26:59.161801Z  INFO panoptikon::inferio::worker: 2026-09-17 04:26:59,161 [DEBUG] urllib3.connectionpool: https://huggingface.co:443 "HEAD /florence-community/Florence-2-large-ft/resolve/main/audio_tokenizer_config.json HTTP/1.1" 404 0 worker=florence2
2026-09-17T02:26:59.251320Z  INFO panoptikon::inferio::worker: 2026-09-17 04:26:59,251 [DEBUG] inferio_worker_impl_0_florence2: Model florence-community/Florence-2-large-ft loaded. worker=florence2
2026-09-17T02:26:59.251333Z  INFO panoptikon::inferio::worker: 2026-09-17 04:26:59,251 [INFO] inferio_worker_impl_0_florence2: Resource usage for PID 57710: worker=florence2
2026-09-17T02:26:59.251342Z  INFO panoptikon::inferio::worker: 2026-09-17 04:26:59,251 [INFO] inferio_worker_impl_0_florence2:   [resource] Max Resident Set Size (Mac): 4843.66 MB worker=florence2
2026-09-17T02:26:59.361606Z  INFO panoptikon::inferio::worker: 2026-09-17 04:26:59,361 [INFO] inferio_worker_impl_0_florence2:   [psutil] Resident RAM (RSS):  3426.62 MB worker=florence2
2026-09-17T02:26:59.361622Z  INFO panoptikon::inferio::worker: 2026-09-17 04:26:59,361 [INFO] inferio_worker_impl_0_florence2:   [psutil] Virtual Memory (VMS): 428806.61 MB worker=florence2
2026-09-17T02:26:59.361636Z  INFO panoptikon::inferio::worker: 2026-09-17 04:26:59,361 [INFO] inferio_worker_impl_0_florence2:   [psutil] Num Threads:          14 worker=florence2
2026-09-17T02:26:59.361647Z  INFO panoptikon::inferio::worker: 2026-09-17 04:26:59,361 [INFO] inferio_worker_impl_0_florence2:   [psutil] CPU usage:            0.0% worker=florence2
2026-09-17T02:26:59.363074Z DEBUG panoptikon::inferio::worker: worker reported its load footprint worker=florence2/msft_large-caption base_mb=3232 base_method="rss" dtype="fp32" dtype_method="selected" gpu_name="CPU (128 GB)" gpu_arch="cpu" gpu_total_mb=131072 torch="2.7.1"
2026-09-17T02:26:59.363096Z DEBUG panoptikon::inferio::manager: replica loaded model=florence2/msft_large-caption replica=0 device=""
2026-09-17T02:26:59.363223Z DEBUG panoptikon::inferio::ledger: admitted a worker to a GPU's ledger model=florence2/msft_large-caption gpu=CPU replica=9 base_mb=Some(3232) base_method="rss" reserved_at_load_mb=Some(4843) seeded_from_store=false
2026-09-17T02:26:59.363274Z DEBUG panoptikon::inferio::ledger: issued a memory grant model=florence2/msft_large-caption gpu=CPU unit_budget=4 mb=92849 canvas_pixels=none share_mb=92849 room_mb=92849 headroom_mb=92849 external_mb=21900 reserve_mb=1024 reserve_rule="capped_default" pre_fit=true ramp_step=0 deflation=0 squeezed=false window_requests=1
2026-09-17T02:27:30.658260Z DEBUG panoptikon::inferio::ledger: asking a resident to release its allocator pool model=clip/apple_MobileCLIP-S1 gpu=GPU-MPS slack_mb=1063 trigger="idle" self_pinned=false
2026-09-17T02:27:30.669683Z  INFO panoptikon::inferio::worker: 2026-09-17 04:27:30,669 [DEBUG] inferio_worker.memory: released the allocator pool (trim): handed back 1032 MiB in 11.2 ms; the next batch pays the re-grow worker=openclip
2026-09-17T02:27:30.669697Z  INFO panoptikon::inferio::worker: 2026-09-17 04:27:30,669 [INFO] inferio_worker: clip/apple_MobileCLIP-S1 - released the allocator pool on request: handed back 1032 MiB worker=openclip
2026-09-17T02:27:52.100581Z DEBUG panoptikon::inferio::ledger: queued a calibration profile update for the store model=florence2/msft_large-caption gpu=CPU reason="anchor_advanced" max_units_measured=4 fit_version=0
2026-09-17T02:27:52.100599Z DEBUG panoptikon::inferio::ledger: settled a granted window model=florence2/msft_large-caption gpu=CPU outcome="clean" fit_samples=3 throughput_samples=1 clamped_samples=0 clamped=none ramp_step=1 deflation=0 clean_windows=1 max_units_measured=4
2026-09-17T02:27:52.106375Z DEBUG panoptikon::inferio::http: processing local inference predict model=florence2/msft_large-caption inputs=10
2026-09-17T02:27:52.112674Z DEBUG panoptikon::inferio::ledger: issued a memory grant model=florence2/msft_large-caption gpu=CPU unit_budget=8 mb=93911 canvas_pixels=none share_mb=93911 room_mb=93911 headroom_mb=90056 external_mb=20544 reserve_mb=1024 reserve_rule="capped_default" pre_fit=true ramp_step=1 deflation=0 squeezed=false window_requests=1
2026-09-17T02:27:52.118171Z  INFO panoptikon::inferio::calibration: wrote the local calibration store path=data/inferio/calibration.toml profiles=2
2026-09-17T02:28:34.304651Z DEBUG panoptikon::inferio::ledger: refitted the memory cost model model=florence2/msft_large-caption gpu=CPU slope_mb_per_unit=852.1666666666666 intercept_mb=1932.6666666666667 residual_mb=0.0 samples=3 version=1
2026-09-17T02:28:34.304684Z DEBUG panoptikon::inferio::ledger: queued a calibration profile update for the store model=florence2/msft_large-caption gpu=CPU reason="fit_changed" max_units_measured=8 fit_version=1
2026-09-17T02:28:34.304695Z DEBUG panoptikon::inferio::ledger: settled a granted window model=florence2/msft_large-caption gpu=CPU outcome="clean" fit_samples=2 throughput_samples=0 clamped_samples=0 clamped=none ramp_step=2 deflation=0 clean_windows=2 max_units_measured=8
2026-09-17T02:28:34.308033Z DEBUG panoptikon::inferio::http: processing local inference predict model=florence2/msft_large-caption inputs=10
2026-09-17T02:28:34.313292Z DEBUG panoptikon::inferio::ledger: issued a memory grant model=florence2/msft_large-caption gpu=CPU unit_budget=10 mb=8522 canvas_pixels=none share_mb=93911 room_mb=93911 headroom_mb=86578 external_mb=16352 reserve_mb=1024 reserve_rule="capped_default" pre_fit=false ramp_step=2 deflation=0 squeezed=false window_requests=1
2026-09-17T02:28:34.319797Z  INFO panoptikon::inferio::calibration: wrote the local calibration store path=data/inferio/calibration.toml profiles=2
2026-09-17T02:29:06.708458Z DEBUG panoptikon::inferio::ledger: refitted the memory cost model model=florence2/msft_large-caption gpu=CPU slope_mb_per_unit=817.1666666666667 intercept_mb=1997.9999999999993 residual_mb=8.16666666666697 samples=4 version=2
2026-09-17T02:29:06.708472Z DEBUG panoptikon::inferio::ledger: queued a calibration profile update for the store model=florence2/msft_large-caption gpu=CPU reason="fit_changed" max_units_measured=8 fit_version=2
2026-09-17T02:29:06.708482Z DEBUG panoptikon::inferio::ledger: settled a granted window model=florence2/msft_large-caption gpu=CPU outcome="clean" fit_samples=1 throughput_samples=0 clamped_samples=0 clamped=none ramp_step=2 deflation=0 clean_windows=3 max_units_measured=10
2026-09-17T02:29:06.711284Z DEBUG panoptikon::inferio::http: processing local inference predict model=florence2/msft_large-caption inputs=10
2026-09-17T02:29:06.716322Z DEBUG panoptikon::inferio::ledger: issued a memory grant model=florence2/msft_large-caption gpu=CPU unit_budget=10 mb=8172 canvas_pixels=none share_mb=93911 room_mb=93911 headroom_mb=85163 external_mb=17839 reserve_mb=1024 reserve_rule="capped_default" pre_fit=false ramp_step=2 deflation=0 squeezed=false window_requests=1
2026-09-17T02:29:06.721205Z  INFO panoptikon::inferio::calibration: wrote the local calibration store path=data/inferio/calibration.toml profiles=2
2026-09-17T02:29:38.591506Z DEBUG panoptikon::inferio::ledger: refitted the memory cost model model=florence2/msft_large-caption gpu=CPU slope_mb_per_unit=940.875 intercept_mb=1623.375 residual_mb=266.125 samples=4 version=3
2026-09-17T02:29:38.591522Z DEBUG panoptikon::inferio::ledger: queued a calibration profile update for the store model=florence2/msft_large-caption gpu=CPU reason="fit_changed" max_units_measured=8 fit_version=3
2026-09-17T02:29:38.591530Z DEBUG panoptikon::inferio::ledger: settled a granted window model=florence2/msft_large-caption gpu=CPU outcome="clean" fit_samples=1 throughput_samples=0 clamped_samples=0 clamped=none ramp_step=2 deflation=0 clean_windows=4 max_units_measured=10
2026-09-17T02:29:38.596369Z DEBUG panoptikon::inferio::http: processing local inference predict model=florence2/msft_large-caption inputs=10
2026-09-17T02:29:38.601332Z DEBUG panoptikon::inferio::ledger: issued a memory grant model=florence2/msft_large-caption gpu=CPU unit_budget=10 mb=9409 canvas_pixels=none share_mb=93911 room_mb=93911 headroom_mb=83627 external_mb=14528 reserve_mb=1024 reserve_rule="capped_default" pre_fit=false ramp_step=2 deflation=0 squeezed=false window_requests=1
2026-09-17T02:29:38.601351Z  INFO panoptikon::inferio::calibration: wrote the local calibration store path=data/inferio/calibration.toml profiles=2
2026-09-17T02:30:10.937349Z DEBUG panoptikon::inferio::ledger: refitted the memory cost model model=florence2/msft_large-caption gpu=CPU slope_mb_per_unit=942.1875 intercept_mb=1619.4375 residual_mb=270.0625 samples=4 version=4
2026-09-17T02:30:10.937365Z DEBUG panoptikon::inferio::ledger: queued a calibration profile update for the store model=florence2/msft_large-caption gpu=CPU reason="fit_changed" max_units_measured=8 fit_version=4
2026-09-17T02:30:10.937374Z DEBUG panoptikon::inferio::ledger: settled a granted window model=florence2/msft_large-caption gpu=CPU outcome="clean" fit_samples=1 throughput_samples=0 clamped_samples=0 clamped=none ramp_step=2 deflation=0 clean_windows=5 max_units_measured=10
2026-09-17T02:30:10.938855Z DEBUG panoptikon::inferio::http: processing local inference predict model=florence2/msft_large-caption inputs=10
2026-09-17T02:30:10.943169Z DEBUG panoptikon::inferio::ledger: issued a memory grant model=florence2/msft_large-caption gpu=CPU unit_budget=10 mb=9422 canvas_pixels=none share_mb=93911 room_mb=93911 headroom_mb=83606 external_mb=14680 reserve_mb=1024 reserve_rule="capped_default" pre_fit=false ramp_step=2 deflation=0 squeezed=false window_requests=1
2026-09-17T02:30:10.948306Z  INFO panoptikon::inferio::calibration: wrote the local calibration store path=data/inferio/calibration.toml profiles=2
2026-09-17T02:30:43.228136Z DEBUG panoptikon::inferio::ledger: refitted the memory cost model model=florence2/msft_large-caption gpu=CPU slope_mb_per_unit=940.4375 intercept_mb=1624.6875 residual_mb=264.8125 samples=4 version=5
2026-09-17T02:30:43.228150Z DEBUG panoptikon::inferio::ledger: declining to fit a throughput knee: the ring's quiet buckets hold too few observations to read as a curve observations=0 min_observations=12 buckets=0 min_buckets=3
2026-09-17T02:30:43.228159Z DEBUG panoptikon::inferio::ledger: queued a calibration profile update for the store model=florence2/msft_large-caption gpu=CPU reason="fit_changed" max_units_measured=8 fit_version=5
2026-09-17T02:30:43.228167Z DEBUG panoptikon::inferio::ledger: settled a granted window model=florence2/msft_large-caption gpu=CPU outcome="clean" fit_samples=1 throughput_samples=1 clamped_samples=0 clamped=none ramp_step=2 deflation=0 clean_windows=6 max_units_measured=10
2026-09-17T02:30:43.229515Z DEBUG panoptikon::inferio::http: processing local inference predict model=florence2/msft_large-caption inputs=10
2026-09-17T02:30:43.233982Z DEBUG panoptikon::inferio::ledger: issued a memory grant model=florence2/msft_large-caption gpu=CPU unit_budget=8 mb=7524 canvas_pixels=none share_mb=93911 room_mb=93911 headroom_mb=83606 external_mb=16164 reserve_mb=1024 reserve_rule="capped_default" pre_fit=false ramp_step=2 deflation=0 squeezed=false window_requests=1
2026-09-17T02:30:43.238103Z  INFO panoptikon::inferio::calibration: wrote the local calibration store path=data/inferio/calibration.toml profiles=2
2026-09-17T02:31:25.563482Z DEBUG panoptikon::inferio::ledger: refitted the memory cost model model=florence2/msft_large-caption gpu=CPU slope_mb_per_unit=981.5208333333333 intercept_mb=2029.3750000000007 residual_mb=263.5208333333335 samples=4 version=6
2026-09-17T02:31:25.563501Z DEBUG panoptikon::inferio::ledger: declining to fit a throughput knee: the ring's quiet buckets hold too few observations to read as a curve observations=2 min_observations=12 buckets=1 min_buckets=3
2026-09-17T02:31:25.563509Z DEBUG panoptikon::inferio::ledger: queued a calibration profile update for the store model=florence2/msft_large-caption gpu=CPU reason="fit_changed" max_units_measured=8 fit_version=6
2026-09-17T02:31:25.563527Z DEBUG panoptikon::inferio::ledger: settled a granted window model=florence2/msft_large-caption gpu=CPU outcome="clean" fit_samples=2 throughput_samples=1 clamped_samples=0 clamped=none ramp_step=3 deflation=0 clean_windows=7 max_units_measured=10
2026-09-17T02:31:25.566549Z DEBUG panoptikon::inferio::http: processing local inference predict model=florence2/msft_large-caption inputs=10
2026-09-17T02:31:25.572419Z DEBUG panoptikon::inferio::ledger: issued a memory grant model=florence2/msft_large-caption gpu=CPU unit_budget=10 mb=9816 canvas_pixels=none share_mb=93911 room_mb=93911 headroom_mb=83606 external_mb=13731 reserve_mb=1024 reserve_rule="capped_default" pre_fit=false ramp_step=3 deflation=0 squeezed=false window_requests=1
2026-09-17T02:31:25.578398Z  INFO panoptikon::inferio::calibration: wrote the local calibration store path=data/inferio/calibration.toml profiles=2
2026-09-17T02:31:57.719659Z DEBUG panoptikon::inferio::ledger: refitted the memory cost model model=florence2/msft_large-caption gpu=CPU slope_mb_per_unit=973.8958333333333 intercept_mb=2014.1250000000007 residual_mb=316.8958333333335 samples=4 version=7
2026-09-17T02:31:57.719674Z DEBUG panoptikon::inferio::ledger: declining to fit a throughput knee: the ring's quiet buckets hold too few observations to read as a curve observations=3 min_observations=12 buckets=1 min_buckets=3
2026-09-17T02:31:57.719684Z DEBUG panoptikon::inferio::ledger: queued a calibration profile update for the store model=florence2/msft_large-caption gpu=CPU reason="fit_changed" max_units_measured=8 fit_version=7
2026-09-17T02:31:57.719692Z DEBUG panoptikon::inferio::ledger: settled a granted window model=florence2/msft_large-caption gpu=CPU outcome="clean" fit_samples=1 throughput_samples=1 clamped_samples=0 clamped=none ramp_step=3 deflation=0 clean_windows=8 max_units_measured=10
2026-09-17T02:31:57.721200Z DEBUG panoptikon::inferio::http: processing local inference predict model=florence2/msft_large-caption inputs=10
2026-09-17T02:31:57.725521Z DEBUG panoptikon::inferio::ledger: issued a memory grant model=florence2/msft_large-caption gpu=CPU unit_budget=10 mb=9739 canvas_pixels=none share_mb=93911 room_mb=93911 headroom_mb=83606 external_mb=14603 reserve_mb=1024 reserve_rule="capped_default" pre_fit=false ramp_step=3 deflation=0 squeezed=false window_requests=1
2026-09-17T02:31:57.730535Z  INFO panoptikon::inferio::calibration: wrote the local calibration store path=data/inferio/calibration.toml profiles=2
2026-09-17T02:32:30.239736Z DEBUG panoptikon::inferio::ledger: refitted the memory cost model model=florence2/msft_large-caption gpu=CPU slope_mb_per_unit=980.5833333333333 intercept_mb=2027.5000000000007 residual_mb=270.0833333333335 samples=4 version=8
2026-09-17T02:32:30.239751Z DEBUG panoptikon::inferio::ledger: declining to fit a throughput knee: the ring's quiet buckets hold too few observations to read as a curve observations=4 min_observations=12 buckets=1 min_buckets=3
2026-09-17T02:32:30.239759Z DEBUG panoptikon::inferio::ledger: queued a calibration profile update for the store model=florence2/msft_large-caption gpu=CPU reason="fit_changed" max_units_measured=8 fit_version=8
2026-09-17T02:32:30.239766Z DEBUG panoptikon::inferio::ledger: settled a granted window model=florence2/msft_large-caption gpu=CPU outcome="clean" fit_samples=1 throughput_samples=1 clamped_samples=0 clamped=none ramp_step=3 deflation=0 clean_windows=9 max_units_measured=10
2026-09-17T02:32:30.241356Z DEBUG panoptikon::inferio::http: processing local inference predict model=florence2/msft_large-caption inputs=10
2026-09-17T02:32:30.246825Z DEBUG panoptikon::inferio::ledger: issued a memory grant model=florence2/msft_large-caption gpu=CPU unit_budget=10 mb=9806 canvas_pixels=none share_mb=93911 room_mb=93911 headroom_mb=83606 external_mb=14567 reserve_mb=1024 reserve_rule="capped_default" pre_fit=false ramp_step=3 deflation=0 squeezed=false window_requests=1
2026-09-17T02:32:30.252901Z  INFO panoptikon::inferio::calibration: wrote the local calibration store path=data/inferio/calibration.toml profiles=2
2026-09-17T02:33:02.783828Z DEBUG panoptikon::inferio::ledger: refitted the memory cost model model=florence2/msft_large-caption gpu=CPU slope_mb_per_unit=981.4583333333333 intercept_mb=2029.2500000000007 residual_mb=263.9583333333335 samples=4 version=9
2026-09-17T02:33:02.783842Z DEBUG panoptikon::inferio::ledger: declining to fit a throughput knee: the ring's quiet buckets hold too few observations to read as a curve observations=5 min_observations=12 buckets=1 min_buckets=3
2026-09-17T02:33:02.783855Z DEBUG panoptikon::inferio::ledger: queued a calibration profile update for the store model=florence2/msft_large-caption gpu=CPU reason="fit_changed" max_units_measured=8 fit_version=9
2026-09-17T02:33:02.783863Z DEBUG panoptikon::inferio::ledger: settled a granted window model=florence2/msft_large-caption gpu=CPU outcome="clean" fit_samples=1 throughput_samples=1 clamped_samples=0 clamped=none ramp_step=3 deflation=0 clean_windows=10 max_units_measured=10
2026-09-17T02:33:02.792834Z DEBUG panoptikon::inferio::http: processing local inference predict model=florence2/msft_large-caption inputs=10
2026-09-17T02:33:02.798956Z DEBUG panoptikon::inferio::ledger: issued a memory grant model=florence2/msft_large-caption gpu=CPU unit_budget=10 mb=9815 canvas_pixels=none share_mb=93911 room_mb=93911 headroom_mb=83606 external_mb=14840 reserve_mb=1024 reserve_rule="capped_default" pre_fit=false ramp_step=3 deflation=0 squeezed=false window_requests=1
2026-09-17T02:33:02.805029Z  INFO panoptikon::inferio::calibration: wrote the local calibration store path=data/inferio/calibration.toml profiles=2
2026-09-17T02:33:35.248861Z DEBUG panoptikon::inferio::ledger: refitted the memory cost model model=florence2/msft_large-caption gpu=CPU slope_mb_per_unit=980.6458333333333 intercept_mb=2027.6250000000007 residual_mb=269.6458333333335 samples=4 version=10
2026-09-17T02:33:35.248878Z DEBUG panoptikon::inferio::ledger: declining to fit a throughput knee: the ring's quiet buckets hold too few observations to read as a curve observations=6 min_observations=12 buckets=1 min_buckets=3
2026-09-17T02:33:35.248887Z DEBUG panoptikon::inferio::ledger: queued a calibration profile update for the store model=florence2/msft_large-caption gpu=CPU reason="fit_changed" max_units_measured=8 fit_version=10
2026-09-17T02:33:35.248895Z DEBUG panoptikon::inferio::ledger: settled a granted window model=florence2/msft_large-caption gpu=CPU outcome="clean" fit_samples=1 throughput_samples=1 clamped_samples=0 clamped=none ramp_step=3 deflation=0 clean_windows=11 max_units_measured=10
2026-09-17T02:33:35.254491Z DEBUG panoptikon::inferio::http: processing local inference predict model=florence2/msft_large-caption inputs=10
2026-09-17T02:33:35.261254Z DEBUG panoptikon::inferio::ledger: issued a memory grant model=florence2/msft_large-caption gpu=CPU unit_budget=10 mb=9807 canvas_pixels=none share_mb=93911 room_mb=93911 headroom_mb=83606 external_mb=14885 reserve_mb=1024 reserve_rule="capped_default" pre_fit=false ramp_step=3 deflation=0 squeezed=false window_requests=1
2026-09-17T02:33:35.266568Z  INFO panoptikon::inferio::calibration: wrote the local calibration store path=data/inferio/calibration.toml profiles=2
2026-09-17T02:34:07.301119Z  INFO panoptikon::inferio::worker: 2026-09-17 04:34:07,301 [DEBUG] inferio_worker.packing: retiring the throughput comparator after 8 non-comparable batches worker=florence2
2026-09-17T02:34:07.301469Z DEBUG panoptikon::inferio::ledger: refitted the memory cost model model=florence2/msft_large-caption gpu=CPU slope_mb_per_unit=981.1458333333333 intercept_mb=2028.6250000000007 residual_mb=266.1458333333335 samples=4 version=11
2026-09-17T02:34:07.301493Z DEBUG panoptikon::inferio::ledger: declining to fit a throughput knee: the ring's quiet buckets hold too few observations to read as a curve observations=7 min_observations=12 buckets=1 min_buckets=3
2026-09-17T02:34:07.301501Z DEBUG panoptikon::inferio::ledger: queued a calibration profile update for the store model=florence2/msft_large-caption gpu=CPU reason="fit_changed" max_units_measured=8 fit_version=11
2026-09-17T02:34:07.301513Z DEBUG panoptikon::inferio::ledger: settled a granted window model=florence2/msft_large-caption gpu=CPU outcome="clean" fit_samples=1 throughput_samples=1 clamped_samples=0 clamped=none ramp_step=3 deflation=0 clean_windows=12 max_units_measured=10
2026-09-17T02:34:07.304827Z DEBUG panoptikon::inferio::http: processing local inference predict model=florence2/msft_large-caption inputs=10
2026-09-17T02:34:07.309267Z DEBUG panoptikon::inferio::ledger: issued a memory grant model=florence2/msft_large-caption gpu=CPU unit_budget=10 mb=9812 canvas_pixels=none share_mb=93911 room_mb=93911 headroom_mb=83606 external_mb=14783 reserve_mb=1024 reserve_rule="capped_default" pre_fit=false ramp_step=3 deflation=0 squeezed=false window_requests=1
2026-09-17T02:34:07.314266Z  INFO panoptikon::inferio::calibration: wrote the local calibration store path=data/inferio/calibration.toml profiles=2
2026-09-17T02:34:39.542658Z DEBUG panoptikon::inferio::ledger: declining to fit a throughput knee: the ring's quiet buckets hold too few observations to read as a curve observations=8 min_observations=12 buckets=1 min_buckets=3
2026-09-17T02:34:39.542679Z DEBUG panoptikon::inferio::ledger: settled a granted window model=florence2/msft_large-caption gpu=CPU outcome="clean" fit_samples=1 throughput_samples=1 clamped_samples=0 clamped=none ramp_step=3 deflation=0 clean_windows=13 max_units_measured=10
2026-09-17T02:34:39.544117Z DEBUG panoptikon::inferio::http: processing local inference predict model=florence2/msft_large-caption inputs=10
2026-09-17T02:34:39.547942Z DEBUG panoptikon::inferio::ledger: issued a memory grant model=florence2/msft_large-caption gpu=CPU unit_budget=10 mb=9812 canvas_pixels=none share_mb=93911 room_mb=93911 headroom_mb=83606 external_mb=14671 reserve_mb=1024 reserve_rule="capped_default" pre_fit=false ramp_step=3 deflation=0 squeezed=false window_requests=1
2026-09-17T02:35:12.063470Z DEBUG panoptikon::inferio::ledger: declining to fit a throughput knee: the ring's quiet buckets hold too few observations to read as a curve observations=9 min_observations=12 buckets=1 min_buckets=3
2026-09-17T02:35:12.063487Z DEBUG panoptikon::inferio::ledger: settled a granted window model=florence2/msft_large-caption gpu=CPU outcome="clean" fit_samples=1 throughput_samples=1 clamped_samples=0 clamped=none ramp_step=3 deflation=0 clean_windows=14 max_units_measured=10
2026-09-17T02:35:12.064910Z DEBUG panoptikon::inferio::http: processing local inference predict model=florence2/msft_large-caption inputs=10
2026-09-17T02:35:12.068721Z DEBUG panoptikon::inferio::ledger: issued a memory grant model=florence2/msft_large-caption gpu=CPU unit_budget=10 mb=9812 canvas_pixels=none share_mb=93911 room_mb=93911 headroom_mb=83606 external_mb=14737 reserve_mb=1024 reserve_rule="capped_default" pre_fit=false ramp_step=3 deflation=0 squeezed=false window_requests=1
2026-09-17T02:35:44.396842Z DEBUG panoptikon::inferio::ledger: refitted the memory cost model model=florence2/msft_large-caption gpu=CPU slope_mb_per_unit=981.3958333333333 intercept_mb=2029.1250000000007 residual_mb=264.3958333333335 samples=4 version=12
2026-09-17T02:35:44.396858Z DEBUG panoptikon::inferio::ledger: declining to fit a throughput knee: the ring's quiet buckets hold too few observations to read as a curve observations=10 min_observations=12 buckets=1 min_buckets=3
2026-09-17T02:35:44.396867Z DEBUG panoptikon::inferio::ledger: queued a calibration profile update for the store model=florence2/msft_large-caption gpu=CPU reason="fit_changed" max_units_measured=8 fit_version=12
2026-09-17T02:35:44.396875Z DEBUG panoptikon::inferio::ledger: settled a granted window model=florence2/msft_large-caption gpu=CPU outcome="clean" fit_samples=1 throughput_samples=1 clamped_samples=0 clamped=none ramp_step=3 deflation=0 clean_windows=15 max_units_measured=10
2026-09-17T02:35:44.407684Z  INFO panoptikon::inferio::calibration: wrote the local calibration store path=data/inferio/calibration.toml profiles=2
2026-09-17T02:35:44.426961Z DEBUG panoptikon::inferio::manager: unload requested model=florence2/msft_large-caption cache_key=mix
2026-09-17T02:35:44.426971Z DEBUG panoptikon::inferio::manager: unloading model model=florence2/msft_large-caption
2026-09-17T02:35:44.427001Z DEBUG panoptikon::inferio::ledger: credited a departed replica's footprint back to the GPU's free reading, so its memory is not reattributed to external usage, and flagged the reading for a refresh model=florence2/msft_large-caption gpu=CPU footprint_mb=13537 adjusted_free_mb=115214
2026-09-17T02:35:44.469806Z  INFO panoptikon::inferio::worker: 2026-09-17 04:35:44,469 [INFO] inferio_worker: Unloaded; exiting. worker=florence2
2026-09-17T02:35:49.487666Z DEBUG panoptikon::inferio::manager: resolved cost dimension model=florence2/msft_large-caption unit="item" aggregation="count" epoch=1 seed_units=4 priced=true degraded=false
2026-09-17T02:35:49.487823Z DEBUG panoptikon::inferio::ledger: probing the host for this GPU's free memory before pricing a load against it model="florence2/msft_large-caption" gpu="CPU" reason="the reading was adjusted for a departed resident" sample_age_ms=Some(5090)
2026-09-17T02:35:49.487894Z DEBUG panoptikon::inferio::ledger: refreshed the GPU's free memory from the host probe gpu=CPU source="ram" free_mb=108176 total_mb=131072 external_mb=21735 previous_age_ms=Some(5091) recorded=true
2026-09-17T02:35:49.488435Z DEBUG panoptikon::inferio::worker: spawned an inferio worker worker=florence2 inference_id="florence2/msft_large-caption" pid=Some(58219)
2026-09-17T02:35:50.036230Z  INFO panoptikon::inferio::worker: 2026-09-17 04:35:50,036 [INFO] inferio_worker: Resolved impl class florence2 to /Users/moot/projects/panoptikon-pr27/python/inferio/impl/florence2.py worker=florence2
2026-09-17T02:35:50.036247Z  INFO panoptikon::inferio::worker: 2026-09-17 04:35:50,036 [INFO] inferio_worker: Handshake ok for impl class florence2 worker=florence2
2026-09-17T02:35:50.036324Z  INFO panoptikon::inferio::worker: 2026-09-17 04:35:50,036 [INFO] inferio_worker: Configured as florence2/msft_large-caption worker=florence2
2026-09-17T02:35:51.912465Z  INFO panoptikon::inferio::worker: 2026-09-17 04:35:51,912 [INFO] inferio_worker_impl_0_florence2: Precision 'fp16' requested but device is cpu; using fp32. worker=florence2
2026-09-17T02:35:51.920441Z  INFO panoptikon::inferio::worker: 2026-09-17 04:35:51,920 [DEBUG] urllib3.connectionpool: Starting new HTTPS connection (1): huggingface.co:443 worker=florence2
2026-09-17T02:35:52.083768Z  INFO panoptikon::inferio::worker: 2026-09-17 04:35:52,083 [DEBUG] urllib3.connectionpool: https://huggingface.co:443 "HEAD /florence-community/Florence-2-large-ft/resolve/main/config.json HTTP/1.1" 307 0 worker=florence2
2026-09-17T02:35:52.101726Z  INFO panoptikon::inferio::worker: 2026-09-17 04:35:52,101 [DEBUG] urllib3.connectionpool: https://huggingface.co:443 "HEAD /api/resolve-cache/models/florence-community/Florence-2-large-ft/26b734a54fdfbf9c398351eedfabb7f27fc470b7/config.json HTTP/1.1" 200 0 worker=florence2
2026-09-17T02:35:52.232701Z  INFO panoptikon::inferio::worker: 2026-09-17 04:35:52,232 [DEBUG] urllib3.connectionpool: https://huggingface.co:443 "HEAD /florence-community/Florence-2-large-ft/resolve/main/config.json HTTP/1.1" 307 0 worker=florence2
2026-09-17T02:35:52.251035Z  INFO panoptikon::inferio::worker: 2026-09-17 04:35:52,250 [DEBUG] urllib3.connectionpool: https://huggingface.co:443 "HEAD /api/resolve-cache/models/florence-community/Florence-2-large-ft/26b734a54fdfbf9c398351eedfabb7f27fc470b7/config.json HTTP/1.1" 200 0 worker=florence2
2026-09-17T02:35:52.823878Z  INFO panoptikon::inferio::worker: 2026-09-17 04:35:52,823 [DEBUG] urllib3.connectionpool: https://huggingface.co:443 "HEAD /florence-community/Florence-2-large-ft/resolve/main/generation_config.json HTTP/1.1" 307 0 worker=florence2
2026-09-17T02:35:52.837106Z  INFO panoptikon::inferio::worker: 2026-09-17 04:35:52,837 [DEBUG] urllib3.connectionpool: https://huggingface.co:443 "HEAD /api/resolve-cache/models/florence-community/Florence-2-large-ft/26b734a54fdfbf9c398351eedfabb7f27fc470b7/generation_config.json HTTP/1.1" 200 0 worker=florence2
2026-09-17T02:35:52.965100Z  INFO panoptikon::inferio::worker: 2026-09-17 04:35:52,964 [DEBUG] urllib3.connectionpool: https://huggingface.co:443 "HEAD /florence-community/Florence-2-large-ft/resolve/main/custom_generate/generate.py HTTP/1.1" 404 0 worker=florence2
2026-09-17T02:35:53.123101Z  INFO panoptikon::inferio::worker: 2026-09-17 04:35:53,122 [DEBUG] urllib3.connectionpool: https://huggingface.co:443 "HEAD /florence-community/Florence-2-large-ft/resolve/main/processor_config.json HTTP/1.1" 307 0 worker=florence2
2026-09-17T02:35:53.141979Z  INFO panoptikon::inferio::worker: 2026-09-17 04:35:53,141 [DEBUG] urllib3.connectionpool: https://huggingface.co:443 "HEAD /api/resolve-cache/models/florence-community/Florence-2-large-ft/26b734a54fdfbf9c398351eedfabb7f27fc470b7/processor_config.json HTTP/1.1" 200 0 worker=florence2
2026-09-17T02:35:53.272958Z  INFO panoptikon::inferio::worker: 2026-09-17 04:35:53,272 [DEBUG] urllib3.connectionpool: https://huggingface.co:443 "GET /api/models/florence-community/Florence-2-large-ft/tree/main/additional_chat_templates?recursive=False&expand=False HTTP/1.1" 404 64 worker=florence2
2026-09-17T02:35:53.402900Z  INFO panoptikon::inferio::worker: 2026-09-17 04:35:53,402 [DEBUG] urllib3.connectionpool: https://huggingface.co:443 "HEAD /florence-community/Florence-2-large-ft/resolve/main/processor_config.json HTTP/1.1" 307 0 worker=florence2
2026-09-17T02:35:53.423028Z  INFO panoptikon::inferio::worker: 2026-09-17 04:35:53,422 [DEBUG] urllib3.connectionpool: https://huggingface.co:443 "HEAD /api/resolve-cache/models/florence-community/Florence-2-large-ft/26b734a54fdfbf9c398351eedfabb7f27fc470b7/processor_config.json HTTP/1.1" 200 0 worker=florence2
2026-09-17T02:35:53.553599Z  INFO panoptikon::inferio::worker: 2026-09-17 04:35:53,553 [DEBUG] urllib3.connectionpool: https://huggingface.co:443 "HEAD /florence-community/Florence-2-large-ft/resolve/main/chat_template.json HTTP/1.1" 404 0 worker=florence2
2026-09-17T02:35:53.683795Z  INFO panoptikon::inferio::worker: 2026-09-17 04:35:53,683 [DEBUG] urllib3.connectionpool: https://huggingface.co:443 "HEAD /florence-community/Florence-2-large-ft/resolve/main/chat_template.jinja HTTP/1.1" 404 0 worker=florence2
2026-09-17T02:35:53.815751Z  INFO panoptikon::inferio::worker: 2026-09-17 04:35:53,815 [DEBUG] urllib3.connectionpool: https://huggingface.co:443 "HEAD /florence-community/Florence-2-large-ft/resolve/main/audio_tokenizer_config.json HTTP/1.1" 404 0 worker=florence2
2026-09-17T02:35:53.946391Z  INFO panoptikon::inferio::worker: 2026-09-17 04:35:53,945 [DEBUG] urllib3.connectionpool: https://huggingface.co:443 "HEAD /florence-community/Florence-2-large-ft/resolve/main/preprocessor_config.json HTTP/1.1" 307 0 worker=florence2
2026-09-17T02:35:53.965104Z  INFO panoptikon::inferio::worker: 2026-09-17 04:35:53,964 [DEBUG] urllib3.connectionpool: https://huggingface.co:443 "HEAD /api/resolve-cache/models/florence-community/Florence-2-large-ft/26b734a54fdfbf9c398351eedfabb7f27fc470b7/preprocessor_config.json HTTP/1.1" 200 0 worker=florence2
2026-09-17T02:35:54.091973Z  INFO panoptikon::inferio::worker: 2026-09-17 04:35:54,091 [DEBUG] urllib3.connectionpool: https://huggingface.co:443 "HEAD /florence-community/Florence-2-large-ft/resolve/main/processor_config.json HTTP/1.1" 307 0 worker=florence2
2026-09-17T02:35:54.111176Z  INFO panoptikon::inferio::worker: 2026-09-17 04:35:54,110 [DEBUG] urllib3.connectionpool: https://huggingface.co:443 "HEAD /api/resolve-cache/models/florence-community/Florence-2-large-ft/26b734a54fdfbf9c398351eedfabb7f27fc470b7/processor_config.json HTTP/1.1" 200 0 worker=florence2
2026-09-17T02:35:54.113682Z  INFO panoptikon::inferio::worker: Using a slow image processor as `use_fast` is unset and a slow processor was saved with this model. `use_fast=True` will be the default behavior in v4.52, even if the model was saved with a slow processor. This will result in minor differences in outputs. You'll still be able to use a slow processor with `use_fast=False`. worker=florence2
2026-09-17T02:35:54.253204Z  INFO panoptikon::inferio::worker: 2026-09-17 04:35:54,252 [DEBUG] urllib3.connectionpool: https://huggingface.co:443 "HEAD /florence-community/Florence-2-large-ft/resolve/main/tokenizer_config.json HTTP/1.1" 307 0 worker=florence2
2026-09-17T02:35:54.273817Z  INFO panoptikon::inferio::worker: 2026-09-17 04:35:54,273 [DEBUG] urllib3.connectionpool: https://huggingface.co:443 "HEAD /api/resolve-cache/models/florence-community/Florence-2-large-ft/26b734a54fdfbf9c398351eedfabb7f27fc470b7/tokenizer_config.json HTTP/1.1" 200 0 worker=florence2
2026-09-17T02:35:54.409655Z  INFO panoptikon::inferio::worker: 2026-09-17 04:35:54,409 [DEBUG] urllib3.connectionpool: https://huggingface.co:443 "GET /api/models/florence-community/Florence-2-large-ft/tree/main/additional_chat_templates?recursive=False&expand=False HTTP/1.1" 404 64 worker=florence2
2026-09-17T02:35:54.541984Z  INFO panoptikon::inferio::worker: 2026-09-17 04:35:54,541 [DEBUG] urllib3.connectionpool: https://huggingface.co:443 "GET /api/models/florence-community/Florence-2-large-ft/tree/main?recursive=True&expand=False HTTP/1.1" 200 None worker=florence2
2026-09-17T02:35:54.753714Z  INFO panoptikon::inferio::worker: 2026-09-17 04:35:54,753 [DEBUG] urllib3.connectionpool: https://huggingface.co:443 "GET /api/models/florence-community/Florence-2-large-ft/tree/main/additional_chat_templates?recursive=False&expand=False HTTP/1.1" 404 64 worker=florence2
2026-09-17T02:35:54.879177Z  INFO panoptikon::inferio::worker: 2026-09-17 04:35:54,878 [DEBUG] urllib3.connectionpool: https://huggingface.co:443 "HEAD /florence-community/Florence-2-large-ft/resolve/main/processor_config.json HTTP/1.1" 307 0 worker=florence2
2026-09-17T02:35:54.898967Z  INFO panoptikon::inferio::worker: 2026-09-17 04:35:54,898 [DEBUG] urllib3.connectionpool: https://huggingface.co:443 "HEAD /api/resolve-cache/models/florence-community/Florence-2-large-ft/26b734a54fdfbf9c398351eedfabb7f27fc470b7/processor_config.json HTTP/1.1" 200 0 worker=florence2
2026-09-17T02:35:55.028884Z  INFO panoptikon::inferio::worker: 2026-09-17 04:35:55,028 [DEBUG] urllib3.connectionpool: https://huggingface.co:443 "HEAD /florence-community/Florence-2-large-ft/resolve/main/chat_template.json HTTP/1.1" 404 0 worker=florence2
2026-09-17T02:35:55.158708Z  INFO panoptikon::inferio::worker: 2026-09-17 04:35:55,158 [DEBUG] urllib3.connectionpool: https://huggingface.co:443 "HEAD /florence-community/Florence-2-large-ft/resolve/main/chat_template.jinja HTTP/1.1" 404 0 worker=florence2
2026-09-17T02:35:55.287133Z  INFO panoptikon::inferio::worker: 2026-09-17 04:35:55,286 [DEBUG] urllib3.connectionpool: https://huggingface.co:443 "HEAD /florence-community/Florence-2-large-ft/resolve/main/audio_tokenizer_config.json HTTP/1.1" 404 0 worker=florence2
2026-09-17T02:35:55.374312Z  INFO panoptikon::inferio::worker: 2026-09-17 04:35:55,374 [DEBUG] inferio_worker_impl_0_florence2: Model florence-community/Florence-2-large-ft loaded. worker=florence2
2026-09-17T02:35:55.374328Z  INFO panoptikon::inferio::worker: 2026-09-17 04:35:55,374 [INFO] inferio_worker_impl_0_florence2: Resource usage for PID 58219: worker=florence2
2026-09-17T02:35:55.374334Z  INFO panoptikon::inferio::worker: 2026-09-17 04:35:55,374 [INFO] inferio_worker_impl_0_florence2:   [resource] Max Resident Set Size (Mac): 4841.44 MB worker=florence2
2026-09-17T02:35:55.484581Z  INFO panoptikon::inferio::worker: 2026-09-17 04:35:55,484 [INFO] inferio_worker_impl_0_florence2:   [psutil] Resident RAM (RSS):  3426.98 MB worker=florence2
2026-09-17T02:35:55.484599Z  INFO panoptikon::inferio::worker: 2026-09-17 04:35:55,484 [INFO] inferio_worker_impl_0_florence2:   [psutil] Virtual Memory (VMS): 428806.86 MB worker=florence2
2026-09-17T02:35:55.484610Z  INFO panoptikon::inferio::worker: 2026-09-17 04:35:55,484 [INFO] inferio_worker_impl_0_florence2:   [psutil] Num Threads:          14 worker=florence2
2026-09-17T02:35:55.484625Z  INFO panoptikon::inferio::worker: 2026-09-17 04:35:55,484 [INFO] inferio_worker_impl_0_florence2:   [psutil] CPU usage:            0.0% worker=florence2
2026-09-17T02:35:55.486146Z DEBUG panoptikon::inferio::worker: worker reported its load footprint worker=florence2/msft_large-caption base_mb=3232 base_method="rss" dtype="fp32" dtype_method="selected" gpu_name="CPU (128 GB)" gpu_arch="cpu" gpu_total_mb=131072 torch="2.7.1"
2026-09-17T02:35:55.486174Z DEBUG panoptikon::inferio::manager: replica loaded model=florence2/msft_large-caption replica=0 device=""
2026-09-17T02:35:55.486337Z DEBUG panoptikon::inferio::ledger: admitted a worker to a GPU's ledger model=florence2/msft_large-caption gpu=CPU replica=26 base_mb=Some(3232) base_method="rss" reserved_at_load_mb=Some(4841) seeded_from_store=true
2026-09-17T02:36:03.609451Z DEBUG panoptikon::inferio::http: processing local inference predict model=florence2/msft_large-caption inputs=2
2026-09-17T02:36:03.609486Z DEBUG panoptikon::inferio::ledger: issued a memory grant model=florence2/msft_large-caption gpu=CPU unit_budget=2 mb=1963 canvas_pixels=none share_mb=93911 room_mb=93911 headroom_mb=93911 external_mb=21780 reserve_mb=1024 reserve_rule="capped_default" pre_fit=false ramp_step=1 deflation=0 squeezed=false window_requests=1
2026-09-17T02:36:17.908418Z DEBUG panoptikon::inferio::ledger: refitted the memory cost model model=florence2/msft_large-caption gpu=CPU slope_mb_per_unit=1189.75 intercept_mb=389.25 residual_mb=228.75 samples=4 version=13
2026-09-17T02:36:17.908432Z DEBUG panoptikon::inferio::ledger: declining to fit a throughput knee: the ring's quiet buckets hold too few observations to read as a curve observations=10 min_observations=12 buckets=1 min_buckets=3
2026-09-17T02:36:17.908442Z DEBUG panoptikon::inferio::ledger: queued a calibration profile update for the store model=florence2/msft_large-caption gpu=CPU reason="fit_changed" max_units_measured=8 fit_version=13
2026-09-17T02:36:17.908449Z DEBUG panoptikon::inferio::ledger: settled a granted window model=florence2/msft_large-caption gpu=CPU outcome="clean" fit_samples=1 throughput_samples=0 clamped_samples=0 clamped=none ramp_step=0 deflation=0 clean_windows=1 max_units_measured=10
2026-09-17T02:36:17.920110Z  INFO panoptikon::inferio::calibration: wrote the local calibration store path=data/inferio/calibration.toml profiles=2
2026-09-17T02:36:19.947865Z  INFO panoptikon::shutdown: shutdown signal received; stopping gracefully (repeat the signal to force exit)
2026-09-17T02:36:19.952697Z  INFO panoptikon::shutdown: index DB writers drained writers=1
2026-09-17T02:36:19.952974Z DEBUG panoptikon::inferio::ledger: credited a departed replica's footprint back to the GPU's free reading, so its memory is not reattributed to external usage, and flagged the reading for a refresh model=florence2/msft_large-caption gpu=CPU footprint_mb=4479 adjusted_free_mb=107710
2026-09-17T02:36:19.953069Z DEBUG panoptikon::inferio::ledger: credited a departed replica's footprint back to the GPU's free reading, so its memory is not reattributed to external usage, and flagged the reading for a refresh model=clip/apple_MobileCLIP-S1 gpu=GPU-MPS footprint_mb=1161 adjusted_free_mb=101466
2026-09-17T02:36:19.954178Z  INFO panoptikon::inferio::worker: 2026-09-17 04:36:19,953 [INFO] inferio_worker: Unloaded; exiting. worker=openclip
2026-09-17T02:36:19.987420Z  INFO panoptikon::inferio::worker: 2026-09-17 04:36:19,987 [DEBUG] inferio_worker.memory: released the allocator pool (impl): handed back 1160 MiB in 18.1 ms worker=openclip
2026-09-17T02:36:19.987467Z  INFO panoptikon::inferio::worker: 2026-09-17 04:36:19,987 [INFO] inferio_worker: Unloaded; exiting. worker=openclip
2026-09-17T02:36:20.037719Z  INFO panoptikon::inferio::worker: 2026-09-17 04:36:20,037 [INFO] inferio_worker: Unloaded; exiting. worker=florence2
2026-09-17T02:36:20.372058Z  INFO panoptikon::shutdown: local inference workers stopped
2026-09-17T02:36:20.372071Z  INFO panoptikon::shutdown: background work stopped cleanly
2026-09-17T02:36:20.372083Z  INFO panoptikon: gateway stopped
