[2m2026-09-17T01:33:24.683387Z[0m [32m INFO[0m [2mpanoptikon::logging[0m[2m:[0m logging to file [3mpath[0m[2m=[0mdata/panoptikon.log
[2m2026-09-17T01:33:24.683424Z[0m [32m INFO[0m [2mpanoptikon::rlimit[0m[2m:[0m raised the open file descriptor soft limit to the hard limit [3msoft_nofile_before[0m[2m=[0m256 [3msoft_nofile_after[0m[2m=[0m1048576
[2m2026-09-17T01:33:24.683497Z[0m [32m INFO[0m [2mpanoptikon::accelerator_report[0m[2m:[0m accelerator backend [3mbackend[0m[2m=[0m"mps" [3mbackend_source[0m[2m=[0mmacOS: default PyPI wheels (MPS on Apple Silicon); no CUDA/ROCm builds exist [3mdevices[0m[2m=[0m[]
[2m2026-09-17T01:33:24.713547Z[0m [32m INFO[0m [2mpanoptikon::inferio::gpu[0m[2m:[0m detected GPU (unified memory; the total is the 75% seed until a worker reports the exact recommended-max figure) [3mindex[0m[2m=[0m0 [3muuid[0m[2m=[0mGPU-MPS [3mname[0m[2m=[0mApple M3 Max (128 GB) [3mtotal_mb[0m[2m=[0m98304 [3mram_mb[0m[2m=[0m131072 [3munified[0m[2m=[0mtrue
[2m2026-09-17T01:33:24.713570Z[0m [32m INFO[0m [2mpanoptikon::inferio::gpu[0m[2m:[0m admitting batches from workers that run on the CPU against system RAM (running out of it is an OS process kill rather than a catchable allocation failure, so the device ships with a default ceiling) [3muuid[0m[2m=[0mCPU [3mname[0m[2m=[0mCPU (128 GB) [3mtotal_mb[0m[2m=[0m131072 [3mdefault_cap_fraction[0m[2m=[0m0.75 [3maccelerators[0m[2m=[0m1
[2m2026-09-17T01:33:24.713659Z[0m [32m INFO[0m [2mpanoptikon[0m[2m:[0m serving /api/inference locally (inference_local.enabled)
[2m2026-09-17T01:33:24.769649Z[0m [32m INFO[0m [2mpanoptikon[0m[2m:[0m gateway listening [3mendpoint[0m[2m=[0mdefault [3maddress[0m[2m=[0m127.0.0.1:6342
[2m2026-09-17T01:33:24.769691Z[0m [32m INFO[0m [2mpanoptikon[0m[2m:[0m gateway listening [3mendpoint[0m[2m=[0mtest [3maddress[0m[2m=[0m127.0.0.1:6343
[2m2026-09-17T01:33:24.769707Z[0m [32m INFO[0m [2mpanoptikon[0m[2m:[0m gateway listening [3mendpoint[0m[2m=[0mlegacy_ui [3maddress[0m[2m=[0m127.0.0.1:6339
[2m2026-09-17T01:33:24.769716Z[0m [32m INFO[0m [2mpanoptikon[0m[2m:[0m serving HTTP/1.1 and HTTP/2 cleartext [3mmax_concurrent_streams[0m[2m=[0m512
[2m2026-09-17T01:33:24.803148Z[0m [32m INFO[0m [2mpanoptikon::media_tools[0m[2m:[0m media tools resolved [3mffmpeg[0m[2m=[0m/Users/moot/projects/panoptikon-pr27/python/.venv/lib/python3.12/site-packages/static_ffmpeg/bin/darwin_arm64/ffmpeg [3mffprobe[0m[2m=[0m/Users/moot/projects/panoptikon-pr27/python/.venv/lib/python3.12/site-packages/static_ffmpeg/bin/darwin_arm64/ffprobe
[2m2026-09-17T01:33:24.925031Z[0m [32m INFO[0m [2mpanoptikon::media_tools::transcode::hw[0m[2m:[0m hardware H.264 encoder validated [3mencoder[0m[2m=[0m"h264_videotoolbox"
[2m2026-09-17T01:33:27.230513Z[0m [32m INFO[0m [2mpanoptikon::jobs::files[0m[2m:[0m file scan phase timing [3mfolder[0m[2m=[0m"/Users/moot/projects/panoptikon-pr27/tools/calibration-protocol/results/corpus/smoke/" [3mhashing_busy_secs[0m[2m=[0m0.045480081 [3mhashing_work_secs[0m[2m=[0m0.10359824999999999 [3mmetadata_busy_secs[0m[2m=[0m0.018545875999999996 [3mmetadata_work_secs[0m[2m=[0m0.022582543000000007 [3mthumbgen_busy_secs[0m[2m=[0m1.42043125 [3mthumbgen_work_secs[0m[2m=[0m9.638683423000002 [3mblurhash_busy_secs[0m[2m=[0m0.18954912399999999 [3mblurhash_work_secs[0m[2m=[0m0.3624334109999996
[2m2026-09-17T01:33:27.278658Z[0m [32m INFO[0m [2mpanoptikon::jobs::files[0m[2m:[0m file scan phase timing [3mfolder[0m[2m=[0m"/Users/moot/projects/panoptikon-pr27/tools/calibration-protocol/results/corpus/smoke/" [3mhashing_busy_secs[0m[2m=[0m0.0 [3mhashing_work_secs[0m[2m=[0m0.0 [3mmetadata_busy_secs[0m[2m=[0m0.0 [3mmetadata_work_secs[0m[2m=[0m0.0 [3mthumbgen_busy_secs[0m[2m=[0m0.0 [3mthumbgen_work_secs[0m[2m=[0m0.0 [3mblurhash_busy_secs[0m[2m=[0m0.0 [3mblurhash_work_secs[0m[2m=[0m0.0
[2m2026-09-17T01:33:27.279753Z[0m [32m INFO[0m [1mActor[0m[1m{[0m[3mid[0m[2m=[0m"0.5" [3mname[0m[2m=[0m"job-runner"[1m}[0m[2m:[0m [2mpanoptikon::jobs::queue[0m[2m:[0m scheduling deferred database maintenance [3mindex_db[0m[2m=[0m"cal" [3mqueue_id[0m[2m=[0m3 [3mowed[0m[2m=[0mwrote_data
[2m2026-09-17T01:33:27.808929Z[0m [34mDEBUG[0m [2mpanoptikon::inferio_client[0m[2m:[0m multiplexing inference requests over HTTP/2 cleartext [3mendpoint[0m[2m=[0mhttp://127.0.0.1:6342/api/inference [3mconnection_lanes[0m[2m=[0m64 [3mstreams_per_lane[0m[2m=[0m64 [3mmax_concurrent[0m[2m=[0m256 [3mmax_concurrent_ceiling[0m[2m=[0m4096
[2m2026-09-17T01:33:27.832571Z[0m [34mDEBUG[0m [2mpanoptikon::inferio::manager[0m[2m:[0m resolved cost dimension [3mmodel[0m[2m=[0mdoctr/db_resnet50_crnn_mobilenet_v3_small [3munit[0m[2m=[0m"item" [3maggregation[0m[2m=[0m"count" [3mepoch[0m[2m=[0m1 [3mseed_units[0m[2m=[0m128 [3mpriced[0m[2m=[0mtrue [3mdegraded[0m[2m=[0mfalse
[2m2026-09-17T01:33:27.832606Z[0m [34mDEBUG[0m [2mpanoptikon::inferio::ledger[0m[2m:[0m probing the host for this GPU's free memory before pricing a load against it [3mmodel[0m[2m=[0m"doctr/db_resnet50_crnn_mobilenet_v3_small" [3mgpu[0m[2m=[0m"GPU-MPS" [3mreason[0m[2m=[0m"no free sample: this GPU has never had a resident" [3msample_age_ms[0m[2m=[0mNone
[2m2026-09-17T01:33:27.832665Z[0m [34mDEBUG[0m [2mpanoptikon::inferio::ledger[0m[2m:[0m refreshed the GPU's free memory from the host probe [3mgpu[0m[2m=[0mGPU-MPS [3msource[0m[2m=[0m"mps" [3mfree_mb[0m[2m=[0m106875 [3mtotal_mb[0m[2m=[0m98304 [3mexternal_mb[0m[2m=[0m24197 [3mprevious_age_ms[0m[2m=[0mNone [3mrecorded[0m[2m=[0mtrue
[2m2026-09-17T01:33:27.833394Z[0m [34mDEBUG[0m [2mpanoptikon::inferio::worker[0m[2m:[0m spawned an inferio worker [3mworker[0m[2m=[0mdoctr [3minference_id[0m[2m=[0m"doctr/db_resnet50_crnn_mobilenet_v3_small" [3mpid[0m[2m=[0mSome(52047)
[2m2026-09-17T01:33:28.379192Z[0m [32m INFO[0m [2mpanoptikon::inferio::worker[0m[2m:[0m 2026-09-17 03:33:28,379 [INFO] inferio_worker: Resolved impl class doctr to /Users/moot/projects/panoptikon-pr27/python/inferio/impl/ocr.py [3mworker[0m[2m=[0mdoctr
[2m2026-09-17T01:33:28.379224Z[0m [32m INFO[0m [2mpanoptikon::inferio::worker[0m[2m:[0m 2026-09-17 03:33:28,379 [INFO] inferio_worker: Handshake ok for impl class doctr [3mworker[0m[2m=[0mdoctr
[2m2026-09-17T01:33:28.379318Z[0m [32m INFO[0m [2mpanoptikon::inferio::worker[0m[2m:[0m 2026-09-17 03:33:28,379 [INFO] inferio_worker: Configured as doctr/db_resnet50_crnn_mobilenet_v3_small [3mworker[0m[2m=[0mdoctr
[2m2026-09-17T01:33:28.388820Z[0m [32m INFO[0m [2mpanoptikon::inferio::worker[0m[2m:[0m 2026-09-17 03:33:28,388 [DEBUG] inferio_worker.memory: NVML init failed (NVML Shared Library Not Found) [3mworker[0m[2m=[0mdoctr
[2m2026-09-17T01:33:29.788909Z[0m [32m INFO[0m [2mpanoptikon::inferio::worker[0m[2m:[0m 2026-09-17 03:33:29,788 [DEBUG] h5py._conv: Creating converter from 7 to 5 [3mworker[0m[2m=[0mdoctr
[2m2026-09-17T01:33:29.788938Z[0m [32m INFO[0m [2mpanoptikon::inferio::worker[0m[2m:[0m 2026-09-17 03:33:29,788 [DEBUG] h5py._conv: Creating converter from 5 to 7 [3mworker[0m[2m=[0mdoctr
[2m2026-09-17T01:33:29.788945Z[0m [32m INFO[0m [2mpanoptikon::inferio::worker[0m[2m:[0m 2026-09-17 03:33:29,788 [DEBUG] h5py._conv: Creating converter from 7 to 5 [3mworker[0m[2m=[0mdoctr
[2m2026-09-17T01:33:29.788949Z[0m [32m INFO[0m [2mpanoptikon::inferio::worker[0m[2m:[0m 2026-09-17 03:33:29,788 [DEBUG] h5py._conv: Creating converter from 5 to 7 [3mworker[0m[2m=[0mdoctr
[2m2026-09-17T01:33:30.465086Z[0m [32m INFO[0m [2mpanoptikon::inferio::worker[0m[2m:[0m 2026-09-17 03:33:30,464 [INFO] root: Using downloaded & verified file: /Users/moot/.cache/doctr/models/db_resnet50-79bd7d70.pt [3mworker[0m[2m=[0mdoctr
[2m2026-09-17T01:33:30.626793Z[0m [32m INFO[0m [2mpanoptikon::inferio::worker[0m[2m:[0m 2026-09-17 03:33:30,626 [INFO] root: Using downloaded & verified file: /Users/moot/.cache/doctr/models/crnn_mobilenet_v3_small_pt-3b919a02.pt [3mworker[0m[2m=[0mdoctr
[2m2026-09-17T01:33:30.639256Z[0m [34mDEBUG[0m [2mpanoptikon::inferio::worker[0m[2m:[0m worker reported its load footprint [3mworker[0m[2m=[0mdoctr/db_resnet50_crnn_mobilenet_v3_small [3mdtype[0m[2m=[0m"fp32" [3mdtype_method[0m[2m=[0m"inferred" [3mgpu_name[0m[2m=[0m"Apple M3 Max (128 GB)" [3mgpu_arch[0m[2m=[0m"apple-m3" [3mgpu_total_mb[0m[2m=[0m110100 [3mtorch[0m[2m=[0m"2.7.1"
[2m2026-09-17T01:33:30.639298Z[0m [34mDEBUG[0m [2mpanoptikon::inferio::manager[0m[2m:[0m replica loaded [3mmodel[0m[2m=[0mdoctr/db_resnet50_crnn_mobilenet_v3_small [3mreplica[0m[2m=[0m0 [3mdevice[0m[2m=[0m"<unpinned>"
[2m2026-09-17T01:33:30.639311Z[0m [32m INFO[0m [2mpanoptikon::inferio::ledger[0m[2m:[0m this unified-memory device's admission total is now the figure the worker's own runtime reports, which is what its allocations are actually judged against; the probe's seed was a default fraction of host RAM and a raised GPU memory limit moves the real figure well away from it [3mmodel[0m[2m=[0mdoctr/db_resnet50_crnn_mobilenet_v3_small [3mgpu[0m[2m=[0mGPU-MPS [3mseed_total_mb[0m[2m=[0m98304 [3mreported_total_mb[0m[2m=[0m110100 [3mram_mb[0m[2m=[0m131072
[2m2026-09-17T01:33:30.639394Z[0m [34mDEBUG[0m [2mpanoptikon::inferio::ledger[0m[2m:[0m admitted a worker to a GPU's ledger [3mmodel[0m[2m=[0mdoctr/db_resnet50_crnn_mobilenet_v3_small [3mgpu[0m[2m=[0mGPU-MPS [3mreplica[0m[2m=[0m2 [3mbase_mb[0m[2m=[0mNone [3mbase_method[0m[2m=[0m"<none>" [3mreserved_at_load_mb[0m[2m=[0mSome(0) [3mseeded_from_store[0m[2m=[0mfalse
[2m2026-09-17T01:33:30.642505Z[0m [34mDEBUG[0m [2mpanoptikon::inferio::http[0m[2m:[0m processing local inference predict [3mmodel[0m[2m=[0mdoctr/db_resnet50_crnn_mobilenet_v3_small [3minputs[0m[2m=[0m1
[2m2026-09-17T01:33:30.642571Z[0m [34mDEBUG[0m [2mpanoptikon::inferio::http[0m[2m:[0m processing local inference predict [3mmodel[0m[2m=[0mdoctr/db_resnet50_crnn_mobilenet_v3_small [3minputs[0m[2m=[0m1
[2m2026-09-17T01:33:30.642608Z[0m [34mDEBUG[0m [2mpanoptikon::inferio::ledger[0m[2m:[0m issued a memory grant [3mmodel[0m[2m=[0mdoctr/db_resnet50_crnn_mobilenet_v3_small [3mgpu[0m[2m=[0mGPU-MPS [3munit_budget[0m[2m=[0m1 [3mmb[0m[2m=[0m105227 [3mcanvas_pixels[0m[2m=[0mnone [3mshare_mb[0m[2m=[0m105227 [3mroom_mb[0m[2m=[0m105227 [3mheadroom_mb[0m[2m=[0m105227 [3mexternal_mb[0m[2m=[0m24821 [3mreserve_mb[0m[2m=[0m1024 [3mreserve_rule[0m[2m=[0m"capped_default" [3mpre_fit[0m[2m=[0mtrue [3mramp_step[0m[2m=[0m0 [3mdeflation[0m[2m=[0m0 [3msqueezed[0m[2m=[0mfalse [3mwindow_requests[0m[2m=[0m1
[2m2026-09-17T01:33:30.642843Z[0m [34mDEBUG[0m [2mpanoptikon::inferio::http[0m[2m:[0m processing local inference predict [3mmodel[0m[2m=[0mdoctr/db_resnet50_crnn_mobilenet_v3_small [3minputs[0m[2m=[0m1
[2m2026-09-17T01:33:30.643665Z[0m [34mDEBUG[0m [2mpanoptikon::inferio::http[0m[2m:[0m processing local inference predict [3mmodel[0m[2m=[0mdoctr/db_resnet50_crnn_mobilenet_v3_small [3minputs[0m[2m=[0m1
[2m2026-09-17T01:33:30.643809Z[0m [34mDEBUG[0m [2mpanoptikon::inferio::http[0m[2m:[0m processing local inference predict [3mmodel[0m[2m=[0mdoctr/db_resnet50_crnn_mobilenet_v3_small [3minputs[0m[2m=[0m1
[2m2026-09-17T01:33:30.643885Z[0m [34mDEBUG[0m [2mpanoptikon::inferio::http[0m[2m:[0m processing local inference predict [3mmodel[0m[2m=[0mdoctr/db_resnet50_crnn_mobilenet_v3_small [3minputs[0m[2m=[0m1
[2m2026-09-17T01:33:30.643891Z[0m [34mDEBUG[0m [2mpanoptikon::inferio::http[0m[2m:[0m processing local inference predict [3mmodel[0m[2m=[0mdoctr/db_resnet50_crnn_mobilenet_v3_small [3minputs[0m[2m=[0m1
[2m2026-09-17T01:33:30.644716Z[0m [34mDEBUG[0m [2mpanoptikon::inferio::http[0m[2m:[0m processing local inference predict [3mmodel[0m[2m=[0mdoctr/db_resnet50_crnn_mobilenet_v3_small [3minputs[0m[2m=[0m1
[2m2026-09-17T01:33:30.644766Z[0m [34mDEBUG[0m [2mpanoptikon::inferio::http[0m[2m:[0m processing local inference predict [3mmodel[0m[2m=[0mdoctr/db_resnet50_crnn_mobilenet_v3_small [3minputs[0m[2m=[0m1
[2m2026-09-17T01:33:30.644807Z[0m [34mDEBUG[0m [2mpanoptikon::inferio::http[0m[2m:[0m processing local inference predict [3mmodel[0m[2m=[0mdoctr/db_resnet50_crnn_mobilenet_v3_small [3minputs[0m[2m=[0m1
[2m2026-09-17T01:33:30.644839Z[0m [34mDEBUG[0m [2mpanoptikon::inferio::http[0m[2m:[0m processing local inference predict [3mmodel[0m[2m=[0mdoctr/db_resnet50_crnn_mobilenet_v3_small [3minputs[0m[2m=[0m1
[2m2026-09-17T01:33:30.644839Z[0m [34mDEBUG[0m [2mpanoptikon::inferio::http[0m[2m:[0m processing local inference predict [3mmodel[0m[2m=[0mdoctr/db_resnet50_crnn_mobilenet_v3_small [3minputs[0m[2m=[0m1
[2m2026-09-17T01:33:30.644841Z[0m [34mDEBUG[0m [2mpanoptikon::inferio::http[0m[2m:[0m processing local inference predict [3mmodel[0m[2m=[0mdoctr/db_resnet50_crnn_mobilenet_v3_small [3minputs[0m[2m=[0m1
[2m2026-09-17T01:33:30.644768Z[0m [34mDEBUG[0m [2mpanoptikon::inferio::http[0m[2m:[0m processing local inference predict [3mmodel[0m[2m=[0mdoctr/db_resnet50_crnn_mobilenet_v3_small [3minputs[0m[2m=[0m1
[2m2026-09-17T01:33:30.644908Z[0m [34mDEBUG[0m [2mpanoptikon::inferio::http[0m[2m:[0m processing local inference predict [3mmodel[0m[2m=[0mdoctr/db_resnet50_crnn_mobilenet_v3_small [3minputs[0m[2m=[0m1
[2m2026-09-17T01:33:30.644925Z[0m [34mDEBUG[0m [2mpanoptikon::inferio::http[0m[2m:[0m processing local inference predict [3mmodel[0m[2m=[0mdoctr/db_resnet50_crnn_mobilenet_v3_small [3minputs[0m[2m=[0m1
[2m2026-09-17T01:33:30.644937Z[0m [34mDEBUG[0m [2mpanoptikon::inferio::http[0m[2m:[0m processing local inference predict [3mmodel[0m[2m=[0mdoctr/db_resnet50_crnn_mobilenet_v3_small [3minputs[0m[2m=[0m1
[2m2026-09-17T01:33:30.644888Z[0m [34mDEBUG[0m [2mpanoptikon::inferio::http[0m[2m:[0m processing local inference predict [3mmodel[0m[2m=[0mdoctr/db_resnet50_crnn_mobilenet_v3_small [3minputs[0m[2m=[0m1
[2m2026-09-17T01:33:30.644890Z[0m [34mDEBUG[0m [2mpanoptikon::inferio::http[0m[2m:[0m processing local inference predict [3mmodel[0m[2m=[0mdoctr/db_resnet50_crnn_mobilenet_v3_small [3minputs[0m[2m=[0m1
[2m2026-09-17T01:33:30.644844Z[0m [34mDEBUG[0m [2mpanoptikon::inferio::http[0m[2m:[0m processing local inference predict [3mmodel[0m[2m=[0mdoctr/db_resnet50_crnn_mobilenet_v3_small [3minputs[0m[2m=[0m1
[2m2026-09-17T01:33:30.644927Z[0m [34mDEBUG[0m [2mpanoptikon::inferio::http[0m[2m:[0m processing local inference predict [3mmodel[0m[2m=[0mdoctr/db_resnet50_crnn_mobilenet_v3_small [3minputs[0m[2m=[0m1
[2m2026-09-17T01:33:30.644999Z[0m [34mDEBUG[0m [2mpanoptikon::inferio::http[0m[2m:[0m processing local inference predict [3mmodel[0m[2m=[0mdoctr/db_resnet50_crnn_mobilenet_v3_small [3minputs[0m[2m=[0m1
[2m2026-09-17T01:33:30.644886Z[0m [34mDEBUG[0m [2mpanoptikon::inferio::http[0m[2m:[0m processing local inference predict [3mmodel[0m[2m=[0mdoctr/db_resnet50_crnn_mobilenet_v3_small [3minputs[0m[2m=[0m1
[2m2026-09-17T01:33:30.645046Z[0m [34mDEBUG[0m [2mpanoptikon::inferio::http[0m[2m:[0m processing local inference predict [3mmodel[0m[2m=[0mdoctr/db_resnet50_crnn_mobilenet_v3_small [3minputs[0m[2m=[0m1
[2m2026-09-17T01:33:30.645097Z[0m [34mDEBUG[0m [2mpanoptikon::inferio::http[0m[2m:[0m processing local inference predict [3mmodel[0m[2m=[0mdoctr/db_resnet50_crnn_mobilenet_v3_small [3minputs[0m[2m=[0m1
[2m2026-09-17T01:33:30.645104Z[0m [34mDEBUG[0m [2mpanoptikon::inferio::http[0m[2m:[0m processing local inference predict [3mmodel[0m[2m=[0mdoctr/db_resnet50_crnn_mobilenet_v3_small [3minputs[0m[2m=[0m1
[2m2026-09-17T01:33:30.645132Z[0m [34mDEBUG[0m [2mpanoptikon::inferio::http[0m[2m:[0m processing local inference predict [3mmodel[0m[2m=[0mdoctr/db_resnet50_crnn_mobilenet_v3_small [3minputs[0m[2m=[0m1
[2m2026-09-17T01:33:30.645122Z[0m [34mDEBUG[0m [2mpanoptikon::inferio::http[0m[2m:[0m processing local inference predict [3mmodel[0m[2m=[0mdoctr/db_resnet50_crnn_mobilenet_v3_small [3minputs[0m[2m=[0m1
[2m2026-09-17T01:33:30.645146Z[0m [34mDEBUG[0m [2mpanoptikon::inferio::http[0m[2m:[0m processing local inference predict [3mmodel[0m[2m=[0mdoctr/db_resnet50_crnn_mobilenet_v3_small [3minputs[0m[2m=[0m1
[2m2026-09-17T01:33:30.645150Z[0m [34mDEBUG[0m [2mpanoptikon::inferio::http[0m[2m:[0m processing local inference predict [3mmodel[0m[2m=[0mdoctr/db_resnet50_crnn_mobilenet_v3_small [3minputs[0m[2m=[0m1
[2m2026-09-17T01:33:30.645366Z[0m [34mDEBUG[0m [2mpanoptikon::inferio::http[0m[2m:[0m processing local inference predict [3mmodel[0m[2m=[0mdoctr/db_resnet50_crnn_mobilenet_v3_small [3minputs[0m[2m=[0m1
[2m2026-09-17T01:33:30.645497Z[0m [34mDEBUG[0m [2mpanoptikon::inferio::http[0m[2m:[0m processing local inference predict [3mmodel[0m[2m=[0mdoctr/db_resnet50_crnn_mobilenet_v3_small [3minputs[0m[2m=[0m1
[2m2026-09-17T01:33:30.645963Z[0m [34mDEBUG[0m [2mpanoptikon::inferio::http[0m[2m:[0m processing local inference predict [3mmodel[0m[2m=[0mdoctr/db_resnet50_crnn_mobilenet_v3_small [3minputs[0m[2m=[0m1
[2m2026-09-17T01:33:30.646124Z[0m [34mDEBUG[0m [2mpanoptikon::inferio::http[0m[2m:[0m processing local inference predict [3mmodel[0m[2m=[0mdoctr/db_resnet50_crnn_mobilenet_v3_small [3minputs[0m[2m=[0m1
[2m2026-09-17T01:33:30.646126Z[0m [34mDEBUG[0m [2mpanoptikon::inferio::http[0m[2m:[0m processing local inference predict [3mmodel[0m[2m=[0mdoctr/db_resnet50_crnn_mobilenet_v3_small [3minputs[0m[2m=[0m1
[2m2026-09-17T01:33:30.646163Z[0m [34mDEBUG[0m [2mpanoptikon::inferio::http[0m[2m:[0m processing local inference predict [3mmodel[0m[2m=[0mdoctr/db_resnet50_crnn_mobilenet_v3_small [3minputs[0m[2m=[0m1
[2m2026-09-17T01:33:30.646230Z[0m [34mDEBUG[0m [2mpanoptikon::inferio::http[0m[2m:[0m processing local inference predict [3mmodel[0m[2m=[0mdoctr/db_resnet50_crnn_mobilenet_v3_small [3minputs[0m[2m=[0m1
[2m2026-09-17T01:33:30.646251Z[0m [34mDEBUG[0m [2mpanoptikon::inferio::http[0m[2m:[0m processing local inference predict [3mmodel[0m[2m=[0mdoctr/db_resnet50_crnn_mobilenet_v3_small [3minputs[0m[2m=[0m1
[2m2026-09-17T01:33:30.646259Z[0m [34mDEBUG[0m [2mpanoptikon::inferio::http[0m[2m:[0m processing local inference predict [3mmodel[0m[2m=[0mdoctr/db_resnet50_crnn_mobilenet_v3_small [3minputs[0m[2m=[0m1
[2m2026-09-17T01:33:30.646261Z[0m [34mDEBUG[0m [2mpanoptikon::inferio::http[0m[2m:[0m processing local inference predict [3mmodel[0m[2m=[0mdoctr/db_resnet50_crnn_mobilenet_v3_small [3minputs[0m[2m=[0m1
[2m2026-09-17T01:33:30.646287Z[0m [34mDEBUG[0m [2mpanoptikon::inferio::http[0m[2m:[0m processing local inference predict [3mmodel[0m[2m=[0mdoctr/db_resnet50_crnn_mobilenet_v3_small [3minputs[0m[2m=[0m1
[2m2026-09-17T01:33:30.646321Z[0m [34mDEBUG[0m [2mpanoptikon::inferio::http[0m[2m:[0m processing local inference predict [3mmodel[0m[2m=[0mdoctr/db_resnet50_crnn_mobilenet_v3_small [3minputs[0m[2m=[0m1
[2m2026-09-17T01:33:30.646329Z[0m [34mDEBUG[0m [2mpanoptikon::inferio::http[0m[2m:[0m processing local inference predict [3mmodel[0m[2m=[0mdoctr/db_resnet50_crnn_mobilenet_v3_small [3minputs[0m[2m=[0m1
[2m2026-09-17T01:33:30.646356Z[0m [34mDEBUG[0m [2mpanoptikon::inferio::http[0m[2m:[0m processing local inference predict [3mmodel[0m[2m=[0mdoctr/db_resnet50_crnn_mobilenet_v3_small [3minputs[0m[2m=[0m1
[2m2026-09-17T01:33:30.646290Z[0m [34mDEBUG[0m [2mpanoptikon::inferio::http[0m[2m:[0m processing local inference predict [3mmodel[0m[2m=[0mdoctr/db_resnet50_crnn_mobilenet_v3_small [3minputs[0m[2m=[0m1
[2m2026-09-17T01:33:30.646391Z[0m [34mDEBUG[0m [2mpanoptikon::inferio::http[0m[2m:[0m processing local inference predict [3mmodel[0m[2m=[0mdoctr/db_resnet50_crnn_mobilenet_v3_small [3minputs[0m[2m=[0m1
[2m2026-09-17T01:33:30.646290Z[0m [34mDEBUG[0m [2mpanoptikon::inferio::http[0m[2m:[0m processing local inference predict [3mmodel[0m[2m=[0mdoctr/db_resnet50_crnn_mobilenet_v3_small [3minputs[0m[2m=[0m1
[2m2026-09-17T01:33:30.646651Z[0m [34mDEBUG[0m [2mpanoptikon::inferio::http[0m[2m:[0m processing local inference predict [3mmodel[0m[2m=[0mdoctr/db_resnet50_crnn_mobilenet_v3_small [3minputs[0m[2m=[0m1
[2m2026-09-17T01:33:30.646654Z[0m [34mDEBUG[0m [2mpanoptikon::inferio::http[0m[2m:[0m processing local inference predict [3mmodel[0m[2m=[0mdoctr/db_resnet50_crnn_mobilenet_v3_small [3minputs[0m[2m=[0m1
[2m2026-09-17T01:33:30.646721Z[0m [34mDEBUG[0m [2mpanoptikon::inferio::http[0m[2m:[0m processing local inference predict [3mmodel[0m[2m=[0mdoctr/db_resnet50_crnn_mobilenet_v3_small [3minputs[0m[2m=[0m1
[2m2026-09-17T01:33:30.646830Z[0m [34mDEBUG[0m [2mpanoptikon::inferio::http[0m[2m:[0m processing local inference predict [3mmodel[0m[2m=[0mdoctr/db_resnet50_crnn_mobilenet_v3_small [3minputs[0m[2m=[0m1
[2m2026-09-17T01:33:30.646857Z[0m [34mDEBUG[0m [2mpanoptikon::inferio::http[0m[2m:[0m processing local inference predict [3mmodel[0m[2m=[0mdoctr/db_resnet50_crnn_mobilenet_v3_small [3minputs[0m[2m=[0m1
[2m2026-09-17T01:33:30.646871Z[0m [34mDEBUG[0m [2mpanoptikon::inferio::http[0m[2m:[0m processing local inference predict [3mmodel[0m[2m=[0mdoctr/db_resnet50_crnn_mobilenet_v3_small [3minputs[0m[2m=[0m1
[2m2026-09-17T01:33:30.646881Z[0m [34mDEBUG[0m [2mpanoptikon::inferio::http[0m[2m:[0m processing local inference predict [3mmodel[0m[2m=[0mdoctr/db_resnet50_crnn_mobilenet_v3_small [3minputs[0m[2m=[0m1
[2m2026-09-17T01:33:30.646895Z[0m [34mDEBUG[0m [2mpanoptikon::inferio::http[0m[2m:[0m processing local inference predict [3mmodel[0m[2m=[0mdoctr/db_resnet50_crnn_mobilenet_v3_small [3minputs[0m[2m=[0m1
[2m2026-09-17T01:33:30.646906Z[0m [34mDEBUG[0m [2mpanoptikon::inferio::http[0m[2m:[0m processing local inference predict [3mmodel[0m[2m=[0mdoctr/db_resnet50_crnn_mobilenet_v3_small [3minputs[0m[2m=[0m1
[2m2026-09-17T01:33:30.646919Z[0m [34mDEBUG[0m [2mpanoptikon::inferio::http[0m[2m:[0m processing local inference predict [3mmodel[0m[2m=[0mdoctr/db_resnet50_crnn_mobilenet_v3_small [3minputs[0m[2m=[0m1
[2m2026-09-17T01:33:30.646884Z[0m [34mDEBUG[0m [2mpanoptikon::inferio::http[0m[2m:[0m processing local inference predict [3mmodel[0m[2m=[0mdoctr/db_resnet50_crnn_mobilenet_v3_small [3minputs[0m[2m=[0m1
[2m2026-09-17T01:33:30.646909Z[0m [34mDEBUG[0m [2mpanoptikon::inferio::http[0m[2m:[0m processing local inference predict [3mmodel[0m[2m=[0mdoctr/db_resnet50_crnn_mobilenet_v3_small [3minputs[0m[2m=[0m1
[2m2026-09-17T01:33:30.646913Z[0m [34mDEBUG[0m [2mpanoptikon::inferio::http[0m[2m:[0m processing local inference predict [3mmodel[0m[2m=[0mdoctr/db_resnet50_crnn_mobilenet_v3_small [3minputs[0m[2m=[0m1
[2m2026-09-17T01:33:30.646858Z[0m [34mDEBUG[0m [2mpanoptikon::inferio::http[0m[2m:[0m processing local inference predict [3mmodel[0m[2m=[0mdoctr/db_resnet50_crnn_mobilenet_v3_small [3minputs[0m[2m=[0m1
[2m2026-09-17T01:33:30.646892Z[0m [34mDEBUG[0m [2mpanoptikon::inferio::http[0m[2m:[0m processing local inference predict [3mmodel[0m[2m=[0mdoctr/db_resnet50_crnn_mobilenet_v3_small [3minputs[0m[2m=[0m1
[2m2026-09-17T01:33:30.646941Z[0m [34mDEBUG[0m [2mpanoptikon::inferio::http[0m[2m:[0m processing local inference predict [3mmodel[0m[2m=[0mdoctr/db_resnet50_crnn_mobilenet_v3_small [3minputs[0m[2m=[0m1
[2m2026-09-17T01:33:30.646957Z[0m [34mDEBUG[0m [2mpanoptikon::inferio::http[0m[2m:[0m processing local inference predict [3mmodel[0m[2m=[0mdoctr/db_resnet50_crnn_mobilenet_v3_small [3minputs[0m[2m=[0m1
[2m2026-09-17T01:33:31.190632Z[0m [34mDEBUG[0m [2mpanoptikon::inferio::ledger[0m[2m:[0m skipped the calibration store update: the worker reported no load footprint [3mmodel[0m[2m=[0mdoctr/db_resnet50_crnn_mobilenet_v3_small [3mgpu[0m[2m=[0mGPU-MPS [3mreason[0m[2m=[0m"no_base"
[2m2026-09-17T01:33:31.190663Z[0m [34mDEBUG[0m [2mpanoptikon::inferio::ledger[0m[2m:[0m settled a granted window [3mmodel[0m[2m=[0mdoctr/db_resnet50_crnn_mobilenet_v3_small [3mgpu[0m[2m=[0mGPU-MPS [3moutcome[0m[2m=[0m"clean" [3mfit_samples[0m[2m=[0m1 [3mthroughput_samples[0m[2m=[0m1 [3mclamped_samples[0m[2m=[0m0 [3mclamped[0m[2m=[0mnone [3mramp_step[0m[2m=[0m0 [3mdeflation[0m[2m=[0m0 [3mclean_windows[0m[2m=[0m1 [3mmax_units_measured[0m[2m=[0m1
[2m2026-09-17T01:33:31.190689Z[0m [34mDEBUG[0m [2mpanoptikon::inferio::ledger[0m[2m:[0m issued a memory grant [3mmodel[0m[2m=[0mdoctr/db_resnet50_crnn_mobilenet_v3_small [3mgpu[0m[2m=[0mGPU-MPS [3munit_budget[0m[2m=[0m2 [3mmb[0m[2m=[0m104643 [3mcanvas_pixels[0m[2m=[0mnone [3mshare_mb[0m[2m=[0m104643 [3mroom_mb[0m[2m=[0m104643 [3mheadroom_mb[0m[2m=[0m104643 [3mexternal_mb[0m[2m=[0m25405 [3mreserve_mb[0m[2m=[0m1024 [3mreserve_rule[0m[2m=[0m"capped_default" [3mpre_fit[0m[2m=[0mtrue [3mramp_step[0m[2m=[0m0 [3mdeflation[0m[2m=[0m0 [3msqueezed[0m[2m=[0mfalse [3mwindow_requests[0m[2m=[0m6
[2m2026-09-17T01:33:31.191474Z[0m [34mDEBUG[0m [2mpanoptikon::inferio::http[0m[2m:[0m processing local inference predict [3mmodel[0m[2m=[0mdoctr/db_resnet50_crnn_mobilenet_v3_small [3minputs[0m[2m=[0m1
[2m2026-09-17T01:33:31.192041Z[0m [34mDEBUG[0m [2mpanoptikon::inferio::http[0m[2m:[0m processing local inference predict [3mmodel[0m[2m=[0mdoctr/db_resnet50_crnn_mobilenet_v3_small [3minputs[0m[2m=[0m1
[2m2026-09-17T01:33:31.192080Z[0m [34mDEBUG[0m [2mpanoptikon::inferio::http[0m[2m:[0m processing local inference predict [3mmodel[0m[2m=[0mdoctr/db_resnet50_crnn_mobilenet_v3_small [3minputs[0m[2m=[0m1
[2m2026-09-17T01:33:31.192117Z[0m [34mDEBUG[0m [2mpanoptikon::inferio::http[0m[2m:[0m processing local inference predict [3mmodel[0m[2m=[0mdoctr/db_resnet50_crnn_mobilenet_v3_small [3minputs[0m[2m=[0m1
[2m2026-09-17T01:33:31.192130Z[0m [34mDEBUG[0m [2mpanoptikon::inferio::http[0m[2m:[0m processing local inference predict [3mmodel[0m[2m=[0mdoctr/db_resnet50_crnn_mobilenet_v3_small [3minputs[0m[2m=[0m1
[2m2026-09-17T01:33:31.192140Z[0m [34mDEBUG[0m [2mpanoptikon::inferio::http[0m[2m:[0m processing local inference predict [3mmodel[0m[2m=[0mdoctr/db_resnet50_crnn_mobilenet_v3_small [3minputs[0m[2m=[0m1
[2m2026-09-17T01:33:31.192121Z[0m [34mDEBUG[0m [2mpanoptikon::inferio::http[0m[2m:[0m processing local inference predict [3mmodel[0m[2m=[0mdoctr/db_resnet50_crnn_mobilenet_v3_small [3minputs[0m[2m=[0m1
[2m2026-09-17T01:33:31.192271Z[0m [34mDEBUG[0m [2mpanoptikon::inferio::http[0m[2m:[0m processing local inference predict [3mmodel[0m[2m=[0mdoctr/db_resnet50_crnn_mobilenet_v3_small [3minputs[0m[2m=[0m1
[2m2026-09-17T01:33:31.192284Z[0m [34mDEBUG[0m [2mpanoptikon::inferio::http[0m[2m:[0m processing local inference predict [3mmodel[0m[2m=[0mdoctr/db_resnet50_crnn_mobilenet_v3_small [3minputs[0m[2m=[0m1
[2m2026-09-17T01:33:31.192293Z[0m [34mDEBUG[0m [2mpanoptikon::inferio::http[0m[2m:[0m processing local inference predict [3mmodel[0m[2m=[0mdoctr/db_resnet50_crnn_mobilenet_v3_small [3minputs[0m[2m=[0m1
[2m2026-09-17T01:33:31.192307Z[0m [34mDEBUG[0m [2mpanoptikon::inferio::http[0m[2m:[0m processing local inference predict [3mmodel[0m[2m=[0mdoctr/db_resnet50_crnn_mobilenet_v3_small [3minputs[0m[2m=[0m1
[2m2026-09-17T01:33:31.192323Z[0m [34mDEBUG[0m [2mpanoptikon::inferio::http[0m[2m:[0m processing local inference predict [3mmodel[0m[2m=[0mdoctr/db_resnet50_crnn_mobilenet_v3_small [3minputs[0m[2m=[0m1
[2m2026-09-17T01:33:31.192336Z[0m [34mDEBUG[0m [2mpanoptikon::inferio::http[0m[2m:[0m processing local inference predict [3mmodel[0m[2m=[0mdoctr/db_resnet50_crnn_mobilenet_v3_small [3minputs[0m[2m=[0m1
[2m2026-09-17T01:33:31.192325Z[0m [34mDEBUG[0m [2mpanoptikon::inferio::http[0m[2m:[0m processing local inference predict [3mmodel[0m[2m=[0mdoctr/db_resnet50_crnn_mobilenet_v3_small [3minputs[0m[2m=[0m1
[2m2026-09-17T01:33:31.192449Z[0m [34mDEBUG[0m [2mpanoptikon::inferio::http[0m[2m:[0m processing local inference predict [3mmodel[0m[2m=[0mdoctr/db_resnet50_crnn_mobilenet_v3_small [3minputs[0m[2m=[0m1
[2m2026-09-17T01:33:31.192477Z[0m [34mDEBUG[0m [2mpanoptikon::inferio::http[0m[2m:[0m processing local inference predict [3mmodel[0m[2m=[0mdoctr/db_resnet50_crnn_mobilenet_v3_small [3minputs[0m[2m=[0m1
[2m2026-09-17T01:33:31.192516Z[0m [34mDEBUG[0m [2mpanoptikon::inferio::http[0m[2m:[0m processing local inference predict [3mmodel[0m[2m=[0mdoctr/db_resnet50_crnn_mobilenet_v3_small [3minputs[0m[2m=[0m1
[2m2026-09-17T01:33:31.192519Z[0m [34mDEBUG[0m [2mpanoptikon::inferio::http[0m[2m:[0m processing local inference predict [3mmodel[0m[2m=[0mdoctr/db_resnet50_crnn_mobilenet_v3_small [3minputs[0m[2m=[0m1
[2m2026-09-17T01:33:31.193012Z[0m [34mDEBUG[0m [2mpanoptikon::inferio::http[0m[2m:[0m processing local inference predict [3mmodel[0m[2m=[0mdoctr/db_resnet50_crnn_mobilenet_v3_small [3minputs[0m[2m=[0m1
[2m2026-09-17T01:33:31.193081Z[0m [34mDEBUG[0m [2mpanoptikon::inferio::http[0m[2m:[0m processing local inference predict [3mmodel[0m[2m=[0mdoctr/db_resnet50_crnn_mobilenet_v3_small [3minputs[0m[2m=[0m1
[2m2026-09-17T01:33:31.193081Z[0m [34mDEBUG[0m [2mpanoptikon::inferio::http[0m[2m:[0m processing local inference predict [3mmodel[0m[2m=[0mdoctr/db_resnet50_crnn_mobilenet_v3_small [3minputs[0m[2m=[0m1
[2m2026-09-17T01:33:31.193105Z[0m [34mDEBUG[0m [2mpanoptikon::inferio::http[0m[2m:[0m processing local inference predict [3mmodel[0m[2m=[0mdoctr/db_resnet50_crnn_mobilenet_v3_small [3minputs[0m[2m=[0m1
[2m2026-09-17T01:33:31.194605Z[0m [34mDEBUG[0m [2mpanoptikon::inferio::http[0m[2m:[0m processing local inference predict [3mmodel[0m[2m=[0mdoctr/db_resnet50_crnn_mobilenet_v3_small [3minputs[0m[2m=[0m1
[2m2026-09-17T01:33:31.194923Z[0m [34mDEBUG[0m [2mpanoptikon::inferio::http[0m[2m:[0m processing local inference predict [3mmodel[0m[2m=[0mdoctr/db_resnet50_crnn_mobilenet_v3_small [3minputs[0m[2m=[0m1
[2m2026-09-17T01:33:31.194990Z[0m [34mDEBUG[0m [2mpanoptikon::inferio::http[0m[2m:[0m processing local inference predict [3mmodel[0m[2m=[0mdoctr/db_resnet50_crnn_mobilenet_v3_small [3minputs[0m[2m=[0m1
[2m2026-09-17T01:33:31.195023Z[0m [34mDEBUG[0m [2mpanoptikon::inferio::http[0m[2m:[0m processing local inference predict [3mmodel[0m[2m=[0mdoctr/db_resnet50_crnn_mobilenet_v3_small [3minputs[0m[2m=[0m1
[2m2026-09-17T01:33:31.195047Z[0m [34mDEBUG[0m [2mpanoptikon::inferio::http[0m[2m:[0m processing local inference predict [3mmodel[0m[2m=[0mdoctr/db_resnet50_crnn_mobilenet_v3_small [3minputs[0m[2m=[0m1
[2m2026-09-17T01:33:31.195094Z[0m [34mDEBUG[0m [2mpanoptikon::inferio::http[0m[2m:[0m processing local inference predict [3mmodel[0m[2m=[0mdoctr/db_resnet50_crnn_mobilenet_v3_small [3minputs[0m[2m=[0m1
[2m2026-09-17T01:33:31.195125Z[0m [34mDEBUG[0m [2mpanoptikon::inferio::http[0m[2m:[0m processing local inference predict [3mmodel[0m[2m=[0mdoctr/db_resnet50_crnn_mobilenet_v3_small [3minputs[0m[2m=[0m1
[2m2026-09-17T01:33:31.195145Z[0m [34mDEBUG[0m [2mpanoptikon::inferio::http[0m[2m:[0m processing local inference predict [3mmodel[0m[2m=[0mdoctr/db_resnet50_crnn_mobilenet_v3_small [3minputs[0m[2m=[0m1
[2m2026-09-17T01:33:31.195167Z[0m [34mDEBUG[0m [2mpanoptikon::inferio::http[0m[2m:[0m processing local inference predict [3mmodel[0m[2m=[0mdoctr/db_resnet50_crnn_mobilenet_v3_small [3minputs[0m[2m=[0m1
[2m2026-09-17T01:33:31.195183Z[0m [34mDEBUG[0m [2mpanoptikon::inferio::http[0m[2m:[0m processing local inference predict [3mmodel[0m[2m=[0mdoctr/db_resnet50_crnn_mobilenet_v3_small [3minputs[0m[2m=[0m4
[2m2026-09-17T01:33:31.195254Z[0m [34mDEBUG[0m [2mpanoptikon::inferio::http[0m[2m:[0m processing local inference predict [3mmodel[0m[2m=[0mdoctr/db_resnet50_crnn_mobilenet_v3_small [3minputs[0m[2m=[0m4
[2m2026-09-17T01:33:31.195259Z[0m [34mDEBUG[0m [2mpanoptikon::inferio::http[0m[2m:[0m processing local inference predict [3mmodel[0m[2m=[0mdoctr/db_resnet50_crnn_mobilenet_v3_small [3minputs[0m[2m=[0m1
[2m2026-09-17T01:33:31.195281Z[0m [34mDEBUG[0m [2mpanoptikon::inferio::http[0m[2m:[0m processing local inference predict [3mmodel[0m[2m=[0mdoctr/db_resnet50_crnn_mobilenet_v3_small [3minputs[0m[2m=[0m1
[2m2026-09-17T01:33:31.195382Z[0m [34mDEBUG[0m [2mpanoptikon::inferio::http[0m[2m:[0m processing local inference predict [3mmodel[0m[2m=[0mdoctr/db_resnet50_crnn_mobilenet_v3_small [3minputs[0m[2m=[0m1
[2m2026-09-17T01:33:31.195404Z[0m [34mDEBUG[0m [2mpanoptikon::inferio::http[0m[2m:[0m processing local inference predict [3mmodel[0m[2m=[0mdoctr/db_resnet50_crnn_mobilenet_v3_small [3minputs[0m[2m=[0m1
[2m2026-09-17T01:33:31.195406Z[0m [34mDEBUG[0m [2mpanoptikon::inferio::http[0m[2m:[0m processing local inference predict [3mmodel[0m[2m=[0mdoctr/db_resnet50_crnn_mobilenet_v3_small [3minputs[0m[2m=[0m1
[2m2026-09-17T01:33:31.195440Z[0m [34mDEBUG[0m [2mpanoptikon::inferio::http[0m[2m:[0m processing local inference predict [3mmodel[0m[2m=[0mdoctr/db_resnet50_crnn_mobilenet_v3_small [3minputs[0m[2m=[0m1
[2m2026-09-17T01:33:31.195452Z[0m [34mDEBUG[0m [2mpanoptikon::inferio::http[0m[2m:[0m processing local inference predict [3mmodel[0m[2m=[0mdoctr/db_resnet50_crnn_mobilenet_v3_small [3minputs[0m[2m=[0m1
[2m2026-09-17T01:33:31.195409Z[0m [34mDEBUG[0m [2mpanoptikon::inferio::http[0m[2m:[0m processing local inference predict [3mmodel[0m[2m=[0mdoctr/db_resnet50_crnn_mobilenet_v3_small [3minputs[0m[2m=[0m1
[2m2026-09-17T01:33:31.195444Z[0m [34mDEBUG[0m [2mpanoptikon::inferio::http[0m[2m:[0m processing local inference predict [3mmodel[0m[2m=[0mdoctr/db_resnet50_crnn_mobilenet_v3_small [3minputs[0m[2m=[0m1
[2m2026-09-17T01:33:31.195486Z[0m [34mDEBUG[0m [2mpanoptikon::inferio::http[0m[2m:[0m processing local inference predict [3mmodel[0m[2m=[0mdoctr/db_resnet50_crnn_mobilenet_v3_small [3minputs[0m[2m=[0m1
[2m2026-09-17T01:33:31.195496Z[0m [34mDEBUG[0m [2mpanoptikon::inferio::http[0m[2m:[0m processing local inference predict [3mmodel[0m[2m=[0mdoctr/db_resnet50_crnn_mobilenet_v3_small [3minputs[0m[2m=[0m1
[2m2026-09-17T01:33:31.195466Z[0m [34mDEBUG[0m [2mpanoptikon::inferio::http[0m[2m:[0m processing local inference predict [3mmodel[0m[2m=[0mdoctr/db_resnet50_crnn_mobilenet_v3_small [3minputs[0m[2m=[0m1
[2m2026-09-17T01:33:31.195469Z[0m [34mDEBUG[0m [2mpanoptikon::inferio::http[0m[2m:[0m processing local inference predict [3mmodel[0m[2m=[0mdoctr/db_resnet50_crnn_mobilenet_v3_small [3minputs[0m[2m=[0m1
[2m2026-09-17T01:33:31.195490Z[0m [34mDEBUG[0m [2mpanoptikon::inferio::http[0m[2m:[0m processing local inference predict [3mmodel[0m[2m=[0mdoctr/db_resnet50_crnn_mobilenet_v3_small [3minputs[0m[2m=[0m1
[2m2026-09-17T01:33:31.195407Z[0m [34mDEBUG[0m [2mpanoptikon::inferio::http[0m[2m:[0m processing local inference predict [3mmodel[0m[2m=[0mdoctr/db_resnet50_crnn_mobilenet_v3_small [3minputs[0m[2m=[0m1
[2m2026-09-17T01:33:31.195409Z[0m [34mDEBUG[0m [2mpanoptikon::inferio::http[0m[2m:[0m processing local inference predict [3mmodel[0m[2m=[0mdoctr/db_resnet50_crnn_mobilenet_v3_small [3minputs[0m[2m=[0m1
[2m2026-09-17T01:33:31.195516Z[0m [34mDEBUG[0m [2mpanoptikon::inferio::http[0m[2m:[0m processing local inference predict [3mmodel[0m[2m=[0mdoctr/db_resnet50_crnn_mobilenet_v3_small [3minputs[0m[2m=[0m1
[2m2026-09-17T01:33:31.195530Z[0m [34mDEBUG[0m [2mpanoptikon::inferio::http[0m[2m:[0m processing local inference predict [3mmodel[0m[2m=[0mdoctr/db_resnet50_crnn_mobilenet_v3_small [3minputs[0m[2m=[0m1
[2m2026-09-17T01:33:31.195534Z[0m [34mDEBUG[0m [2mpanoptikon::inferio::http[0m[2m:[0m processing local inference predict [3mmodel[0m[2m=[0mdoctr/db_resnet50_crnn_mobilenet_v3_small [3minputs[0m[2m=[0m1
[2m2026-09-17T01:33:31.195637Z[0m [34mDEBUG[0m [2mpanoptikon::inferio::http[0m[2m:[0m processing local inference predict [3mmodel[0m[2m=[0mdoctr/db_resnet50_crnn_mobilenet_v3_small [3minputs[0m[2m=[0m1
[2m2026-09-17T01:33:31.195699Z[0m [34mDEBUG[0m [2mpanoptikon::inferio::http[0m[2m:[0m processing local inference predict [3mmodel[0m[2m=[0mdoctr/db_resnet50_crnn_mobilenet_v3_small [3minputs[0m[2m=[0m1
[2m2026-09-17T01:33:31.195711Z[0m [34mDEBUG[0m [2mpanoptikon::inferio::http[0m[2m:[0m processing local inference predict [3mmodel[0m[2m=[0mdoctr/db_resnet50_crnn_mobilenet_v3_small [3minputs[0m[2m=[0m1
[2m2026-09-17T01:33:31.195703Z[0m [34mDEBUG[0m [2mpanoptikon::inferio::http[0m[2m:[0m processing local inference predict [3mmodel[0m[2m=[0mdoctr/db_resnet50_crnn_mobilenet_v3_small [3minputs[0m[2m=[0m1
[2m2026-09-17T01:33:31.195798Z[0m [34mDEBUG[0m [2mpanoptikon::inferio::http[0m[2m:[0m processing local inference predict [3mmodel[0m[2m=[0mdoctr/db_resnet50_crnn_mobilenet_v3_small [3minputs[0m[2m=[0m1
[2m2026-09-17T01:33:31.195801Z[0m [34mDEBUG[0m [2mpanoptikon::inferio::http[0m[2m:[0m processing local inference predict [3mmodel[0m[2m=[0mdoctr/db_resnet50_crnn_mobilenet_v3_small [3minputs[0m[2m=[0m1
[2m2026-09-17T01:33:31.195922Z[0m [34mDEBUG[0m [2mpanoptikon::inferio::http[0m[2m:[0m processing local inference predict [3mmodel[0m[2m=[0mdoctr/db_resnet50_crnn_mobilenet_v3_small [3minputs[0m[2m=[0m1
[2m2026-09-17T01:33:31.196065Z[0m [34mDEBUG[0m [2mpanoptikon::inferio::http[0m[2m:[0m processing local inference predict [3mmodel[0m[2m=[0mdoctr/db_resnet50_crnn_mobilenet_v3_small [3minputs[0m[2m=[0m1
[2m2026-09-17T01:33:31.196083Z[0m [34mDEBUG[0m [2mpanoptikon::inferio::http[0m[2m:[0m processing local inference predict [3mmodel[0m[2m=[0mdoctr/db_resnet50_crnn_mobilenet_v3_small [3minputs[0m[2m=[0m1
[2m2026-09-17T01:33:31.196095Z[0m [34mDEBUG[0m [2mpanoptikon::inferio::http[0m[2m:[0m processing local inference predict [3mmodel[0m[2m=[0mdoctr/db_resnet50_crnn_mobilenet_v3_small [3minputs[0m[2m=[0m1
[2m2026-09-17T01:33:31.196113Z[0m [34mDEBUG[0m [2mpanoptikon::inferio::http[0m[2m:[0m processing local inference predict [3mmodel[0m[2m=[0mdoctr/db_resnet50_crnn_mobilenet_v3_small [3minputs[0m[2m=[0m1
[2m2026-09-17T01:33:31.196165Z[0m [34mDEBUG[0m [2mpanoptikon::inferio::http[0m[2m:[0m processing local inference predict [3mmodel[0m[2m=[0mdoctr/db_resnet50_crnn_mobilenet_v3_small [3minputs[0m[2m=[0m1
[2m2026-09-17T01:33:31.196177Z[0m [34mDEBUG[0m [2mpanoptikon::inferio::http[0m[2m:[0m processing local inference predict [3mmodel[0m[2m=[0mdoctr/db_resnet50_crnn_mobilenet_v3_small [3minputs[0m[2m=[0m1
[2m2026-09-17T01:33:31.196180Z[0m [34mDEBUG[0m [2mpanoptikon::inferio::http[0m[2m:[0m processing local inference predict [3mmodel[0m[2m=[0mdoctr/db_resnet50_crnn_mobilenet_v3_small [3minputs[0m[2m=[0m1
[2m2026-09-17T01:33:31.196209Z[0m [34mDEBUG[0m [2mpanoptikon::inferio::http[0m[2m:[0m processing local inference predict [3mmodel[0m[2m=[0mdoctr/db_resnet50_crnn_mobilenet_v3_small [3minputs[0m[2m=[0m1
[2m2026-09-17T01:33:31.196221Z[0m [34mDEBUG[0m [2mpanoptikon::inferio::http[0m[2m:[0m processing local inference predict [3mmodel[0m[2m=[0mdoctr/db_resnet50_crnn_mobilenet_v3_small [3minputs[0m[2m=[0m1
[2m2026-09-17T01:33:31.196240Z[0m [34mDEBUG[0m [2mpanoptikon::inferio::http[0m[2m:[0m processing local inference predict [3mmodel[0m[2m=[0mdoctr/db_resnet50_crnn_mobilenet_v3_small [3minputs[0m[2m=[0m1
[2m2026-09-17T01:33:31.196286Z[0m [34mDEBUG[0m [2mpanoptikon::inferio::http[0m[2m:[0m processing local inference predict [3mmodel[0m[2m=[0mdoctr/db_resnet50_crnn_mobilenet_v3_small [3minputs[0m[2m=[0m1
[2m2026-09-17T01:33:31.196345Z[0m [34mDEBUG[0m [2mpanoptikon::inferio::http[0m[2m:[0m processing local inference predict [3mmodel[0m[2m=[0mdoctr/db_resnet50_crnn_mobilenet_v3_small [3minputs[0m[2m=[0m1
[2m2026-09-17T01:33:31.196618Z[0m [34mDEBUG[0m [2mpanoptikon::inferio::http[0m[2m:[0m processing local inference predict [3mmodel[0m[2m=[0mdoctr/db_resnet50_crnn_mobilenet_v3_small [3minputs[0m[2m=[0m1
[2m2026-09-17T01:33:31.196634Z[0m [34mDEBUG[0m [2mpanoptikon::inferio::http[0m[2m:[0m processing local inference predict [3mmodel[0m[2m=[0mdoctr/db_resnet50_crnn_mobilenet_v3_small [3minputs[0m[2m=[0m1
[2m2026-09-17T01:33:31.196746Z[0m [34mDEBUG[0m [2mpanoptikon::inferio::http[0m[2m:[0m processing local inference predict [3mmodel[0m[2m=[0mdoctr/db_resnet50_crnn_mobilenet_v3_small [3minputs[0m[2m=[0m1
[2m2026-09-17T01:33:31.196746Z[0m [34mDEBUG[0m [2mpanoptikon::inferio::http[0m[2m:[0m processing local inference predict [3mmodel[0m[2m=[0mdoctr/db_resnet50_crnn_mobilenet_v3_small [3minputs[0m[2m=[0m1
[2m2026-09-17T01:33:31.196788Z[0m [34mDEBUG[0m [2mpanoptikon::inferio::http[0m[2m:[0m processing local inference predict [3mmodel[0m[2m=[0mdoctr/db_resnet50_crnn_mobilenet_v3_small [3minputs[0m[2m=[0m1
[2m2026-09-17T01:33:31.196812Z[0m [34mDEBUG[0m [2mpanoptikon::inferio::http[0m[2m:[0m processing local inference predict [3mmodel[0m[2m=[0mdoctr/db_resnet50_crnn_mobilenet_v3_small [3minputs[0m[2m=[0m1
[2m2026-09-17T01:33:31.196834Z[0m [34mDEBUG[0m [2mpanoptikon::inferio::http[0m[2m:[0m processing local inference predict [3mmodel[0m[2m=[0mdoctr/db_resnet50_crnn_mobilenet_v3_small [3minputs[0m[2m=[0m1
[2m2026-09-17T01:33:31.196843Z[0m [34mDEBUG[0m [2mpanoptikon::inferio::http[0m[2m:[0m processing local inference predict [3mmodel[0m[2m=[0mdoctr/db_resnet50_crnn_mobilenet_v3_small [3minputs[0m[2m=[0m1
[2m2026-09-17T01:33:31.196879Z[0m [34mDEBUG[0m [2mpanoptikon::inferio::http[0m[2m:[0m processing local inference predict [3mmodel[0m[2m=[0mdoctr/db_resnet50_crnn_mobilenet_v3_small [3minputs[0m[2m=[0m1
[2m2026-09-17T01:33:31.196901Z[0m [34mDEBUG[0m [2mpanoptikon::inferio::http[0m[2m:[0m processing local inference predict [3mmodel[0m[2m=[0mdoctr/db_resnet50_crnn_mobilenet_v3_small [3minputs[0m[2m=[0m1
[2m2026-09-17T01:33:31.196902Z[0m [34mDEBUG[0m [2mpanoptikon::inferio::http[0m[2m:[0m processing local inference predict [3mmodel[0m[2m=[0mdoctr/db_resnet50_crnn_mobilenet_v3_small [3minputs[0m[2m=[0m1
[2m2026-09-17T01:33:31.196938Z[0m [34mDEBUG[0m [2mpanoptikon::inferio::http[0m[2m:[0m processing local inference predict [3mmodel[0m[2m=[0mdoctr/db_resnet50_crnn_mobilenet_v3_small [3minputs[0m[2m=[0m1
[2m2026-09-17T01:33:31.196941Z[0m [34mDEBUG[0m [2mpanoptikon::inferio::http[0m[2m:[0m processing local inference predict [3mmodel[0m[2m=[0mdoctr/db_resnet50_crnn_mobilenet_v3_small [3minputs[0m[2m=[0m1
[2m2026-09-17T01:33:31.196965Z[0m [34mDEBUG[0m [2mpanoptikon::inferio::http[0m[2m:[0m processing local inference predict [3mmodel[0m[2m=[0mdoctr/db_resnet50_crnn_mobilenet_v3_small [3minputs[0m[2m=[0m1
[2m2026-09-17T01:33:31.196976Z[0m [34mDEBUG[0m [2mpanoptikon::inferio::http[0m[2m:[0m processing local inference predict [3mmodel[0m[2m=[0mdoctr/db_resnet50_crnn_mobilenet_v3_small [3minputs[0m[2m=[0m1
[2m2026-09-17T01:33:31.196977Z[0m [34mDEBUG[0m [2mpanoptikon::inferio::http[0m[2m:[0m processing local inference predict [3mmodel[0m[2m=[0mdoctr/db_resnet50_crnn_mobilenet_v3_small [3minputs[0m[2m=[0m1
[2m2026-09-17T01:33:31.196955Z[0m [34mDEBUG[0m [2mpanoptikon::inferio::http[0m[2m:[0m processing local inference predict [3mmodel[0m[2m=[0mdoctr/db_resnet50_crnn_mobilenet_v3_small [3minputs[0m[2m=[0m1
[2m2026-09-17T01:33:31.197035Z[0m [34mDEBUG[0m [2mpanoptikon::inferio::http[0m[2m:[0m processing local inference predict [3mmodel[0m[2m=[0mdoctr/db_resnet50_crnn_mobilenet_v3_small [3minputs[0m[2m=[0m1
[2m2026-09-17T01:33:31.197041Z[0m [34mDEBUG[0m [2mpanoptikon::inferio::http[0m[2m:[0m processing local inference predict [3mmodel[0m[2m=[0mdoctr/db_resnet50_crnn_mobilenet_v3_small [3minputs[0m[2m=[0m1
[2m2026-09-17T01:33:31.197043Z[0m [34mDEBUG[0m [2mpanoptikon::inferio::http[0m[2m:[0m processing local inference predict [3mmodel[0m[2m=[0mdoctr/db_resnet50_crnn_mobilenet_v3_small [3minputs[0m[2m=[0m1
[2m2026-09-17T01:33:31.197077Z[0m [34mDEBUG[0m [2mpanoptikon::inferio::http[0m[2m:[0m processing local inference predict [3mmodel[0m[2m=[0mdoctr/db_resnet50_crnn_mobilenet_v3_small [3minputs[0m[2m=[0m1
[2m2026-09-17T01:33:31.197083Z[0m [34mDEBUG[0m [2mpanoptikon::inferio::http[0m[2m:[0m processing local inference predict [3mmodel[0m[2m=[0mdoctr/db_resnet50_crnn_mobilenet_v3_small [3minputs[0m[2m=[0m1
[2m2026-09-17T01:33:31.197099Z[0m [34mDEBUG[0m [2mpanoptikon::inferio::http[0m[2m:[0m processing local inference predict [3mmodel[0m[2m=[0mdoctr/db_resnet50_crnn_mobilenet_v3_small [3minputs[0m[2m=[0m1
[2m2026-09-17T01:33:31.197109Z[0m [34mDEBUG[0m [2mpanoptikon::inferio::http[0m[2m:[0m processing local inference predict [3mmodel[0m[2m=[0mdoctr/db_resnet50_crnn_mobilenet_v3_small [3minputs[0m[2m=[0m1
[2m2026-09-17T01:33:31.197125Z[0m [34mDEBUG[0m [2mpanoptikon::inferio::http[0m[2m:[0m processing local inference predict [3mmodel[0m[2m=[0mdoctr/db_resnet50_crnn_mobilenet_v3_small [3minputs[0m[2m=[0m1
[2m2026-09-17T01:33:31.197132Z[0m [34mDEBUG[0m [2mpanoptikon::inferio::http[0m[2m:[0m processing local inference predict [3mmodel[0m[2m=[0mdoctr/db_resnet50_crnn_mobilenet_v3_small [3minputs[0m[2m=[0m1
[2m2026-09-17T01:33:31.197145Z[0m [34mDEBUG[0m [2mpanoptikon::inferio::http[0m[2m:[0m processing local inference predict [3mmodel[0m[2m=[0mdoctr/db_resnet50_crnn_mobilenet_v3_small [3minputs[0m[2m=[0m1
[2m2026-09-17T01:33:31.197147Z[0m [34mDEBUG[0m [2mpanoptikon::inferio::http[0m[2m:[0m processing local inference predict [3mmodel[0m[2m=[0mdoctr/db_resnet50_crnn_mobilenet_v3_small [3minputs[0m[2m=[0m1
[2m2026-09-17T01:33:31.197187Z[0m [34mDEBUG[0m [2mpanoptikon::inferio::http[0m[2m:[0m processing local inference predict [3mmodel[0m[2m=[0mdoctr/db_resnet50_crnn_mobilenet_v3_small [3minputs[0m[2m=[0m1
[2m2026-09-17T01:33:31.197199Z[0m [34mDEBUG[0m [2mpanoptikon::inferio::http[0m[2m:[0m processing local inference predict [3mmodel[0m[2m=[0mdoctr/db_resnet50_crnn_mobilenet_v3_small [3minputs[0m[2m=[0m1
[2m2026-09-17T01:33:31.197229Z[0m [34mDEBUG[0m [2mpanoptikon::inferio::http[0m[2m:[0m processing local inference predict [3mmodel[0m[2m=[0mdoctr/db_resnet50_crnn_mobilenet_v3_small [3minputs[0m[2m=[0m1
[2m2026-09-17T01:33:31.197273Z[0m [34mDEBUG[0m [2mpanoptikon::inferio::http[0m[2m:[0m processing local inference predict [3mmodel[0m[2m=[0mdoctr/db_resnet50_crnn_mobilenet_v3_small [3minputs[0m[2m=[0m1
[2m2026-09-17T01:33:31.197305Z[0m [34mDEBUG[0m [2mpanoptikon::inferio::http[0m[2m:[0m processing local inference predict [3mmodel[0m[2m=[0mdoctr/db_resnet50_crnn_mobilenet_v3_small [3minputs[0m[2m=[0m1
[2m2026-09-17T01:33:31.197331Z[0m [34mDEBUG[0m [2mpanoptikon::inferio::http[0m[2m:[0m processing local inference predict [3mmodel[0m[2m=[0mdoctr/db_resnet50_crnn_mobilenet_v3_small [3minputs[0m[2m=[0m1
[2m2026-09-17T01:33:31.197364Z[0m [34mDEBUG[0m [2mpanoptikon::inferio::http[0m[2m:[0m processing local inference predict [3mmodel[0m[2m=[0mdoctr/db_resnet50_crnn_mobilenet_v3_small [3minputs[0m[2m=[0m1
[2m2026-09-17T01:33:31.197432Z[0m [34mDEBUG[0m [2mpanoptikon::inferio::http[0m[2m:[0m processing local inference predict [3mmodel[0m[2m=[0mdoctr/db_resnet50_crnn_mobilenet_v3_small [3minputs[0m[2m=[0m1
[2m2026-09-17T01:33:31.197563Z[0m [34mDEBUG[0m [2mpanoptikon::inferio::http[0m[2m:[0m processing local inference predict [3mmodel[0m[2m=[0mdoctr/db_resnet50_crnn_mobilenet_v3_small [3minputs[0m[2m=[0m1
[2m2026-09-17T01:33:31.197619Z[0m [34mDEBUG[0m [2mpanoptikon::inferio::http[0m[2m:[0m processing local inference predict [3mmodel[0m[2m=[0mdoctr/db_resnet50_crnn_mobilenet_v3_small [3minputs[0m[2m=[0m1
[2m2026-09-17T01:33:31.197718Z[0m [34mDEBUG[0m [2mpanoptikon::inferio::http[0m[2m:[0m processing local inference predict [3mmodel[0m[2m=[0mdoctr/db_resnet50_crnn_mobilenet_v3_small [3minputs[0m[2m=[0m4
[2m2026-09-17T01:33:31.197640Z[0m [34mDEBUG[0m [2mpanoptikon::inferio::http[0m[2m:[0m processing local inference predict [3mmodel[0m[2m=[0mdoctr/db_resnet50_crnn_mobilenet_v3_small [3minputs[0m[2m=[0m1
[2m2026-09-17T01:33:31.197789Z[0m [34mDEBUG[0m [2mpanoptikon::inferio::http[0m[2m:[0m processing local inference predict [3mmodel[0m[2m=[0mdoctr/db_resnet50_crnn_mobilenet_v3_small [3minputs[0m[2m=[0m1
[2m2026-09-17T01:33:31.197834Z[0m [34mDEBUG[0m [2mpanoptikon::inferio::http[0m[2m:[0m processing local inference predict [3mmodel[0m[2m=[0mdoctr/db_resnet50_crnn_mobilenet_v3_small [3minputs[0m[2m=[0m1
[2m2026-09-17T01:33:31.197842Z[0m [34mDEBUG[0m [2mpanoptikon::inferio::http[0m[2m:[0m processing local inference predict [3mmodel[0m[2m=[0mdoctr/db_resnet50_crnn_mobilenet_v3_small [3minputs[0m[2m=[0m4
[2m2026-09-17T01:33:31.197841Z[0m [34mDEBUG[0m [2mpanoptikon::inferio::http[0m[2m:[0m processing local inference predict [3mmodel[0m[2m=[0mdoctr/db_resnet50_crnn_mobilenet_v3_small [3minputs[0m[2m=[0m4
[2m2026-09-17T01:33:31.197854Z[0m [34mDEBUG[0m [2mpanoptikon::inferio::http[0m[2m:[0m processing local inference predict [3mmodel[0m[2m=[0mdoctr/db_resnet50_crnn_mobilenet_v3_small [3minputs[0m[2m=[0m1
[2m2026-09-17T01:33:33.085369Z[0m [34mDEBUG[0m [2mpanoptikon::inferio::ledger[0m[2m:[0m declining to fit a throughput knee: the ring's quiet buckets hold too few observations to read as a curve [3mobservations[0m[2m=[0m3 [3mmin_observations[0m[2m=[0m12 [3mbuckets[0m[2m=[0m1 [3mmin_buckets[0m[2m=[0m3
[2m2026-09-17T01:33:33.085401Z[0m [34mDEBUG[0m [2mpanoptikon::inferio::ledger[0m[2m:[0m settled a granted window [3mmodel[0m[2m=[0mdoctr/db_resnet50_crnn_mobilenet_v3_small [3mgpu[0m[2m=[0mGPU-MPS [3moutcome[0m[2m=[0m"clean" [3mfit_samples[0m[2m=[0m3 [3mthroughput_samples[0m[2m=[0m3 [3mclamped_samples[0m[2m=[0m0 [3mclamped[0m[2m=[0mnone [3mramp_step[0m[2m=[0m1 [3mdeflation[0m[2m=[0m0 [3mclean_windows[0m[2m=[0m2 [3mmax_units_measured[0m[2m=[0m2
[2m2026-09-17T01:33:33.085432Z[0m [34mDEBUG[0m [2mpanoptikon::inferio::ledger[0m[2m:[0m issued a memory grant [3mmodel[0m[2m=[0mdoctr/db_resnet50_crnn_mobilenet_v3_small [3mgpu[0m[2m=[0mGPU-MPS [3munit_budget[0m[2m=[0m4 [3mmb[0m[2m=[0m102445 [3mcanvas_pixels[0m[2m=[0mnone [3mshare_mb[0m[2m=[0m102445 [3mroom_mb[0m[2m=[0m102445 [3mheadroom_mb[0m[2m=[0m102445 [3mexternal_mb[0m[2m=[0m27603 [3mreserve_mb[0m[2m=[0m1024 [3mreserve_rule[0m[2m=[0m"capped_default" [3mpre_fit[0m[2m=[0mtrue [3mramp_step[0m[2m=[0m1 [3mdeflation[0m[2m=[0m0 [3msqueezed[0m[2m=[0mfalse [3mwindow_requests[0m[2m=[0m12
[2m2026-09-17T01:33:36.716446Z[0m [34mDEBUG[0m [2mpanoptikon::inferio::ledger[0m[2m:[0m declining to fit a throughput knee: the ring's quiet buckets hold too few observations to read as a curve [3mobservations[0m[2m=[0m6 [3mmin_observations[0m[2m=[0m12 [3mbuckets[0m[2m=[0m2 [3mmin_buckets[0m[2m=[0m3
[2m2026-09-17T01:33:36.716502Z[0m [34mDEBUG[0m [2mpanoptikon::inferio::ledger[0m[2m:[0m settled a granted window [3mmodel[0m[2m=[0mdoctr/db_resnet50_crnn_mobilenet_v3_small [3mgpu[0m[2m=[0mGPU-MPS [3moutcome[0m[2m=[0m"clean" [3mfit_samples[0m[2m=[0m3 [3mthroughput_samples[0m[2m=[0m3 [3mclamped_samples[0m[2m=[0m0 [3mclamped[0m[2m=[0mnone [3mramp_step[0m[2m=[0m2 [3mdeflation[0m[2m=[0m0 [3mclean_windows[0m[2m=[0m3 [3mmax_units_measured[0m[2m=[0m4
[2m2026-09-17T01:33:36.716535Z[0m [34mDEBUG[0m [2mpanoptikon::inferio::ledger[0m[2m:[0m issued a memory grant [3mmodel[0m[2m=[0mdoctr/db_resnet50_crnn_mobilenet_v3_small [3mgpu[0m[2m=[0mGPU-MPS [3munit_budget[0m[2m=[0m8 [3mmb[0m[2m=[0m102399 [3mcanvas_pixels[0m[2m=[0mnone [3mshare_mb[0m[2m=[0m102399 [3mroom_mb[0m[2m=[0m102399 [3mheadroom_mb[0m[2m=[0m102399 [3mexternal_mb[0m[2m=[0m27649 [3mreserve_mb[0m[2m=[0m1024 [3mreserve_rule[0m[2m=[0m"capped_default" [3mpre_fit[0m[2m=[0mtrue [3mramp_step[0m[2m=[0m2 [3mdeflation[0m[2m=[0m0 [3msqueezed[0m[2m=[0mfalse [3mwindow_requests[0m[2m=[0m24
[2m2026-09-17T01:33:43.938169Z[0m [32m INFO[0m [2mpanoptikon::inferio::ledger[0m[2m:[0m holding the throughput ramp at this rung: the rung is the top of a measured plateau [3mmodel[0m[2m=[0mdoctr/db_resnet50_crnn_mobilenet_v3_small [3mgpu[0m[2m=[0mGPU-MPS [3munits[0m[2m=[0m16 [3mcertified[0m[2m=[0mtrue [3mknee_binds[0m[2m=[0mfalse
[2m2026-09-17T01:33:43.938216Z[0m [34mDEBUG[0m [2mpanoptikon::inferio::ledger[0m[2m:[0m declining to fit a throughput knee: the ring's quiet buckets hold too few observations to read as a curve [3mobservations[0m[2m=[0m9 [3mmin_observations[0m[2m=[0m12 [3mbuckets[0m[2m=[0m3 [3mmin_buckets[0m[2m=[0m3
[2m2026-09-17T01:33:43.938229Z[0m [34mDEBUG[0m [2mpanoptikon::inferio::ledger[0m[2m:[0m settled a granted window [3mmodel[0m[2m=[0mdoctr/db_resnet50_crnn_mobilenet_v3_small [3mgpu[0m[2m=[0mGPU-MPS [3moutcome[0m[2m=[0m"clean" [3mfit_samples[0m[2m=[0m3 [3mthroughput_samples[0m[2m=[0m3 [3mclamped_samples[0m[2m=[0m0 [3mclamped[0m[2m=[0mnone [3mramp_step[0m[2m=[0m2 [3mdeflation[0m[2m=[0m0 [3mclean_windows[0m[2m=[0m4 [3mmax_units_measured[0m[2m=[0m8
[2m2026-09-17T01:33:43.938279Z[0m [34mDEBUG[0m [2mpanoptikon::inferio::ledger[0m[2m:[0m issued a memory grant [3mmodel[0m[2m=[0mdoctr/db_resnet50_crnn_mobilenet_v3_small [3mgpu[0m[2m=[0mGPU-MPS [3munit_budget[0m[2m=[0m16 [3mmb[0m[2m=[0m102281 [3mcanvas_pixels[0m[2m=[0mnone [3mshare_mb[0m[2m=[0m102281 [3mroom_mb[0m[2m=[0m102281 [3mheadroom_mb[0m[2m=[0m102281 [3mexternal_mb[0m[2m=[0m27767 [3mreserve_mb[0m[2m=[0m1024 [3mreserve_rule[0m[2m=[0m"capped_default" [3mpre_fit[0m[2m=[0mtrue [3mramp_step[0m[2m=[0m2 [3mdeflation[0m[2m=[0m0 [3msqueezed[0m[2m=[0mfalse [3mwindow_requests[0m[2m=[0m48
[2m2026-09-17T01:33:48.883875Z[0m [32m INFO[0m [2mpanoptikon::inferio::worker[0m[2m:[0m 2026-09-17 03:33:48,883 [DEBUG] PIL.PngImagePlugin: STREAM b'IHDR' 16 13 [3mworker[0m[2m=[0mdoctr
[2m2026-09-17T01:33:48.883913Z[0m [32m INFO[0m [2mpanoptikon::inferio::worker[0m[2m:[0m 2026-09-17 03:33:48,883 [DEBUG] PIL.PngImagePlugin: STREAM b'IDAT' 41 65536 [3mworker[0m[2m=[0mdoctr
[2m2026-09-17T01:33:53.768028Z[0m [32m INFO[0m [2mpanoptikon::inferio::worker[0m[2m:[0m 2026-09-17 03:33:53,767 [DEBUG] PIL.Image: Importing BlpImagePlugin [3mworker[0m[2m=[0mdoctr
[2m2026-09-17T01:33:53.768540Z[0m [32m INFO[0m [2mpanoptikon::inferio::worker[0m[2m:[0m 2026-09-17 03:33:53,768 [DEBUG] PIL.Image: Importing BmpImagePlugin [3mworker[0m[2m=[0mdoctr
[2m2026-09-17T01:33:53.768552Z[0m [32m INFO[0m [2mpanoptikon::inferio::worker[0m[2m:[0m 2026-09-17 03:33:53,768 [DEBUG] PIL.Image: Importing BufrStubImagePlugin [3mworker[0m[2m=[0mdoctr
[2m2026-09-17T01:33:53.768686Z[0m [32m INFO[0m [2mpanoptikon::inferio::worker[0m[2m:[0m 2026-09-17 03:33:53,768 [DEBUG] PIL.Image: Importing CurImagePlugin [3mworker[0m[2m=[0mdoctr
[2m2026-09-17T01:33:53.768803Z[0m [32m INFO[0m [2mpanoptikon::inferio::worker[0m[2m:[0m 2026-09-17 03:33:53,768 [DEBUG] PIL.Image: Importing DcxImagePlugin [3mworker[0m[2m=[0mdoctr
[2m2026-09-17T01:33:53.768993Z[0m [32m INFO[0m [2mpanoptikon::inferio::worker[0m[2m:[0m 2026-09-17 03:33:53,768 [DEBUG] PIL.Image: Importing DdsImagePlugin [3mworker[0m[2m=[0mdoctr
[2m2026-09-17T01:33:53.770175Z[0m [32m INFO[0m [2mpanoptikon::inferio::worker[0m[2m:[0m 2026-09-17 03:33:53,770 [DEBUG] PIL.Image: Importing EpsImagePlugin [3mworker[0m[2m=[0mdoctr
[2m2026-09-17T01:33:53.770438Z[0m [32m INFO[0m [2mpanoptikon::inferio::worker[0m[2m:[0m 2026-09-17 03:33:53,770 [DEBUG] PIL.Image: Importing FitsImagePlugin [3mworker[0m[2m=[0mdoctr
[2m2026-09-17T01:33:53.770551Z[0m [32m INFO[0m [2mpanoptikon::inferio::worker[0m[2m:[0m 2026-09-17 03:33:53,770 [DEBUG] PIL.Image: Importing FliImagePlugin [3mworker[0m[2m=[0mdoctr
[2m2026-09-17T01:33:53.770661Z[0m [32m INFO[0m [2mpanoptikon::inferio::worker[0m[2m:[0m 2026-09-17 03:33:53,770 [DEBUG] PIL.Image: Importing FpxImagePlugin [3mworker[0m[2m=[0mdoctr
[2m2026-09-17T01:33:53.770828Z[0m [32m INFO[0m [2mpanoptikon::inferio::worker[0m[2m:[0m 2026-09-17 03:33:53,770 [DEBUG] PIL.Image: Image: failed to import FpxImagePlugin: No module named 'olefile' [3mworker[0m[2m=[0mdoctr
[2m2026-09-17T01:33:53.770844Z[0m [32m INFO[0m [2mpanoptikon::inferio::worker[0m[2m:[0m 2026-09-17 03:33:53,770 [DEBUG] PIL.Image: Importing FtexImagePlugin [3mworker[0m[2m=[0mdoctr
[2m2026-09-17T01:33:53.770976Z[0m [32m INFO[0m [2mpanoptikon::inferio::worker[0m[2m:[0m 2026-09-17 03:33:53,770 [DEBUG] PIL.Image: Importing GbrImagePlugin [3mworker[0m[2m=[0mdoctr
[2m2026-09-17T01:33:53.771063Z[0m [32m INFO[0m [2mpanoptikon::inferio::worker[0m[2m:[0m 2026-09-17 03:33:53,771 [DEBUG] PIL.Image: Importing GifImagePlugin [3mworker[0m[2m=[0mdoctr
[2m2026-09-17T01:33:53.771072Z[0m [32m INFO[0m [2mpanoptikon::inferio::worker[0m[2m:[0m 2026-09-17 03:33:53,771 [DEBUG] PIL.Image: Importing GribStubImagePlugin [3mworker[0m[2m=[0mdoctr
[2m2026-09-17T01:33:53.771165Z[0m [32m INFO[0m [2mpanoptikon::inferio::worker[0m[2m:[0m 2026-09-17 03:33:53,771 [DEBUG] PIL.Image: Importing Hdf5StubImagePlugin [3mworker[0m[2m=[0mdoctr
[2m2026-09-17T01:33:53.771265Z[0m [32m INFO[0m [2mpanoptikon::inferio::worker[0m[2m:[0m 2026-09-17 03:33:53,771 [DEBUG] PIL.Image: Importing IcnsImagePlugin [3mworker[0m[2m=[0mdoctr
[2m2026-09-17T01:33:53.771644Z[0m [32m INFO[0m [2mpanoptikon::inferio::worker[0m[2m:[0m 2026-09-17 03:33:53,771 [DEBUG] PIL.Image: Importing IcoImagePlugin [3mworker[0m[2m=[0mdoctr
[2m2026-09-17T01:33:53.771855Z[0m [32m INFO[0m [2mpanoptikon::inferio::worker[0m[2m:[0m 2026-09-17 03:33:53,771 [DEBUG] PIL.Image: Importing ImImagePlugin [3mworker[0m[2m=[0mdoctr
[2m2026-09-17T01:33:53.772044Z[0m [32m INFO[0m [2mpanoptikon::inferio::worker[0m[2m:[0m 2026-09-17 03:33:53,772 [DEBUG] PIL.Image: Importing ImtImagePlugin [3mworker[0m[2m=[0mdoctr
[2m2026-09-17T01:33:53.772171Z[0m [32m INFO[0m [2mpanoptikon::inferio::worker[0m[2m:[0m 2026-09-17 03:33:53,772 [DEBUG] PIL.Image: Importing IptcImagePlugin [3mworker[0m[2m=[0mdoctr
[2m2026-09-17T01:33:53.772285Z[0m [32m INFO[0m [2mpanoptikon::inferio::worker[0m[2m:[0m 2026-09-17 03:33:53,772 [DEBUG] PIL.Image: Importing JpegImagePlugin [3mworker[0m[2m=[0mdoctr
[2m2026-09-17T01:33:53.772292Z[0m [32m INFO[0m [2mpanoptikon::inferio::worker[0m[2m:[0m 2026-09-17 03:33:53,772 [DEBUG] PIL.Image: Importing Jpeg2KImagePlugin [3mworker[0m[2m=[0mdoctr
[2m2026-09-17T01:33:53.772307Z[0m [32m INFO[0m [2mpanoptikon::inferio::worker[0m[2m:[0m 2026-09-17 03:33:53,772 [DEBUG] PIL.Image: Importing McIdasImagePlugin [3mworker[0m[2m=[0mdoctr
[2m2026-09-17T01:33:53.772385Z[0m [32m INFO[0m [2mpanoptikon::inferio::worker[0m[2m:[0m 2026-09-17 03:33:53,772 [DEBUG] PIL.Image: Importing MicImagePlugin [3mworker[0m[2m=[0mdoctr
[2m2026-09-17T01:33:53.772505Z[0m [32m INFO[0m [2mpanoptikon::inferio::worker[0m[2m:[0m 2026-09-17 03:33:53,772 [DEBUG] PIL.Image: Image: failed to import MicImagePlugin: No module named 'olefile' [3mworker[0m[2m=[0mdoctr
[2m2026-09-17T01:33:53.772513Z[0m [32m INFO[0m [2mpanoptikon::inferio::worker[0m[2m:[0m 2026-09-17 03:33:53,772 [DEBUG] PIL.Image: Importing MpegImagePlugin [3mworker[0m[2m=[0mdoctr
[2m2026-09-17T01:33:53.772611Z[0m [32m INFO[0m [2mpanoptikon::inferio::worker[0m[2m:[0m 2026-09-17 03:33:53,772 [DEBUG] PIL.Image: Importing MpoImagePlugin [3mworker[0m[2m=[0mdoctr
[2m2026-09-17T01:33:53.773205Z[0m [32m INFO[0m [2mpanoptikon::inferio::worker[0m[2m:[0m 2026-09-17 03:33:53,773 [DEBUG] PIL.Image: Importing MspImagePlugin [3mworker[0m[2m=[0mdoctr
[2m2026-09-17T01:33:53.773314Z[0m [32m INFO[0m [2mpanoptikon::inferio::worker[0m[2m:[0m 2026-09-17 03:33:53,773 [DEBUG] PIL.Image: Importing PalmImagePlugin [3mworker[0m[2m=[0mdoctr
[2m2026-09-17T01:33:53.773592Z[0m [32m INFO[0m [2mpanoptikon::inferio::worker[0m[2m:[0m 2026-09-17 03:33:53,773 [DEBUG] PIL.Image: Importing PcdImagePlugin [3mworker[0m[2m=[0mdoctr
[2m2026-09-17T01:33:53.773671Z[0m [32m INFO[0m [2mpanoptikon::inferio::worker[0m[2m:[0m 2026-09-17 03:33:53,773 [DEBUG] PIL.Image: Importing PcxImagePlugin [3mworker[0m[2m=[0mdoctr
[2m2026-09-17T01:33:53.773678Z[0m [32m INFO[0m [2mpanoptikon::inferio::worker[0m[2m:[0m 2026-09-17 03:33:53,773 [DEBUG] PIL.Image: Importing PdfImagePlugin [3mworker[0m[2m=[0mdoctr
[2m2026-09-17T01:33:53.775371Z[0m [32m INFO[0m [2mpanoptikon::inferio::worker[0m[2m:[0m 2026-09-17 03:33:53,775 [DEBUG] PIL.Image: Importing PixarImagePlugin [3mworker[0m[2m=[0mdoctr
[2m2026-09-17T01:33:53.775471Z[0m [32m INFO[0m [2mpanoptikon::inferio::worker[0m[2m:[0m 2026-09-17 03:33:53,775 [DEBUG] PIL.Image: Importing PngImagePlugin [3mworker[0m[2m=[0mdoctr
[2m2026-09-17T01:33:53.775478Z[0m [32m INFO[0m [2mpanoptikon::inferio::worker[0m[2m:[0m 2026-09-17 03:33:53,775 [DEBUG] PIL.Image: Importing PpmImagePlugin [3mworker[0m[2m=[0mdoctr
[2m2026-09-17T01:33:53.775493Z[0m [32m INFO[0m [2mpanoptikon::inferio::worker[0m[2m:[0m 2026-09-17 03:33:53,775 [DEBUG] PIL.Image: Importing PsdImagePlugin [3mworker[0m[2m=[0mdoctr
[2m2026-09-17T01:33:53.775625Z[0m [32m INFO[0m [2mpanoptikon::inferio::worker[0m[2m:[0m 2026-09-17 03:33:53,775 [DEBUG] PIL.Image: Importing QoiImagePlugin [3mworker[0m[2m=[0mdoctr
[2m2026-09-17T01:33:53.775712Z[0m [32m INFO[0m [2mpanoptikon::inferio::worker[0m[2m:[0m 2026-09-17 03:33:53,775 [DEBUG] PIL.Image: Importing SgiImagePlugin [3mworker[0m[2m=[0mdoctr
[2m2026-09-17T01:33:53.775824Z[0m [32m INFO[0m [2mpanoptikon::inferio::worker[0m[2m:[0m 2026-09-17 03:33:53,775 [DEBUG] PIL.Image: Importing SpiderImagePlugin [3mworker[0m[2m=[0mdoctr
[2m2026-09-17T01:33:53.775945Z[0m [32m INFO[0m [2mpanoptikon::inferio::worker[0m[2m:[0m 2026-09-17 03:33:53,775 [DEBUG] PIL.Image: Importing SunImagePlugin [3mworker[0m[2m=[0mdoctr
[2m2026-09-17T01:33:53.776033Z[0m [32m INFO[0m [2mpanoptikon::inferio::worker[0m[2m:[0m 2026-09-17 03:33:53,776 [DEBUG] PIL.Image: Importing TgaImagePlugin [3mworker[0m[2m=[0mdoctr
[2m2026-09-17T01:33:53.776131Z[0m [32m INFO[0m [2mpanoptikon::inferio::worker[0m[2m:[0m 2026-09-17 03:33:53,776 [DEBUG] PIL.Image: Importing TiffImagePlugin [3mworker[0m[2m=[0mdoctr
[2m2026-09-17T01:33:53.776138Z[0m [32m INFO[0m [2mpanoptikon::inferio::worker[0m[2m:[0m 2026-09-17 03:33:53,776 [DEBUG] PIL.Image: Importing WebPImagePlugin [3mworker[0m[2m=[0mdoctr
[2m2026-09-17T01:33:53.781979Z[0m [32m INFO[0m [2mpanoptikon::inferio::worker[0m[2m:[0m 2026-09-17 03:33:53,781 [DEBUG] PIL.Image: Importing WmfImagePlugin [3mworker[0m[2m=[0mdoctr
[2m2026-09-17T01:33:53.782112Z[0m [32m INFO[0m [2mpanoptikon::inferio::worker[0m[2m:[0m 2026-09-17 03:33:53,782 [DEBUG] PIL.Image: Importing XbmImagePlugin [3mworker[0m[2m=[0mdoctr
[2m2026-09-17T01:33:53.782381Z[0m [32m INFO[0m [2mpanoptikon::inferio::worker[0m[2m:[0m 2026-09-17 03:33:53,782 [DEBUG] PIL.Image: Importing XpmImagePlugin [3mworker[0m[2m=[0mdoctr
[2m2026-09-17T01:33:53.782532Z[0m [32m INFO[0m [2mpanoptikon::inferio::worker[0m[2m:[0m 2026-09-17 03:33:53,782 [DEBUG] PIL.Image: Importing XVThumbImagePlugin [3mworker[0m[2m=[0mdoctr
[2m2026-09-17T01:33:53.786693Z[0m [32m INFO[0m [2mpanoptikon::inferio::worker[0m[2m:[0m 2026-09-17 03:33:53,786 [DEBUG] PIL.PngImagePlugin: STREAM b'IHDR' 16 13 [3mworker[0m[2m=[0mdoctr
[2m2026-09-17T01:33:53.786712Z[0m [32m INFO[0m [2mpanoptikon::inferio::worker[0m[2m:[0m 2026-09-17 03:33:53,786 [DEBUG] PIL.PngImagePlugin: STREAM b'IDAT' 41 65536 [3mworker[0m[2m=[0mdoctr
[2m2026-09-17T01:33:53.796425Z[0m [32m INFO[0m [2mpanoptikon::inferio::worker[0m[2m:[0m 2026-09-17 03:33:53,796 [DEBUG] PIL.PngImagePlugin: STREAM b'IHDR' 16 13 [3mworker[0m[2m=[0mdoctr
[2m2026-09-17T01:33:53.796433Z[0m [32m INFO[0m [2mpanoptikon::inferio::worker[0m[2m:[0m 2026-09-17 03:33:53,796 [DEBUG] PIL.PngImagePlugin: STREAM b'IDAT' 41 65536 [3mworker[0m[2m=[0mdoctr
[2m2026-09-17T01:33:58.796771Z[0m [34mDEBUG[0m [2mpanoptikon::inferio::ledger[0m[2m:[0m fitted a throughput knee; batches larger than this are no longer admitted however much memory is free [3mmodel[0m[2m=[0mdoctr/db_resnet50_crnn_mobilenet_v3_small [3mgpu[0m[2m=[0mGPU-MPS [3mknee_units[0m[2m=[0m3 [3mprevious[0m[2m=[0mNone [3mobservations[0m[2m=[0m13
[2m2026-09-17T01:33:58.796816Z[0m [34mDEBUG[0m [2mpanoptikon::inferio::ledger[0m[2m:[0m settled a granted window [3mmodel[0m[2m=[0mdoctr/db_resnet50_crnn_mobilenet_v3_small [3mgpu[0m[2m=[0mGPU-MPS [3moutcome[0m[2m=[0m"clean" [3mfit_samples[0m[2m=[0m3 [3mthroughput_samples[0m[2m=[0m3 [3mclamped_samples[0m[2m=[0m0 [3mclamped[0m[2m=[0mnone [3mramp_step[0m[2m=[0m2 [3mdeflation[0m[2m=[0m0 [3mclean_windows[0m[2m=[0m5 [3mmax_units_measured[0m[2m=[0m16
[2m2026-09-17T01:33:58.796851Z[0m [34mDEBUG[0m [2mpanoptikon::inferio::ledger[0m[2m:[0m issued a memory grant [3mmodel[0m[2m=[0mdoctr/db_resnet50_crnn_mobilenet_v3_small [3mgpu[0m[2m=[0mGPU-MPS [3munit_budget[0m[2m=[0m3 [3mmb[0m[2m=[0m102718 [3mcanvas_pixels[0m[2m=[0mnone [3mshare_mb[0m[2m=[0m102718 [3mroom_mb[0m[2m=[0m102718 [3mheadroom_mb[0m[2m=[0m102718 [3mexternal_mb[0m[2m=[0m27330 [3mreserve_mb[0m[2m=[0m1024 [3mreserve_rule[0m[2m=[0m"capped_default" [3mpre_fit[0m[2m=[0mtrue [3mramp_step[0m[2m=[0m2 [3mdeflation[0m[2m=[0m0 [3msqueezed[0m[2m=[0mfalse [3mwindow_requests[0m[2m=[0m5
[2m2026-09-17T01:34:01.311621Z[0m [34mDEBUG[0m [2mpanoptikon::inferio::ledger[0m[2m:[0m settled a granted window [3mmodel[0m[2m=[0mdoctr/db_resnet50_crnn_mobilenet_v3_small [3mgpu[0m[2m=[0mGPU-MPS [3moutcome[0m[2m=[0m"clean" [3mfit_samples[0m[2m=[0m3 [3mthroughput_samples[0m[2m=[0m2 [3mclamped_samples[0m[2m=[0m0 [3mclamped[0m[2m=[0mnone [3mramp_step[0m[2m=[0m2 [3mdeflation[0m[2m=[0m0 [3mclean_windows[0m[2m=[0m6 [3mmax_units_measured[0m[2m=[0m16
[2m2026-09-17T01:34:01.311681Z[0m [34mDEBUG[0m [2mpanoptikon::inferio::ledger[0m[2m:[0m issued a memory grant [3mmodel[0m[2m=[0mdoctr/db_resnet50_crnn_mobilenet_v3_small [3mgpu[0m[2m=[0mGPU-MPS [3munit_budget[0m[2m=[0m3 [3mmb[0m[2m=[0m103107 [3mcanvas_pixels[0m[2m=[0mnone [3mshare_mb[0m[2m=[0m103107 [3mroom_mb[0m[2m=[0m103107 [3mheadroom_mb[0m[2m=[0m103107 [3mexternal_mb[0m[2m=[0m26941 [3mreserve_mb[0m[2m=[0m1024 [3mreserve_rule[0m[2m=[0m"capped_default" [3mpre_fit[0m[2m=[0mtrue [3mramp_step[0m[2m=[0m2 [3mdeflation[0m[2m=[0m0 [3msqueezed[0m[2m=[0mfalse [3mwindow_requests[0m[2m=[0m6
[2m2026-09-17T01:34:04.137702Z[0m [34mDEBUG[0m [2mpanoptikon::inferio::ledger[0m[2m:[0m settled a granted window [3mmodel[0m[2m=[0mdoctr/db_resnet50_crnn_mobilenet_v3_small [3mgpu[0m[2m=[0mGPU-MPS [3moutcome[0m[2m=[0m"clean" [3mfit_samples[0m[2m=[0m3 [3mthroughput_samples[0m[2m=[0m3 [3mclamped_samples[0m[2m=[0m0 [3mclamped[0m[2m=[0mnone [3mramp_step[0m[2m=[0m2 [3mdeflation[0m[2m=[0m0 [3mclean_windows[0m[2m=[0m7 [3mmax_units_measured[0m[2m=[0m16
[2m2026-09-17T01:34:04.137769Z[0m [34mDEBUG[0m [2mpanoptikon::inferio::ledger[0m[2m:[0m issued a memory grant [3mmodel[0m[2m=[0mdoctr/db_resnet50_crnn_mobilenet_v3_small [3mgpu[0m[2m=[0mGPU-MPS [3munit_budget[0m[2m=[0m3 [3mmb[0m[2m=[0m103301 [3mcanvas_pixels[0m[2m=[0mnone [3mshare_mb[0m[2m=[0m103301 [3mroom_mb[0m[2m=[0m103301 [3mheadroom_mb[0m[2m=[0m103301 [3mexternal_mb[0m[2m=[0m26747 [3mreserve_mb[0m[2m=[0m1024 [3mreserve_rule[0m[2m=[0m"capped_default" [3mpre_fit[0m[2m=[0mtrue [3mramp_step[0m[2m=[0m2 [3mdeflation[0m[2m=[0m0 [3msqueezed[0m[2m=[0mfalse [3mwindow_requests[0m[2m=[0m9
[2m2026-09-17T01:34:06.984861Z[0m [34mDEBUG[0m [2mpanoptikon::inferio::ledger[0m[2m:[0m settled a granted window [3mmodel[0m[2m=[0mdoctr/db_resnet50_crnn_mobilenet_v3_small [3mgpu[0m[2m=[0mGPU-MPS [3moutcome[0m[2m=[0m"clean" [3mfit_samples[0m[2m=[0m3 [3mthroughput_samples[0m[2m=[0m3 [3mclamped_samples[0m[2m=[0m0 [3mclamped[0m[2m=[0mnone [3mramp_step[0m[2m=[0m2 [3mdeflation[0m[2m=[0m0 [3mclean_windows[0m[2m=[0m8 [3mmax_units_measured[0m[2m=[0m16
[2m2026-09-17T01:34:06.984912Z[0m [34mDEBUG[0m [2mpanoptikon::inferio::ledger[0m[2m:[0m issued a memory grant [3mmodel[0m[2m=[0mdoctr/db_resnet50_crnn_mobilenet_v3_small [3mgpu[0m[2m=[0mGPU-MPS [3munit_budget[0m[2m=[0m3 [3mmb[0m[2m=[0m103318 [3mcanvas_pixels[0m[2m=[0mnone [3mshare_mb[0m[2m=[0m103318 [3mroom_mb[0m[2m=[0m103318 [3mheadroom_mb[0m[2m=[0m103318 [3mexternal_mb[0m[2m=[0m26730 [3mreserve_mb[0m[2m=[0m1024 [3mreserve_rule[0m[2m=[0m"capped_default" [3mpre_fit[0m[2m=[0mtrue [3mramp_step[0m[2m=[0m2 [3mdeflation[0m[2m=[0m0 [3msqueezed[0m[2m=[0mfalse [3mwindow_requests[0m[2m=[0m9
[2m2026-09-17T01:34:09.860636Z[0m [34mDEBUG[0m [2mpanoptikon::inferio::ledger[0m[2m:[0m settled a granted window [3mmodel[0m[2m=[0mdoctr/db_resnet50_crnn_mobilenet_v3_small [3mgpu[0m[2m=[0mGPU-MPS [3moutcome[0m[2m=[0m"clean" [3mfit_samples[0m[2m=[0m3 [3mthroughput_samples[0m[2m=[0m3 [3mclamped_samples[0m[2m=[0m0 [3mclamped[0m[2m=[0mnone [3mramp_step[0m[2m=[0m2 [3mdeflation[0m[2m=[0m0 [3mclean_windows[0m[2m=[0m9 [3mmax_units_measured[0m[2m=[0m16
[2m2026-09-17T01:34:09.860709Z[0m [34mDEBUG[0m [2mpanoptikon::inferio::ledger[0m[2m:[0m issued a memory grant [3mmodel[0m[2m=[0mdoctr/db_resnet50_crnn_mobilenet_v3_small [3mgpu[0m[2m=[0mGPU-MPS [3munit_budget[0m[2m=[0m3 [3mmb[0m[2m=[0m103564 [3mcanvas_pixels[0m[2m=[0mnone [3mshare_mb[0m[2m=[0m103564 [3mroom_mb[0m[2m=[0m103564 [3mheadroom_mb[0m[2m=[0m103564 [3mexternal_mb[0m[2m=[0m26484 [3mreserve_mb[0m[2m=[0m1024 [3mreserve_rule[0m[2m=[0m"capped_default" [3mpre_fit[0m[2m=[0mtrue [3mramp_step[0m[2m=[0m2 [3mdeflation[0m[2m=[0m0 [3msqueezed[0m[2m=[0mfalse [3mwindow_requests[0m[2m=[0m9
[2m2026-09-17T01:34:09.861643Z[0m [32m INFO[0m [2mpanoptikon::inferio::worker[0m[2m:[0m 2026-09-17 03:34:09,861 [DEBUG] PIL.PngImagePlugin: STREAM b'IHDR' 16 13 [3mworker[0m[2m=[0mdoctr
[2m2026-09-17T01:34:09.861666Z[0m [32m INFO[0m [2mpanoptikon::inferio::worker[0m[2m:[0m 2026-09-17 03:34:09,861 [DEBUG] PIL.PngImagePlugin: STREAM b'IDAT' 41 65536 [3mworker[0m[2m=[0mdoctr
[2m2026-09-17T01:34:09.870893Z[0m [32m INFO[0m [2mpanoptikon::inferio::worker[0m[2m:[0m 2026-09-17 03:34:09,870 [DEBUG] PIL.PngImagePlugin: STREAM b'IHDR' 16 13 [3mworker[0m[2m=[0mdoctr
[2m2026-09-17T01:34:09.870913Z[0m [32m INFO[0m [2mpanoptikon::inferio::worker[0m[2m:[0m 2026-09-17 03:34:09,870 [DEBUG] PIL.PngImagePlugin: STREAM b'IDAT' 41 65536 [3mworker[0m[2m=[0mdoctr
[2m2026-09-17T01:34:09.879738Z[0m [32m INFO[0m [2mpanoptikon::inferio::worker[0m[2m:[0m 2026-09-17 03:34:09,879 [DEBUG] PIL.PngImagePlugin: STREAM b'IHDR' 16 13 [3mworker[0m[2m=[0mdoctr
[2m2026-09-17T01:34:09.879750Z[0m [32m INFO[0m [2mpanoptikon::inferio::worker[0m[2m:[0m 2026-09-17 03:34:09,879 [DEBUG] PIL.PngImagePlugin: STREAM b'IDAT' 41 65536 [3mworker[0m[2m=[0mdoctr
[2m2026-09-17T01:34:12.719615Z[0m [34mDEBUG[0m [2mpanoptikon::inferio::ledger[0m[2m:[0m settled a granted window [3mmodel[0m[2m=[0mdoctr/db_resnet50_crnn_mobilenet_v3_small [3mgpu[0m[2m=[0mGPU-MPS [3moutcome[0m[2m=[0m"clean" [3mfit_samples[0m[2m=[0m3 [3mthroughput_samples[0m[2m=[0m3 [3mclamped_samples[0m[2m=[0m0 [3mclamped[0m[2m=[0mnone [3mramp_step[0m[2m=[0m2 [3mdeflation[0m[2m=[0m0 [3mclean_windows[0m[2m=[0m10 [3mmax_units_measured[0m[2m=[0m16
[2m2026-09-17T01:34:12.719666Z[0m [34mDEBUG[0m [2mpanoptikon::inferio::ledger[0m[2m:[0m issued a memory grant [3mmodel[0m[2m=[0mdoctr/db_resnet50_crnn_mobilenet_v3_small [3mgpu[0m[2m=[0mGPU-MPS [3munit_budget[0m[2m=[0m3 [3mmb[0m[2m=[0m105100 [3mcanvas_pixels[0m[2m=[0mnone [3mshare_mb[0m[2m=[0m105100 [3mroom_mb[0m[2m=[0m105100 [3mheadroom_mb[0m[2m=[0m105100 [3mexternal_mb[0m[2m=[0m24948 [3mreserve_mb[0m[2m=[0m1024 [3mreserve_rule[0m[2m=[0m"capped_default" [3mpre_fit[0m[2m=[0mtrue [3mramp_step[0m[2m=[0m2 [3mdeflation[0m[2m=[0m0 [3msqueezed[0m[2m=[0mfalse [3mwindow_requests[0m[2m=[0m9
[2m2026-09-17T01:34:13.648962Z[0m [32m INFO[0m [2mpanoptikon::inferio::worker[0m[2m:[0m 2026-09-17 03:34:13,648 [DEBUG] PIL.PngImagePlugin: STREAM b'IHDR' 16 13 [3mworker[0m[2m=[0mdoctr
[2m2026-09-17T01:34:13.649004Z[0m [32m INFO[0m [2mpanoptikon::inferio::worker[0m[2m:[0m 2026-09-17 03:34:13,648 [DEBUG] PIL.PngImagePlugin: STREAM b'IDAT' 41 65536 [3mworker[0m[2m=[0mdoctr
[2m2026-09-17T01:34:14.587521Z[0m [32m INFO[0m [2mpanoptikon::inferio::worker[0m[2m:[0m 2026-09-17 03:34:14,587 [DEBUG] PIL.PngImagePlugin: STREAM b'IHDR' 16 13 [3mworker[0m[2m=[0mdoctr
[2m2026-09-17T01:34:14.587560Z[0m [32m INFO[0m [2mpanoptikon::inferio::worker[0m[2m:[0m 2026-09-17 03:34:14,587 [DEBUG] PIL.PngImagePlugin: STREAM b'IDAT' 41 65536 [3mworker[0m[2m=[0mdoctr
[2m2026-09-17T01:34:14.596443Z[0m [32m INFO[0m [2mpanoptikon::inferio::worker[0m[2m:[0m 2026-09-17 03:34:14,596 [DEBUG] PIL.PngImagePlugin: STREAM b'IHDR' 16 13 [3mworker[0m[2m=[0mdoctr
[2m2026-09-17T01:34:14.596458Z[0m [32m INFO[0m [2mpanoptikon::inferio::worker[0m[2m:[0m 2026-09-17 03:34:14,596 [DEBUG] PIL.PngImagePlugin: STREAM b'IDAT' 41 65536 [3mworker[0m[2m=[0mdoctr
[2m2026-09-17T01:34:14.605357Z[0m [32m INFO[0m [2mpanoptikon::inferio::worker[0m[2m:[0m 2026-09-17 03:34:14,605 [DEBUG] PIL.PngImagePlugin: STREAM b'IHDR' 16 13 [3mworker[0m[2m=[0mdoctr
[2m2026-09-17T01:34:14.605367Z[0m [32m INFO[0m [2mpanoptikon::inferio::worker[0m[2m:[0m 2026-09-17 03:34:14,605 [DEBUG] PIL.PngImagePlugin: STREAM b'IDAT' 41 65536 [3mworker[0m[2m=[0mdoctr
[2m2026-09-17T01:34:15.529047Z[0m [34mDEBUG[0m [2mpanoptikon::inferio::ledger[0m[2m:[0m settled a granted window [3mmodel[0m[2m=[0mdoctr/db_resnet50_crnn_mobilenet_v3_small [3mgpu[0m[2m=[0mGPU-MPS [3moutcome[0m[2m=[0m"clean" [3mfit_samples[0m[2m=[0m3 [3mthroughput_samples[0m[2m=[0m3 [3mclamped_samples[0m[2m=[0m0 [3mclamped[0m[2m=[0mnone [3mramp_step[0m[2m=[0m2 [3mdeflation[0m[2m=[0m0 [3mclean_windows[0m[2m=[0m11 [3mmax_units_measured[0m[2m=[0m16
[2m2026-09-17T01:34:15.529104Z[0m [34mDEBUG[0m [2mpanoptikon::inferio::ledger[0m[2m:[0m issued a memory grant [3mmodel[0m[2m=[0mdoctr/db_resnet50_crnn_mobilenet_v3_small [3mgpu[0m[2m=[0mGPU-MPS [3munit_budget[0m[2m=[0m3 [3mmb[0m[2m=[0m105098 [3mcanvas_pixels[0m[2m=[0mnone [3mshare_mb[0m[2m=[0m105098 [3mroom_mb[0m[2m=[0m105098 [3mheadroom_mb[0m[2m=[0m105098 [3mexternal_mb[0m[2m=[0m24950 [3mreserve_mb[0m[2m=[0m1024 [3mreserve_rule[0m[2m=[0m"capped_default" [3mpre_fit[0m[2m=[0mtrue [3mramp_step[0m[2m=[0m2 [3mdeflation[0m[2m=[0m0 [3msqueezed[0m[2m=[0mfalse [3mwindow_requests[0m[2m=[0m9
[2m2026-09-17T01:34:15.529972Z[0m [32m INFO[0m [2mpanoptikon::inferio::worker[0m[2m:[0m 2026-09-17 03:34:15,529 [DEBUG] PIL.PngImagePlugin: STREAM b'IHDR' 16 13 [3mworker[0m[2m=[0mdoctr
[2m2026-09-17T01:34:15.529994Z[0m [32m INFO[0m [2mpanoptikon::inferio::worker[0m[2m:[0m 2026-09-17 03:34:15,529 [DEBUG] PIL.PngImagePlugin: STREAM b'IDAT' 41 65536 [3mworker[0m[2m=[0mdoctr
[2m2026-09-17T01:34:15.539514Z[0m [32m INFO[0m [2mpanoptikon::inferio::worker[0m[2m:[0m 2026-09-17 03:34:15,539 [DEBUG] PIL.PngImagePlugin: STREAM b'IHDR' 16 13 [3mworker[0m[2m=[0mdoctr
[2m2026-09-17T01:34:15.539531Z[0m [32m INFO[0m [2mpanoptikon::inferio::worker[0m[2m:[0m 2026-09-17 03:34:15,539 [DEBUG] PIL.PngImagePlugin: STREAM b'IDAT' 41 65536 [3mworker[0m[2m=[0mdoctr
[2m2026-09-17T01:34:18.335264Z[0m [34mDEBUG[0m [2mpanoptikon::inferio::ledger[0m[2m:[0m settled a granted window [3mmodel[0m[2m=[0mdoctr/db_resnet50_crnn_mobilenet_v3_small [3mgpu[0m[2m=[0mGPU-MPS [3moutcome[0m[2m=[0m"clean" [3mfit_samples[0m[2m=[0m3 [3mthroughput_samples[0m[2m=[0m3 [3mclamped_samples[0m[2m=[0m0 [3mclamped[0m[2m=[0mnone [3mramp_step[0m[2m=[0m2 [3mdeflation[0m[2m=[0m0 [3mclean_windows[0m[2m=[0m12 [3mmax_units_measured[0m[2m=[0m16
[2m2026-09-17T01:34:18.335330Z[0m [34mDEBUG[0m [2mpanoptikon::inferio::ledger[0m[2m:[0m issued a memory grant [3mmodel[0m[2m=[0mdoctr/db_resnet50_crnn_mobilenet_v3_small [3mgpu[0m[2m=[0mGPU-MPS [3munit_budget[0m[2m=[0m3 [3mmb[0m[2m=[0m105097 [3mcanvas_pixels[0m[2m=[0mnone [3mshare_mb[0m[2m=[0m105097 [3mroom_mb[0m[2m=[0m105097 [3mheadroom_mb[0m[2m=[0m105097 [3mexternal_mb[0m[2m=[0m24951 [3mreserve_mb[0m[2m=[0m1024 [3mreserve_rule[0m[2m=[0m"capped_default" [3mpre_fit[0m[2m=[0mtrue [3mramp_step[0m[2m=[0m2 [3mdeflation[0m[2m=[0m0 [3msqueezed[0m[2m=[0mfalse [3mwindow_requests[0m[2m=[0m9
[2m2026-09-17T01:34:21.106225Z[0m [34mDEBUG[0m [2mpanoptikon::inferio::ledger[0m[2m:[0m settled a granted window [3mmodel[0m[2m=[0mdoctr/db_resnet50_crnn_mobilenet_v3_small [3mgpu[0m[2m=[0mGPU-MPS [3moutcome[0m[2m=[0m"clean" [3mfit_samples[0m[2m=[0m3 [3mthroughput_samples[0m[2m=[0m3 [3mclamped_samples[0m[2m=[0m0 [3mclamped[0m[2m=[0mnone [3mramp_step[0m[2m=[0m2 [3mdeflation[0m[2m=[0m0 [3mclean_windows[0m[2m=[0m13 [3mmax_units_measured[0m[2m=[0m16
[2m2026-09-17T01:34:21.106291Z[0m [34mDEBUG[0m [2mpanoptikon::inferio::ledger[0m[2m:[0m issued a memory grant [3mmodel[0m[2m=[0mdoctr/db_resnet50_crnn_mobilenet_v3_small [3mgpu[0m[2m=[0mGPU-MPS [3munit_budget[0m[2m=[0m3 [3mmb[0m[2m=[0m105184 [3mcanvas_pixels[0m[2m=[0mnone [3mshare_mb[0m[2m=[0m105184 [3mroom_mb[0m[2m=[0m105184 [3mheadroom_mb[0m[2m=[0m105184 [3mexternal_mb[0m[2m=[0m24864 [3mreserve_mb[0m[2m=[0m1024 [3mreserve_rule[0m[2m=[0m"capped_default" [3mpre_fit[0m[2m=[0mtrue [3mramp_step[0m[2m=[0m2 [3mdeflation[0m[2m=[0m0 [3msqueezed[0m[2m=[0mfalse [3mwindow_requests[0m[2m=[0m9
[2m2026-09-17T01:34:23.883608Z[0m [34mDEBUG[0m [2mpanoptikon::inferio::ledger[0m[2m:[0m settled a granted window [3mmodel[0m[2m=[0mdoctr/db_resnet50_crnn_mobilenet_v3_small [3mgpu[0m[2m=[0mGPU-MPS [3moutcome[0m[2m=[0m"clean" [3mfit_samples[0m[2m=[0m3 [3mthroughput_samples[0m[2m=[0m3 [3mclamped_samples[0m[2m=[0m0 [3mclamped[0m[2m=[0mnone [3mramp_step[0m[2m=[0m2 [3mdeflation[0m[2m=[0m0 [3mclean_windows[0m[2m=[0m14 [3mmax_units_measured[0m[2m=[0m16
[2m2026-09-17T01:34:23.883676Z[0m [34mDEBUG[0m [2mpanoptikon::inferio::ledger[0m[2m:[0m issued a memory grant [3mmodel[0m[2m=[0mdoctr/db_resnet50_crnn_mobilenet_v3_small [3mgpu[0m[2m=[0mGPU-MPS [3munit_budget[0m[2m=[0m3 [3mmb[0m[2m=[0m105180 [3mcanvas_pixels[0m[2m=[0mnone [3mshare_mb[0m[2m=[0m105180 [3mroom_mb[0m[2m=[0m105180 [3mheadroom_mb[0m[2m=[0m105180 [3mexternal_mb[0m[2m=[0m24868 [3mreserve_mb[0m[2m=[0m1024 [3mreserve_rule[0m[2m=[0m"capped_default" [3mpre_fit[0m[2m=[0mtrue [3mramp_step[0m[2m=[0m2 [3mdeflation[0m[2m=[0m0 [3msqueezed[0m[2m=[0mfalse [3mwindow_requests[0m[2m=[0m8
[2m2026-09-17T01:34:23.890405Z[0m [32m INFO[0m [2mpanoptikon::inferio::worker[0m[2m:[0m 2026-09-17 03:34:23,890 [DEBUG] PIL.PngImagePlugin: STREAM b'IHDR' 16 13 [3mworker[0m[2m=[0mdoctr
[2m2026-09-17T01:34:23.890438Z[0m [32m INFO[0m [2mpanoptikon::inferio::worker[0m[2m:[0m 2026-09-17 03:34:23,890 [DEBUG] PIL.PngImagePlugin: STREAM b'IDAT' 41 65536 [3mworker[0m[2m=[0mdoctr
[2m2026-09-17T01:34:24.835710Z[0m [32m INFO[0m [2mpanoptikon::inferio::worker[0m[2m:[0m 2026-09-17 03:34:24,835 [DEBUG] PIL.PngImagePlugin: STREAM b'IHDR' 16 13 [3mworker[0m[2m=[0mdoctr
[2m2026-09-17T01:34:24.835754Z[0m [32m INFO[0m [2mpanoptikon::inferio::worker[0m[2m:[0m 2026-09-17 03:34:24,835 [DEBUG] PIL.PngImagePlugin: STREAM b'IDAT' 41 65536 [3mworker[0m[2m=[0mdoctr
[2m2026-09-17T01:34:25.763878Z[0m [32m INFO[0m [2mpanoptikon::inferio::worker[0m[2m:[0m 2026-09-17 03:34:25,763 [DEBUG] PIL.PngImagePlugin: STREAM b'IHDR' 16 13 [3mworker[0m[2m=[0mdoctr
[2m2026-09-17T01:34:25.763923Z[0m [32m INFO[0m [2mpanoptikon::inferio::worker[0m[2m:[0m 2026-09-17 03:34:25,763 [DEBUG] PIL.PngImagePlugin: STREAM b'IDAT' 41 65536 [3mworker[0m[2m=[0mdoctr
[2m2026-09-17T01:34:25.772487Z[0m [32m INFO[0m [2mpanoptikon::inferio::worker[0m[2m:[0m 2026-09-17 03:34:25,772 [DEBUG] PIL.PngImagePlugin: STREAM b'IHDR' 16 13 [3mworker[0m[2m=[0mdoctr
[2m2026-09-17T01:34:25.772497Z[0m [32m INFO[0m [2mpanoptikon::inferio::worker[0m[2m:[0m 2026-09-17 03:34:25,772 [DEBUG] PIL.PngImagePlugin: STREAM b'IDAT' 41 65536 [3mworker[0m[2m=[0mdoctr
[2m2026-09-17T01:34:26.393924Z[0m [34mDEBUG[0m [2mpanoptikon::inferio::ledger[0m[2m:[0m settled a granted window [3mmodel[0m[2m=[0mdoctr/db_resnet50_crnn_mobilenet_v3_small [3mgpu[0m[2m=[0mGPU-MPS [3moutcome[0m[2m=[0m"clean" [3mfit_samples[0m[2m=[0m3 [3mthroughput_samples[0m[2m=[0m2 [3mclamped_samples[0m[2m=[0m0 [3mclamped[0m[2m=[0mnone [3mramp_step[0m[2m=[0m2 [3mdeflation[0m[2m=[0m0 [3mclean_windows[0m[2m=[0m15 [3mmax_units_measured[0m[2m=[0m16
[2m2026-09-17T01:34:26.393976Z[0m [34mDEBUG[0m [2mpanoptikon::inferio::ledger[0m[2m:[0m issued a memory grant [3mmodel[0m[2m=[0mdoctr/db_resnet50_crnn_mobilenet_v3_small [3mgpu[0m[2m=[0mGPU-MPS [3munit_budget[0m[2m=[0m3 [3mmb[0m[2m=[0m105148 [3mcanvas_pixels[0m[2m=[0mnone [3mshare_mb[0m[2m=[0m105148 [3mroom_mb[0m[2m=[0m105148 [3mheadroom_mb[0m[2m=[0m105148 [3mexternal_mb[0m[2m=[0m24900 [3mreserve_mb[0m[2m=[0m1024 [3mreserve_rule[0m[2m=[0m"capped_default" [3mpre_fit[0m[2m=[0mtrue [3mramp_step[0m[2m=[0m2 [3mdeflation[0m[2m=[0m0 [3msqueezed[0m[2m=[0mfalse [3mwindow_requests[0m[2m=[0m4
[2m2026-09-17T01:34:27.366168Z[0m [32m INFO[0m [2mpanoptikon::inferio::worker[0m[2m:[0m 2026-09-17 03:34:27,366 [DEBUG] PIL.PngImagePlugin: STREAM b'IHDR' 16 13 [3mworker[0m[2m=[0mdoctr
[2m2026-09-17T01:34:27.366211Z[0m [32m INFO[0m [2mpanoptikon::inferio::worker[0m[2m:[0m 2026-09-17 03:34:27,366 [DEBUG] PIL.PngImagePlugin: STREAM b'IDAT' 41 65536 [3mworker[0m[2m=[0mdoctr
[2m2026-09-17T01:34:27.374882Z[0m [32m INFO[0m [2mpanoptikon::inferio::worker[0m[2m:[0m 2026-09-17 03:34:27,374 [DEBUG] PIL.PngImagePlugin: STREAM b'IHDR' 16 13 [3mworker[0m[2m=[0mdoctr
[2m2026-09-17T01:34:27.374894Z[0m [32m INFO[0m [2mpanoptikon::inferio::worker[0m[2m:[0m 2026-09-17 03:34:27,374 [DEBUG] PIL.PngImagePlugin: STREAM b'IDAT' 41 65536 [3mworker[0m[2m=[0mdoctr
[2m2026-09-17T01:34:28.359542Z[0m [32m INFO[0m [2mpanoptikon::inferio::worker[0m[2m:[0m 2026-09-17 03:34:28,359 [DEBUG] PIL.PngImagePlugin: STREAM b'IHDR' 16 13 [3mworker[0m[2m=[0mdoctr
[2m2026-09-17T01:34:28.359590Z[0m [32m INFO[0m [2mpanoptikon::inferio::worker[0m[2m:[0m 2026-09-17 03:34:28,359 [DEBUG] PIL.PngImagePlugin: STREAM b'IDAT' 41 65536 [3mworker[0m[2m=[0mdoctr
[2m2026-09-17T01:34:28.711696Z[0m [34mDEBUG[0m [2mpanoptikon::inferio::ledger[0m[2m:[0m settled a granted window [3mmodel[0m[2m=[0mdoctr/db_resnet50_crnn_mobilenet_v3_small [3mgpu[0m[2m=[0mGPU-MPS [3moutcome[0m[2m=[0m"clean" [3mfit_samples[0m[2m=[0m3 [3mthroughput_samples[0m[2m=[0m2 [3mclamped_samples[0m[2m=[0m0 [3mclamped[0m[2m=[0mnone [3mramp_step[0m[2m=[0m2 [3mdeflation[0m[2m=[0m0 [3mclean_windows[0m[2m=[0m16 [3mmax_units_measured[0m[2m=[0m16
[2m2026-09-17T01:34:28.711753Z[0m [34mDEBUG[0m [2mpanoptikon::inferio::ledger[0m[2m:[0m issued a memory grant [3mmodel[0m[2m=[0mdoctr/db_resnet50_crnn_mobilenet_v3_small [3mgpu[0m[2m=[0mGPU-MPS [3munit_budget[0m[2m=[0m3 [3mmb[0m[2m=[0m104855 [3mcanvas_pixels[0m[2m=[0mnone [3mshare_mb[0m[2m=[0m104855 [3mroom_mb[0m[2m=[0m104855 [3mheadroom_mb[0m[2m=[0m104855 [3mexternal_mb[0m[2m=[0m25193 [3mreserve_mb[0m[2m=[0m1024 [3mreserve_rule[0m[2m=[0m"capped_default" [3mpre_fit[0m[2m=[0mtrue [3mramp_step[0m[2m=[0m2 [3mdeflation[0m[2m=[0m0 [3msqueezed[0m[2m=[0mfalse [3mwindow_requests[0m[2m=[0m3
[2m2026-09-17T01:34:30.599387Z[0m [32m INFO[0m [2mpanoptikon::inferio::worker[0m[2m:[0m 2026-09-17 03:34:30,599 [DEBUG] PIL.PngImagePlugin: STREAM b'IHDR' 16 13 [3mworker[0m[2m=[0mdoctr
[2m2026-09-17T01:34:30.599434Z[0m [32m INFO[0m [2mpanoptikon::inferio::worker[0m[2m:[0m 2026-09-17 03:34:30,599 [DEBUG] PIL.PngImagePlugin: STREAM b'IDAT' 41 65536 [3mworker[0m[2m=[0mdoctr
[2m2026-09-17T01:34:31.541269Z[0m [34mDEBUG[0m [2mpanoptikon::inferio::ledger[0m[2m:[0m declining to fit a throughput knee: this knee last expired and was widened, and the ring has not yet seen enough of the wider size to put it back [3mbucket[0m[2m=[0m1 [3mobserved_floor[0m[2m=[0m1 [3mobserved_top[0m[2m=[0m4 [3manchor[0m[2m=[0m16 [3mobservations[0m[2m=[0m46
[2m2026-09-17T01:34:31.541316Z[0m [32m INFO[0m [2mpanoptikon::inferio::ledger[0m[2m:[0m this model has run cleanly at its throughput knee for long enough, with memory to spare, that the knee is worth re-testing; widening the cap by one batch-size step. A knee is a brake, not a ceiling: if the curve really does flatten here, the next fit from honest samples puts it back [3mmodel[0m[2m=[0mdoctr/db_resnet50_crnn_mobilenet_v3_small [3mgpu[0m[2m=[0mGPU-MPS [3mknee_units_before[0m[2m=[0m3 [3mknee_units_after[0m[2m=[0m7 [3mclean_windows_at_the_knee[0m[2m=[0m12 [3mlast_grant_units[0m[2m=[0m3
[2m2026-09-17T01:34:31.541326Z[0m [34mDEBUG[0m [2mpanoptikon::inferio::ledger[0m[2m:[0m settled a granted window [3mmodel[0m[2m=[0mdoctr/db_resnet50_crnn_mobilenet_v3_small [3mgpu[0m[2m=[0mGPU-MPS [3moutcome[0m[2m=[0m"clean" [3mfit_samples[0m[2m=[0m3 [3mthroughput_samples[0m[2m=[0m3 [3mclamped_samples[0m[2m=[0m0 [3mclamped[0m[2m=[0mnone [3mramp_step[0m[2m=[0m2 [3mdeflation[0m[2m=[0m0 [3mclean_windows[0m[2m=[0m17 [3mmax_units_measured[0m[2m=[0m16
[2m2026-09-17T01:34:31.543893Z[0m [32m INFO[0m [2mpanoptikon::jobs::extraction[0m[2m:[0m extraction job phase timing [3mdata_load_busy_secs[0m[2m=[0m0.402296251 [3mdata_load_work_secs[0m[2m=[0m2.0005549129999998 [3minference_busy_secs[0m[2m=[0m60.899248917 [3minference_work_secs[0m[2m=[0m5735.550182621
[2m2026-09-17T01:34:31.545178Z[0m [32m INFO[0m [1mActor[0m[1m{[0m[3mid[0m[2m=[0m"0.5" [3mname[0m[2m=[0m"job-runner"[1m}[0m[2m:[0m [2mpanoptikon::jobs::queue[0m[2m:[0m scheduling deferred database maintenance [3mindex_db[0m[2m=[0m"cal" [3mqueue_id[0m[2m=[0m5 [3mowed[0m[2m=[0mwrote_data
[2m2026-09-17T01:34:31.545192Z[0m [32m INFO[0m [1mActor[0m[1m{[0m[3mid[0m[2m=[0m"0.5" [3mname[0m[2m=[0m"job-runner"[1m}[0m[2m:[0m [2mpanoptikon::jobs::queue[0m[2m:[0m unloading batch model at job boundary [3msetter[0m[2m=[0mdoctr/db_resnet50_crnn_mobilenet_v3_small
[2m2026-09-17T01:34:31.545359Z[0m [34mDEBUG[0m [2mpanoptikon::inferio::manager[0m[2m:[0m unload requested [3mmodel[0m[2m=[0mdoctr/db_resnet50_crnn_mobilenet_v3_small [3mcache_key[0m[2m=[0mbatch
[2m2026-09-17T01:34:31.545374Z[0m [34mDEBUG[0m [2mpanoptikon::inferio::manager[0m[2m:[0m unloading model [3mmodel[0m[2m=[0mdoctr/db_resnet50_crnn_mobilenet_v3_small
[2m2026-09-17T01:34:31.545996Z[0m [32m INFO[0m [2mpanoptikon::inferio::worker[0m[2m:[0m 2026-09-17 03:34:31,545 [DEBUG] inferio_worker.memory: released the allocator pool (impl): handed back 0 MiB in 0.0 ms [3mworker[0m[2m=[0mdoctr
[2m2026-09-17T01:34:31.546034Z[0m [32m INFO[0m [2mpanoptikon::inferio::worker[0m[2m:[0m 2026-09-17 03:34:31,546 [INFO] inferio_worker: Unloaded; exiting. [3mworker[0m[2m=[0mdoctr
[2m2026-09-17T01:35:12.181067Z[0m [32m INFO[0m [2mpanoptikon::shutdown[0m[2m:[0m shutdown signal received; stopping gracefully (repeat the signal to force exit)
[2m2026-09-17T01:35:12.185124Z[0m [32m INFO[0m [2mpanoptikon::shutdown[0m[2m:[0m index DB writers drained [3mwriters[0m[2m=[0m2
[2m2026-09-17T01:35:12.185756Z[0m [32m INFO[0m [2mpanoptikon::shutdown[0m[2m:[0m local inference workers stopped
[2m2026-09-17T01:35:12.185870Z[0m [32m INFO[0m [2mpanoptikon::shutdown[0m[2m:[0m background work stopped cleanly
[2m2026-09-17T01:35:12.185998Z[0m [32m INFO[0m [2mpanoptikon[0m[2m:[0m gateway stopped
