[2m2026-09-16T23:25:11.765594Z[0m [32m INFO[0m [2mpanoptikon::logging[0m[2m:[0m logging to file [3mpath[0m[2m=[0mdata/panoptikon.log
[2m2026-09-16T23:25:11.766027Z[0m [32m INFO[0m [2mpanoptikon::rlimit[0m[2m:[0m raised the open file descriptor soft limit to the hard limit [3msoft_nofile_before[0m[2m=[0m256 [3msoft_nofile_after[0m[2m=[0m1048576
[2m2026-09-16T23:25:11.766498Z[0m [32m INFO[0m [2mpanoptikon::accelerator_report[0m[2m:[0m accelerator backend [3mbackend[0m[2m=[0m"mps" [3mbackend_source[0m[2m=[0mmacOS: default PyPI wheels (MPS on Apple Silicon); no CUDA/ROCm builds exist [3mdevices[0m[2m=[0m[]
[2m2026-09-16T23:25:11.811508Z[0m [32m INFO[0m [2mpanoptikon::inferio::gpu[0m[2m:[0m detected GPU (unified memory; the total is the 75% seed until a worker reports the exact recommended-max figure) [3mindex[0m[2m=[0m0 [3muuid[0m[2m=[0mGPU-MPS [3mname[0m[2m=[0mApple M3 Max (128 GB) [3mtotal_mb[0m[2m=[0m98304 [3mram_mb[0m[2m=[0m131072 [3munified[0m[2m=[0mtrue
[2m2026-09-16T23:25:11.811575Z[0m [32m INFO[0m [2mpanoptikon::inferio::gpu[0m[2m:[0m admitting batches from workers that run on the CPU against system RAM (running out of it is an OS process kill rather than a catchable allocation failure, so the device ships with a default ceiling) [3muuid[0m[2m=[0mCPU [3mname[0m[2m=[0mCPU (128 GB) [3mtotal_mb[0m[2m=[0m131072 [3mdefault_cap_fraction[0m[2m=[0m0.75 [3maccelerators[0m[2m=[0m1
[2m2026-09-16T23:25:11.812423Z[0m [32m INFO[0m [2mpanoptikon[0m[2m:[0m serving /api/inference locally (inference_local.enabled)
[2m2026-09-16T23:25:11.874947Z[0m [32m INFO[0m [2mpanoptikon[0m[2m:[0m gateway listening [3mendpoint[0m[2m=[0mdefault [3maddress[0m[2m=[0m127.0.0.1:6342
[2m2026-09-16T23:25:11.874980Z[0m [32m INFO[0m [2mpanoptikon[0m[2m:[0m gateway listening [3mendpoint[0m[2m=[0mtest [3maddress[0m[2m=[0m127.0.0.1:6343
[2m2026-09-16T23:25:11.874996Z[0m [32m INFO[0m [2mpanoptikon[0m[2m:[0m gateway listening [3mendpoint[0m[2m=[0mlegacy_ui [3maddress[0m[2m=[0m127.0.0.1:6339
[2m2026-09-16T23:25:11.875004Z[0m [32m INFO[0m [2mpanoptikon[0m[2m:[0m serving HTTP/1.1 and HTTP/2 cleartext [3mmax_concurrent_streams[0m[2m=[0m512
[2m2026-09-16T23:25:11.914844Z[0m [32m INFO[0m [2mpanoptikon::media_tools[0m[2m:[0m media tools resolved [3mffmpeg[0m[2m=[0m/Users/moot/projects/panoptikon-pr27/python/.venv/lib/python3.12/site-packages/static_ffmpeg/bin/darwin_arm64/ffmpeg [3mffprobe[0m[2m=[0m/Users/moot/projects/panoptikon-pr27/python/.venv/lib/python3.12/site-packages/static_ffmpeg/bin/darwin_arm64/ffprobe
[2m2026-09-16T23:25:12.086296Z[0m [32m INFO[0m [2mpanoptikon::media_tools::transcode::hw[0m[2m:[0m hardware H.264 encoder validated [3mencoder[0m[2m=[0m"h264_videotoolbox"
[2m2026-09-16T23:25:12.544053Z[0m [34mDEBUG[0m [2mpanoptikon::inferio::manager[0m[2m:[0m resolved cost dimension [3mmodel[0m[2m=[0mflorence2/msft_large-caption [3munit[0m[2m=[0m"item" [3maggregation[0m[2m=[0m"count" [3mepoch[0m[2m=[0m1 [3mseed_units[0m[2m=[0m4 [3mpriced[0m[2m=[0mtrue [3mdegraded[0m[2m=[0mfalse
[2m2026-09-16T23:25:12.544156Z[0m [34mDEBUG[0m [2mpanoptikon::inferio::ledger[0m[2m:[0m probing the host for this GPU's free memory before pricing a load against it [3mmodel[0m[2m=[0m"florence2/msft_large-caption" [3mgpu[0m[2m=[0m"CPU" [3mreason[0m[2m=[0m"no free sample: this GPU has never had a resident" [3msample_age_ms[0m[2m=[0mNone
[2m2026-09-16T23:25:12.544305Z[0m [34mDEBUG[0m [2mpanoptikon::inferio::ledger[0m[2m:[0m refreshed the GPU's free memory from the host probe [3mgpu[0m[2m=[0mCPU [3msource[0m[2m=[0m"ram" [3mfree_mb[0m[2m=[0m109446 [3mtotal_mb[0m[2m=[0m131072 [3mexternal_mb[0m[2m=[0m21626 [3mprevious_age_ms[0m[2m=[0mNone [3mrecorded[0m[2m=[0mtrue
[2m2026-09-16T23:25:12.545183Z[0m [34mDEBUG[0m [2mpanoptikon::inferio::worker[0m[2m:[0m spawned an inferio worker [3mworker[0m[2m=[0mflorence2 [3minference_id[0m[2m=[0m"florence2/msft_large-caption" [3mpid[0m[2m=[0mSome(44316)
[2m2026-09-16T23:25:13.120651Z[0m [32m INFO[0m [2mpanoptikon::inferio::worker[0m[2m:[0m 2026-09-17 01:25:13,120 [INFO] inferio_worker: Resolved impl class florence2 to /Users/moot/projects/panoptikon-pr27/python/inferio/impl/florence2.py [3mworker[0m[2m=[0mflorence2
[2m2026-09-16T23:25:13.120692Z[0m [32m INFO[0m [2mpanoptikon::inferio::worker[0m[2m:[0m 2026-09-17 01:25:13,120 [INFO] inferio_worker: Handshake ok for impl class florence2 [3mworker[0m[2m=[0mflorence2
[2m2026-09-16T23:25:13.120799Z[0m [32m INFO[0m [2mpanoptikon::inferio::worker[0m[2m:[0m 2026-09-17 01:25:13,120 [INFO] inferio_worker: Configured as florence2/msft_large-caption [3mworker[0m[2m=[0mflorence2
[2m2026-09-16T23:25:15.375748Z[0m [32m INFO[0m [2mpanoptikon::inferio::worker[0m[2m:[0m 2026-09-17 01:25:15,375 [INFO] inferio_worker_impl_0_florence2: Precision 'fp16' requested but device is cpu; using fp32. [3mworker[0m[2m=[0mflorence2
[2m2026-09-16T23:25:15.384087Z[0m [32m INFO[0m [2mpanoptikon::inferio::worker[0m[2m:[0m 2026-09-17 01:25:15,384 [DEBUG] urllib3.connectionpool: Starting new HTTPS connection (1): huggingface.co:443 [3mworker[0m[2m=[0mflorence2
[2m2026-09-16T23:25:15.542883Z[0m [32m INFO[0m [2mpanoptikon::inferio::worker[0m[2m:[0m 2026-09-17 01:25:15,542 [DEBUG] urllib3.connectionpool: https://huggingface.co:443 "HEAD /florence-community/Florence-2-large-ft/resolve/main/config.json HTTP/1.1" 307 0 [3mworker[0m[2m=[0mflorence2
[2m2026-09-16T23:25:15.561135Z[0m [32m INFO[0m [2mpanoptikon::inferio::worker[0m[2m:[0m 2026-09-17 01:25:15,560 [DEBUG] urllib3.connectionpool: https://huggingface.co:443 "HEAD /api/resolve-cache/models/florence-community/Florence-2-large-ft/26b734a54fdfbf9c398351eedfabb7f27fc470b7/config.json HTTP/1.1" 200 0 [3mworker[0m[2m=[0mflorence2
[2m2026-09-16T23:25:15.692729Z[0m [32m INFO[0m [2mpanoptikon::inferio::worker[0m[2m:[0m 2026-09-17 01:25:15,692 [DEBUG] urllib3.connectionpool: https://huggingface.co:443 "HEAD /florence-community/Florence-2-large-ft/resolve/main/config.json HTTP/1.1" 307 0 [3mworker[0m[2m=[0mflorence2
[2m2026-09-16T23:25:15.711399Z[0m [32m INFO[0m [2mpanoptikon::inferio::worker[0m[2m:[0m 2026-09-17 01:25:15,711 [DEBUG] urllib3.connectionpool: https://huggingface.co:443 "HEAD /api/resolve-cache/models/florence-community/Florence-2-large-ft/26b734a54fdfbf9c398351eedfabb7f27fc470b7/config.json HTTP/1.1" 200 0 [3mworker[0m[2m=[0mflorence2
[2m2026-09-16T23:25:16.281420Z[0m [32m INFO[0m [2mpanoptikon::inferio::worker[0m[2m:[0m 2026-09-17 01:25:16,281 [DEBUG] urllib3.connectionpool: https://huggingface.co:443 "HEAD /florence-community/Florence-2-large-ft/resolve/main/generation_config.json HTTP/1.1" 307 0 [3mworker[0m[2m=[0mflorence2
[2m2026-09-16T23:25:16.293376Z[0m [32m INFO[0m [2mpanoptikon::inferio::worker[0m[2m:[0m 2026-09-17 01:25:16,293 [DEBUG] urllib3.connectionpool: https://huggingface.co:443 "HEAD /api/resolve-cache/models/florence-community/Florence-2-large-ft/26b734a54fdfbf9c398351eedfabb7f27fc470b7/generation_config.json HTTP/1.1" 200 0 [3mworker[0m[2m=[0mflorence2
[2m2026-09-16T23:25:16.506263Z[0m [32m INFO[0m [2mpanoptikon::inferio::worker[0m[2m:[0m 2026-09-17 01:25:16,505 [DEBUG] urllib3.connectionpool: https://huggingface.co:443 "HEAD /florence-community/Florence-2-large-ft/resolve/main/custom_generate/generate.py HTTP/1.1" 404 0 [3mworker[0m[2m=[0mflorence2
[2m2026-09-16T23:25:16.661423Z[0m [32m INFO[0m [2mpanoptikon::inferio::worker[0m[2m:[0m 2026-09-17 01:25:16,661 [DEBUG] urllib3.connectionpool: https://huggingface.co:443 "HEAD /florence-community/Florence-2-large-ft/resolve/main/processor_config.json HTTP/1.1" 307 0 [3mworker[0m[2m=[0mflorence2
[2m2026-09-16T23:25:16.678278Z[0m [32m INFO[0m [2mpanoptikon::inferio::worker[0m[2m:[0m 2026-09-17 01:25:16,678 [DEBUG] urllib3.connectionpool: https://huggingface.co:443 "HEAD /api/resolve-cache/models/florence-community/Florence-2-large-ft/26b734a54fdfbf9c398351eedfabb7f27fc470b7/processor_config.json HTTP/1.1" 200 0 [3mworker[0m[2m=[0mflorence2
[2m2026-09-16T23:25:16.811326Z[0m [32m INFO[0m [2mpanoptikon::inferio::worker[0m[2m:[0m 2026-09-17 01:25:16,811 [DEBUG] urllib3.connectionpool: https://huggingface.co:443 "GET /api/models/florence-community/Florence-2-large-ft/tree/main/additional_chat_templates?recursive=False&expand=False HTTP/1.1" 404 64 [3mworker[0m[2m=[0mflorence2
[2m2026-09-16T23:25:16.941376Z[0m [32m INFO[0m [2mpanoptikon::inferio::worker[0m[2m:[0m 2026-09-17 01:25:16,941 [DEBUG] urllib3.connectionpool: https://huggingface.co:443 "HEAD /florence-community/Florence-2-large-ft/resolve/main/processor_config.json HTTP/1.1" 307 0 [3mworker[0m[2m=[0mflorence2
[2m2026-09-16T23:25:16.960538Z[0m [32m INFO[0m [2mpanoptikon::inferio::worker[0m[2m:[0m 2026-09-17 01:25:16,960 [DEBUG] urllib3.connectionpool: https://huggingface.co:443 "HEAD /api/resolve-cache/models/florence-community/Florence-2-large-ft/26b734a54fdfbf9c398351eedfabb7f27fc470b7/processor_config.json HTTP/1.1" 200 0 [3mworker[0m[2m=[0mflorence2
[2m2026-09-16T23:25:17.090433Z[0m [32m INFO[0m [2mpanoptikon::inferio::worker[0m[2m:[0m 2026-09-17 01:25:17,089 [DEBUG] urllib3.connectionpool: https://huggingface.co:443 "HEAD /florence-community/Florence-2-large-ft/resolve/main/chat_template.json HTTP/1.1" 404 0 [3mworker[0m[2m=[0mflorence2
[2m2026-09-16T23:25:17.222707Z[0m [32m INFO[0m [2mpanoptikon::inferio::worker[0m[2m:[0m 2026-09-17 01:25:17,221 [DEBUG] urllib3.connectionpool: https://huggingface.co:443 "HEAD /florence-community/Florence-2-large-ft/resolve/main/chat_template.jinja HTTP/1.1" 404 0 [3mworker[0m[2m=[0mflorence2
[2m2026-09-16T23:25:17.354206Z[0m [32m INFO[0m [2mpanoptikon::inferio::worker[0m[2m:[0m 2026-09-17 01:25:17,353 [DEBUG] urllib3.connectionpool: https://huggingface.co:443 "HEAD /florence-community/Florence-2-large-ft/resolve/main/audio_tokenizer_config.json HTTP/1.1" 404 0 [3mworker[0m[2m=[0mflorence2
[2m2026-09-16T23:25:17.488247Z[0m [32m INFO[0m [2mpanoptikon::inferio::worker[0m[2m:[0m 2026-09-17 01:25:17,487 [DEBUG] urllib3.connectionpool: https://huggingface.co:443 "HEAD /florence-community/Florence-2-large-ft/resolve/main/preprocessor_config.json HTTP/1.1" 307 0 [3mworker[0m[2m=[0mflorence2
[2m2026-09-16T23:25:17.507405Z[0m [32m INFO[0m [2mpanoptikon::inferio::worker[0m[2m:[0m 2026-09-17 01:25:17,506 [DEBUG] urllib3.connectionpool: https://huggingface.co:443 "HEAD /api/resolve-cache/models/florence-community/Florence-2-large-ft/26b734a54fdfbf9c398351eedfabb7f27fc470b7/preprocessor_config.json HTTP/1.1" 200 0 [3mworker[0m[2m=[0mflorence2
[2m2026-09-16T23:25:17.636436Z[0m [32m INFO[0m [2mpanoptikon::inferio::worker[0m[2m:[0m 2026-09-17 01:25:17,636 [DEBUG] urllib3.connectionpool: https://huggingface.co:443 "HEAD /florence-community/Florence-2-large-ft/resolve/main/processor_config.json HTTP/1.1" 307 0 [3mworker[0m[2m=[0mflorence2
[2m2026-09-16T23:25:17.653483Z[0m [32m INFO[0m [2mpanoptikon::inferio::worker[0m[2m:[0m 2026-09-17 01:25:17,653 [DEBUG] urllib3.connectionpool: https://huggingface.co:443 "HEAD /api/resolve-cache/models/florence-community/Florence-2-large-ft/26b734a54fdfbf9c398351eedfabb7f27fc470b7/processor_config.json HTTP/1.1" 200 0 [3mworker[0m[2m=[0mflorence2
[2m2026-09-16T23:25:17.656990Z[0m [32m INFO[0m [2mpanoptikon::inferio::worker[0m[2m:[0m Using a slow image processor as `use_fast` is unset and a slow processor was saved with this model. `use_fast=True` will be the default behavior in v4.52, even if the model was saved with a slow processor. This will result in minor differences in outputs. You'll still be able to use a slow processor with `use_fast=False`. [3mworker[0m[2m=[0mflorence2
[2m2026-09-16T23:25:17.801999Z[0m [32m INFO[0m [2mpanoptikon::inferio::worker[0m[2m:[0m 2026-09-17 01:25:17,801 [DEBUG] urllib3.connectionpool: https://huggingface.co:443 "HEAD /florence-community/Florence-2-large-ft/resolve/main/tokenizer_config.json HTTP/1.1" 307 0 [3mworker[0m[2m=[0mflorence2
[2m2026-09-16T23:25:17.821560Z[0m [32m INFO[0m [2mpanoptikon::inferio::worker[0m[2m:[0m 2026-09-17 01:25:17,821 [DEBUG] urllib3.connectionpool: https://huggingface.co:443 "HEAD /api/resolve-cache/models/florence-community/Florence-2-large-ft/26b734a54fdfbf9c398351eedfabb7f27fc470b7/tokenizer_config.json HTTP/1.1" 200 0 [3mworker[0m[2m=[0mflorence2
[2m2026-09-16T23:25:17.952199Z[0m [32m INFO[0m [2mpanoptikon::inferio::worker[0m[2m:[0m 2026-09-17 01:25:17,951 [DEBUG] urllib3.connectionpool: https://huggingface.co:443 "GET /api/models/florence-community/Florence-2-large-ft/tree/main/additional_chat_templates?recursive=False&expand=False HTTP/1.1" 404 64 [3mworker[0m[2m=[0mflorence2
[2m2026-09-16T23:25:18.084210Z[0m [32m INFO[0m [2mpanoptikon::inferio::worker[0m[2m:[0m 2026-09-17 01:25:18,083 [DEBUG] urllib3.connectionpool: https://huggingface.co:443 "GET /api/models/florence-community/Florence-2-large-ft/tree/main?recursive=True&expand=False HTTP/1.1" 200 None [3mworker[0m[2m=[0mflorence2
[2m2026-09-16T23:25:18.297932Z[0m [32m INFO[0m [2mpanoptikon::inferio::worker[0m[2m:[0m 2026-09-17 01:25:18,297 [DEBUG] urllib3.connectionpool: https://huggingface.co:443 "GET /api/models/florence-community/Florence-2-large-ft/tree/main/additional_chat_templates?recursive=False&expand=False HTTP/1.1" 404 64 [3mworker[0m[2m=[0mflorence2
[2m2026-09-16T23:25:18.426317Z[0m [32m INFO[0m [2mpanoptikon::inferio::worker[0m[2m:[0m 2026-09-17 01:25:18,426 [DEBUG] urllib3.connectionpool: https://huggingface.co:443 "HEAD /florence-community/Florence-2-large-ft/resolve/main/processor_config.json HTTP/1.1" 307 0 [3mworker[0m[2m=[0mflorence2
[2m2026-09-16T23:25:18.444133Z[0m [32m INFO[0m [2mpanoptikon::inferio::worker[0m[2m:[0m 2026-09-17 01:25:18,443 [DEBUG] urllib3.connectionpool: https://huggingface.co:443 "HEAD /api/resolve-cache/models/florence-community/Florence-2-large-ft/26b734a54fdfbf9c398351eedfabb7f27fc470b7/processor_config.json HTTP/1.1" 200 0 [3mworker[0m[2m=[0mflorence2
[2m2026-09-16T23:25:18.574371Z[0m [32m INFO[0m [2mpanoptikon::inferio::worker[0m[2m:[0m 2026-09-17 01:25:18,574 [DEBUG] urllib3.connectionpool: https://huggingface.co:443 "HEAD /florence-community/Florence-2-large-ft/resolve/main/chat_template.json HTTP/1.1" 404 0 [3mworker[0m[2m=[0mflorence2
[2m2026-09-16T23:25:18.715670Z[0m [32m INFO[0m [2mpanoptikon::inferio::worker[0m[2m:[0m 2026-09-17 01:25:18,715 [DEBUG] urllib3.connectionpool: https://huggingface.co:443 "HEAD /florence-community/Florence-2-large-ft/resolve/main/chat_template.jinja HTTP/1.1" 404 0 [3mworker[0m[2m=[0mflorence2
[2m2026-09-16T23:25:18.845873Z[0m [32m INFO[0m [2mpanoptikon::inferio::worker[0m[2m:[0m 2026-09-17 01:25:18,845 [DEBUG] urllib3.connectionpool: https://huggingface.co:443 "HEAD /florence-community/Florence-2-large-ft/resolve/main/audio_tokenizer_config.json HTTP/1.1" 404 0 [3mworker[0m[2m=[0mflorence2
[2m2026-09-16T23:25:18.940653Z[0m [32m INFO[0m [2mpanoptikon::inferio::worker[0m[2m:[0m 2026-09-17 01:25:18,940 [DEBUG] inferio_worker_impl_0_florence2: Model florence-community/Florence-2-large-ft loaded. [3mworker[0m[2m=[0mflorence2
[2m2026-09-16T23:25:18.940691Z[0m [32m INFO[0m [2mpanoptikon::inferio::worker[0m[2m:[0m 2026-09-17 01:25:18,940 [INFO] inferio_worker_impl_0_florence2: Resource usage for PID 44316: [3mworker[0m[2m=[0mflorence2
[2m2026-09-16T23:25:18.940706Z[0m [32m INFO[0m [2mpanoptikon::inferio::worker[0m[2m:[0m 2026-09-17 01:25:18,940 [INFO] inferio_worker_impl_0_florence2:   [resource] Max Resident Set Size (Mac): 4841.61 MB [3mworker[0m[2m=[0mflorence2
[2m2026-09-16T23:25:19.045946Z[0m [32m INFO[0m [2mpanoptikon::inferio::worker[0m[2m:[0m 2026-09-17 01:25:19,045 [INFO] inferio_worker_impl_0_florence2:   [psutil] Resident RAM (RSS):  3428.97 MB [3mworker[0m[2m=[0mflorence2
[2m2026-09-16T23:25:19.045962Z[0m [32m INFO[0m [2mpanoptikon::inferio::worker[0m[2m:[0m 2026-09-17 01:25:19,045 [INFO] inferio_worker_impl_0_florence2:   [psutil] Virtual Memory (VMS): 428811.42 MB [3mworker[0m[2m=[0mflorence2
[2m2026-09-16T23:25:19.045997Z[0m [32m INFO[0m [2mpanoptikon::inferio::worker[0m[2m:[0m 2026-09-17 01:25:19,045 [INFO] inferio_worker_impl_0_florence2:   [psutil] Num Threads:          14 [3mworker[0m[2m=[0mflorence2
[2m2026-09-16T23:25:19.046006Z[0m [32m INFO[0m [2mpanoptikon::inferio::worker[0m[2m:[0m 2026-09-17 01:25:19,045 [INFO] inferio_worker_impl_0_florence2:   [psutil] CPU usage:            0.0% [3mworker[0m[2m=[0mflorence2
[2m2026-09-16T23:25:19.047335Z[0m [34mDEBUG[0m [2mpanoptikon::inferio::worker[0m[2m:[0m worker reported its load footprint [3mworker[0m[2m=[0mflorence2/msft_large-caption [3mbase_mb[0m[2m=[0m3234 [3mbase_method[0m[2m=[0m"rss" [3mdtype[0m[2m=[0m"fp32" [3mdtype_method[0m[2m=[0m"selected" [3mgpu_name[0m[2m=[0m"CPU (128 GB)" [3mgpu_arch[0m[2m=[0m"cpu" [3mgpu_total_mb[0m[2m=[0m131072 [3mtorch[0m[2m=[0m"2.7.1"
[2m2026-09-16T23:25:19.047385Z[0m [34mDEBUG[0m [2mpanoptikon::inferio::manager[0m[2m:[0m replica loaded [3mmodel[0m[2m=[0mflorence2/msft_large-caption [3mreplica[0m[2m=[0m0 [3mdevice[0m[2m=[0m""
[2m2026-09-16T23:25:19.055597Z[0m [34mDEBUG[0m [2mpanoptikon::inferio::ledger[0m[2m:[0m admitted a worker to a GPU's ledger [3mmodel[0m[2m=[0mflorence2/msft_large-caption [3mgpu[0m[2m=[0mCPU [3mreplica[0m[2m=[0m2 [3mbase_mb[0m[2m=[0mSome(3234) [3mbase_method[0m[2m=[0m"rss" [3mreserved_at_load_mb[0m[2m=[0mSome(4841) [3mseeded_from_store[0m[2m=[0mfalse
[2m2026-09-16T23:25:31.118809Z[0m [34mDEBUG[0m [2mpanoptikon::inferio::manager[0m[2m:[0m unload requested [3mmodel[0m[2m=[0mflorence2/msft_large-caption [3mcache_key[0m[2m=[0mpc
[2m2026-09-16T23:25:31.118844Z[0m [34mDEBUG[0m [2mpanoptikon::inferio::manager[0m[2m:[0m unloading model [3mmodel[0m[2m=[0mflorence2/msft_large-caption
[2m2026-09-16T23:25:31.118941Z[0m [34mDEBUG[0m [2mpanoptikon::inferio::ledger[0m[2m:[0m credited a departed replica's footprint back to the GPU's free reading, so its memory is not reattributed to external usage, and flagged the reading for a refresh [3mmodel[0m[2m=[0mflorence2/msft_large-caption [3mgpu[0m[2m=[0mCPU [3mfootprint_mb[0m[2m=[0m3234 [3madjusted_free_mb[0m[2m=[0m109348
[2m2026-09-16T23:25:31.169857Z[0m [32m INFO[0m [2mpanoptikon::inferio::worker[0m[2m:[0m 2026-09-17 01:25:31,169 [INFO] inferio_worker: Unloaded; exiting. [3mworker[0m[2m=[0mflorence2
[2m2026-09-16T23:25:34.171270Z[0m [34mDEBUG[0m [2mpanoptikon::inferio::manager[0m[2m:[0m resolved cost dimension [3mmodel[0m[2m=[0mflorence2/msft_large-caption [3munit[0m[2m=[0m"item" [3maggregation[0m[2m=[0m"count" [3mepoch[0m[2m=[0m1 [3mseed_units[0m[2m=[0m4 [3mpriced[0m[2m=[0mtrue [3mdegraded[0m[2m=[0mfalse
[2m2026-09-16T23:25:34.172982Z[0m [34mDEBUG[0m [2mpanoptikon::inferio::ledger[0m[2m:[0m probing the host for this GPU's free memory before pricing a load against it [3mmodel[0m[2m=[0m"florence2/msft_large-caption" [3mgpu[0m[2m=[0m"CPU" [3mreason[0m[2m=[0m"the reading was adjusted for a departed resident" [3msample_age_ms[0m[2m=[0mSome(15125)
[2m2026-09-16T23:25:34.173560Z[0m [34mDEBUG[0m [2mpanoptikon::inferio::ledger[0m[2m:[0m refreshed the GPU's free memory from the host probe [3mgpu[0m[2m=[0mCPU [3msource[0m[2m=[0m"ram" [3mfree_mb[0m[2m=[0m109399 [3mtotal_mb[0m[2m=[0m131072 [3mexternal_mb[0m[2m=[0m21673 [3mprevious_age_ms[0m[2m=[0mSome(15126) [3mrecorded[0m[2m=[0mtrue
[2m2026-09-16T23:25:34.175535Z[0m [34mDEBUG[0m [2mpanoptikon::inferio::worker[0m[2m:[0m spawned an inferio worker [3mworker[0m[2m=[0mflorence2 [3minference_id[0m[2m=[0m"florence2/msft_large-caption" [3mpid[0m[2m=[0mSome(44334)
[2m2026-09-16T23:25:34.741098Z[0m [32m INFO[0m [2mpanoptikon::inferio::worker[0m[2m:[0m 2026-09-17 01:25:34,741 [INFO] inferio_worker: Resolved impl class florence2 to /Users/moot/projects/panoptikon-pr27/python/inferio/impl/florence2.py [3mworker[0m[2m=[0mflorence2
[2m2026-09-16T23:25:34.741165Z[0m [32m INFO[0m [2mpanoptikon::inferio::worker[0m[2m:[0m 2026-09-17 01:25:34,741 [INFO] inferio_worker: Handshake ok for impl class florence2 [3mworker[0m[2m=[0mflorence2
[2m2026-09-16T23:25:34.741235Z[0m [32m INFO[0m [2mpanoptikon::inferio::worker[0m[2m:[0m 2026-09-17 01:25:34,741 [INFO] inferio_worker: Configured as florence2/msft_large-caption [3mworker[0m[2m=[0mflorence2
[2m2026-09-16T23:25:36.646199Z[0m [32m INFO[0m [2mpanoptikon::inferio::worker[0m[2m:[0m 2026-09-17 01:25:36,646 [INFO] inferio_worker_impl_0_florence2: Precision 'fp16' requested but device is cpu; using fp32. [3mworker[0m[2m=[0mflorence2
[2m2026-09-16T23:25:36.653329Z[0m [32m INFO[0m [2mpanoptikon::inferio::worker[0m[2m:[0m 2026-09-17 01:25:36,653 [DEBUG] urllib3.connectionpool: Starting new HTTPS connection (1): huggingface.co:443 [3mworker[0m[2m=[0mflorence2
[2m2026-09-16T23:25:36.808654Z[0m [32m INFO[0m [2mpanoptikon::inferio::worker[0m[2m:[0m 2026-09-17 01:25:36,808 [DEBUG] urllib3.connectionpool: https://huggingface.co:443 "HEAD /florence-community/Florence-2-large-ft/resolve/main/config.json HTTP/1.1" 307 0 [3mworker[0m[2m=[0mflorence2
[2m2026-09-16T23:25:36.824322Z[0m [32m INFO[0m [2mpanoptikon::inferio::worker[0m[2m:[0m 2026-09-17 01:25:36,824 [DEBUG] urllib3.connectionpool: https://huggingface.co:443 "HEAD /api/resolve-cache/models/florence-community/Florence-2-large-ft/26b734a54fdfbf9c398351eedfabb7f27fc470b7/config.json HTTP/1.1" 200 0 [3mworker[0m[2m=[0mflorence2
[2m2026-09-16T23:25:36.951058Z[0m [32m INFO[0m [2mpanoptikon::inferio::worker[0m[2m:[0m 2026-09-17 01:25:36,950 [DEBUG] urllib3.connectionpool: https://huggingface.co:443 "HEAD /florence-community/Florence-2-large-ft/resolve/main/config.json HTTP/1.1" 307 0 [3mworker[0m[2m=[0mflorence2
[2m2026-09-16T23:25:36.968952Z[0m [32m INFO[0m [2mpanoptikon::inferio::worker[0m[2m:[0m 2026-09-17 01:25:36,968 [DEBUG] urllib3.connectionpool: https://huggingface.co:443 "HEAD /api/resolve-cache/models/florence-community/Florence-2-large-ft/26b734a54fdfbf9c398351eedfabb7f27fc470b7/config.json HTTP/1.1" 200 0 [3mworker[0m[2m=[0mflorence2
[2m2026-09-16T23:25:37.530961Z[0m [32m INFO[0m [2mpanoptikon::inferio::worker[0m[2m:[0m 2026-09-17 01:25:37,530 [DEBUG] urllib3.connectionpool: https://huggingface.co:443 "HEAD /florence-community/Florence-2-large-ft/resolve/main/generation_config.json HTTP/1.1" 307 0 [3mworker[0m[2m=[0mflorence2
[2m2026-09-16T23:25:37.544766Z[0m [32m INFO[0m [2mpanoptikon::inferio::worker[0m[2m:[0m 2026-09-17 01:25:37,544 [DEBUG] urllib3.connectionpool: https://huggingface.co:443 "HEAD /api/resolve-cache/models/florence-community/Florence-2-large-ft/26b734a54fdfbf9c398351eedfabb7f27fc470b7/generation_config.json HTTP/1.1" 200 0 [3mworker[0m[2m=[0mflorence2
[2m2026-09-16T23:25:37.670350Z[0m [32m INFO[0m [2mpanoptikon::inferio::worker[0m[2m:[0m 2026-09-17 01:25:37,670 [DEBUG] urllib3.connectionpool: https://huggingface.co:443 "HEAD /florence-community/Florence-2-large-ft/resolve/main/custom_generate/generate.py HTTP/1.1" 404 0 [3mworker[0m[2m=[0mflorence2
[2m2026-09-16T23:25:37.818752Z[0m [32m INFO[0m [2mpanoptikon::inferio::worker[0m[2m:[0m 2026-09-17 01:25:37,818 [DEBUG] urllib3.connectionpool: https://huggingface.co:443 "HEAD /florence-community/Florence-2-large-ft/resolve/main/processor_config.json HTTP/1.1" 307 0 [3mworker[0m[2m=[0mflorence2
[2m2026-09-16T23:25:37.837870Z[0m [32m INFO[0m [2mpanoptikon::inferio::worker[0m[2m:[0m 2026-09-17 01:25:37,837 [DEBUG] urllib3.connectionpool: https://huggingface.co:443 "HEAD /api/resolve-cache/models/florence-community/Florence-2-large-ft/26b734a54fdfbf9c398351eedfabb7f27fc470b7/processor_config.json HTTP/1.1" 200 0 [3mworker[0m[2m=[0mflorence2
[2m2026-09-16T23:25:37.973687Z[0m [32m INFO[0m [2mpanoptikon::inferio::worker[0m[2m:[0m 2026-09-17 01:25:37,973 [DEBUG] urllib3.connectionpool: https://huggingface.co:443 "GET /api/models/florence-community/Florence-2-large-ft/tree/main/additional_chat_templates?recursive=False&expand=False HTTP/1.1" 404 64 [3mworker[0m[2m=[0mflorence2
[2m2026-09-16T23:25:38.102511Z[0m [32m INFO[0m [2mpanoptikon::inferio::worker[0m[2m:[0m 2026-09-17 01:25:38,102 [DEBUG] urllib3.connectionpool: https://huggingface.co:443 "HEAD /florence-community/Florence-2-large-ft/resolve/main/processor_config.json HTTP/1.1" 307 0 [3mworker[0m[2m=[0mflorence2
[2m2026-09-16T23:25:38.121663Z[0m [32m INFO[0m [2mpanoptikon::inferio::worker[0m[2m:[0m 2026-09-17 01:25:38,121 [DEBUG] urllib3.connectionpool: https://huggingface.co:443 "HEAD /api/resolve-cache/models/florence-community/Florence-2-large-ft/26b734a54fdfbf9c398351eedfabb7f27fc470b7/processor_config.json HTTP/1.1" 200 0 [3mworker[0m[2m=[0mflorence2
[2m2026-09-16T23:25:38.252258Z[0m [32m INFO[0m [2mpanoptikon::inferio::worker[0m[2m:[0m 2026-09-17 01:25:38,252 [DEBUG] urllib3.connectionpool: https://huggingface.co:443 "HEAD /florence-community/Florence-2-large-ft/resolve/main/chat_template.json HTTP/1.1" 404 0 [3mworker[0m[2m=[0mflorence2
[2m2026-09-16T23:25:38.383031Z[0m [32m INFO[0m [2mpanoptikon::inferio::worker[0m[2m:[0m 2026-09-17 01:25:38,382 [DEBUG] urllib3.connectionpool: https://huggingface.co:443 "HEAD /florence-community/Florence-2-large-ft/resolve/main/chat_template.jinja HTTP/1.1" 404 0 [3mworker[0m[2m=[0mflorence2
[2m2026-09-16T23:25:38.515036Z[0m [32m INFO[0m [2mpanoptikon::inferio::worker[0m[2m:[0m 2026-09-17 01:25:38,514 [DEBUG] urllib3.connectionpool: https://huggingface.co:443 "HEAD /florence-community/Florence-2-large-ft/resolve/main/audio_tokenizer_config.json HTTP/1.1" 404 0 [3mworker[0m[2m=[0mflorence2
[2m2026-09-16T23:25:38.647676Z[0m [32m INFO[0m [2mpanoptikon::inferio::worker[0m[2m:[0m 2026-09-17 01:25:38,647 [DEBUG] urllib3.connectionpool: https://huggingface.co:443 "HEAD /florence-community/Florence-2-large-ft/resolve/main/preprocessor_config.json HTTP/1.1" 307 0 [3mworker[0m[2m=[0mflorence2
[2m2026-09-16T23:25:38.666610Z[0m [32m INFO[0m [2mpanoptikon::inferio::worker[0m[2m:[0m 2026-09-17 01:25:38,666 [DEBUG] urllib3.connectionpool: https://huggingface.co:443 "HEAD /api/resolve-cache/models/florence-community/Florence-2-large-ft/26b734a54fdfbf9c398351eedfabb7f27fc470b7/preprocessor_config.json HTTP/1.1" 200 0 [3mworker[0m[2m=[0mflorence2
[2m2026-09-16T23:25:38.794765Z[0m [32m INFO[0m [2mpanoptikon::inferio::worker[0m[2m:[0m 2026-09-17 01:25:38,794 [DEBUG] urllib3.connectionpool: https://huggingface.co:443 "HEAD /florence-community/Florence-2-large-ft/resolve/main/processor_config.json HTTP/1.1" 307 0 [3mworker[0m[2m=[0mflorence2
[2m2026-09-16T23:25:38.818871Z[0m [32m INFO[0m [2mpanoptikon::inferio::worker[0m[2m:[0m 2026-09-17 01:25:38,818 [DEBUG] urllib3.connectionpool: https://huggingface.co:443 "HEAD /api/resolve-cache/models/florence-community/Florence-2-large-ft/26b734a54fdfbf9c398351eedfabb7f27fc470b7/processor_config.json HTTP/1.1" 200 0 [3mworker[0m[2m=[0mflorence2
[2m2026-09-16T23:25:38.821254Z[0m [32m INFO[0m [2mpanoptikon::inferio::worker[0m[2m:[0m Using a slow image processor as `use_fast` is unset and a slow processor was saved with this model. `use_fast=True` will be the default behavior in v4.52, even if the model was saved with a slow processor. This will result in minor differences in outputs. You'll still be able to use a slow processor with `use_fast=False`. [3mworker[0m[2m=[0mflorence2
[2m2026-09-16T23:25:38.967905Z[0m [32m INFO[0m [2mpanoptikon::inferio::worker[0m[2m:[0m 2026-09-17 01:25:38,967 [DEBUG] urllib3.connectionpool: https://huggingface.co:443 "HEAD /florence-community/Florence-2-large-ft/resolve/main/tokenizer_config.json HTTP/1.1" 307 0 [3mworker[0m[2m=[0mflorence2
[2m2026-09-16T23:25:38.989433Z[0m [32m INFO[0m [2mpanoptikon::inferio::worker[0m[2m:[0m 2026-09-17 01:25:38,988 [DEBUG] urllib3.connectionpool: https://huggingface.co:443 "HEAD /api/resolve-cache/models/florence-community/Florence-2-large-ft/26b734a54fdfbf9c398351eedfabb7f27fc470b7/tokenizer_config.json HTTP/1.1" 200 0 [3mworker[0m[2m=[0mflorence2
[2m2026-09-16T23:25:39.124079Z[0m [32m INFO[0m [2mpanoptikon::inferio::worker[0m[2m:[0m 2026-09-17 01:25:39,123 [DEBUG] urllib3.connectionpool: https://huggingface.co:443 "GET /api/models/florence-community/Florence-2-large-ft/tree/main/additional_chat_templates?recursive=False&expand=False HTTP/1.1" 404 64 [3mworker[0m[2m=[0mflorence2
[2m2026-09-16T23:25:39.259580Z[0m [32m INFO[0m [2mpanoptikon::inferio::worker[0m[2m:[0m 2026-09-17 01:25:39,259 [DEBUG] urllib3.connectionpool: https://huggingface.co:443 "GET /api/models/florence-community/Florence-2-large-ft/tree/main?recursive=True&expand=False HTTP/1.1" 200 None [3mworker[0m[2m=[0mflorence2
[2m2026-09-16T23:25:39.483294Z[0m [32m INFO[0m [2mpanoptikon::inferio::worker[0m[2m:[0m 2026-09-17 01:25:39,483 [DEBUG] urllib3.connectionpool: https://huggingface.co:443 "GET /api/models/florence-community/Florence-2-large-ft/tree/main/additional_chat_templates?recursive=False&expand=False HTTP/1.1" 404 64 [3mworker[0m[2m=[0mflorence2
[2m2026-09-16T23:25:39.609999Z[0m [32m INFO[0m [2mpanoptikon::inferio::worker[0m[2m:[0m 2026-09-17 01:25:39,609 [DEBUG] urllib3.connectionpool: https://huggingface.co:443 "HEAD /florence-community/Florence-2-large-ft/resolve/main/processor_config.json HTTP/1.1" 307 0 [3mworker[0m[2m=[0mflorence2
[2m2026-09-16T23:25:39.629609Z[0m [32m INFO[0m [2mpanoptikon::inferio::worker[0m[2m:[0m 2026-09-17 01:25:39,629 [DEBUG] urllib3.connectionpool: https://huggingface.co:443 "HEAD /api/resolve-cache/models/florence-community/Florence-2-large-ft/26b734a54fdfbf9c398351eedfabb7f27fc470b7/processor_config.json HTTP/1.1" 200 0 [3mworker[0m[2m=[0mflorence2
[2m2026-09-16T23:25:39.785503Z[0m [32m INFO[0m [2mpanoptikon::inferio::worker[0m[2m:[0m 2026-09-17 01:25:39,785 [DEBUG] urllib3.connectionpool: https://huggingface.co:443 "HEAD /florence-community/Florence-2-large-ft/resolve/main/chat_template.json HTTP/1.1" 404 0 [3mworker[0m[2m=[0mflorence2
[2m2026-09-16T23:25:39.917858Z[0m [32m INFO[0m [2mpanoptikon::inferio::worker[0m[2m:[0m 2026-09-17 01:25:39,917 [DEBUG] urllib3.connectionpool: https://huggingface.co:443 "HEAD /florence-community/Florence-2-large-ft/resolve/main/chat_template.jinja HTTP/1.1" 404 0 [3mworker[0m[2m=[0mflorence2
[2m2026-09-16T23:25:40.054661Z[0m [32m INFO[0m [2mpanoptikon::inferio::worker[0m[2m:[0m 2026-09-17 01:25:40,054 [DEBUG] urllib3.connectionpool: https://huggingface.co:443 "HEAD /florence-community/Florence-2-large-ft/resolve/main/audio_tokenizer_config.json HTTP/1.1" 404 0 [3mworker[0m[2m=[0mflorence2
[2m2026-09-16T23:25:40.182383Z[0m [32m INFO[0m [2mpanoptikon::inferio::worker[0m[2m:[0m 2026-09-17 01:25:40,182 [DEBUG] inferio_worker_impl_0_florence2: Model florence-community/Florence-2-large-ft loaded. [3mworker[0m[2m=[0mflorence2
[2m2026-09-16T23:25:40.183235Z[0m [32m INFO[0m [2mpanoptikon::inferio::worker[0m[2m:[0m 2026-09-17 01:25:40,182 [INFO] inferio_worker_impl_0_florence2: Resource usage for PID 44334: [3mworker[0m[2m=[0mflorence2
[2m2026-09-16T23:25:40.183259Z[0m [32m INFO[0m [2mpanoptikon::inferio::worker[0m[2m:[0m 2026-09-17 01:25:40,182 [INFO] inferio_worker_impl_0_florence2:   [resource] Max Resident Set Size (Mac): 4842.09 MB [3mworker[0m[2m=[0mflorence2
[2m2026-09-16T23:25:40.287658Z[0m [32m INFO[0m [2mpanoptikon::inferio::worker[0m[2m:[0m 2026-09-17 01:25:40,287 [INFO] inferio_worker_impl_0_florence2:   [psutil] Resident RAM (RSS):  3430.27 MB [3mworker[0m[2m=[0mflorence2
[2m2026-09-16T23:25:40.287681Z[0m [32m INFO[0m [2mpanoptikon::inferio::worker[0m[2m:[0m 2026-09-17 01:25:40,287 [INFO] inferio_worker_impl_0_florence2:   [psutil] Virtual Memory (VMS): 428807.06 MB [3mworker[0m[2m=[0mflorence2
[2m2026-09-16T23:25:40.287710Z[0m [32m INFO[0m [2mpanoptikon::inferio::worker[0m[2m:[0m 2026-09-17 01:25:40,287 [INFO] inferio_worker_impl_0_florence2:   [psutil] Num Threads:          14 [3mworker[0m[2m=[0mflorence2
[2m2026-09-16T23:25:40.287722Z[0m [32m INFO[0m [2mpanoptikon::inferio::worker[0m[2m:[0m 2026-09-17 01:25:40,287 [INFO] inferio_worker_impl_0_florence2:   [psutil] CPU usage:            0.0% [3mworker[0m[2m=[0mflorence2
[2m2026-09-16T23:25:40.289014Z[0m [34mDEBUG[0m [2mpanoptikon::inferio::worker[0m[2m:[0m worker reported its load footprint [3mworker[0m[2m=[0mflorence2/msft_large-caption [3mbase_mb[0m[2m=[0m3235 [3mbase_method[0m[2m=[0m"rss" [3mdtype[0m[2m=[0m"fp32" [3mdtype_method[0m[2m=[0m"selected" [3mgpu_name[0m[2m=[0m"CPU (128 GB)" [3mgpu_arch[0m[2m=[0m"cpu" [3mgpu_total_mb[0m[2m=[0m131072 [3mtorch[0m[2m=[0m"2.7.1"
[2m2026-09-16T23:25:40.291761Z[0m [34mDEBUG[0m [2mpanoptikon::inferio::manager[0m[2m:[0m replica loaded [3mmodel[0m[2m=[0mflorence2/msft_large-caption [3mreplica[0m[2m=[0m0 [3mdevice[0m[2m=[0m""
[2m2026-09-16T23:25:40.291929Z[0m [34mDEBUG[0m [2mpanoptikon::inferio::ledger[0m[2m:[0m admitted a worker to a GPU's ledger [3mmodel[0m[2m=[0mflorence2/msft_large-caption [3mgpu[0m[2m=[0mCPU [3mreplica[0m[2m=[0m4 [3mbase_mb[0m[2m=[0mSome(3235) [3mbase_method[0m[2m=[0m"rss" [3mreserved_at_load_mb[0m[2m=[0mSome(4842) [3mseeded_from_store[0m[2m=[0mfalse
[2m2026-09-16T23:25:43.368031Z[0m [34mDEBUG[0m [2mpanoptikon::inferio::manager[0m[2m:[0m unload requested [3mmodel[0m[2m=[0mflorence2/msft_large-caption [3mcache_key[0m[2m=[0mpc
[2m2026-09-16T23:25:43.368099Z[0m [34mDEBUG[0m [2mpanoptikon::inferio::manager[0m[2m:[0m unloading model [3mmodel[0m[2m=[0mflorence2/msft_large-caption
[2m2026-09-16T23:25:43.368162Z[0m [34mDEBUG[0m [2mpanoptikon::inferio::ledger[0m[2m:[0m credited a departed replica's footprint back to the GPU's free reading, so its memory is not reattributed to external usage, and flagged the reading for a refresh [3mmodel[0m[2m=[0mflorence2/msft_large-caption [3mgpu[0m[2m=[0mCPU [3mfootprint_mb[0m[2m=[0m3235 [3madjusted_free_mb[0m[2m=[0m108908
[2m2026-09-16T23:25:43.416954Z[0m [32m INFO[0m [2mpanoptikon::inferio::worker[0m[2m:[0m 2026-09-17 01:25:43,416 [INFO] inferio_worker: Unloaded; exiting. [3mworker[0m[2m=[0mflorence2
[2m2026-09-16T23:25:45.381245Z[0m [32m INFO[0m [2mpanoptikon::shutdown[0m[2m:[0m shutdown signal received; stopping gracefully (repeat the signal to force exit)
[2m2026-09-16T23:25:45.386396Z[0m [32m INFO[0m [2mpanoptikon::shutdown[0m[2m:[0m index DB writers drained [3mwriters[0m[2m=[0m1
[2m2026-09-16T23:25:45.386838Z[0m [32m INFO[0m [2mpanoptikon::shutdown[0m[2m:[0m local inference workers stopped
[2m2026-09-16T23:25:45.386954Z[0m [32m INFO[0m [2mpanoptikon::shutdown[0m[2m:[0m background work stopped cleanly
[2m2026-09-16T23:25:45.387074Z[0m [32m INFO[0m [2mpanoptikon[0m[2m:[0m gateway stopped
