[2m2026-09-16T23:28:32.271681Z[0m [32m INFO[0m [2mpanoptikon::logging[0m[2m:[0m logging to file [3mpath[0m[2m=[0mdata/panoptikon.log
[2m2026-09-16T23:28:32.271726Z[0m [32m INFO[0m [2mpanoptikon::rlimit[0m[2m:[0m raised the open file descriptor soft limit to the hard limit [3msoft_nofile_before[0m[2m=[0m256 [3msoft_nofile_after[0m[2m=[0m1048576
[2m2026-09-16T23:28:32.271817Z[0m [32m INFO[0m [2mpanoptikon::accelerator_report[0m[2m:[0m accelerator backend [3mbackend[0m[2m=[0m"mps" [3mbackend_source[0m[2m=[0mmacOS: default PyPI wheels (MPS on Apple Silicon); no CUDA/ROCm builds exist [3mdevices[0m[2m=[0m[]
[2m2026-09-16T23:28:32.301618Z[0m [32m INFO[0m [2mpanoptikon::inferio::gpu[0m[2m:[0m detected GPU (unified memory; the total is the 75% seed until a worker reports the exact recommended-max figure) [3mindex[0m[2m=[0m0 [3muuid[0m[2m=[0mGPU-MPS [3mname[0m[2m=[0mApple M3 Max (128 GB) [3mtotal_mb[0m[2m=[0m98304 [3mram_mb[0m[2m=[0m131072 [3munified[0m[2m=[0mtrue
[2m2026-09-16T23:28:32.301636Z[0m [32m INFO[0m [2mpanoptikon::inferio::gpu[0m[2m:[0m admitting batches from workers that run on the CPU against system RAM (running out of it is an OS process kill rather than a catchable allocation failure, so the device ships with a default ceiling) [3muuid[0m[2m=[0mCPU [3mname[0m[2m=[0mCPU (128 GB) [3mtotal_mb[0m[2m=[0m131072 [3mdefault_cap_fraction[0m[2m=[0m0.75 [3maccelerators[0m[2m=[0m1
[2m2026-09-16T23:28:32.301718Z[0m [32m INFO[0m [2mpanoptikon[0m[2m:[0m serving /api/inference locally (inference_local.enabled)
[2m2026-09-16T23:28:32.356182Z[0m [32m INFO[0m [2mpanoptikon[0m[2m:[0m gateway listening [3mendpoint[0m[2m=[0mdefault [3maddress[0m[2m=[0m127.0.0.1:6342
[2m2026-09-16T23:28:32.356216Z[0m [32m INFO[0m [2mpanoptikon[0m[2m:[0m gateway listening [3mendpoint[0m[2m=[0mtest [3maddress[0m[2m=[0m127.0.0.1:6343
[2m2026-09-16T23:28:32.356233Z[0m [32m INFO[0m [2mpanoptikon[0m[2m:[0m gateway listening [3mendpoint[0m[2m=[0mlegacy_ui [3maddress[0m[2m=[0m127.0.0.1:6339
[2m2026-09-16T23:28:32.356241Z[0m [32m INFO[0m [2mpanoptikon[0m[2m:[0m serving HTTP/1.1 and HTTP/2 cleartext [3mmax_concurrent_streams[0m[2m=[0m512
[2m2026-09-16T23:28:32.381449Z[0m [32m INFO[0m [2mpanoptikon::media_tools[0m[2m:[0m media tools resolved [3mffmpeg[0m[2m=[0m/Users/moot/projects/panoptikon-pr27/python/.venv/lib/python3.12/site-packages/static_ffmpeg/bin/darwin_arm64/ffmpeg [3mffprobe[0m[2m=[0m/Users/moot/projects/panoptikon-pr27/python/.venv/lib/python3.12/site-packages/static_ffmpeg/bin/darwin_arm64/ffprobe
[2m2026-09-16T23:28:32.507694Z[0m [32m INFO[0m [2mpanoptikon::media_tools::transcode::hw[0m[2m:[0m hardware H.264 encoder validated [3mencoder[0m[2m=[0m"h264_videotoolbox"
[2m2026-09-16T23:28:34.341943Z[0m [34mDEBUG[0m [2mpanoptikon::inferio::manager[0m[2m:[0m resolved cost dimension [3mmodel[0m[2m=[0mflorence2/msft_large-caption-metal [3munit[0m[2m=[0m"item" [3maggregation[0m[2m=[0m"count" [3mepoch[0m[2m=[0m1 [3mseed_units[0m[2m=[0m4 [3mpriced[0m[2m=[0mtrue [3mdegraded[0m[2m=[0mfalse
[2m2026-09-16T23:28:34.342020Z[0m [34mDEBUG[0m [2mpanoptikon::inferio::ledger[0m[2m:[0m probing the host for this GPU's free memory before pricing a load against it [3mmodel[0m[2m=[0m"florence2/msft_large-caption-metal" [3mgpu[0m[2m=[0m"GPU-MPS" [3mreason[0m[2m=[0m"no free sample: this GPU has never had a resident" [3msample_age_ms[0m[2m=[0mNone
[2m2026-09-16T23:28:34.342099Z[0m [34mDEBUG[0m [2mpanoptikon::inferio::ledger[0m[2m:[0m refreshed the GPU's free memory from the host probe [3mgpu[0m[2m=[0mGPU-MPS [3msource[0m[2m=[0m"mps" [3mfree_mb[0m[2m=[0m109412 [3mtotal_mb[0m[2m=[0m98304 [3mexternal_mb[0m[2m=[0m21660 [3mprevious_age_ms[0m[2m=[0mNone [3mrecorded[0m[2m=[0mtrue
[2m2026-09-16T23:28:34.342980Z[0m [34mDEBUG[0m [2mpanoptikon::inferio::worker[0m[2m:[0m spawned an inferio worker [3mworker[0m[2m=[0mflorence2 [3minference_id[0m[2m=[0m"florence2/msft_large-caption-metal" [3mpid[0m[2m=[0mSome(44464)
[2m2026-09-16T23:28:34.874109Z[0m [32m INFO[0m [2mpanoptikon::inferio::worker[0m[2m:[0m 2026-09-17 01:28:34,874 [INFO] inferio_worker: Resolved impl class florence2 to /Users/moot/projects/panoptikon-pr27/python/inferio/impl/florence2.py [3mworker[0m[2m=[0mflorence2
[2m2026-09-16T23:28:34.874168Z[0m [32m INFO[0m [2mpanoptikon::inferio::worker[0m[2m:[0m 2026-09-17 01:28:34,874 [INFO] inferio_worker: Handshake ok for impl class florence2 [3mworker[0m[2m=[0mflorence2
[2m2026-09-16T23:28:34.874232Z[0m [32m INFO[0m [2mpanoptikon::inferio::worker[0m[2m:[0m 2026-09-17 01:28:34,874 [INFO] inferio_worker: Configured as florence2/msft_large-caption-metal [3mworker[0m[2m=[0mflorence2
[2m2026-09-16T23:28:34.883501Z[0m [32m INFO[0m [2mpanoptikon::inferio::worker[0m[2m:[0m 2026-09-17 01:28:34,883 [DEBUG] inferio_worker.memory: NVML init failed (NVML Shared Library Not Found) [3mworker[0m[2m=[0mflorence2
[2m2026-09-16T23:28:36.707372Z[0m [32m INFO[0m [2mpanoptikon::inferio::worker[0m[2m:[0m 2026-09-17 01:28:36,707 [INFO] inferio_worker_impl_0_florence2: Precision 'fp16' requested but device is mps; using fp32. [3mworker[0m[2m=[0mflorence2
[2m2026-09-16T23:28:36.708927Z[0m [32m INFO[0m [2mpanoptikon::inferio::worker[0m[2m:[0m 2026-09-17 01:28:36,708 [DEBUG] urllib3.connectionpool: Starting new HTTPS connection (1): huggingface.co:443 [3mworker[0m[2m=[0mflorence2
[2m2026-09-16T23:28:36.875417Z[0m [32m INFO[0m [2mpanoptikon::inferio::worker[0m[2m:[0m 2026-09-17 01:28:36,875 [DEBUG] urllib3.connectionpool: https://huggingface.co:443 "HEAD /florence-community/Florence-2-large-ft/resolve/main/config.json HTTP/1.1" 307 0 [3mworker[0m[2m=[0mflorence2
[2m2026-09-16T23:28:36.893215Z[0m [32m INFO[0m [2mpanoptikon::inferio::worker[0m[2m:[0m 2026-09-17 01:28:36,893 [DEBUG] urllib3.connectionpool: https://huggingface.co:443 "HEAD /api/resolve-cache/models/florence-community/Florence-2-large-ft/26b734a54fdfbf9c398351eedfabb7f27fc470b7/config.json HTTP/1.1" 200 0 [3mworker[0m[2m=[0mflorence2
[2m2026-09-16T23:28:37.021111Z[0m [32m INFO[0m [2mpanoptikon::inferio::worker[0m[2m:[0m 2026-09-17 01:28:37,020 [DEBUG] urllib3.connectionpool: https://huggingface.co:443 "HEAD /florence-community/Florence-2-large-ft/resolve/main/config.json HTTP/1.1" 307 0 [3mworker[0m[2m=[0mflorence2
[2m2026-09-16T23:28:37.041774Z[0m [32m INFO[0m [2mpanoptikon::inferio::worker[0m[2m:[0m 2026-09-17 01:28:37,041 [DEBUG] urllib3.connectionpool: https://huggingface.co:443 "HEAD /api/resolve-cache/models/florence-community/Florence-2-large-ft/26b734a54fdfbf9c398351eedfabb7f27fc470b7/config.json HTTP/1.1" 200 0 [3mworker[0m[2m=[0mflorence2
[2m2026-09-16T23:28:37.609351Z[0m [32m INFO[0m [2mpanoptikon::inferio::worker[0m[2m:[0m 2026-09-17 01:28:37,609 [DEBUG] urllib3.connectionpool: https://huggingface.co:443 "HEAD /florence-community/Florence-2-large-ft/resolve/main/generation_config.json HTTP/1.1" 307 0 [3mworker[0m[2m=[0mflorence2
[2m2026-09-16T23:28:37.623306Z[0m [32m INFO[0m [2mpanoptikon::inferio::worker[0m[2m:[0m 2026-09-17 01:28:37,623 [DEBUG] urllib3.connectionpool: https://huggingface.co:443 "HEAD /api/resolve-cache/models/florence-community/Florence-2-large-ft/26b734a54fdfbf9c398351eedfabb7f27fc470b7/generation_config.json HTTP/1.1" 200 0 [3mworker[0m[2m=[0mflorence2
[2m2026-09-16T23:28:37.751369Z[0m [32m INFO[0m [2mpanoptikon::inferio::worker[0m[2m:[0m 2026-09-17 01:28:37,750 [DEBUG] urllib3.connectionpool: https://huggingface.co:443 "HEAD /florence-community/Florence-2-large-ft/resolve/main/custom_generate/generate.py HTTP/1.1" 404 0 [3mworker[0m[2m=[0mflorence2
[2m2026-09-16T23:28:38.329413Z[0m [32m INFO[0m [2mpanoptikon::inferio::worker[0m[2m:[0m 2026-09-17 01:28:38,329 [DEBUG] urllib3.connectionpool: https://huggingface.co:443 "HEAD /florence-community/Florence-2-large-ft/resolve/main/processor_config.json HTTP/1.1" 307 0 [3mworker[0m[2m=[0mflorence2
[2m2026-09-16T23:28:38.347301Z[0m [32m INFO[0m [2mpanoptikon::inferio::worker[0m[2m:[0m 2026-09-17 01:28:38,346 [DEBUG] urllib3.connectionpool: https://huggingface.co:443 "HEAD /api/resolve-cache/models/florence-community/Florence-2-large-ft/26b734a54fdfbf9c398351eedfabb7f27fc470b7/processor_config.json HTTP/1.1" 200 0 [3mworker[0m[2m=[0mflorence2
[2m2026-09-16T23:28:38.484084Z[0m [32m INFO[0m [2mpanoptikon::inferio::worker[0m[2m:[0m 2026-09-17 01:28:38,483 [DEBUG] urllib3.connectionpool: https://huggingface.co:443 "GET /api/models/florence-community/Florence-2-large-ft/tree/main/additional_chat_templates?recursive=False&expand=False HTTP/1.1" 404 64 [3mworker[0m[2m=[0mflorence2
[2m2026-09-16T23:28:38.616111Z[0m [32m INFO[0m [2mpanoptikon::inferio::worker[0m[2m:[0m 2026-09-17 01:28:38,615 [DEBUG] urllib3.connectionpool: https://huggingface.co:443 "HEAD /florence-community/Florence-2-large-ft/resolve/main/processor_config.json HTTP/1.1" 307 0 [3mworker[0m[2m=[0mflorence2
[2m2026-09-16T23:28:38.634960Z[0m [32m INFO[0m [2mpanoptikon::inferio::worker[0m[2m:[0m 2026-09-17 01:28:38,634 [DEBUG] urllib3.connectionpool: https://huggingface.co:443 "HEAD /api/resolve-cache/models/florence-community/Florence-2-large-ft/26b734a54fdfbf9c398351eedfabb7f27fc470b7/processor_config.json HTTP/1.1" 200 0 [3mworker[0m[2m=[0mflorence2
[2m2026-09-16T23:28:38.765489Z[0m [32m INFO[0m [2mpanoptikon::inferio::worker[0m[2m:[0m 2026-09-17 01:28:38,765 [DEBUG] urllib3.connectionpool: https://huggingface.co:443 "HEAD /florence-community/Florence-2-large-ft/resolve/main/chat_template.json HTTP/1.1" 404 0 [3mworker[0m[2m=[0mflorence2
[2m2026-09-16T23:28:38.899115Z[0m [32m INFO[0m [2mpanoptikon::inferio::worker[0m[2m:[0m 2026-09-17 01:28:38,898 [DEBUG] urllib3.connectionpool: https://huggingface.co:443 "HEAD /florence-community/Florence-2-large-ft/resolve/main/chat_template.jinja HTTP/1.1" 404 0 [3mworker[0m[2m=[0mflorence2
[2m2026-09-16T23:28:39.034265Z[0m [32m INFO[0m [2mpanoptikon::inferio::worker[0m[2m:[0m 2026-09-17 01:28:39,033 [DEBUG] urllib3.connectionpool: https://huggingface.co:443 "HEAD /florence-community/Florence-2-large-ft/resolve/main/audio_tokenizer_config.json HTTP/1.1" 404 0 [3mworker[0m[2m=[0mflorence2
[2m2026-09-16T23:28:39.166622Z[0m [32m INFO[0m [2mpanoptikon::inferio::worker[0m[2m:[0m 2026-09-17 01:28:39,166 [DEBUG] urllib3.connectionpool: https://huggingface.co:443 "HEAD /florence-community/Florence-2-large-ft/resolve/main/preprocessor_config.json HTTP/1.1" 307 0 [3mworker[0m[2m=[0mflorence2
[2m2026-09-16T23:28:39.185622Z[0m [32m INFO[0m [2mpanoptikon::inferio::worker[0m[2m:[0m 2026-09-17 01:28:39,185 [DEBUG] urllib3.connectionpool: https://huggingface.co:443 "HEAD /api/resolve-cache/models/florence-community/Florence-2-large-ft/26b734a54fdfbf9c398351eedfabb7f27fc470b7/preprocessor_config.json HTTP/1.1" 200 0 [3mworker[0m[2m=[0mflorence2
[2m2026-09-16T23:28:39.315567Z[0m [32m INFO[0m [2mpanoptikon::inferio::worker[0m[2m:[0m 2026-09-17 01:28:39,315 [DEBUG] urllib3.connectionpool: https://huggingface.co:443 "HEAD /florence-community/Florence-2-large-ft/resolve/main/processor_config.json HTTP/1.1" 307 0 [3mworker[0m[2m=[0mflorence2
[2m2026-09-16T23:28:39.331105Z[0m [32m INFO[0m [2mpanoptikon::inferio::worker[0m[2m:[0m 2026-09-17 01:28:39,330 [DEBUG] urllib3.connectionpool: https://huggingface.co:443 "HEAD /api/resolve-cache/models/florence-community/Florence-2-large-ft/26b734a54fdfbf9c398351eedfabb7f27fc470b7/processor_config.json HTTP/1.1" 200 0 [3mworker[0m[2m=[0mflorence2
[2m2026-09-16T23:28:39.332403Z[0m [32m INFO[0m [2mpanoptikon::inferio::worker[0m[2m:[0m Using a slow image processor as `use_fast` is unset and a slow processor was saved with this model. `use_fast=True` will be the default behavior in v4.52, even if the model was saved with a slow processor. This will result in minor differences in outputs. You'll still be able to use a slow processor with `use_fast=False`. [3mworker[0m[2m=[0mflorence2
[2m2026-09-16T23:28:39.470379Z[0m [32m INFO[0m [2mpanoptikon::inferio::worker[0m[2m:[0m 2026-09-17 01:28:39,470 [DEBUG] urllib3.connectionpool: https://huggingface.co:443 "HEAD /florence-community/Florence-2-large-ft/resolve/main/tokenizer_config.json HTTP/1.1" 307 0 [3mworker[0m[2m=[0mflorence2
[2m2026-09-16T23:28:39.491669Z[0m [32m INFO[0m [2mpanoptikon::inferio::worker[0m[2m:[0m 2026-09-17 01:28:39,491 [DEBUG] urllib3.connectionpool: https://huggingface.co:443 "HEAD /api/resolve-cache/models/florence-community/Florence-2-large-ft/26b734a54fdfbf9c398351eedfabb7f27fc470b7/tokenizer_config.json HTTP/1.1" 200 0 [3mworker[0m[2m=[0mflorence2
[2m2026-09-16T23:28:39.626822Z[0m [32m INFO[0m [2mpanoptikon::inferio::worker[0m[2m:[0m 2026-09-17 01:28:39,626 [DEBUG] urllib3.connectionpool: https://huggingface.co:443 "GET /api/models/florence-community/Florence-2-large-ft/tree/main/additional_chat_templates?recursive=False&expand=False HTTP/1.1" 404 64 [3mworker[0m[2m=[0mflorence2
[2m2026-09-16T23:28:39.761371Z[0m [32m INFO[0m [2mpanoptikon::inferio::worker[0m[2m:[0m 2026-09-17 01:28:39,761 [DEBUG] urllib3.connectionpool: https://huggingface.co:443 "GET /api/models/florence-community/Florence-2-large-ft/tree/main?recursive=True&expand=False HTTP/1.1" 200 None [3mworker[0m[2m=[0mflorence2
[2m2026-09-16T23:28:39.984307Z[0m [32m INFO[0m [2mpanoptikon::inferio::worker[0m[2m:[0m 2026-09-17 01:28:39,984 [DEBUG] urllib3.connectionpool: https://huggingface.co:443 "GET /api/models/florence-community/Florence-2-large-ft/tree/main/additional_chat_templates?recursive=False&expand=False HTTP/1.1" 404 64 [3mworker[0m[2m=[0mflorence2
[2m2026-09-16T23:28:40.119788Z[0m [32m INFO[0m [2mpanoptikon::inferio::worker[0m[2m:[0m 2026-09-17 01:28:40,119 [DEBUG] urllib3.connectionpool: https://huggingface.co:443 "HEAD /florence-community/Florence-2-large-ft/resolve/main/processor_config.json HTTP/1.1" 307 0 [3mworker[0m[2m=[0mflorence2
[2m2026-09-16T23:28:40.140529Z[0m [32m INFO[0m [2mpanoptikon::inferio::worker[0m[2m:[0m 2026-09-17 01:28:40,140 [DEBUG] urllib3.connectionpool: https://huggingface.co:443 "HEAD /api/resolve-cache/models/florence-community/Florence-2-large-ft/26b734a54fdfbf9c398351eedfabb7f27fc470b7/processor_config.json HTTP/1.1" 200 0 [3mworker[0m[2m=[0mflorence2
[2m2026-09-16T23:28:40.275183Z[0m [32m INFO[0m [2mpanoptikon::inferio::worker[0m[2m:[0m 2026-09-17 01:28:40,274 [DEBUG] urllib3.connectionpool: https://huggingface.co:443 "HEAD /florence-community/Florence-2-large-ft/resolve/main/chat_template.json HTTP/1.1" 404 0 [3mworker[0m[2m=[0mflorence2
[2m2026-09-16T23:28:40.407713Z[0m [32m INFO[0m [2mpanoptikon::inferio::worker[0m[2m:[0m 2026-09-17 01:28:40,407 [DEBUG] urllib3.connectionpool: https://huggingface.co:443 "HEAD /florence-community/Florence-2-large-ft/resolve/main/chat_template.jinja HTTP/1.1" 404 0 [3mworker[0m[2m=[0mflorence2
[2m2026-09-16T23:28:40.540627Z[0m [32m INFO[0m [2mpanoptikon::inferio::worker[0m[2m:[0m 2026-09-17 01:28:40,540 [DEBUG] urllib3.connectionpool: https://huggingface.co:443 "HEAD /florence-community/Florence-2-large-ft/resolve/main/audio_tokenizer_config.json HTTP/1.1" 404 0 [3mworker[0m[2m=[0mflorence2
[2m2026-09-16T23:28:40.629100Z[0m [32m INFO[0m [2mpanoptikon::inferio::worker[0m[2m:[0m 2026-09-17 01:28:40,629 [DEBUG] inferio_worker_impl_0_florence2: Model florence-community/Florence-2-large-ft loaded. [3mworker[0m[2m=[0mflorence2
[2m2026-09-16T23:28:40.629146Z[0m [32m INFO[0m [2mpanoptikon::inferio::worker[0m[2m:[0m 2026-09-17 01:28:40,629 [INFO] inferio_worker_impl_0_florence2: Resource usage for PID 44464: [3mworker[0m[2m=[0mflorence2
[2m2026-09-16T23:28:40.629187Z[0m [32m INFO[0m [2mpanoptikon::inferio::worker[0m[2m:[0m 2026-09-17 01:28:40,629 [INFO] inferio_worker_impl_0_florence2:   [resource] Max Resident Set Size (Mac): 4845.88 MB [3mworker[0m[2m=[0mflorence2
[2m2026-09-16T23:28:40.739462Z[0m [32m INFO[0m [2mpanoptikon::inferio::worker[0m[2m:[0m 2026-09-17 01:28:40,739 [INFO] inferio_worker_impl_0_florence2:   [psutil] Resident RAM (RSS):  504.17 MB [3mworker[0m[2m=[0mflorence2
[2m2026-09-16T23:28:40.739482Z[0m [32m INFO[0m [2mpanoptikon::inferio::worker[0m[2m:[0m 2026-09-17 01:28:40,739 [INFO] inferio_worker_impl_0_florence2:   [psutil] Virtual Memory (VMS): 425862.20 MB [3mworker[0m[2m=[0mflorence2
[2m2026-09-16T23:28:40.739495Z[0m [32m INFO[0m [2mpanoptikon::inferio::worker[0m[2m:[0m 2026-09-17 01:28:40,739 [INFO] inferio_worker_impl_0_florence2:   [psutil] Num Threads:          15 [3mworker[0m[2m=[0mflorence2
[2m2026-09-16T23:28:40.739506Z[0m [32m INFO[0m [2mpanoptikon::inferio::worker[0m[2m:[0m 2026-09-17 01:28:40,739 [INFO] inferio_worker_impl_0_florence2:   [psutil] CPU usage:            0.0% [3mworker[0m[2m=[0mflorence2
[2m2026-09-16T23:28:40.740927Z[0m [34mDEBUG[0m [2mpanoptikon::inferio::worker[0m[2m:[0m worker reported its load footprint [3mworker[0m[2m=[0mflorence2/msft_large-caption-metal [3mbase_mb[0m[2m=[0m3120 [3mbase_method[0m[2m=[0m"mps" [3mdtype[0m[2m=[0m"fp32" [3mdtype_method[0m[2m=[0m"selected" [3mgpu_name[0m[2m=[0m"Apple M3 Max (128 GB)" [3mgpu_arch[0m[2m=[0m"apple-m3" [3mgpu_total_mb[0m[2m=[0m110100 [3mtorch[0m[2m=[0m"2.7.1"
[2m2026-09-16T23:28:40.740957Z[0m [34mDEBUG[0m [2mpanoptikon::inferio::manager[0m[2m:[0m replica loaded [3mmodel[0m[2m=[0mflorence2/msft_large-caption-metal [3mreplica[0m[2m=[0m0 [3mdevice[0m[2m=[0m"<unpinned>"
[2m2026-09-16T23:28:40.740974Z[0m [32m INFO[0m [2mpanoptikon::inferio::ledger[0m[2m:[0m this unified-memory device's admission total is now the figure the worker's own runtime reports, which is what its allocations are actually judged against; the probe's seed was a default fraction of host RAM and a raised GPU memory limit moves the real figure well away from it [3mmodel[0m[2m=[0mflorence2/msft_large-caption-metal [3mgpu[0m[2m=[0mGPU-MPS [3mseed_total_mb[0m[2m=[0m98304 [3mreported_total_mb[0m[2m=[0m110100 [3mram_mb[0m[2m=[0m131072
[2m2026-09-16T23:28:40.749877Z[0m [34mDEBUG[0m [2mpanoptikon::inferio::ledger[0m[2m:[0m admitted a worker to a GPU's ledger [3mmodel[0m[2m=[0mflorence2/msft_large-caption-metal [3mgpu[0m[2m=[0mGPU-MPS [3mreplica[0m[2m=[0m2 [3mbase_mb[0m[2m=[0mSome(3120) [3mbase_method[0m[2m=[0m"mps" [3mreserved_at_load_mb[0m[2m=[0mSome(3120) [3mseeded_from_store[0m[2m=[0mfalse
[2m2026-09-16T23:28:40.750507Z[0m [34mDEBUG[0m [2mpanoptikon::inferio::worker[0m[2m:[0m spawned an inferio worker [3mworker[0m[2m=[0mflorence2 [3minference_id[0m[2m=[0m"<unconfigured>" [3mpid[0m[2m=[0mSome(44467)
[2m2026-09-16T23:28:41.271053Z[0m [32m INFO[0m [2mpanoptikon::inferio::worker[0m[2m:[0m 2026-09-17 01:28:41,270 [INFO] inferio_worker: Resolved impl class florence2 to /Users/moot/projects/panoptikon-pr27/python/inferio/impl/florence2.py [3mworker[0m[2m=[0mflorence2
[2m2026-09-16T23:28:41.271085Z[0m [32m INFO[0m [2mpanoptikon::inferio::worker[0m[2m:[0m 2026-09-17 01:28:41,271 [INFO] inferio_worker: Handshake ok for impl class florence2 [3mworker[0m[2m=[0mflorence2
[2m2026-09-16T23:28:41.271168Z[0m [32m INFO[0m [2mpanoptikon::inferio::prewarm[0m[2m:[0m prewarmed worker parked [3mimpl_class[0m[2m=[0mflorence2 [3mfailed_prepare[0m[2m=[0mfalse [3mdevice[0m[2m=[0m"<unpinned>"
[2m2026-09-16T23:29:05.822452Z[0m [34mDEBUG[0m [2mpanoptikon::inferio::manager[0m[2m:[0m resolved cost dimension [3mmodel[0m[2m=[0mflorence2/msft_large-caption [3munit[0m[2m=[0m"item" [3maggregation[0m[2m=[0m"count" [3mepoch[0m[2m=[0m1 [3mseed_units[0m[2m=[0m4 [3mpriced[0m[2m=[0mtrue [3mdegraded[0m[2m=[0mfalse
[2m2026-09-16T23:29:05.822525Z[0m [34mDEBUG[0m [2mpanoptikon::inferio::ledger[0m[2m:[0m probing the host for this GPU's free memory before pricing a load against it [3mmodel[0m[2m=[0m"florence2/msft_large-caption" [3mgpu[0m[2m=[0m"CPU" [3mreason[0m[2m=[0m"no free sample: this GPU has never had a resident" [3msample_age_ms[0m[2m=[0mNone
[2m2026-09-16T23:29:05.822653Z[0m [34mDEBUG[0m [2mpanoptikon::inferio::ledger[0m[2m:[0m refreshed the GPU's free memory from the host probe [3mgpu[0m[2m=[0mCPU [3msource[0m[2m=[0m"ram" [3mfree_mb[0m[2m=[0m105587 [3mtotal_mb[0m[2m=[0m131072 [3mexternal_mb[0m[2m=[0m22365 [3mprevious_age_ms[0m[2m=[0mNone [3mrecorded[0m[2m=[0mtrue
[2m2026-09-16T23:29:05.823236Z[0m [34mDEBUG[0m [2mpanoptikon::inferio::worker[0m[2m:[0m spawned an inferio worker [3mworker[0m[2m=[0mflorence2 [3minference_id[0m[2m=[0m"florence2/msft_large-caption" [3mpid[0m[2m=[0mSome(44483)
[2m2026-09-16T23:29:06.348102Z[0m [32m INFO[0m [2mpanoptikon::inferio::worker[0m[2m:[0m 2026-09-17 01:29:06,348 [INFO] inferio_worker: Resolved impl class florence2 to /Users/moot/projects/panoptikon-pr27/python/inferio/impl/florence2.py [3mworker[0m[2m=[0mflorence2
[2m2026-09-16T23:29:06.348159Z[0m [32m INFO[0m [2mpanoptikon::inferio::worker[0m[2m:[0m 2026-09-17 01:29:06,348 [INFO] inferio_worker: Handshake ok for impl class florence2 [3mworker[0m[2m=[0mflorence2
[2m2026-09-16T23:29:06.348245Z[0m [32m INFO[0m [2mpanoptikon::inferio::worker[0m[2m:[0m 2026-09-17 01:29:06,348 [INFO] inferio_worker: Configured as florence2/msft_large-caption [3mworker[0m[2m=[0mflorence2
[2m2026-09-16T23:29:08.143947Z[0m [32m INFO[0m [2mpanoptikon::inferio::worker[0m[2m:[0m 2026-09-17 01:29:08,143 [INFO] inferio_worker_impl_0_florence2: Precision 'fp16' requested but device is cpu; using fp32. [3mworker[0m[2m=[0mflorence2
[2m2026-09-16T23:29:08.150927Z[0m [32m INFO[0m [2mpanoptikon::inferio::worker[0m[2m:[0m 2026-09-17 01:29:08,150 [DEBUG] urllib3.connectionpool: Starting new HTTPS connection (1): huggingface.co:443 [3mworker[0m[2m=[0mflorence2
[2m2026-09-16T23:29:08.332859Z[0m [32m INFO[0m [2mpanoptikon::inferio::worker[0m[2m:[0m 2026-09-17 01:29:08,332 [DEBUG] urllib3.connectionpool: https://huggingface.co:443 "HEAD /florence-community/Florence-2-large-ft/resolve/main/config.json HTTP/1.1" 307 0 [3mworker[0m[2m=[0mflorence2
[2m2026-09-16T23:29:08.353147Z[0m [32m INFO[0m [2mpanoptikon::inferio::worker[0m[2m:[0m 2026-09-17 01:29:08,352 [DEBUG] urllib3.connectionpool: https://huggingface.co:443 "HEAD /api/resolve-cache/models/florence-community/Florence-2-large-ft/26b734a54fdfbf9c398351eedfabb7f27fc470b7/config.json HTTP/1.1" 200 0 [3mworker[0m[2m=[0mflorence2
[2m2026-09-16T23:29:08.490129Z[0m [32m INFO[0m [2mpanoptikon::inferio::worker[0m[2m:[0m 2026-09-17 01:29:08,489 [DEBUG] urllib3.connectionpool: https://huggingface.co:443 "HEAD /florence-community/Florence-2-large-ft/resolve/main/config.json HTTP/1.1" 307 0 [3mworker[0m[2m=[0mflorence2
[2m2026-09-16T23:29:08.509258Z[0m [32m INFO[0m [2mpanoptikon::inferio::worker[0m[2m:[0m 2026-09-17 01:29:08,509 [DEBUG] urllib3.connectionpool: https://huggingface.co:443 "HEAD /api/resolve-cache/models/florence-community/Florence-2-large-ft/26b734a54fdfbf9c398351eedfabb7f27fc470b7/config.json HTTP/1.1" 200 0 [3mworker[0m[2m=[0mflorence2
[2m2026-09-16T23:29:09.075267Z[0m [32m INFO[0m [2mpanoptikon::inferio::worker[0m[2m:[0m 2026-09-17 01:29:09,075 [DEBUG] urllib3.connectionpool: https://huggingface.co:443 "HEAD /florence-community/Florence-2-large-ft/resolve/main/generation_config.json HTTP/1.1" 307 0 [3mworker[0m[2m=[0mflorence2
[2m2026-09-16T23:29:09.089191Z[0m [32m INFO[0m [2mpanoptikon::inferio::worker[0m[2m:[0m 2026-09-17 01:29:09,089 [DEBUG] urllib3.connectionpool: https://huggingface.co:443 "HEAD /api/resolve-cache/models/florence-community/Florence-2-large-ft/26b734a54fdfbf9c398351eedfabb7f27fc470b7/generation_config.json HTTP/1.1" 200 0 [3mworker[0m[2m=[0mflorence2
[2m2026-09-16T23:29:09.216227Z[0m [32m INFO[0m [2mpanoptikon::inferio::worker[0m[2m:[0m 2026-09-17 01:29:09,215 [DEBUG] urllib3.connectionpool: https://huggingface.co:443 "HEAD /florence-community/Florence-2-large-ft/resolve/main/custom_generate/generate.py HTTP/1.1" 404 0 [3mworker[0m[2m=[0mflorence2
[2m2026-09-16T23:29:09.365584Z[0m [32m INFO[0m [2mpanoptikon::inferio::worker[0m[2m:[0m 2026-09-17 01:29:09,365 [DEBUG] urllib3.connectionpool: https://huggingface.co:443 "HEAD /florence-community/Florence-2-large-ft/resolve/main/processor_config.json HTTP/1.1" 307 0 [3mworker[0m[2m=[0mflorence2
[2m2026-09-16T23:29:09.386308Z[0m [32m INFO[0m [2mpanoptikon::inferio::worker[0m[2m:[0m 2026-09-17 01:29:09,386 [DEBUG] urllib3.connectionpool: https://huggingface.co:443 "HEAD /api/resolve-cache/models/florence-community/Florence-2-large-ft/26b734a54fdfbf9c398351eedfabb7f27fc470b7/processor_config.json HTTP/1.1" 200 0 [3mworker[0m[2m=[0mflorence2
[2m2026-09-16T23:29:09.517148Z[0m [32m INFO[0m [2mpanoptikon::inferio::worker[0m[2m:[0m 2026-09-17 01:29:09,516 [DEBUG] urllib3.connectionpool: https://huggingface.co:443 "GET /api/models/florence-community/Florence-2-large-ft/tree/main/additional_chat_templates?recursive=False&expand=False HTTP/1.1" 404 64 [3mworker[0m[2m=[0mflorence2
[2m2026-09-16T23:29:09.665475Z[0m [32m INFO[0m [2mpanoptikon::inferio::worker[0m[2m:[0m 2026-09-17 01:29:09,665 [DEBUG] urllib3.connectionpool: https://huggingface.co:443 "HEAD /florence-community/Florence-2-large-ft/resolve/main/processor_config.json HTTP/1.1" 307 0 [3mworker[0m[2m=[0mflorence2
[2m2026-09-16T23:29:09.684456Z[0m [32m INFO[0m [2mpanoptikon::inferio::worker[0m[2m:[0m 2026-09-17 01:29:09,684 [DEBUG] urllib3.connectionpool: https://huggingface.co:443 "HEAD /api/resolve-cache/models/florence-community/Florence-2-large-ft/26b734a54fdfbf9c398351eedfabb7f27fc470b7/processor_config.json HTTP/1.1" 200 0 [3mworker[0m[2m=[0mflorence2
[2m2026-09-16T23:29:09.814145Z[0m [32m INFO[0m [2mpanoptikon::inferio::worker[0m[2m:[0m 2026-09-17 01:29:09,813 [DEBUG] urllib3.connectionpool: https://huggingface.co:443 "HEAD /florence-community/Florence-2-large-ft/resolve/main/chat_template.json HTTP/1.1" 404 0 [3mworker[0m[2m=[0mflorence2
[2m2026-09-16T23:29:09.943753Z[0m [32m INFO[0m [2mpanoptikon::inferio::worker[0m[2m:[0m 2026-09-17 01:29:09,943 [DEBUG] urllib3.connectionpool: https://huggingface.co:443 "HEAD /florence-community/Florence-2-large-ft/resolve/main/chat_template.jinja HTTP/1.1" 404 0 [3mworker[0m[2m=[0mflorence2
[2m2026-09-16T23:29:10.075807Z[0m [32m INFO[0m [2mpanoptikon::inferio::worker[0m[2m:[0m 2026-09-17 01:29:10,075 [DEBUG] urllib3.connectionpool: https://huggingface.co:443 "HEAD /florence-community/Florence-2-large-ft/resolve/main/audio_tokenizer_config.json HTTP/1.1" 404 0 [3mworker[0m[2m=[0mflorence2
[2m2026-09-16T23:29:10.212127Z[0m [32m INFO[0m [2mpanoptikon::inferio::worker[0m[2m:[0m 2026-09-17 01:29:10,211 [DEBUG] urllib3.connectionpool: https://huggingface.co:443 "HEAD /florence-community/Florence-2-large-ft/resolve/main/preprocessor_config.json HTTP/1.1" 307 0 [3mworker[0m[2m=[0mflorence2
[2m2026-09-16T23:29:10.231626Z[0m [32m INFO[0m [2mpanoptikon::inferio::worker[0m[2m:[0m 2026-09-17 01:29:10,231 [DEBUG] urllib3.connectionpool: https://huggingface.co:443 "HEAD /api/resolve-cache/models/florence-community/Florence-2-large-ft/26b734a54fdfbf9c398351eedfabb7f27fc470b7/preprocessor_config.json HTTP/1.1" 200 0 [3mworker[0m[2m=[0mflorence2
[2m2026-09-16T23:29:10.364297Z[0m [32m INFO[0m [2mpanoptikon::inferio::worker[0m[2m:[0m 2026-09-17 01:29:10,364 [DEBUG] urllib3.connectionpool: https://huggingface.co:443 "HEAD /florence-community/Florence-2-large-ft/resolve/main/processor_config.json HTTP/1.1" 307 0 [3mworker[0m[2m=[0mflorence2
[2m2026-09-16T23:29:10.383414Z[0m [32m INFO[0m [2mpanoptikon::inferio::worker[0m[2m:[0m 2026-09-17 01:29:10,383 [DEBUG] urllib3.connectionpool: https://huggingface.co:443 "HEAD /api/resolve-cache/models/florence-community/Florence-2-large-ft/26b734a54fdfbf9c398351eedfabb7f27fc470b7/processor_config.json HTTP/1.1" 200 0 [3mworker[0m[2m=[0mflorence2
[2m2026-09-16T23:29:10.385922Z[0m [32m INFO[0m [2mpanoptikon::inferio::worker[0m[2m:[0m Using a slow image processor as `use_fast` is unset and a slow processor was saved with this model. `use_fast=True` will be the default behavior in v4.52, even if the model was saved with a slow processor. This will result in minor differences in outputs. You'll still be able to use a slow processor with `use_fast=False`. [3mworker[0m[2m=[0mflorence2
[2m2026-09-16T23:29:10.528493Z[0m [32m INFO[0m [2mpanoptikon::inferio::worker[0m[2m:[0m 2026-09-17 01:29:10,528 [DEBUG] urllib3.connectionpool: https://huggingface.co:443 "HEAD /florence-community/Florence-2-large-ft/resolve/main/tokenizer_config.json HTTP/1.1" 307 0 [3mworker[0m[2m=[0mflorence2
[2m2026-09-16T23:29:10.547836Z[0m [32m INFO[0m [2mpanoptikon::inferio::worker[0m[2m:[0m 2026-09-17 01:29:10,547 [DEBUG] urllib3.connectionpool: https://huggingface.co:443 "HEAD /api/resolve-cache/models/florence-community/Florence-2-large-ft/26b734a54fdfbf9c398351eedfabb7f27fc470b7/tokenizer_config.json HTTP/1.1" 200 0 [3mworker[0m[2m=[0mflorence2
[2m2026-09-16T23:29:10.682659Z[0m [32m INFO[0m [2mpanoptikon::inferio::worker[0m[2m:[0m 2026-09-17 01:29:10,682 [DEBUG] urllib3.connectionpool: https://huggingface.co:443 "GET /api/models/florence-community/Florence-2-large-ft/tree/main/additional_chat_templates?recursive=False&expand=False HTTP/1.1" 404 64 [3mworker[0m[2m=[0mflorence2
[2m2026-09-16T23:29:10.816845Z[0m [32m INFO[0m [2mpanoptikon::inferio::worker[0m[2m:[0m 2026-09-17 01:29:10,816 [DEBUG] urllib3.connectionpool: https://huggingface.co:443 "GET /api/models/florence-community/Florence-2-large-ft/tree/main?recursive=True&expand=False HTTP/1.1" 200 None [3mworker[0m[2m=[0mflorence2
[2m2026-09-16T23:29:11.040404Z[0m [32m INFO[0m [2mpanoptikon::inferio::worker[0m[2m:[0m 2026-09-17 01:29:11,040 [DEBUG] urllib3.connectionpool: https://huggingface.co:443 "GET /api/models/florence-community/Florence-2-large-ft/tree/main/additional_chat_templates?recursive=False&expand=False HTTP/1.1" 404 64 [3mworker[0m[2m=[0mflorence2
[2m2026-09-16T23:29:11.169075Z[0m [32m INFO[0m [2mpanoptikon::inferio::worker[0m[2m:[0m 2026-09-17 01:29:11,168 [DEBUG] urllib3.connectionpool: https://huggingface.co:443 "HEAD /florence-community/Florence-2-large-ft/resolve/main/processor_config.json HTTP/1.1" 307 0 [3mworker[0m[2m=[0mflorence2
[2m2026-09-16T23:29:11.190354Z[0m [32m INFO[0m [2mpanoptikon::inferio::worker[0m[2m:[0m 2026-09-17 01:29:11,190 [DEBUG] urllib3.connectionpool: https://huggingface.co:443 "HEAD /api/resolve-cache/models/florence-community/Florence-2-large-ft/26b734a54fdfbf9c398351eedfabb7f27fc470b7/processor_config.json HTTP/1.1" 200 0 [3mworker[0m[2m=[0mflorence2
[2m2026-09-16T23:29:11.319298Z[0m [32m INFO[0m [2mpanoptikon::inferio::worker[0m[2m:[0m 2026-09-17 01:29:11,318 [DEBUG] urllib3.connectionpool: https://huggingface.co:443 "HEAD /florence-community/Florence-2-large-ft/resolve/main/chat_template.json HTTP/1.1" 404 0 [3mworker[0m[2m=[0mflorence2
[2m2026-09-16T23:29:11.453300Z[0m [32m INFO[0m [2mpanoptikon::inferio::worker[0m[2m:[0m 2026-09-17 01:29:11,452 [DEBUG] urllib3.connectionpool: https://huggingface.co:443 "HEAD /florence-community/Florence-2-large-ft/resolve/main/chat_template.jinja HTTP/1.1" 404 0 [3mworker[0m[2m=[0mflorence2
[2m2026-09-16T23:29:11.583142Z[0m [32m INFO[0m [2mpanoptikon::inferio::worker[0m[2m:[0m 2026-09-17 01:29:11,581 [DEBUG] urllib3.connectionpool: https://huggingface.co:443 "HEAD /florence-community/Florence-2-large-ft/resolve/main/audio_tokenizer_config.json HTTP/1.1" 404 0 [3mworker[0m[2m=[0mflorence2
[2m2026-09-16T23:29:11.672171Z[0m [32m INFO[0m [2mpanoptikon::inferio::worker[0m[2m:[0m 2026-09-17 01:29:11,672 [DEBUG] inferio_worker_impl_0_florence2: Model florence-community/Florence-2-large-ft loaded. [3mworker[0m[2m=[0mflorence2
[2m2026-09-16T23:29:11.672221Z[0m [32m INFO[0m [2mpanoptikon::inferio::worker[0m[2m:[0m 2026-09-17 01:29:11,672 [INFO] inferio_worker_impl_0_florence2: Resource usage for PID 44483: [3mworker[0m[2m=[0mflorence2
[2m2026-09-16T23:29:11.672246Z[0m [32m INFO[0m [2mpanoptikon::inferio::worker[0m[2m:[0m 2026-09-17 01:29:11,672 [INFO] inferio_worker_impl_0_florence2:   [resource] Max Resident Set Size (Mac): 4841.62 MB [3mworker[0m[2m=[0mflorence2
[2m2026-09-16T23:29:11.782452Z[0m [32m INFO[0m [2mpanoptikon::inferio::worker[0m[2m:[0m 2026-09-17 01:29:11,782 [INFO] inferio_worker_impl_0_florence2:   [psutil] Resident RAM (RSS):  3426.91 MB [3mworker[0m[2m=[0mflorence2
[2m2026-09-16T23:29:11.782472Z[0m [32m INFO[0m [2mpanoptikon::inferio::worker[0m[2m:[0m 2026-09-17 01:29:11,782 [INFO] inferio_worker_impl_0_florence2:   [psutil] Virtual Memory (VMS): 428807.55 MB [3mworker[0m[2m=[0mflorence2
[2m2026-09-16T23:29:11.782485Z[0m [32m INFO[0m [2mpanoptikon::inferio::worker[0m[2m:[0m 2026-09-17 01:29:11,782 [INFO] inferio_worker_impl_0_florence2:   [psutil] Num Threads:          14 [3mworker[0m[2m=[0mflorence2
[2m2026-09-16T23:29:11.782496Z[0m [32m INFO[0m [2mpanoptikon::inferio::worker[0m[2m:[0m 2026-09-17 01:29:11,782 [INFO] inferio_worker_impl_0_florence2:   [psutil] CPU usage:            0.0% [3mworker[0m[2m=[0mflorence2
[2m2026-09-16T23:29:11.783977Z[0m [34mDEBUG[0m [2mpanoptikon::inferio::worker[0m[2m:[0m worker reported its load footprint [3mworker[0m[2m=[0mflorence2/msft_large-caption [3mbase_mb[0m[2m=[0m3231 [3mbase_method[0m[2m=[0m"rss" [3mdtype[0m[2m=[0m"fp32" [3mdtype_method[0m[2m=[0m"selected" [3mgpu_name[0m[2m=[0m"CPU (128 GB)" [3mgpu_arch[0m[2m=[0m"cpu" [3mgpu_total_mb[0m[2m=[0m131072 [3mtorch[0m[2m=[0m"2.7.1"
[2m2026-09-16T23:29:11.784004Z[0m [34mDEBUG[0m [2mpanoptikon::inferio::manager[0m[2m:[0m replica loaded [3mmodel[0m[2m=[0mflorence2/msft_large-caption [3mreplica[0m[2m=[0m0 [3mdevice[0m[2m=[0m""
[2m2026-09-16T23:29:11.784170Z[0m [34mDEBUG[0m [2mpanoptikon::inferio::ledger[0m[2m:[0m admitted a worker to a GPU's ledger [3mmodel[0m[2m=[0mflorence2/msft_large-caption [3mgpu[0m[2m=[0mCPU [3mreplica[0m[2m=[0m4 [3mbase_mb[0m[2m=[0mSome(3231) [3mbase_method[0m[2m=[0m"rss" [3mreserved_at_load_mb[0m[2m=[0mSome(4841) [3mseeded_from_store[0m[2m=[0mfalse
[2m2026-09-16T23:29:14.850976Z[0m [34mDEBUG[0m [2mpanoptikon::inferio::manager[0m[2m:[0m unload requested [3mmodel[0m[2m=[0mflorence2/msft_large-caption [3mcache_key[0m[2m=[0mpr
[2m2026-09-16T23:29:14.851016Z[0m [34mDEBUG[0m [2mpanoptikon::inferio::manager[0m[2m:[0m unloading model [3mmodel[0m[2m=[0mflorence2/msft_large-caption
[2m2026-09-16T23:29:14.851085Z[0m [34mDEBUG[0m [2mpanoptikon::inferio::ledger[0m[2m:[0m credited a departed replica's footprint back to the GPU's free reading, so its memory is not reattributed to external usage, and flagged the reading for a refresh [3mmodel[0m[2m=[0mflorence2/msft_large-caption [3mgpu[0m[2m=[0mCPU [3mfootprint_mb[0m[2m=[0m3231 [3madjusted_free_mb[0m[2m=[0m105578
[2m2026-09-16T23:29:14.868309Z[0m [34mDEBUG[0m [2mpanoptikon::inferio::manager[0m[2m:[0m unload requested [3mmodel[0m[2m=[0mflorence2/msft_large-caption-metal [3mcache_key[0m[2m=[0mpr
[2m2026-09-16T23:29:14.868333Z[0m [34mDEBUG[0m [2mpanoptikon::inferio::manager[0m[2m:[0m unloading model [3mmodel[0m[2m=[0mflorence2/msft_large-caption-metal
[2m2026-09-16T23:29:14.868368Z[0m [34mDEBUG[0m [2mpanoptikon::inferio::ledger[0m[2m:[0m credited a departed replica's footprint back to the GPU's free reading, so its memory is not reattributed to external usage, and flagged the reading for a refresh [3mmodel[0m[2m=[0mflorence2/msft_large-caption-metal [3mgpu[0m[2m=[0mGPU-MPS [3mfootprint_mb[0m[2m=[0m3120 [3madjusted_free_mb[0m[2m=[0m108887
[2m2026-09-16T23:29:14.898013Z[0m [32m INFO[0m [2mpanoptikon::inferio::worker[0m[2m:[0m 2026-09-17 01:29:14,897 [DEBUG] inferio_worker.memory: released the allocator pool (impl): handed back 3120 MiB in 26.8 ms [3mworker[0m[2m=[0mflorence2
[2m2026-09-16T23:29:14.898052Z[0m [32m INFO[0m [2mpanoptikon::inferio::worker[0m[2m:[0m 2026-09-17 01:29:14,898 [INFO] inferio_worker: Unloaded; exiting. [3mworker[0m[2m=[0mflorence2
[2m2026-09-16T23:29:14.909916Z[0m [32m INFO[0m [2mpanoptikon::inferio::worker[0m[2m:[0m 2026-09-17 01:29:14,909 [INFO] inferio_worker: Unloaded; exiting. [3mworker[0m[2m=[0mflorence2
[2m2026-09-16T23:29:16.884192Z[0m [32m INFO[0m [2mpanoptikon::shutdown[0m[2m:[0m shutdown signal received; stopping gracefully (repeat the signal to force exit)
[2m2026-09-16T23:29:16.888155Z[0m [32m INFO[0m [2mpanoptikon::shutdown[0m[2m:[0m index DB writers drained [3mwriters[0m[2m=[0m1
[2m2026-09-16T23:29:16.890790Z[0m [32m INFO[0m [2mpanoptikon::inferio::worker[0m[2m:[0m 2026-09-17 01:29:16,890 [INFO] inferio_worker: Unloaded; exiting. [3mworker[0m[2m=[0mflorence2
[2m2026-09-16T23:29:17.040605Z[0m [32m INFO[0m [2mpanoptikon::shutdown[0m[2m:[0m local inference workers stopped
[2m2026-09-16T23:29:17.040625Z[0m [32m INFO[0m [2mpanoptikon::shutdown[0m[2m:[0m background work stopped cleanly
[2m2026-09-16T23:29:17.040636Z[0m [32m INFO[0m [2mpanoptikon[0m[2m:[0m gateway stopped
