LEG=B4-textembed-minilm DIR=Q:\projects\panoptikon-pr27\.win\run4\B4-textembed-minilm START=2026-09-16T18:13:07.010Z
SPEC=id=textembed/all-MiniLM-L6-v2,concurrency=2,items=2,lru_size=1,cache_key=b4,kind=text,mode=text,order=random;id=textembed/all-MiniLM-L6-v2,concurrency=2,items=5,lru_size=1,cache_key=b4,kind=text,mode=text,order=random;id=textembed/all-MiniLM-L6-v2,concurrency=2,items=13,lru_size=1,cache_key=b4,kind=text,mode=text,order=random;id=textembed/all-MiniLM-L6-v2,concurrency=2,items=31,lru_size=1,cache_key=b4,kind=text,mode=text,order=random
GATEWAY_UP=True 2026-09-16T18:13:08.207Z OURPID=23560
LOADGEN_START 2026-09-16T18:13:08.282Z
[31;1mloadgen: 8 thread(s) over 4 model(s)[0m
[31;1mloadgen textembed/all-MiniLM-L6-v2: 10833 req (0 failed), 134760 items, 448.9426 items/s, p50 219.0 ms[0m
LOADGEN_RC=0 2026-09-16T18:18:15.656Z
LAUNCHER_EXITED=True 2026-09-16T18:18:56.754Z
0, 4438 MiB
1, 1206 MiB
--- calibration.after.toml ---
schema = 3

[[profile]]
inference_id = "textembed/all-MiniLM-L6-v2"
epoch = 2
arch = "sm_120"
gpu = "NVIDIA GeForce RTX 5090"
platform = "windows"
backend = "cuda"
torch = "2.7.1+cu128"
dtype = "fp32"
unit = "token"
aggregation = "max-times-count"
base_mb = 520
base_method = "free_delta"
dtype_method = "inferred"
slope_mb_per_unit = 0.01882083990372284
knee_units = 8191
samples = 64
residual_mb = 1.499419802489836
measured_at = "2026-09-16T18:18:15.6298106Z"
generator = "panoptikon 0.1.8"
max_units_measured = 16128
local_samples = 4731
knee_clean_windows = 8
sample_units = [
    1914,
    15104,
    2048,
    60,
    13824,
    11520,
    2560,
    198,
    14336,
    2178,
    1792,
    13312,
    2442,
    1536,
    462,
    14848,
    2904,
    15360,
    2772,
    5632,
    594,
    14080,
    8192,
    6400,
    396,
    10496,
    1980,
    13568,
    8960,
    2376,
    9216,
    2310,
    4608,
    858,
    11776,
    1650,
    11264,
    1782,
    11008,
    1848,
    3328,
    1188,
    9984,
    2112,
    5376,
    660,
    12032,
    1584,
    5120,
    726,
    10240,
    2046,
    4864,
    792,
    9472,
    2244,
    4096,
    990,
    16128,
    2574,
    12544,
    1452,
    3840,
    1056,
]
sample_delta_mb = [
    38,
    289,
    47,
    10,
    265,
    223,
    53,
    12,
    275,
    41,
    42,
    256,
    47,
    35,
    15,
    285,
    59,
    294,
    54,
    113,
    17,
    270,
    161,
    127,
    15,
    205,
    39,
    262,
    178,
    44,
    181,
    44,
    88,
    23,
    227,
    34,
    218,
    37,
    213,
    36,
    71,
    26,
    195,
    41,
    110,
    18,
    232,
    33,
    104,
    19,
    202,
    40,
    99,
    19,
    185,
    44,
    84,
    25,
    309,
    49,
    242,
    32,
    81,
    25,
]
DONE B4-textembed-minilm 2026-09-16T18:18:59.857Z
