[2m2026-09-16T18:16:23.893788Z[0m [32m INFO[0m [2mpanoptikon::logging[0m[2m:[0m logging to file [3mpath[0m[2m=[0mdata/panoptikon.log
[2m2026-09-16T18:16:23.893835Z[0m [32m INFO[0m [2mpanoptikon::rlimit[0m[2m:[0m raised the open file descriptor soft limit to the hard limit [3msoft_nofile_before[0m[2m=[0m256 [3msoft_nofile_after[0m[2m=[0m1048576
[2m2026-09-16T18:16:23.893909Z[0m [32m INFO[0m [2mpanoptikon::accelerator_report[0m[2m:[0m accelerator backend [3mbackend[0m[2m=[0m"mps" [3mbackend_source[0m[2m=[0mmacOS: default PyPI wheels (MPS on Apple Silicon); no CUDA/ROCm builds exist [3mdevices[0m[2m=[0m[]
[2m2026-09-16T18:16:23.924956Z[0m [32m INFO[0m [2mpanoptikon::inferio::gpu[0m[2m:[0m detected GPU (unified memory; the total is the 75% seed until a worker reports the exact recommended-max figure) [3mindex[0m[2m=[0m0 [3muuid[0m[2m=[0mGPU-MPS [3mname[0m[2m=[0mApple M3 Max (128 GB) [3mtotal_mb[0m[2m=[0m98304 [3mram_mb[0m[2m=[0m131072 [3munified[0m[2m=[0mtrue
[2m2026-09-16T18:16:23.925055Z[0m [32m INFO[0m [2mpanoptikon[0m[2m:[0m serving /api/inference locally (inference_local.enabled)
[2m2026-09-16T18:16:23.980909Z[0m [32m INFO[0m [2mpanoptikon[0m[2m:[0m gateway listening [3mendpoint[0m[2m=[0mdefault [3maddress[0m[2m=[0m127.0.0.1:6342
[2m2026-09-16T18:16:23.980949Z[0m [32m INFO[0m [2mpanoptikon[0m[2m:[0m gateway listening [3mendpoint[0m[2m=[0mtest [3maddress[0m[2m=[0m127.0.0.1:6343
[2m2026-09-16T18:16:23.980969Z[0m [32m INFO[0m [2mpanoptikon[0m[2m:[0m gateway listening [3mendpoint[0m[2m=[0mlegacy_ui [3maddress[0m[2m=[0m127.0.0.1:6339
[2m2026-09-16T18:16:23.980979Z[0m [32m INFO[0m [2mpanoptikon[0m[2m:[0m serving HTTP/1.1 and HTTP/2 cleartext [3mmax_concurrent_streams[0m[2m=[0m512
[2m2026-09-16T18:16:24.007518Z[0m [32m INFO[0m [2mpanoptikon::media_tools[0m[2m:[0m media tools resolved [3mffmpeg[0m[2m=[0m/Users/moot/projects/panoptikon-pr27/python/.venv/lib/python3.12/site-packages/static_ffmpeg/bin/darwin_arm64/ffmpeg [3mffprobe[0m[2m=[0m/Users/moot/projects/panoptikon-pr27/python/.venv/lib/python3.12/site-packages/static_ffmpeg/bin/darwin_arm64/ffprobe
[2m2026-09-16T18:16:24.126651Z[0m [32m INFO[0m [2mpanoptikon::media_tools::transcode::hw[0m[2m:[0m hardware H.264 encoder validated [3mencoder[0m[2m=[0m"h264_videotoolbox"
[2m2026-09-16T18:16:26.456730Z[0m [32m INFO[0m [2mpanoptikon::jobs::files[0m[2m:[0m file scan phase timing [3mfolder[0m[2m=[0m"/Users/moot/projects/panoptikon-pr27/tools/calibration-protocol/results/corpus/smoke/" [3mhashing_busy_secs[0m[2m=[0m0.05601258299999999 [3mhashing_work_secs[0m[2m=[0m0.112480512 [3mmetadata_busy_secs[0m[2m=[0m0.016840621000000007 [3mmetadata_work_secs[0m[2m=[0m0.019862789999999988 [3mthumbgen_busy_secs[0m[2m=[0m1.405431833 [3mthumbgen_work_secs[0m[2m=[0m9.505492872000003 [3mblurhash_busy_secs[0m[2m=[0m0.19282616900000002 [3mblurhash_work_secs[0m[2m=[0m0.37686269999999966
[2m2026-09-16T18:16:26.503421Z[0m [32m INFO[0m [2mpanoptikon::jobs::files[0m[2m:[0m file scan phase timing [3mfolder[0m[2m=[0m"/Users/moot/projects/panoptikon-pr27/tools/calibration-protocol/results/corpus/smoke/" [3mhashing_busy_secs[0m[2m=[0m0.0 [3mhashing_work_secs[0m[2m=[0m0.0 [3mmetadata_busy_secs[0m[2m=[0m0.0 [3mmetadata_work_secs[0m[2m=[0m0.0 [3mthumbgen_busy_secs[0m[2m=[0m0.0 [3mthumbgen_work_secs[0m[2m=[0m0.0 [3mblurhash_busy_secs[0m[2m=[0m0.0 [3mblurhash_work_secs[0m[2m=[0m0.0
[2m2026-09-16T18:16:26.504521Z[0m [32m INFO[0m [1mActor[0m[1m{[0m[3mid[0m[2m=[0m"0.5" [3mname[0m[2m=[0m"job-runner"[1m}[0m[2m:[0m [2mpanoptikon::jobs::queue[0m[2m:[0m scheduling deferred database maintenance [3mindex_db[0m[2m=[0m"cal" [3mqueue_id[0m[2m=[0m3 [3mowed[0m[2m=[0mwrote_data
[2m2026-09-16T18:16:27.059696Z[0m [34mDEBUG[0m [2mpanoptikon::inferio_client[0m[2m:[0m multiplexing inference requests over HTTP/2 cleartext [3mendpoint[0m[2m=[0mhttp://127.0.0.1:6342/api/inference [3mconnection_lanes[0m[2m=[0m64 [3mstreams_per_lane[0m[2m=[0m64 [3mmax_concurrent[0m[2m=[0m256 [3mmax_concurrent_ceiling[0m[2m=[0m4096
[2m2026-09-16T18:16:27.090201Z[0m [34mDEBUG[0m [2mpanoptikon::inferio::manager[0m[2m:[0m resolved cost dimension [3mmodel[0m[2m=[0mclip/apple_MobileCLIP-S1 [3munit[0m[2m=[0m"item" [3maggregation[0m[2m=[0m"count" [3mepoch[0m[2m=[0m1 [3mseed_units[0m[2m=[0m192 [3mpriced[0m[2m=[0mtrue [3mdegraded[0m[2m=[0mfalse
[2m2026-09-16T18:16:27.090258Z[0m [34mDEBUG[0m [2mpanoptikon::inferio::ledger[0m[2m:[0m probing the host for this GPU's free memory before pricing a load against it [3mmodel[0m[2m=[0m"clip/apple_MobileCLIP-S1" [3mgpu[0m[2m=[0m"GPU-MPS" [3mreason[0m[2m=[0m"no free sample: this GPU has never had a resident" [3msample_age_ms[0m[2m=[0mNone
[2m2026-09-16T18:16:27.090323Z[0m [34mDEBUG[0m [2mpanoptikon::inferio::ledger[0m[2m:[0m refreshed the GPU's free memory from the host probe [3mgpu[0m[2m=[0mGPU-MPS [3msource[0m[2m=[0m"mps" [3mfree_mb[0m[2m=[0m109146 [3mtotal_mb[0m[2m=[0m98304 [3mexternal_mb[0m[2m=[0m21926 [3mprevious_age_ms[0m[2m=[0mNone [3mrecorded[0m[2m=[0mtrue
[2m2026-09-16T18:16:27.091042Z[0m [34mDEBUG[0m [2mpanoptikon::inferio::worker[0m[2m:[0m spawned an inferio worker [3mworker[0m[2m=[0mopenclip [3minference_id[0m[2m=[0m"clip/apple_MobileCLIP-S1" [3mpid[0m[2m=[0mSome(32923)
[2m2026-09-16T18:16:27.575312Z[0m [32m INFO[0m [2mpanoptikon::inferio::worker[0m[2m:[0m 2026-09-16 20:16:27,575 [INFO] inferio_worker: Resolved impl class openclip to /Users/moot/projects/panoptikon-pr27/python/inferio/impl/clip.py [3mworker[0m[2m=[0mopenclip
[2m2026-09-16T18:16:27.575339Z[0m [32m INFO[0m [2mpanoptikon::inferio::worker[0m[2m:[0m 2026-09-16 20:16:27,575 [INFO] inferio_worker: Handshake ok for impl class openclip [3mworker[0m[2m=[0mopenclip
[2m2026-09-16T18:16:27.575444Z[0m [32m INFO[0m [2mpanoptikon::inferio::worker[0m[2m:[0m 2026-09-16 20:16:27,575 [INFO] inferio_worker: Configured as clip/apple_MobileCLIP-S1 [3mworker[0m[2m=[0mopenclip
[2m2026-09-16T18:16:27.575654Z[0m [32m INFO[0m [2mpanoptikon::inferio::worker[0m[2m:[0m 2026-09-16 20:16:27,575 [DEBUG] inferio_worker.memory: NVML init failed (NVML Shared Library Not Found) [3mworker[0m[2m=[0mopenclip
[2m2026-09-16T18:16:29.971652Z[0m [32m INFO[0m [2mpanoptikon::inferio::worker[0m[2m:[0m 2026-09-16 20:16:29,971 [WARNING] inferio_worker_impl_0_clip: Precision 'fp16' requested for hf-hub:apple/MobileCLIP-S1-OpenCLIP but device is mps; using fp32. [3mworker[0m[2m=[0mopenclip
[2m2026-09-16T18:16:29.971687Z[0m [32m INFO[0m [2mpanoptikon::inferio::worker[0m[2m:[0m 2026-09-16 20:16:29,971 [INFO] root: Parsing model identifier. Schema: hf-hub, Identifier: apple/MobileCLIP-S1-OpenCLIP [3mworker[0m[2m=[0mopenclip
[2m2026-09-16T18:16:29.971693Z[0m [32m INFO[0m [2mpanoptikon::inferio::worker[0m[2m:[0m 2026-09-16 20:16:29,971 [INFO] root: Attempting to load config from HF Hub: apple/MobileCLIP-S1-OpenCLIP [3mworker[0m[2m=[0mopenclip
[2m2026-09-16T18:16:29.973428Z[0m [32m INFO[0m [2mpanoptikon::inferio::worker[0m[2m:[0m 2026-09-16 20:16:29,973 [DEBUG] urllib3.connectionpool: Starting new HTTPS connection (1): huggingface.co:443 [3mworker[0m[2m=[0mopenclip
[2m2026-09-16T18:16:30.146996Z[0m [32m INFO[0m [2mpanoptikon::inferio::worker[0m[2m:[0m 2026-09-16 20:16:30,146 [DEBUG] urllib3.connectionpool: https://huggingface.co:443 "HEAD /apple/MobileCLIP-S1-OpenCLIP/resolve/main/open_clip_config.json HTTP/1.1" 307 0 [3mworker[0m[2m=[0mopenclip
[2m2026-09-16T18:16:30.168867Z[0m [32m INFO[0m [2mpanoptikon::inferio::worker[0m[2m:[0m 2026-09-16 20:16:30,168 [DEBUG] urllib3.connectionpool: https://huggingface.co:443 "HEAD /api/resolve-cache/models/apple/MobileCLIP-S1-OpenCLIP/59d35241939f6942255489b83c9068e48ebf57f8/open_clip_config.json HTTP/1.1" 200 0 [3mworker[0m[2m=[0mopenclip
[2m2026-09-16T18:16:30.173635Z[0m [32m INFO[0m [2mpanoptikon::inferio::worker[0m[2m:[0m 2026-09-16 20:16:30,173 [INFO] root: Loaded model config from HF Hub: apple/MobileCLIP-S1-OpenCLIP [3mworker[0m[2m=[0mopenclip
[2m2026-09-16T18:16:30.309378Z[0m [32m INFO[0m [2mpanoptikon::inferio::worker[0m[2m:[0m 2026-09-16 20:16:30,309 [DEBUG] urllib3.connectionpool: https://huggingface.co:443 "HEAD /apple/MobileCLIP-S1-OpenCLIP/resolve/main/open_clip_model.safetensors HTTP/1.1" 302 0 [3mworker[0m[2m=[0mopenclip
[2m2026-09-16T18:16:30.314578Z[0m [32m INFO[0m [2mpanoptikon::inferio::worker[0m[2m:[0m 2026-09-16 20:16:30,314 [INFO] root: Found default weights file on HF Hub: /Users/moot/projects/panoptikon-pr27/.mac/hf/hub/models--apple--MobileCLIP-S1-OpenCLIP/snapshots/59d35241939f6942255489b83c9068e48ebf57f8/open_clip_model.safetensors [3mworker[0m[2m=[0mopenclip
[2m2026-09-16T18:16:30.314768Z[0m [32m INFO[0m [2mpanoptikon::inferio::worker[0m[2m:[0m 2026-09-16 20:16:30,314 [INFO] root: Instantiating model architecture: CustomTextCLIP [3mworker[0m[2m=[0mopenclip
[2m2026-09-16T18:16:31.320604Z[0m [32m INFO[0m [2mpanoptikon::inferio::worker[0m[2m:[0m 2026-09-16 20:16:31,320 [INFO] root: Loading full pretrained weights from: /Users/moot/projects/panoptikon-pr27/.mac/hf/hub/models--apple--MobileCLIP-S1-OpenCLIP/snapshots/59d35241939f6942255489b83c9068e48ebf57f8/open_clip_model.safetensors [3mworker[0m[2m=[0mopenclip
[2m2026-09-16T18:16:31.675333Z[0m [32m INFO[0m [2mpanoptikon::inferio::worker[0m[2m:[0m 2026-09-16 20:16:31,675 [INFO] root: Final image preprocessing configuration set: {'size': (256, 256), 'mode': 'RGB', 'mean': [0.0, 0.0, 0.0], 'std': [1.0, 1.0, 1.0], 'interpolation': 'bilinear', 'resize_mode': 'shortest', 'fill_color': 0} [3mworker[0m[2m=[0mopenclip
[2m2026-09-16T18:16:31.675366Z[0m [32m INFO[0m [2mpanoptikon::inferio::worker[0m[2m:[0m 2026-09-16 20:16:31,675 [INFO] root: Model hf-hub:apple/MobileCLIP-S1-OpenCLIP creation process complete. [3mworker[0m[2m=[0mopenclip
[2m2026-09-16T18:16:32.044890Z[0m [32m INFO[0m [2mpanoptikon::inferio::worker[0m[2m:[0m 2026-09-16 20:16:32,044 [INFO] root: Parsing tokenizer identifier. Schema: hf-hub, Identifier: apple/MobileCLIP-S1-OpenCLIP [3mworker[0m[2m=[0mopenclip
[2m2026-09-16T18:16:32.044935Z[0m [32m INFO[0m [2mpanoptikon::inferio::worker[0m[2m:[0m 2026-09-16 20:16:32,044 [INFO] root: Attempting to load config from hf-hub:apple/MobileCLIP-S1-OpenCLIP [3mworker[0m[2m=[0mopenclip
[2m2026-09-16T18:16:32.168298Z[0m [32m INFO[0m [2mpanoptikon::inferio::worker[0m[2m:[0m 2026-09-16 20:16:32,168 [DEBUG] urllib3.connectionpool: https://huggingface.co:443 "HEAD /apple/MobileCLIP-S1-OpenCLIP/resolve/main/open_clip_config.json HTTP/1.1" 307 0 [3mworker[0m[2m=[0mopenclip
[2m2026-09-16T18:16:32.187494Z[0m [32m INFO[0m [2mpanoptikon::inferio::worker[0m[2m:[0m 2026-09-16 20:16:32,187 [DEBUG] urllib3.connectionpool: https://huggingface.co:443 "HEAD /api/resolve-cache/models/apple/MobileCLIP-S1-OpenCLIP/59d35241939f6942255489b83c9068e48ebf57f8/open_clip_config.json HTTP/1.1" 200 0 [3mworker[0m[2m=[0mopenclip
[2m2026-09-16T18:16:32.188162Z[0m [32m INFO[0m [2mpanoptikon::inferio::worker[0m[2m:[0m 2026-09-16 20:16:32,188 [INFO] root: Using default SimpleTokenizer. [3mworker[0m[2m=[0mopenclip
[2m2026-09-16T18:16:32.234648Z[0m [34mDEBUG[0m [2mpanoptikon::inferio::worker[0m[2m:[0m worker reported its load footprint [3mworker[0m[2m=[0mclip/apple_MobileCLIP-S1 [3mbase_mb[0m[2m=[0m1160 [3mbase_method[0m[2m=[0m"mps" [3mdtype[0m[2m=[0m"fp32" [3mdtype_method[0m[2m=[0m"inferred" [3mgpu_name[0m[2m=[0m"Apple M3 Max (128 GB)" [3mgpu_arch[0m[2m=[0m"apple-m3" [3mgpu_total_mb[0m[2m=[0m110100 [3mtorch[0m[2m=[0m"2.7.1"
[2m2026-09-16T18:16:32.234681Z[0m [34mDEBUG[0m [2mpanoptikon::inferio::manager[0m[2m:[0m replica loaded [3mmodel[0m[2m=[0mclip/apple_MobileCLIP-S1 [3mreplica[0m[2m=[0m0 [3mdevice[0m[2m=[0m"<unpinned>"
[2m2026-09-16T18:16:32.234710Z[0m [32m INFO[0m [2mpanoptikon::inferio::ledger[0m[2m:[0m this unified-memory device's admission total is now the figure the worker's own runtime reports, which is what its allocations are actually judged against; the probe's seed was a default fraction of host RAM and a raised GPU memory limit moves the real figure well away from it [3mmodel[0m[2m=[0mclip/apple_MobileCLIP-S1 [3mgpu[0m[2m=[0mGPU-MPS [3mseed_total_mb[0m[2m=[0m98304 [3mreported_total_mb[0m[2m=[0m110100 [3mram_mb[0m[2m=[0m131072
[2m2026-09-16T18:16:32.234811Z[0m [34mDEBUG[0m [2mpanoptikon::inferio::ledger[0m[2m:[0m admitted a worker to a GPU's ledger [3mmodel[0m[2m=[0mclip/apple_MobileCLIP-S1 [3mgpu[0m[2m=[0mGPU-MPS [3mreplica[0m[2m=[0m2 [3mbase_mb[0m[2m=[0mSome(1160) [3mbase_method[0m[2m=[0m"mps" [3mreserved_at_load_mb[0m[2m=[0mSome(1160) [3mseeded_from_store[0m[2m=[0mfalse
[2m2026-09-16T18:16:32.238032Z[0m [34mDEBUG[0m [2mpanoptikon::inferio::http[0m[2m:[0m processing local inference predict [3mmodel[0m[2m=[0mclip/apple_MobileCLIP-S1 [3minputs[0m[2m=[0m1
[2m2026-09-16T18:16:32.238040Z[0m [34mDEBUG[0m [2mpanoptikon::inferio::http[0m[2m:[0m processing local inference predict [3mmodel[0m[2m=[0mclip/apple_MobileCLIP-S1 [3minputs[0m[2m=[0m1
[2m2026-09-16T18:16:32.238101Z[0m [34mDEBUG[0m [2mpanoptikon::inferio::http[0m[2m:[0m processing local inference predict [3mmodel[0m[2m=[0mclip/apple_MobileCLIP-S1 [3minputs[0m[2m=[0m1
[2m2026-09-16T18:16:32.238114Z[0m [34mDEBUG[0m [2mpanoptikon::inferio::http[0m[2m:[0m processing local inference predict [3mmodel[0m[2m=[0mclip/apple_MobileCLIP-S1 [3minputs[0m[2m=[0m1
[2m2026-09-16T18:16:32.238128Z[0m [34mDEBUG[0m [2mpanoptikon::inferio::ledger[0m[2m:[0m issued a memory grant [3mmodel[0m[2m=[0mclip/apple_MobileCLIP-S1 [3mgpu[0m[2m=[0mGPU-MPS [3munit_budget[0m[2m=[0m1 [3mmb[0m[2m=[0m106064 [3mcanvas_pixels[0m[2m=[0mnone [3mshare_mb[0m[2m=[0m106064 [3mroom_mb[0m[2m=[0m106064 [3mheadroom_mb[0m[2m=[0m106064 [3mexternal_mb[0m[2m=[0m22824 [3mreserve_mb[0m[2m=[0m1024 [3mreserve_rule[0m[2m=[0m"capped_default" [3mpre_fit[0m[2m=[0mtrue [3mramp_step[0m[2m=[0m0 [3mdeflation[0m[2m=[0m0 [3msqueezed[0m[2m=[0mfalse [3mwindow_requests[0m[2m=[0m1
[2m2026-09-16T18:16:32.238073Z[0m [34mDEBUG[0m [2mpanoptikon::inferio::http[0m[2m:[0m processing local inference predict [3mmodel[0m[2m=[0mclip/apple_MobileCLIP-S1 [3minputs[0m[2m=[0m1
[2m2026-09-16T18:16:32.239443Z[0m [34mDEBUG[0m [2mpanoptikon::inferio::http[0m[2m:[0m processing local inference predict [3mmodel[0m[2m=[0mclip/apple_MobileCLIP-S1 [3minputs[0m[2m=[0m1
[2m2026-09-16T18:16:32.239457Z[0m [34mDEBUG[0m [2mpanoptikon::inferio::http[0m[2m:[0m processing local inference predict [3mmodel[0m[2m=[0mclip/apple_MobileCLIP-S1 [3minputs[0m[2m=[0m1
[2m2026-09-16T18:16:32.239444Z[0m [34mDEBUG[0m [2mpanoptikon::inferio::http[0m[2m:[0m processing local inference predict [3mmodel[0m[2m=[0mclip/apple_MobileCLIP-S1 [3minputs[0m[2m=[0m1
[2m2026-09-16T18:16:32.239492Z[0m [34mDEBUG[0m [2mpanoptikon::inferio::http[0m[2m:[0m processing local inference predict [3mmodel[0m[2m=[0mclip/apple_MobileCLIP-S1 [3minputs[0m[2m=[0m1
[2m2026-09-16T18:16:32.239496Z[0m [34mDEBUG[0m [2mpanoptikon::inferio::http[0m[2m:[0m processing local inference predict [3mmodel[0m[2m=[0mclip/apple_MobileCLIP-S1 [3minputs[0m[2m=[0m1
[2m2026-09-16T18:16:32.239538Z[0m [34mDEBUG[0m [2mpanoptikon::inferio::http[0m[2m:[0m processing local inference predict [3mmodel[0m[2m=[0mclip/apple_MobileCLIP-S1 [3minputs[0m[2m=[0m1
[2m2026-09-16T18:16:32.239571Z[0m [34mDEBUG[0m [2mpanoptikon::inferio::http[0m[2m:[0m processing local inference predict [3mmodel[0m[2m=[0mclip/apple_MobileCLIP-S1 [3minputs[0m[2m=[0m1
[2m2026-09-16T18:16:32.239590Z[0m [34mDEBUG[0m [2mpanoptikon::inferio::http[0m[2m:[0m processing local inference predict [3mmodel[0m[2m=[0mclip/apple_MobileCLIP-S1 [3minputs[0m[2m=[0m1
[2m2026-09-16T18:16:32.239570Z[0m [34mDEBUG[0m [2mpanoptikon::inferio::http[0m[2m:[0m processing local inference predict [3mmodel[0m[2m=[0mclip/apple_MobileCLIP-S1 [3minputs[0m[2m=[0m1
[2m2026-09-16T18:16:32.239483Z[0m [34mDEBUG[0m [2mpanoptikon::inferio::http[0m[2m:[0m processing local inference predict [3mmodel[0m[2m=[0mclip/apple_MobileCLIP-S1 [3minputs[0m[2m=[0m1
[2m2026-09-16T18:16:32.239553Z[0m [34mDEBUG[0m [2mpanoptikon::inferio::http[0m[2m:[0m processing local inference predict [3mmodel[0m[2m=[0mclip/apple_MobileCLIP-S1 [3minputs[0m[2m=[0m1
[2m2026-09-16T18:16:32.239613Z[0m [34mDEBUG[0m [2mpanoptikon::inferio::http[0m[2m:[0m processing local inference predict [3mmodel[0m[2m=[0mclip/apple_MobileCLIP-S1 [3minputs[0m[2m=[0m1
[2m2026-09-16T18:16:32.239640Z[0m [34mDEBUG[0m [2mpanoptikon::inferio::http[0m[2m:[0m processing local inference predict [3mmodel[0m[2m=[0mclip/apple_MobileCLIP-S1 [3minputs[0m[2m=[0m1
[2m2026-09-16T18:16:32.239773Z[0m [34mDEBUG[0m [2mpanoptikon::inferio::http[0m[2m:[0m processing local inference predict [3mmodel[0m[2m=[0mclip/apple_MobileCLIP-S1 [3minputs[0m[2m=[0m1
[2m2026-09-16T18:16:32.239595Z[0m [34mDEBUG[0m [2mpanoptikon::inferio::http[0m[2m:[0m processing local inference predict [3mmodel[0m[2m=[0mclip/apple_MobileCLIP-S1 [3minputs[0m[2m=[0m1
[2m2026-09-16T18:16:32.240058Z[0m [34mDEBUG[0m [2mpanoptikon::inferio::http[0m[2m:[0m processing local inference predict [3mmodel[0m[2m=[0mclip/apple_MobileCLIP-S1 [3minputs[0m[2m=[0m1
[2m2026-09-16T18:16:32.240069Z[0m [34mDEBUG[0m [2mpanoptikon::inferio::http[0m[2m:[0m processing local inference predict [3mmodel[0m[2m=[0mclip/apple_MobileCLIP-S1 [3minputs[0m[2m=[0m1
[2m2026-09-16T18:16:32.240116Z[0m [34mDEBUG[0m [2mpanoptikon::inferio::http[0m[2m:[0m processing local inference predict [3mmodel[0m[2m=[0mclip/apple_MobileCLIP-S1 [3minputs[0m[2m=[0m1
[2m2026-09-16T18:16:32.240135Z[0m [34mDEBUG[0m [2mpanoptikon::inferio::http[0m[2m:[0m processing local inference predict [3mmodel[0m[2m=[0mclip/apple_MobileCLIP-S1 [3minputs[0m[2m=[0m1
[2m2026-09-16T18:16:32.240161Z[0m [34mDEBUG[0m [2mpanoptikon::inferio::http[0m[2m:[0m processing local inference predict [3mmodel[0m[2m=[0mclip/apple_MobileCLIP-S1 [3minputs[0m[2m=[0m1
[2m2026-09-16T18:16:32.240220Z[0m [34mDEBUG[0m [2mpanoptikon::inferio::http[0m[2m:[0m processing local inference predict [3mmodel[0m[2m=[0mclip/apple_MobileCLIP-S1 [3minputs[0m[2m=[0m1
[2m2026-09-16T18:16:32.240235Z[0m [34mDEBUG[0m [2mpanoptikon::inferio::http[0m[2m:[0m processing local inference predict [3mmodel[0m[2m=[0mclip/apple_MobileCLIP-S1 [3minputs[0m[2m=[0m1
[2m2026-09-16T18:16:32.240289Z[0m [34mDEBUG[0m [2mpanoptikon::inferio::http[0m[2m:[0m processing local inference predict [3mmodel[0m[2m=[0mclip/apple_MobileCLIP-S1 [3minputs[0m[2m=[0m1
[2m2026-09-16T18:16:32.241214Z[0m [34mDEBUG[0m [2mpanoptikon::inferio::http[0m[2m:[0m processing local inference predict [3mmodel[0m[2m=[0mclip/apple_MobileCLIP-S1 [3minputs[0m[2m=[0m1
[2m2026-09-16T18:16:32.241248Z[0m [34mDEBUG[0m [2mpanoptikon::inferio::http[0m[2m:[0m processing local inference predict [3mmodel[0m[2m=[0mclip/apple_MobileCLIP-S1 [3minputs[0m[2m=[0m1
[2m2026-09-16T18:16:32.241279Z[0m [34mDEBUG[0m [2mpanoptikon::inferio::http[0m[2m:[0m processing local inference predict [3mmodel[0m[2m=[0mclip/apple_MobileCLIP-S1 [3minputs[0m[2m=[0m1
[2m2026-09-16T18:16:32.241310Z[0m [34mDEBUG[0m [2mpanoptikon::inferio::http[0m[2m:[0m processing local inference predict [3mmodel[0m[2m=[0mclip/apple_MobileCLIP-S1 [3minputs[0m[2m=[0m1
[2m2026-09-16T18:16:32.241349Z[0m [34mDEBUG[0m [2mpanoptikon::inferio::http[0m[2m:[0m processing local inference predict [3mmodel[0m[2m=[0mclip/apple_MobileCLIP-S1 [3minputs[0m[2m=[0m1
[2m2026-09-16T18:16:32.241338Z[0m [34mDEBUG[0m [2mpanoptikon::inferio::http[0m[2m:[0m processing local inference predict [3mmodel[0m[2m=[0mclip/apple_MobileCLIP-S1 [3minputs[0m[2m=[0m1
[2m2026-09-16T18:16:32.241325Z[0m [34mDEBUG[0m [2mpanoptikon::inferio::http[0m[2m:[0m processing local inference predict [3mmodel[0m[2m=[0mclip/apple_MobileCLIP-S1 [3minputs[0m[2m=[0m1
[2m2026-09-16T18:16:32.241408Z[0m [34mDEBUG[0m [2mpanoptikon::inferio::http[0m[2m:[0m processing local inference predict [3mmodel[0m[2m=[0mclip/apple_MobileCLIP-S1 [3minputs[0m[2m=[0m1
[2m2026-09-16T18:16:32.241395Z[0m [34mDEBUG[0m [2mpanoptikon::inferio::http[0m[2m:[0m processing local inference predict [3mmodel[0m[2m=[0mclip/apple_MobileCLIP-S1 [3minputs[0m[2m=[0m1
[2m2026-09-16T18:16:32.241489Z[0m [34mDEBUG[0m [2mpanoptikon::inferio::http[0m[2m:[0m processing local inference predict [3mmodel[0m[2m=[0mclip/apple_MobileCLIP-S1 [3minputs[0m[2m=[0m1
[2m2026-09-16T18:16:32.241575Z[0m [34mDEBUG[0m [2mpanoptikon::inferio::http[0m[2m:[0m processing local inference predict [3mmodel[0m[2m=[0mclip/apple_MobileCLIP-S1 [3minputs[0m[2m=[0m1
[2m2026-09-16T18:16:32.241768Z[0m [34mDEBUG[0m [2mpanoptikon::inferio::http[0m[2m:[0m processing local inference predict [3mmodel[0m[2m=[0mclip/apple_MobileCLIP-S1 [3minputs[0m[2m=[0m1
[2m2026-09-16T18:16:32.241773Z[0m [34mDEBUG[0m [2mpanoptikon::inferio::http[0m[2m:[0m processing local inference predict [3mmodel[0m[2m=[0mclip/apple_MobileCLIP-S1 [3minputs[0m[2m=[0m1
[2m2026-09-16T18:16:32.241872Z[0m [34mDEBUG[0m [2mpanoptikon::inferio::http[0m[2m:[0m processing local inference predict [3mmodel[0m[2m=[0mclip/apple_MobileCLIP-S1 [3minputs[0m[2m=[0m1
[2m2026-09-16T18:16:32.241873Z[0m [34mDEBUG[0m [2mpanoptikon::inferio::http[0m[2m:[0m processing local inference predict [3mmodel[0m[2m=[0mclip/apple_MobileCLIP-S1 [3minputs[0m[2m=[0m1
[2m2026-09-16T18:16:32.241896Z[0m [34mDEBUG[0m [2mpanoptikon::inferio::http[0m[2m:[0m processing local inference predict [3mmodel[0m[2m=[0mclip/apple_MobileCLIP-S1 [3minputs[0m[2m=[0m1
[2m2026-09-16T18:16:32.241875Z[0m [34mDEBUG[0m [2mpanoptikon::inferio::http[0m[2m:[0m processing local inference predict [3mmodel[0m[2m=[0mclip/apple_MobileCLIP-S1 [3minputs[0m[2m=[0m1
[2m2026-09-16T18:16:32.241900Z[0m [34mDEBUG[0m [2mpanoptikon::inferio::http[0m[2m:[0m processing local inference predict [3mmodel[0m[2m=[0mclip/apple_MobileCLIP-S1 [3minputs[0m[2m=[0m1
[2m2026-09-16T18:16:32.242103Z[0m [34mDEBUG[0m [2mpanoptikon::inferio::http[0m[2m:[0m processing local inference predict [3mmodel[0m[2m=[0mclip/apple_MobileCLIP-S1 [3minputs[0m[2m=[0m1
[2m2026-09-16T18:16:32.242128Z[0m [34mDEBUG[0m [2mpanoptikon::inferio::http[0m[2m:[0m processing local inference predict [3mmodel[0m[2m=[0mclip/apple_MobileCLIP-S1 [3minputs[0m[2m=[0m1
[2m2026-09-16T18:16:32.242243Z[0m [34mDEBUG[0m [2mpanoptikon::inferio::http[0m[2m:[0m processing local inference predict [3mmodel[0m[2m=[0mclip/apple_MobileCLIP-S1 [3minputs[0m[2m=[0m1
[2m2026-09-16T18:16:32.242392Z[0m [34mDEBUG[0m [2mpanoptikon::inferio::http[0m[2m:[0m processing local inference predict [3mmodel[0m[2m=[0mclip/apple_MobileCLIP-S1 [3minputs[0m[2m=[0m1
[2m2026-09-16T18:16:32.242397Z[0m [34mDEBUG[0m [2mpanoptikon::inferio::http[0m[2m:[0m processing local inference predict [3mmodel[0m[2m=[0mclip/apple_MobileCLIP-S1 [3minputs[0m[2m=[0m1
[2m2026-09-16T18:16:32.242408Z[0m [34mDEBUG[0m [2mpanoptikon::inferio::http[0m[2m:[0m processing local inference predict [3mmodel[0m[2m=[0mclip/apple_MobileCLIP-S1 [3minputs[0m[2m=[0m1
[2m2026-09-16T18:16:32.242408Z[0m [34mDEBUG[0m [2mpanoptikon::inferio::http[0m[2m:[0m processing local inference predict [3mmodel[0m[2m=[0mclip/apple_MobileCLIP-S1 [3minputs[0m[2m=[0m1
[2m2026-09-16T18:16:32.242433Z[0m [34mDEBUG[0m [2mpanoptikon::inferio::http[0m[2m:[0m processing local inference predict [3mmodel[0m[2m=[0mclip/apple_MobileCLIP-S1 [3minputs[0m[2m=[0m1
[2m2026-09-16T18:16:32.242443Z[0m [34mDEBUG[0m [2mpanoptikon::inferio::http[0m[2m:[0m processing local inference predict [3mmodel[0m[2m=[0mclip/apple_MobileCLIP-S1 [3minputs[0m[2m=[0m1
[2m2026-09-16T18:16:32.242452Z[0m [34mDEBUG[0m [2mpanoptikon::inferio::http[0m[2m:[0m processing local inference predict [3mmodel[0m[2m=[0mclip/apple_MobileCLIP-S1 [3minputs[0m[2m=[0m1
[2m2026-09-16T18:16:32.242435Z[0m [34mDEBUG[0m [2mpanoptikon::inferio::http[0m[2m:[0m processing local inference predict [3mmodel[0m[2m=[0mclip/apple_MobileCLIP-S1 [3minputs[0m[2m=[0m1
[2m2026-09-16T18:16:32.242436Z[0m [34mDEBUG[0m [2mpanoptikon::inferio::http[0m[2m:[0m processing local inference predict [3mmodel[0m[2m=[0mclip/apple_MobileCLIP-S1 [3minputs[0m[2m=[0m1
[2m2026-09-16T18:16:32.242428Z[0m [34mDEBUG[0m [2mpanoptikon::inferio::http[0m[2m:[0m processing local inference predict [3mmodel[0m[2m=[0mclip/apple_MobileCLIP-S1 [3minputs[0m[2m=[0m1
[2m2026-09-16T18:16:32.242554Z[0m [34mDEBUG[0m [2mpanoptikon::inferio::http[0m[2m:[0m processing local inference predict [3mmodel[0m[2m=[0mclip/apple_MobileCLIP-S1 [3minputs[0m[2m=[0m1
[2m2026-09-16T18:16:32.242558Z[0m [34mDEBUG[0m [2mpanoptikon::inferio::http[0m[2m:[0m processing local inference predict [3mmodel[0m[2m=[0mclip/apple_MobileCLIP-S1 [3minputs[0m[2m=[0m1
[2m2026-09-16T18:16:32.242572Z[0m [34mDEBUG[0m [2mpanoptikon::inferio::http[0m[2m:[0m processing local inference predict [3mmodel[0m[2m=[0mclip/apple_MobileCLIP-S1 [3minputs[0m[2m=[0m1
[2m2026-09-16T18:16:32.242578Z[0m [34mDEBUG[0m [2mpanoptikon::inferio::http[0m[2m:[0m processing local inference predict [3mmodel[0m[2m=[0mclip/apple_MobileCLIP-S1 [3minputs[0m[2m=[0m1
[2m2026-09-16T18:16:32.242591Z[0m [34mDEBUG[0m [2mpanoptikon::inferio::http[0m[2m:[0m processing local inference predict [3mmodel[0m[2m=[0mclip/apple_MobileCLIP-S1 [3minputs[0m[2m=[0m1
[2m2026-09-16T18:16:32.443338Z[0m [34mDEBUG[0m [2mpanoptikon::inferio::ledger[0m[2m:[0m queued a calibration profile update for the store [3mmodel[0m[2m=[0mclip/apple_MobileCLIP-S1 [3mgpu[0m[2m=[0mGPU-MPS [3mreason[0m[2m=[0m"anchor_advanced" [3mmax_units_measured[0m[2m=[0m0 [3mfit_version[0m[2m=[0m0
[2m2026-09-16T18:16:32.443359Z[0m [34mDEBUG[0m [2mpanoptikon::inferio::ledger[0m[2m:[0m settled a granted window [3mmodel[0m[2m=[0mclip/apple_MobileCLIP-S1 [3mgpu[0m[2m=[0mGPU-MPS [3moutcome[0m[2m=[0m"clean" [3mfit_samples[0m[2m=[0m1 [3mthroughput_samples[0m[2m=[0m0 [3mclamped_samples[0m[2m=[0m0 [3mclamped[0m[2m=[0mnone [3mramp_step[0m[2m=[0m0 [3mdeflation[0m[2m=[0m0 [3mclean_windows[0m[2m=[0m1 [3mmax_units_measured[0m[2m=[0m1
[2m2026-09-16T18:16:32.443387Z[0m [34mDEBUG[0m [2mpanoptikon::inferio::ledger[0m[2m:[0m issued a memory grant [3mmodel[0m[2m=[0mclip/apple_MobileCLIP-S1 [3mgpu[0m[2m=[0mGPU-MPS [3munit_budget[0m[2m=[0m2 [3mmb[0m[2m=[0m105997 [3mcanvas_pixels[0m[2m=[0mnone [3mshare_mb[0m[2m=[0m105997 [3mroom_mb[0m[2m=[0m105997 [3mheadroom_mb[0m[2m=[0m105974 [3mexternal_mb[0m[2m=[0m22891 [3mreserve_mb[0m[2m=[0m1024 [3mreserve_rule[0m[2m=[0m"capped_default" [3mpre_fit[0m[2m=[0mtrue [3mramp_step[0m[2m=[0m0 [3mdeflation[0m[2m=[0m0 [3msqueezed[0m[2m=[0mfalse [3mwindow_requests[0m[2m=[0m6
[2m2026-09-16T18:16:32.444148Z[0m [34mDEBUG[0m [2mpanoptikon::inferio::http[0m[2m:[0m processing local inference predict [3mmodel[0m[2m=[0mclip/apple_MobileCLIP-S1 [3minputs[0m[2m=[0m1
[2m2026-09-16T18:16:32.445296Z[0m [34mDEBUG[0m [2mpanoptikon::inferio::http[0m[2m:[0m processing local inference predict [3mmodel[0m[2m=[0mclip/apple_MobileCLIP-S1 [3minputs[0m[2m=[0m1
[2m2026-09-16T18:16:32.445522Z[0m [34mDEBUG[0m [2mpanoptikon::inferio::http[0m[2m:[0m processing local inference predict [3mmodel[0m[2m=[0mclip/apple_MobileCLIP-S1 [3minputs[0m[2m=[0m1
[2m2026-09-16T18:16:32.445690Z[0m [34mDEBUG[0m [2mpanoptikon::inferio::http[0m[2m:[0m processing local inference predict [3mmodel[0m[2m=[0mclip/apple_MobileCLIP-S1 [3minputs[0m[2m=[0m1
[2m2026-09-16T18:16:32.445722Z[0m [34mDEBUG[0m [2mpanoptikon::inferio::http[0m[2m:[0m processing local inference predict [3mmodel[0m[2m=[0mclip/apple_MobileCLIP-S1 [3minputs[0m[2m=[0m1
[2m2026-09-16T18:16:32.445739Z[0m [34mDEBUG[0m [2mpanoptikon::inferio::http[0m[2m:[0m processing local inference predict [3mmodel[0m[2m=[0mclip/apple_MobileCLIP-S1 [3minputs[0m[2m=[0m1
[2m2026-09-16T18:16:32.445744Z[0m [34mDEBUG[0m [2mpanoptikon::inferio::http[0m[2m:[0m processing local inference predict [3mmodel[0m[2m=[0mclip/apple_MobileCLIP-S1 [3minputs[0m[2m=[0m1
[2m2026-09-16T18:16:32.445749Z[0m [34mDEBUG[0m [2mpanoptikon::inferio::http[0m[2m:[0m processing local inference predict [3mmodel[0m[2m=[0mclip/apple_MobileCLIP-S1 [3minputs[0m[2m=[0m1
[2m2026-09-16T18:16:32.445761Z[0m [34mDEBUG[0m [2mpanoptikon::inferio::http[0m[2m:[0m processing local inference predict [3mmodel[0m[2m=[0mclip/apple_MobileCLIP-S1 [3minputs[0m[2m=[0m1
[2m2026-09-16T18:16:32.445765Z[0m [34mDEBUG[0m [2mpanoptikon::inferio::http[0m[2m:[0m processing local inference predict [3mmodel[0m[2m=[0mclip/apple_MobileCLIP-S1 [3minputs[0m[2m=[0m1
[2m2026-09-16T18:16:32.445791Z[0m [34mDEBUG[0m [2mpanoptikon::inferio::http[0m[2m:[0m processing local inference predict [3mmodel[0m[2m=[0mclip/apple_MobileCLIP-S1 [3minputs[0m[2m=[0m1
[2m2026-09-16T18:16:32.445794Z[0m [34mDEBUG[0m [2mpanoptikon::inferio::http[0m[2m:[0m processing local inference predict [3mmodel[0m[2m=[0mclip/apple_MobileCLIP-S1 [3minputs[0m[2m=[0m1
[2m2026-09-16T18:16:32.445800Z[0m [34mDEBUG[0m [2mpanoptikon::inferio::http[0m[2m:[0m processing local inference predict [3mmodel[0m[2m=[0mclip/apple_MobileCLIP-S1 [3minputs[0m[2m=[0m1
[2m2026-09-16T18:16:32.445805Z[0m [34mDEBUG[0m [2mpanoptikon::inferio::http[0m[2m:[0m processing local inference predict [3mmodel[0m[2m=[0mclip/apple_MobileCLIP-S1 [3minputs[0m[2m=[0m1
[2m2026-09-16T18:16:32.445816Z[0m [34mDEBUG[0m [2mpanoptikon::inferio::http[0m[2m:[0m processing local inference predict [3mmodel[0m[2m=[0mclip/apple_MobileCLIP-S1 [3minputs[0m[2m=[0m1
[2m2026-09-16T18:16:32.446412Z[0m [34mDEBUG[0m [2mpanoptikon::inferio::http[0m[2m:[0m processing local inference predict [3mmodel[0m[2m=[0mclip/apple_MobileCLIP-S1 [3minputs[0m[2m=[0m1
[2m2026-09-16T18:16:32.446485Z[0m [34mDEBUG[0m [2mpanoptikon::inferio::http[0m[2m:[0m processing local inference predict [3mmodel[0m[2m=[0mclip/apple_MobileCLIP-S1 [3minputs[0m[2m=[0m1
[2m2026-09-16T18:16:32.446500Z[0m [34mDEBUG[0m [2mpanoptikon::inferio::http[0m[2m:[0m processing local inference predict [3mmodel[0m[2m=[0mclip/apple_MobileCLIP-S1 [3minputs[0m[2m=[0m1
[2m2026-09-16T18:16:32.446508Z[0m [34mDEBUG[0m [2mpanoptikon::inferio::http[0m[2m:[0m processing local inference predict [3mmodel[0m[2m=[0mclip/apple_MobileCLIP-S1 [3minputs[0m[2m=[0m1
[2m2026-09-16T18:16:32.446530Z[0m [34mDEBUG[0m [2mpanoptikon::inferio::http[0m[2m:[0m processing local inference predict [3mmodel[0m[2m=[0mclip/apple_MobileCLIP-S1 [3minputs[0m[2m=[0m1
[2m2026-09-16T18:16:32.446931Z[0m [34mDEBUG[0m [2mpanoptikon::inferio::http[0m[2m:[0m processing local inference predict [3mmodel[0m[2m=[0mclip/apple_MobileCLIP-S1 [3minputs[0m[2m=[0m1
[2m2026-09-16T18:16:32.447291Z[0m [34mDEBUG[0m [2mpanoptikon::inferio::http[0m[2m:[0m processing local inference predict [3mmodel[0m[2m=[0mclip/apple_MobileCLIP-S1 [3minputs[0m[2m=[0m1
[2m2026-09-16T18:16:32.447328Z[0m [34mDEBUG[0m [2mpanoptikon::inferio::http[0m[2m:[0m processing local inference predict [3mmodel[0m[2m=[0mclip/apple_MobileCLIP-S1 [3minputs[0m[2m=[0m1
[2m2026-09-16T18:16:32.447329Z[0m [34mDEBUG[0m [2mpanoptikon::inferio::http[0m[2m:[0m processing local inference predict [3mmodel[0m[2m=[0mclip/apple_MobileCLIP-S1 [3minputs[0m[2m=[0m1
[2m2026-09-16T18:16:32.447385Z[0m [34mDEBUG[0m [2mpanoptikon::inferio::http[0m[2m:[0m processing local inference predict [3mmodel[0m[2m=[0mclip/apple_MobileCLIP-S1 [3minputs[0m[2m=[0m1
[2m2026-09-16T18:16:32.447405Z[0m [34mDEBUG[0m [2mpanoptikon::inferio::http[0m[2m:[0m processing local inference predict [3mmodel[0m[2m=[0mclip/apple_MobileCLIP-S1 [3minputs[0m[2m=[0m1
[2m2026-09-16T18:16:32.447435Z[0m [34mDEBUG[0m [2mpanoptikon::inferio::http[0m[2m:[0m processing local inference predict [3mmodel[0m[2m=[0mclip/apple_MobileCLIP-S1 [3minputs[0m[2m=[0m1
[2m2026-09-16T18:16:32.447409Z[0m [34mDEBUG[0m [2mpanoptikon::inferio::http[0m[2m:[0m processing local inference predict [3mmodel[0m[2m=[0mclip/apple_MobileCLIP-S1 [3minputs[0m[2m=[0m1
[2m2026-09-16T18:16:32.447411Z[0m [34mDEBUG[0m [2mpanoptikon::inferio::http[0m[2m:[0m processing local inference predict [3mmodel[0m[2m=[0mclip/apple_MobileCLIP-S1 [3minputs[0m[2m=[0m1
[2m2026-09-16T18:16:32.447503Z[0m [34mDEBUG[0m [2mpanoptikon::inferio::http[0m[2m:[0m processing local inference predict [3mmodel[0m[2m=[0mclip/apple_MobileCLIP-S1 [3minputs[0m[2m=[0m1
[2m2026-09-16T18:16:32.447517Z[0m [34mDEBUG[0m [2mpanoptikon::inferio::http[0m[2m:[0m processing local inference predict [3mmodel[0m[2m=[0mclip/apple_MobileCLIP-S1 [3minputs[0m[2m=[0m1
[2m2026-09-16T18:16:32.447452Z[0m [34mDEBUG[0m [2mpanoptikon::inferio::http[0m[2m:[0m processing local inference predict [3mmodel[0m[2m=[0mclip/apple_MobileCLIP-S1 [3minputs[0m[2m=[0m1
[2m2026-09-16T18:16:32.447556Z[0m [34mDEBUG[0m [2mpanoptikon::inferio::http[0m[2m:[0m processing local inference predict [3mmodel[0m[2m=[0mclip/apple_MobileCLIP-S1 [3minputs[0m[2m=[0m1
[2m2026-09-16T18:16:32.447579Z[0m [34mDEBUG[0m [2mpanoptikon::inferio::http[0m[2m:[0m processing local inference predict [3mmodel[0m[2m=[0mclip/apple_MobileCLIP-S1 [3minputs[0m[2m=[0m1
[2m2026-09-16T18:16:32.447606Z[0m [34mDEBUG[0m [2mpanoptikon::inferio::http[0m[2m:[0m processing local inference predict [3mmodel[0m[2m=[0mclip/apple_MobileCLIP-S1 [3minputs[0m[2m=[0m1
[2m2026-09-16T18:16:32.447625Z[0m [34mDEBUG[0m [2mpanoptikon::inferio::http[0m[2m:[0m processing local inference predict [3mmodel[0m[2m=[0mclip/apple_MobileCLIP-S1 [3minputs[0m[2m=[0m1
[2m2026-09-16T18:16:32.447636Z[0m [34mDEBUG[0m [2mpanoptikon::inferio::http[0m[2m:[0m processing local inference predict [3mmodel[0m[2m=[0mclip/apple_MobileCLIP-S1 [3minputs[0m[2m=[0m1
[2m2026-09-16T18:16:32.447671Z[0m [34mDEBUG[0m [2mpanoptikon::inferio::http[0m[2m:[0m processing local inference predict [3mmodel[0m[2m=[0mclip/apple_MobileCLIP-S1 [3minputs[0m[2m=[0m1
[2m2026-09-16T18:16:32.448338Z[0m [34mDEBUG[0m [2mpanoptikon::inferio::http[0m[2m:[0m processing local inference predict [3mmodel[0m[2m=[0mclip/apple_MobileCLIP-S1 [3minputs[0m[2m=[0m1
[2m2026-09-16T18:16:32.448578Z[0m [34mDEBUG[0m [2mpanoptikon::inferio::http[0m[2m:[0m processing local inference predict [3mmodel[0m[2m=[0mclip/apple_MobileCLIP-S1 [3minputs[0m[2m=[0m1
[2m2026-09-16T18:16:32.448625Z[0m [34mDEBUG[0m [2mpanoptikon::inferio::http[0m[2m:[0m processing local inference predict [3mmodel[0m[2m=[0mclip/apple_MobileCLIP-S1 [3minputs[0m[2m=[0m1
[2m2026-09-16T18:16:32.448642Z[0m [34mDEBUG[0m [2mpanoptikon::inferio::http[0m[2m:[0m processing local inference predict [3mmodel[0m[2m=[0mclip/apple_MobileCLIP-S1 [3minputs[0m[2m=[0m1
[2m2026-09-16T18:16:32.448659Z[0m [34mDEBUG[0m [2mpanoptikon::inferio::http[0m[2m:[0m processing local inference predict [3mmodel[0m[2m=[0mclip/apple_MobileCLIP-S1 [3minputs[0m[2m=[0m1
[2m2026-09-16T18:16:32.448673Z[0m [34mDEBUG[0m [2mpanoptikon::inferio::http[0m[2m:[0m processing local inference predict [3mmodel[0m[2m=[0mclip/apple_MobileCLIP-S1 [3minputs[0m[2m=[0m1
[2m2026-09-16T18:16:32.448710Z[0m [34mDEBUG[0m [2mpanoptikon::inferio::http[0m[2m:[0m processing local inference predict [3mmodel[0m[2m=[0mclip/apple_MobileCLIP-S1 [3minputs[0m[2m=[0m1
[2m2026-09-16T18:16:32.452892Z[0m [34mDEBUG[0m [2mpanoptikon::inferio::http[0m[2m:[0m processing local inference predict [3mmodel[0m[2m=[0mclip/apple_MobileCLIP-S1 [3minputs[0m[2m=[0m1
[2m2026-09-16T18:16:32.448919Z[0m [34mDEBUG[0m [2mpanoptikon::inferio::http[0m[2m:[0m processing local inference predict [3mmodel[0m[2m=[0mclip/apple_MobileCLIP-S1 [3minputs[0m[2m=[0m1
[2m2026-09-16T18:16:32.448938Z[0m [34mDEBUG[0m [2mpanoptikon::inferio::http[0m[2m:[0m processing local inference predict [3mmodel[0m[2m=[0mclip/apple_MobileCLIP-S1 [3minputs[0m[2m=[0m1
[2m2026-09-16T18:16:32.448948Z[0m [34mDEBUG[0m [2mpanoptikon::inferio::http[0m[2m:[0m processing local inference predict [3mmodel[0m[2m=[0mclip/apple_MobileCLIP-S1 [3minputs[0m[2m=[0m1
[2m2026-09-16T18:16:32.448961Z[0m [34mDEBUG[0m [2mpanoptikon::inferio::http[0m[2m:[0m processing local inference predict [3mmodel[0m[2m=[0mclip/apple_MobileCLIP-S1 [3minputs[0m[2m=[0m1
[2m2026-09-16T18:16:32.448971Z[0m [34mDEBUG[0m [2mpanoptikon::inferio::http[0m[2m:[0m processing local inference predict [3mmodel[0m[2m=[0mclip/apple_MobileCLIP-S1 [3minputs[0m[2m=[0m1
[2m2026-09-16T18:16:32.448981Z[0m [34mDEBUG[0m [2mpanoptikon::inferio::http[0m[2m:[0m processing local inference predict [3mmodel[0m[2m=[0mclip/apple_MobileCLIP-S1 [3minputs[0m[2m=[0m1
[2m2026-09-16T18:16:32.449006Z[0m [34mDEBUG[0m [2mpanoptikon::inferio::http[0m[2m:[0m processing local inference predict [3mmodel[0m[2m=[0mclip/apple_MobileCLIP-S1 [3minputs[0m[2m=[0m1
[2m2026-09-16T18:16:32.449055Z[0m [34mDEBUG[0m [2mpanoptikon::inferio::http[0m[2m:[0m processing local inference predict [3mmodel[0m[2m=[0mclip/apple_MobileCLIP-S1 [3minputs[0m[2m=[0m1
[2m2026-09-16T18:16:32.452829Z[0m [34mDEBUG[0m [2mpanoptikon::inferio::http[0m[2m:[0m processing local inference predict [3mmodel[0m[2m=[0mclip/apple_MobileCLIP-S1 [3minputs[0m[2m=[0m1
[2m2026-09-16T18:16:32.448914Z[0m [34mDEBUG[0m [2mpanoptikon::inferio::http[0m[2m:[0m processing local inference predict [3mmodel[0m[2m=[0mclip/apple_MobileCLIP-S1 [3minputs[0m[2m=[0m1
[2m2026-09-16T18:16:32.453253Z[0m [34mDEBUG[0m [2mpanoptikon::inferio::http[0m[2m:[0m processing local inference predict [3mmodel[0m[2m=[0mclip/apple_MobileCLIP-S1 [3minputs[0m[2m=[0m1
[2m2026-09-16T18:16:32.453788Z[0m [34mDEBUG[0m [2mpanoptikon::inferio::http[0m[2m:[0m processing local inference predict [3mmodel[0m[2m=[0mclip/apple_MobileCLIP-S1 [3minputs[0m[2m=[0m1
[2m2026-09-16T18:16:32.453958Z[0m [34mDEBUG[0m [2mpanoptikon::inferio::http[0m[2m:[0m processing local inference predict [3mmodel[0m[2m=[0mclip/apple_MobileCLIP-S1 [3minputs[0m[2m=[0m1
[2m2026-09-16T18:16:32.453972Z[0m [34mDEBUG[0m [2mpanoptikon::inferio::http[0m[2m:[0m processing local inference predict [3mmodel[0m[2m=[0mclip/apple_MobileCLIP-S1 [3minputs[0m[2m=[0m1
[2m2026-09-16T18:16:32.453979Z[0m [34mDEBUG[0m [2mpanoptikon::inferio::http[0m[2m:[0m processing local inference predict [3mmodel[0m[2m=[0mclip/apple_MobileCLIP-S1 [3minputs[0m[2m=[0m1
[2m2026-09-16T18:16:32.454001Z[0m [34mDEBUG[0m [2mpanoptikon::inferio::http[0m[2m:[0m processing local inference predict [3mmodel[0m[2m=[0mclip/apple_MobileCLIP-S1 [3minputs[0m[2m=[0m1
[2m2026-09-16T18:16:32.454003Z[0m [34mDEBUG[0m [2mpanoptikon::inferio::http[0m[2m:[0m processing local inference predict [3mmodel[0m[2m=[0mclip/apple_MobileCLIP-S1 [3minputs[0m[2m=[0m1
[2m2026-09-16T18:16:32.454031Z[0m [34mDEBUG[0m [2mpanoptikon::inferio::http[0m[2m:[0m processing local inference predict [3mmodel[0m[2m=[0mclip/apple_MobileCLIP-S1 [3minputs[0m[2m=[0m1
[2m2026-09-16T18:16:32.457125Z[0m [32m INFO[0m [2mpanoptikon::inferio::calibration[0m[2m:[0m wrote the local calibration store [3mpath[0m[2m=[0mdata/inferio/calibration.toml [3mprofiles[0m[2m=[0m1
[2m2026-09-16T18:16:32.454135Z[0m [34mDEBUG[0m [2mpanoptikon::inferio::http[0m[2m:[0m processing local inference predict [3mmodel[0m[2m=[0mclip/apple_MobileCLIP-S1 [3minputs[0m[2m=[0m1
[2m2026-09-16T18:16:32.454519Z[0m [34mDEBUG[0m [2mpanoptikon::inferio::http[0m[2m:[0m processing local inference predict [3mmodel[0m[2m=[0mclip/apple_MobileCLIP-S1 [3minputs[0m[2m=[0m1
[2m2026-09-16T18:16:32.454526Z[0m [34mDEBUG[0m [2mpanoptikon::inferio::http[0m[2m:[0m processing local inference predict [3mmodel[0m[2m=[0mclip/apple_MobileCLIP-S1 [3minputs[0m[2m=[0m1
[2m2026-09-16T18:16:32.454546Z[0m [34mDEBUG[0m [2mpanoptikon::inferio::http[0m[2m:[0m processing local inference predict [3mmodel[0m[2m=[0mclip/apple_MobileCLIP-S1 [3minputs[0m[2m=[0m1
[2m2026-09-16T18:16:32.454575Z[0m [34mDEBUG[0m [2mpanoptikon::inferio::http[0m[2m:[0m processing local inference predict [3mmodel[0m[2m=[0mclip/apple_MobileCLIP-S1 [3minputs[0m[2m=[0m1
[2m2026-09-16T18:16:32.454579Z[0m [34mDEBUG[0m [2mpanoptikon::inferio::http[0m[2m:[0m processing local inference predict [3mmodel[0m[2m=[0mclip/apple_MobileCLIP-S1 [3minputs[0m[2m=[0m1
[2m2026-09-16T18:16:32.454916Z[0m [34mDEBUG[0m [2mpanoptikon::inferio::http[0m[2m:[0m processing local inference predict [3mmodel[0m[2m=[0mclip/apple_MobileCLIP-S1 [3minputs[0m[2m=[0m1
[2m2026-09-16T18:16:32.457241Z[0m [34mDEBUG[0m [2mpanoptikon::inferio::http[0m[2m:[0m processing local inference predict [3mmodel[0m[2m=[0mclip/apple_MobileCLIP-S1 [3minputs[0m[2m=[0m1
[2m2026-09-16T18:16:32.455922Z[0m [34mDEBUG[0m [2mpanoptikon::inferio::http[0m[2m:[0m processing local inference predict [3mmodel[0m[2m=[0mclip/apple_MobileCLIP-S1 [3minputs[0m[2m=[0m1
[2m2026-09-16T18:16:32.457261Z[0m [34mDEBUG[0m [2mpanoptikon::inferio::http[0m[2m:[0m processing local inference predict [3mmodel[0m[2m=[0mclip/apple_MobileCLIP-S1 [3minputs[0m[2m=[0m1
[2m2026-09-16T18:16:32.457271Z[0m [34mDEBUG[0m [2mpanoptikon::inferio::http[0m[2m:[0m processing local inference predict [3mmodel[0m[2m=[0mclip/apple_MobileCLIP-S1 [3minputs[0m[2m=[0m1
[2m2026-09-16T18:16:32.457279Z[0m [34mDEBUG[0m [2mpanoptikon::inferio::http[0m[2m:[0m processing local inference predict [3mmodel[0m[2m=[0mclip/apple_MobileCLIP-S1 [3minputs[0m[2m=[0m1
[2m2026-09-16T18:16:32.455979Z[0m [34mDEBUG[0m [2mpanoptikon::inferio::http[0m[2m:[0m processing local inference predict [3mmodel[0m[2m=[0mclip/apple_MobileCLIP-S1 [3minputs[0m[2m=[0m1
[2m2026-09-16T18:16:32.456160Z[0m [34mDEBUG[0m [2mpanoptikon::inferio::http[0m[2m:[0m processing local inference predict [3mmodel[0m[2m=[0mclip/apple_MobileCLIP-S1 [3minputs[0m[2m=[0m1
[2m2026-09-16T18:16:32.457306Z[0m [34mDEBUG[0m [2mpanoptikon::inferio::http[0m[2m:[0m processing local inference predict [3mmodel[0m[2m=[0mclip/apple_MobileCLIP-S1 [3minputs[0m[2m=[0m1
[2m2026-09-16T18:16:32.457311Z[0m [34mDEBUG[0m [2mpanoptikon::inferio::http[0m[2m:[0m processing local inference predict [3mmodel[0m[2m=[0mclip/apple_MobileCLIP-S1 [3minputs[0m[2m=[0m1
[2m2026-09-16T18:16:32.457201Z[0m [34mDEBUG[0m [2mpanoptikon::inferio::http[0m[2m:[0m processing local inference predict [3mmodel[0m[2m=[0mclip/apple_MobileCLIP-S1 [3minputs[0m[2m=[0m1
[2m2026-09-16T18:16:32.457325Z[0m [34mDEBUG[0m [2mpanoptikon::inferio::http[0m[2m:[0m processing local inference predict [3mmodel[0m[2m=[0mclip/apple_MobileCLIP-S1 [3minputs[0m[2m=[0m1
[2m2026-09-16T18:16:32.457335Z[0m [34mDEBUG[0m [2mpanoptikon::inferio::http[0m[2m:[0m processing local inference predict [3mmodel[0m[2m=[0mclip/apple_MobileCLIP-S1 [3minputs[0m[2m=[0m1
[2m2026-09-16T18:16:32.457248Z[0m [34mDEBUG[0m [2mpanoptikon::inferio::http[0m[2m:[0m processing local inference predict [3mmodel[0m[2m=[0mclip/apple_MobileCLIP-S1 [3minputs[0m[2m=[0m1
[2m2026-09-16T18:16:32.457510Z[0m [34mDEBUG[0m [2mpanoptikon::inferio::http[0m[2m:[0m processing local inference predict [3mmodel[0m[2m=[0mclip/apple_MobileCLIP-S1 [3minputs[0m[2m=[0m1
[2m2026-09-16T18:16:32.455977Z[0m [34mDEBUG[0m [2mpanoptikon::inferio::http[0m[2m:[0m processing local inference predict [3mmodel[0m[2m=[0mclip/apple_MobileCLIP-S1 [3minputs[0m[2m=[0m1
[2m2026-09-16T18:16:32.457289Z[0m [34mDEBUG[0m [2mpanoptikon::inferio::http[0m[2m:[0m processing local inference predict [3mmodel[0m[2m=[0mclip/apple_MobileCLIP-S1 [3minputs[0m[2m=[0m1
[2m2026-09-16T18:16:32.455994Z[0m [34mDEBUG[0m [2mpanoptikon::inferio::http[0m[2m:[0m processing local inference predict [3mmodel[0m[2m=[0mclip/apple_MobileCLIP-S1 [3minputs[0m[2m=[0m1
[2m2026-09-16T18:16:32.457542Z[0m [34mDEBUG[0m [2mpanoptikon::inferio::http[0m[2m:[0m processing local inference predict [3mmodel[0m[2m=[0mclip/apple_MobileCLIP-S1 [3minputs[0m[2m=[0m1
[2m2026-09-16T18:16:32.457546Z[0m [34mDEBUG[0m [2mpanoptikon::inferio::http[0m[2m:[0m processing local inference predict [3mmodel[0m[2m=[0mclip/apple_MobileCLIP-S1 [3minputs[0m[2m=[0m1
[2m2026-09-16T18:16:32.457292Z[0m [34mDEBUG[0m [2mpanoptikon::inferio::http[0m[2m:[0m processing local inference predict [3mmodel[0m[2m=[0mclip/apple_MobileCLIP-S1 [3minputs[0m[2m=[0m1
[2m2026-09-16T18:16:32.457563Z[0m [34mDEBUG[0m [2mpanoptikon::inferio::http[0m[2m:[0m processing local inference predict [3mmodel[0m[2m=[0mclip/apple_MobileCLIP-S1 [3minputs[0m[2m=[0m1
[2m2026-09-16T18:16:32.457221Z[0m [34mDEBUG[0m [2mpanoptikon::inferio::http[0m[2m:[0m processing local inference predict [3mmodel[0m[2m=[0mclip/apple_MobileCLIP-S1 [3minputs[0m[2m=[0m1
[2m2026-09-16T18:16:32.457585Z[0m [34mDEBUG[0m [2mpanoptikon::inferio::http[0m[2m:[0m processing local inference predict [3mmodel[0m[2m=[0mclip/apple_MobileCLIP-S1 [3minputs[0m[2m=[0m1
[2m2026-09-16T18:16:32.457591Z[0m [34mDEBUG[0m [2mpanoptikon::inferio::http[0m[2m:[0m processing local inference predict [3mmodel[0m[2m=[0mclip/apple_MobileCLIP-S1 [3minputs[0m[2m=[0m1
[2m2026-09-16T18:16:32.457608Z[0m [34mDEBUG[0m [2mpanoptikon::inferio::http[0m[2m:[0m processing local inference predict [3mmodel[0m[2m=[0mclip/apple_MobileCLIP-S1 [3minputs[0m[2m=[0m1
[2m2026-09-16T18:16:32.457350Z[0m [34mDEBUG[0m [2mpanoptikon::inferio::http[0m[2m:[0m processing local inference predict [3mmodel[0m[2m=[0mclip/apple_MobileCLIP-S1 [3minputs[0m[2m=[0m1
[2m2026-09-16T18:16:32.457359Z[0m [34mDEBUG[0m [2mpanoptikon::inferio::http[0m[2m:[0m processing local inference predict [3mmodel[0m[2m=[0mclip/apple_MobileCLIP-S1 [3minputs[0m[2m=[0m1
[2m2026-09-16T18:16:32.457642Z[0m [34mDEBUG[0m [2mpanoptikon::inferio::http[0m[2m:[0m processing local inference predict [3mmodel[0m[2m=[0mclip/apple_MobileCLIP-S1 [3minputs[0m[2m=[0m1
[2m2026-09-16T18:16:32.457527Z[0m [34mDEBUG[0m [2mpanoptikon::inferio::http[0m[2m:[0m processing local inference predict [3mmodel[0m[2m=[0mclip/apple_MobileCLIP-S1 [3minputs[0m[2m=[0m1
[2m2026-09-16T18:16:32.457663Z[0m [34mDEBUG[0m [2mpanoptikon::inferio::http[0m[2m:[0m processing local inference predict [3mmodel[0m[2m=[0mclip/apple_MobileCLIP-S1 [3minputs[0m[2m=[0m1
[2m2026-09-16T18:16:32.457299Z[0m [34mDEBUG[0m [2mpanoptikon::inferio::http[0m[2m:[0m processing local inference predict [3mmodel[0m[2m=[0mclip/apple_MobileCLIP-S1 [3minputs[0m[2m=[0m1
[2m2026-09-16T18:16:32.457682Z[0m [34mDEBUG[0m [2mpanoptikon::inferio::http[0m[2m:[0m processing local inference predict [3mmodel[0m[2m=[0mclip/apple_MobileCLIP-S1 [3minputs[0m[2m=[0m1
[2m2026-09-16T18:16:32.457567Z[0m [34mDEBUG[0m [2mpanoptikon::inferio::http[0m[2m:[0m processing local inference predict [3mmodel[0m[2m=[0mclip/apple_MobileCLIP-S1 [3minputs[0m[2m=[0m1
[2m2026-09-16T18:16:32.457572Z[0m [34mDEBUG[0m [2mpanoptikon::inferio::http[0m[2m:[0m processing local inference predict [3mmodel[0m[2m=[0mclip/apple_MobileCLIP-S1 [3minputs[0m[2m=[0m1
[2m2026-09-16T18:16:32.457327Z[0m [34mDEBUG[0m [2mpanoptikon::inferio::http[0m[2m:[0m processing local inference predict [3mmodel[0m[2m=[0mclip/apple_MobileCLIP-S1 [3minputs[0m[2m=[0m1
[2m2026-09-16T18:16:32.455919Z[0m [34mDEBUG[0m [2mpanoptikon::inferio::http[0m[2m:[0m processing local inference predict [3mmodel[0m[2m=[0mclip/apple_MobileCLIP-S1 [3minputs[0m[2m=[0m1
[2m2026-09-16T18:16:32.457333Z[0m [34mDEBUG[0m [2mpanoptikon::inferio::http[0m[2m:[0m processing local inference predict [3mmodel[0m[2m=[0mclip/apple_MobileCLIP-S1 [3minputs[0m[2m=[0m1
[2m2026-09-16T18:16:32.457760Z[0m [34mDEBUG[0m [2mpanoptikon::inferio::http[0m[2m:[0m processing local inference predict [3mmodel[0m[2m=[0mclip/apple_MobileCLIP-S1 [3minputs[0m[2m=[0m1
[2m2026-09-16T18:16:32.457613Z[0m [34mDEBUG[0m [2mpanoptikon::inferio::http[0m[2m:[0m processing local inference predict [3mmodel[0m[2m=[0mclip/apple_MobileCLIP-S1 [3minputs[0m[2m=[0m1
[2m2026-09-16T18:16:32.455958Z[0m [34mDEBUG[0m [2mpanoptikon::inferio::http[0m[2m:[0m processing local inference predict [3mmodel[0m[2m=[0mclip/apple_MobileCLIP-S1 [3minputs[0m[2m=[0m1
[2m2026-09-16T18:16:32.454517Z[0m [34mDEBUG[0m [2mpanoptikon::inferio::http[0m[2m:[0m processing local inference predict [3mmodel[0m[2m=[0mclip/apple_MobileCLIP-S1 [3minputs[0m[2m=[0m1
[2m2026-09-16T18:16:32.457667Z[0m [34mDEBUG[0m [2mpanoptikon::inferio::http[0m[2m:[0m processing local inference predict [3mmodel[0m[2m=[0mclip/apple_MobileCLIP-S1 [3minputs[0m[2m=[0m1
[2m2026-09-16T18:16:32.457565Z[0m [34mDEBUG[0m [2mpanoptikon::inferio::http[0m[2m:[0m processing local inference predict [3mmodel[0m[2m=[0mclip/apple_MobileCLIP-S1 [3minputs[0m[2m=[0m1
[2m2026-09-16T18:16:32.457686Z[0m [34mDEBUG[0m [2mpanoptikon::inferio::http[0m[2m:[0m processing local inference predict [3mmodel[0m[2m=[0mclip/apple_MobileCLIP-S1 [3minputs[0m[2m=[0m1
[2m2026-09-16T18:16:32.457244Z[0m [34mDEBUG[0m [2mpanoptikon::inferio::http[0m[2m:[0m processing local inference predict [3mmodel[0m[2m=[0mclip/apple_MobileCLIP-S1 [3minputs[0m[2m=[0m1
[2m2026-09-16T18:16:32.713862Z[0m [34mDEBUG[0m [2mpanoptikon::inferio::ledger[0m[2m:[0m declining to fit a throughput knee: the ring's quiet buckets hold too few observations to read as a curve [3mobservations[0m[2m=[0m2 [3mmin_observations[0m[2m=[0m12 [3mbuckets[0m[2m=[0m1 [3mmin_buckets[0m[2m=[0m3
[2m2026-09-16T18:16:32.713889Z[0m [34mDEBUG[0m [2mpanoptikon::inferio::ledger[0m[2m:[0m queued a calibration profile update for the store [3mmodel[0m[2m=[0mclip/apple_MobileCLIP-S1 [3mgpu[0m[2m=[0mGPU-MPS [3mreason[0m[2m=[0m"anchor_advanced" [3mmax_units_measured[0m[2m=[0m2 [3mfit_version[0m[2m=[0m0
[2m2026-09-16T18:16:32.713898Z[0m [34mDEBUG[0m [2mpanoptikon::inferio::ledger[0m[2m:[0m settled a granted window [3mmodel[0m[2m=[0mclip/apple_MobileCLIP-S1 [3mgpu[0m[2m=[0mGPU-MPS [3moutcome[0m[2m=[0m"clean" [3mfit_samples[0m[2m=[0m3 [3mthroughput_samples[0m[2m=[0m2 [3mclamped_samples[0m[2m=[0m0 [3mclamped[0m[2m=[0mnone [3mramp_step[0m[2m=[0m1 [3mdeflation[0m[2m=[0m0 [3mclean_windows[0m[2m=[0m2 [3mmax_units_measured[0m[2m=[0m2
[2m2026-09-16T18:16:32.713936Z[0m [34mDEBUG[0m [2mpanoptikon::inferio::ledger[0m[2m:[0m issued a memory grant [3mmodel[0m[2m=[0mclip/apple_MobileCLIP-S1 [3mgpu[0m[2m=[0mGPU-MPS [3munit_budget[0m[2m=[0m4 [3mmb[0m[2m=[0m105890 [3mcanvas_pixels[0m[2m=[0mnone [3mshare_mb[0m[2m=[0m105890 [3mroom_mb[0m[2m=[0m105890 [3mheadroom_mb[0m[2m=[0m105866 [3mexternal_mb[0m[2m=[0m22998 [3mreserve_mb[0m[2m=[0m1024 [3mreserve_rule[0m[2m=[0m"capped_default" [3mpre_fit[0m[2m=[0mtrue [3mramp_step[0m[2m=[0m1 [3mdeflation[0m[2m=[0m0 [3msqueezed[0m[2m=[0mfalse [3mwindow_requests[0m[2m=[0m12
[2m2026-09-16T18:16:32.999896Z[0m [34mDEBUG[0m [2mpanoptikon::inferio::ledger[0m[2m:[0m refitted the memory cost model [3mmodel[0m[2m=[0mclip/apple_MobileCLIP-S1 [3mgpu[0m[2m=[0mGPU-MPS [3mslope_mb_per_unit[0m[2m=[0m11.0 [3mintercept_mb[0m[2m=[0m-4.0 [3mresidual_mb[0m[2m=[0m0.0 [3msamples[0m[2m=[0m3 [3mversion[0m[2m=[0m1
[2m2026-09-16T18:16:32.999935Z[0m [34mDEBUG[0m [2mpanoptikon::inferio::ledger[0m[2m:[0m declining to fit a throughput knee: the ring's quiet buckets hold too few observations to read as a curve [3mobservations[0m[2m=[0m5 [3mmin_observations[0m[2m=[0m12 [3mbuckets[0m[2m=[0m2 [3mmin_buckets[0m[2m=[0m3
[2m2026-09-16T18:16:32.999943Z[0m [34mDEBUG[0m [2mpanoptikon::inferio::ledger[0m[2m:[0m queued a calibration profile update for the store [3mmodel[0m[2m=[0mclip/apple_MobileCLIP-S1 [3mgpu[0m[2m=[0mGPU-MPS [3mreason[0m[2m=[0m"fit_changed" [3mmax_units_measured[0m[2m=[0m4 [3mfit_version[0m[2m=[0m1
[2m2026-09-16T18:16:32.999953Z[0m [34mDEBUG[0m [2mpanoptikon::inferio::ledger[0m[2m:[0m settled a granted window [3mmodel[0m[2m=[0mclip/apple_MobileCLIP-S1 [3mgpu[0m[2m=[0mGPU-MPS [3moutcome[0m[2m=[0m"clean" [3mfit_samples[0m[2m=[0m3 [3mthroughput_samples[0m[2m=[0m3 [3mclamped_samples[0m[2m=[0m0 [3mclamped[0m[2m=[0mnone [3mramp_step[0m[2m=[0m2 [3mdeflation[0m[2m=[0m0 [3mclean_windows[0m[2m=[0m3 [3mmax_units_measured[0m[2m=[0m4
[2m2026-09-16T18:16:32.999991Z[0m [34mDEBUG[0m [2mpanoptikon::inferio::ledger[0m[2m:[0m issued a memory grant [3mmodel[0m[2m=[0mclip/apple_MobileCLIP-S1 [3mgpu[0m[2m=[0mGPU-MPS [3munit_budget[0m[2m=[0m8 [3mmb[0m[2m=[0m110 [3mcanvas_pixels[0m[2m=[0mnone [3mshare_mb[0m[2m=[0m105890 [3mroom_mb[0m[2m=[0m105890 [3mheadroom_mb[0m[2m=[0m105866 [3mexternal_mb[0m[2m=[0m22998 [3mreserve_mb[0m[2m=[0m1024 [3mreserve_rule[0m[2m=[0m"capped_default" [3mpre_fit[0m[2m=[0mfalse [3mramp_step[0m[2m=[0m2 [3mdeflation[0m[2m=[0m0 [3msqueezed[0m[2m=[0mfalse [3mwindow_requests[0m[2m=[0m24
[2m2026-09-16T18:16:33.000849Z[0m [32m INFO[0m [2mpanoptikon::inferio::worker[0m[2m:[0m 2026-09-16 20:16:33,000 [DEBUG] inferio_worker.packing: this window's 110 MiB grant is below 80% of the 860 MiB of releasable slack in the 1184 MiB pool (1/2 consecutive windows before releasing it) [3mworker[0m[2m=[0mopenclip
[2m2026-09-16T18:16:33.350250Z[0m [34mDEBUG[0m [2mpanoptikon::inferio::ledger[0m[2m:[0m refitted the memory cost model [3mmodel[0m[2m=[0mclip/apple_MobileCLIP-S1 [3mgpu[0m[2m=[0mGPU-MPS [3mslope_mb_per_unit[0m[2m=[0m4.773809523809524 [3mintercept_mb[0m[2m=[0m2.0178571428571432 [3mresidual_mb[0m[2m=[0m0.38690476190476275 [3msamples[0m[2m=[0m4 [3mversion[0m[2m=[0m2
[2m2026-09-16T18:16:33.350289Z[0m [34mDEBUG[0m [2mpanoptikon::inferio::ledger[0m[2m:[0m declining to fit a throughput knee: the ring's quiet buckets hold too few observations to read as a curve [3mobservations[0m[2m=[0m7 [3mmin_observations[0m[2m=[0m12 [3mbuckets[0m[2m=[0m3 [3mmin_buckets[0m[2m=[0m3
[2m2026-09-16T18:16:33.350297Z[0m [34mDEBUG[0m [2mpanoptikon::inferio::ledger[0m[2m:[0m queued a calibration profile update for the store [3mmodel[0m[2m=[0mclip/apple_MobileCLIP-S1 [3mgpu[0m[2m=[0mGPU-MPS [3mreason[0m[2m=[0m"fit_changed" [3mmax_units_measured[0m[2m=[0m8 [3mfit_version[0m[2m=[0m2
[2m2026-09-16T18:16:33.350306Z[0m [34mDEBUG[0m [2mpanoptikon::inferio::ledger[0m[2m:[0m settled a granted window [3mmodel[0m[2m=[0mclip/apple_MobileCLIP-S1 [3mgpu[0m[2m=[0mGPU-MPS [3moutcome[0m[2m=[0m"clean" [3mfit_samples[0m[2m=[0m3 [3mthroughput_samples[0m[2m=[0m2 [3mclamped_samples[0m[2m=[0m0 [3mclamped[0m[2m=[0mnone [3mramp_step[0m[2m=[0m3 [3mdeflation[0m[2m=[0m0 [3mclean_windows[0m[2m=[0m4 [3mmax_units_measured[0m[2m=[0m8
[2m2026-09-16T18:16:33.350338Z[0m [34mDEBUG[0m [2mpanoptikon::inferio::ledger[0m[2m:[0m issued a memory grant [3mmodel[0m[2m=[0mclip/apple_MobileCLIP-S1 [3mgpu[0m[2m=[0mGPU-MPS [3munit_budget[0m[2m=[0m16 [3mmb[0m[2m=[0m96 [3mcanvas_pixels[0m[2m=[0mnone [3mshare_mb[0m[2m=[0m105891 [3mroom_mb[0m[2m=[0m105891 [3mheadroom_mb[0m[2m=[0m105866 [3mexternal_mb[0m[2m=[0m22997 [3mreserve_mb[0m[2m=[0m1024 [3mreserve_rule[0m[2m=[0m"capped_default" [3mpre_fit[0m[2m=[0mfalse [3mramp_step[0m[2m=[0m3 [3mdeflation[0m[2m=[0m0 [3msqueezed[0m[2m=[0mfalse [3mwindow_requests[0m[2m=[0m48
[2m2026-09-16T18:16:33.353502Z[0m [32m INFO[0m [2mpanoptikon::inferio::worker[0m[2m:[0m 2026-09-16 20:16:33,353 [DEBUG] inferio_worker.memory: released the allocator pool (shrink): handed back 16 MiB in 0.3 ms; the next batch pays the re-grow [3mworker[0m[2m=[0mopenclip
[2m2026-09-16T18:16:33.353521Z[0m [32m INFO[0m [2mpanoptikon::inferio::worker[0m[2m:[0m 2026-09-16 20:16:33,353 [INFO] inferio_worker.packing: grant fell to 96 MiB against 861 MiB of releasable slack (a 1185 MiB allocator pool) for 2 consecutive windows; released the pool (empty_cache) so the memory returns to the GPU [3mworker[0m[2m=[0mopenclip
[2m2026-09-16T18:16:33.603530Z[0m [32m INFO[0m [2mpanoptikon::inferio::worker[0m[2m:[0m 2026-09-16 20:16:33,603 [DEBUG] inferio_worker.memory: the batch after a shrink release that handed back 16 MiB re-grew the pool by 12 MiB and took 249.693 ms in all [3mworker[0m[2m=[0mopenclip
[2m2026-09-16T18:16:33.611211Z[0m [32m INFO[0m [2mpanoptikon::inferio::worker[0m[2m:[0m 2026-09-16 20:16:33,611 [DEBUG] PIL.Image: Importing BlpImagePlugin [3mworker[0m[2m=[0mopenclip
[2m2026-09-16T18:16:33.611652Z[0m [32m INFO[0m [2mpanoptikon::inferio::worker[0m[2m:[0m 2026-09-16 20:16:33,611 [DEBUG] PIL.Image: Importing BmpImagePlugin [3mworker[0m[2m=[0mopenclip
[2m2026-09-16T18:16:33.611675Z[0m [32m INFO[0m [2mpanoptikon::inferio::worker[0m[2m:[0m 2026-09-16 20:16:33,611 [DEBUG] PIL.Image: Importing BufrStubImagePlugin [3mworker[0m[2m=[0mopenclip
[2m2026-09-16T18:16:33.611799Z[0m [32m INFO[0m [2mpanoptikon::inferio::worker[0m[2m:[0m 2026-09-16 20:16:33,611 [DEBUG] PIL.Image: Importing CurImagePlugin [3mworker[0m[2m=[0mopenclip
[2m2026-09-16T18:16:33.611907Z[0m [32m INFO[0m [2mpanoptikon::inferio::worker[0m[2m:[0m 2026-09-16 20:16:33,611 [DEBUG] PIL.Image: Importing DcxImagePlugin [3mworker[0m[2m=[0mopenclip
[2m2026-09-16T18:16:33.612655Z[0m [32m INFO[0m [2mpanoptikon::inferio::worker[0m[2m:[0m 2026-09-16 20:16:33,612 [DEBUG] PIL.Image: Importing DdsImagePlugin [3mworker[0m[2m=[0mopenclip
[2m2026-09-16T18:16:33.613719Z[0m [32m INFO[0m [2mpanoptikon::inferio::worker[0m[2m:[0m 2026-09-16 20:16:33,613 [DEBUG] PIL.Image: Importing EpsImagePlugin [3mworker[0m[2m=[0mopenclip
[2m2026-09-16T18:16:33.613987Z[0m [32m INFO[0m [2mpanoptikon::inferio::worker[0m[2m:[0m 2026-09-16 20:16:33,613 [DEBUG] PIL.Image: Importing FitsImagePlugin [3mworker[0m[2m=[0mopenclip
[2m2026-09-16T18:16:33.614094Z[0m [32m INFO[0m [2mpanoptikon::inferio::worker[0m[2m:[0m 2026-09-16 20:16:33,614 [DEBUG] PIL.Image: Importing FliImagePlugin [3mworker[0m[2m=[0mopenclip
[2m2026-09-16T18:16:33.614187Z[0m [32m INFO[0m [2mpanoptikon::inferio::worker[0m[2m:[0m 2026-09-16 20:16:33,614 [DEBUG] PIL.Image: Importing FpxImagePlugin [3mworker[0m[2m=[0mopenclip
[2m2026-09-16T18:16:33.614337Z[0m [32m INFO[0m [2mpanoptikon::inferio::worker[0m[2m:[0m 2026-09-16 20:16:33,614 [DEBUG] PIL.Image: Image: failed to import FpxImagePlugin: No module named 'olefile' [3mworker[0m[2m=[0mopenclip
[2m2026-09-16T18:16:33.614354Z[0m [32m INFO[0m [2mpanoptikon::inferio::worker[0m[2m:[0m 2026-09-16 20:16:33,614 [DEBUG] PIL.Image: Importing FtexImagePlugin [3mworker[0m[2m=[0mopenclip
[2m2026-09-16T18:16:33.614487Z[0m [32m INFO[0m [2mpanoptikon::inferio::worker[0m[2m:[0m 2026-09-16 20:16:33,614 [DEBUG] PIL.Image: Importing GbrImagePlugin [3mworker[0m[2m=[0mopenclip
[2m2026-09-16T18:16:33.614569Z[0m [32m INFO[0m [2mpanoptikon::inferio::worker[0m[2m:[0m 2026-09-16 20:16:33,614 [DEBUG] PIL.Image: Importing GifImagePlugin [3mworker[0m[2m=[0mopenclip
[2m2026-09-16T18:16:33.614576Z[0m [32m INFO[0m [2mpanoptikon::inferio::worker[0m[2m:[0m 2026-09-16 20:16:33,614 [DEBUG] PIL.Image: Importing GribStubImagePlugin [3mworker[0m[2m=[0mopenclip
[2m2026-09-16T18:16:33.614720Z[0m [32m INFO[0m [2mpanoptikon::inferio::worker[0m[2m:[0m 2026-09-16 20:16:33,614 [DEBUG] PIL.Image: Importing Hdf5StubImagePlugin [3mworker[0m[2m=[0mopenclip
[2m2026-09-16T18:16:33.614796Z[0m [32m INFO[0m [2mpanoptikon::inferio::worker[0m[2m:[0m 2026-09-16 20:16:33,614 [DEBUG] PIL.Image: Importing IcnsImagePlugin [3mworker[0m[2m=[0mopenclip
[2m2026-09-16T18:16:33.615158Z[0m [32m INFO[0m [2mpanoptikon::inferio::worker[0m[2m:[0m 2026-09-16 20:16:33,615 [DEBUG] PIL.Image: Importing IcoImagePlugin [3mworker[0m[2m=[0mopenclip
[2m2026-09-16T18:16:33.615272Z[0m [32m INFO[0m [2mpanoptikon::inferio::worker[0m[2m:[0m 2026-09-16 20:16:33,615 [DEBUG] PIL.Image: Importing ImImagePlugin [3mworker[0m[2m=[0mopenclip
[2m2026-09-16T18:16:33.615450Z[0m [32m INFO[0m [2mpanoptikon::inferio::worker[0m[2m:[0m 2026-09-16 20:16:33,615 [DEBUG] PIL.Image: Importing ImtImagePlugin [3mworker[0m[2m=[0mopenclip
[2m2026-09-16T18:16:33.615566Z[0m [32m INFO[0m [2mpanoptikon::inferio::worker[0m[2m:[0m 2026-09-16 20:16:33,615 [DEBUG] PIL.Image: Importing IptcImagePlugin [3mworker[0m[2m=[0mopenclip
[2m2026-09-16T18:16:33.615669Z[0m [32m INFO[0m [2mpanoptikon::inferio::worker[0m[2m:[0m 2026-09-16 20:16:33,615 [DEBUG] PIL.Image: Importing JpegImagePlugin [3mworker[0m[2m=[0mopenclip
[2m2026-09-16T18:16:33.615675Z[0m [32m INFO[0m [2mpanoptikon::inferio::worker[0m[2m:[0m 2026-09-16 20:16:33,615 [DEBUG] PIL.Image: Importing Jpeg2KImagePlugin [3mworker[0m[2m=[0mopenclip
[2m2026-09-16T18:16:33.615691Z[0m [32m INFO[0m [2mpanoptikon::inferio::worker[0m[2m:[0m 2026-09-16 20:16:33,615 [DEBUG] PIL.Image: Importing McIdasImagePlugin [3mworker[0m[2m=[0mopenclip
[2m2026-09-16T18:16:33.615812Z[0m [32m INFO[0m [2mpanoptikon::inferio::worker[0m[2m:[0m 2026-09-16 20:16:33,615 [DEBUG] PIL.Image: Importing MicImagePlugin [3mworker[0m[2m=[0mopenclip
[2m2026-09-16T18:16:33.615922Z[0m [32m INFO[0m [2mpanoptikon::inferio::worker[0m[2m:[0m 2026-09-16 20:16:33,615 [DEBUG] PIL.Image: Image: failed to import MicImagePlugin: No module named 'olefile' [3mworker[0m[2m=[0mopenclip
[2m2026-09-16T18:16:33.615929Z[0m [32m INFO[0m [2mpanoptikon::inferio::worker[0m[2m:[0m 2026-09-16 20:16:33,615 [DEBUG] PIL.Image: Importing MpegImagePlugin [3mworker[0m[2m=[0mopenclip
[2m2026-09-16T18:16:33.616035Z[0m [32m INFO[0m [2mpanoptikon::inferio::worker[0m[2m:[0m 2026-09-16 20:16:33,616 [DEBUG] PIL.Image: Importing MpoImagePlugin [3mworker[0m[2m=[0mopenclip
[2m2026-09-16T18:16:33.616620Z[0m [32m INFO[0m [2mpanoptikon::inferio::worker[0m[2m:[0m 2026-09-16 20:16:33,616 [DEBUG] PIL.Image: Importing MspImagePlugin [3mworker[0m[2m=[0mopenclip
[2m2026-09-16T18:16:33.616740Z[0m [32m INFO[0m [2mpanoptikon::inferio::worker[0m[2m:[0m 2026-09-16 20:16:33,616 [DEBUG] PIL.Image: Importing PalmImagePlugin [3mworker[0m[2m=[0mopenclip
[2m2026-09-16T18:16:33.616975Z[0m [32m INFO[0m [2mpanoptikon::inferio::worker[0m[2m:[0m 2026-09-16 20:16:33,616 [DEBUG] PIL.Image: Importing PcdImagePlugin [3mworker[0m[2m=[0mopenclip
[2m2026-09-16T18:16:33.617056Z[0m [32m INFO[0m [2mpanoptikon::inferio::worker[0m[2m:[0m 2026-09-16 20:16:33,617 [DEBUG] PIL.Image: Importing PcxImagePlugin [3mworker[0m[2m=[0mopenclip
[2m2026-09-16T18:16:33.617062Z[0m [32m INFO[0m [2mpanoptikon::inferio::worker[0m[2m:[0m 2026-09-16 20:16:33,617 [DEBUG] PIL.Image: Importing PdfImagePlugin [3mworker[0m[2m=[0mopenclip
[2m2026-09-16T18:16:33.618650Z[0m [32m INFO[0m [2mpanoptikon::inferio::worker[0m[2m:[0m 2026-09-16 20:16:33,618 [DEBUG] PIL.Image: Importing PixarImagePlugin [3mworker[0m[2m=[0mopenclip
[2m2026-09-16T18:16:33.618757Z[0m [32m INFO[0m [2mpanoptikon::inferio::worker[0m[2m:[0m 2026-09-16 20:16:33,618 [DEBUG] PIL.Image: Importing PngImagePlugin [3mworker[0m[2m=[0mopenclip
[2m2026-09-16T18:16:33.618768Z[0m [32m INFO[0m [2mpanoptikon::inferio::worker[0m[2m:[0m 2026-09-16 20:16:33,618 [DEBUG] PIL.Image: Importing PpmImagePlugin [3mworker[0m[2m=[0mopenclip
[2m2026-09-16T18:16:33.618774Z[0m [32m INFO[0m [2mpanoptikon::inferio::worker[0m[2m:[0m 2026-09-16 20:16:33,618 [DEBUG] PIL.Image: Importing PsdImagePlugin [3mworker[0m[2m=[0mopenclip
[2m2026-09-16T18:16:33.618897Z[0m [32m INFO[0m [2mpanoptikon::inferio::worker[0m[2m:[0m 2026-09-16 20:16:33,618 [DEBUG] PIL.Image: Importing QoiImagePlugin [3mworker[0m[2m=[0mopenclip
[2m2026-09-16T18:16:33.619005Z[0m [32m INFO[0m [2mpanoptikon::inferio::worker[0m[2m:[0m 2026-09-16 20:16:33,618 [DEBUG] PIL.Image: Importing SgiImagePlugin [3mworker[0m[2m=[0mopenclip
[2m2026-09-16T18:16:33.619112Z[0m [32m INFO[0m [2mpanoptikon::inferio::worker[0m[2m:[0m 2026-09-16 20:16:33,619 [DEBUG] PIL.Image: Importing SpiderImagePlugin [3mworker[0m[2m=[0mopenclip
[2m2026-09-16T18:16:33.619229Z[0m [32m INFO[0m [2mpanoptikon::inferio::worker[0m[2m:[0m 2026-09-16 20:16:33,619 [DEBUG] PIL.Image: Importing SunImagePlugin [3mworker[0m[2m=[0mopenclip
[2m2026-09-16T18:16:33.619330Z[0m [32m INFO[0m [2mpanoptikon::inferio::worker[0m[2m:[0m 2026-09-16 20:16:33,619 [DEBUG] PIL.Image: Importing TgaImagePlugin [3mworker[0m[2m=[0mopenclip
[2m2026-09-16T18:16:33.619442Z[0m [32m INFO[0m [2mpanoptikon::inferio::worker[0m[2m:[0m 2026-09-16 20:16:33,619 [DEBUG] PIL.Image: Importing TiffImagePlugin [3mworker[0m[2m=[0mopenclip
[2m2026-09-16T18:16:33.619447Z[0m [32m INFO[0m [2mpanoptikon::inferio::worker[0m[2m:[0m 2026-09-16 20:16:33,619 [DEBUG] PIL.Image: Importing WebPImagePlugin [3mworker[0m[2m=[0mopenclip
[2m2026-09-16T18:16:33.625002Z[0m [32m INFO[0m [2mpanoptikon::inferio::worker[0m[2m:[0m 2026-09-16 20:16:33,624 [DEBUG] PIL.Image: Importing WmfImagePlugin [3mworker[0m[2m=[0mopenclip
[2m2026-09-16T18:16:33.625127Z[0m [32m INFO[0m [2mpanoptikon::inferio::worker[0m[2m:[0m 2026-09-16 20:16:33,625 [DEBUG] PIL.Image: Importing XbmImagePlugin [3mworker[0m[2m=[0mopenclip
[2m2026-09-16T18:16:33.625394Z[0m [32m INFO[0m [2mpanoptikon::inferio::worker[0m[2m:[0m 2026-09-16 20:16:33,625 [DEBUG] PIL.Image: Importing XpmImagePlugin [3mworker[0m[2m=[0mopenclip
[2m2026-09-16T18:16:33.625541Z[0m [32m INFO[0m [2mpanoptikon::inferio::worker[0m[2m:[0m 2026-09-16 20:16:33,625 [DEBUG] PIL.Image: Importing XVThumbImagePlugin [3mworker[0m[2m=[0mopenclip
[2m2026-09-16T18:16:33.759958Z[0m [32m INFO[0m [2mpanoptikon::inferio::worker[0m[2m:[0m 2026-09-16 20:16:33,759 [DEBUG] PIL.PngImagePlugin: STREAM b'IHDR' 16 13 [3mworker[0m[2m=[0mopenclip
[2m2026-09-16T18:16:33.759989Z[0m [32m INFO[0m [2mpanoptikon::inferio::worker[0m[2m:[0m 2026-09-16 20:16:33,759 [DEBUG] PIL.PngImagePlugin: STREAM b'IDAT' 41 65536 [3mworker[0m[2m=[0mopenclip
[2m2026-09-16T18:16:33.769076Z[0m [32m INFO[0m [2mpanoptikon::inferio::worker[0m[2m:[0m 2026-09-16 20:16:33,769 [DEBUG] PIL.PngImagePlugin: STREAM b'IHDR' 16 13 [3mworker[0m[2m=[0mopenclip
[2m2026-09-16T18:16:33.769095Z[0m [32m INFO[0m [2mpanoptikon::inferio::worker[0m[2m:[0m 2026-09-16 20:16:33,769 [DEBUG] PIL.PngImagePlugin: STREAM b'IDAT' 41 65536 [3mworker[0m[2m=[0mopenclip
[2m2026-09-16T18:16:34.065725Z[0m [34mDEBUG[0m [2mpanoptikon::inferio::ledger[0m[2m:[0m declining to read this model's throughput curve: the observations in one batch-size bucket disagree with each other by more than the knee's own decision band, so something outside this ledger was moving throughput while they were taken [3mbucket[0m[2m=[0m4 [3mobservations[0m[2m=[0m2 [3mdispersion[0m[2m=[0m0.3530951931607912 [3mthreshold[0m[2m=[0m0.2
[2m2026-09-16T18:16:34.065775Z[0m [34mDEBUG[0m [2mpanoptikon::inferio::ledger[0m[2m:[0m refitted the memory cost model [3mmodel[0m[2m=[0mclip/apple_MobileCLIP-S1 [3mgpu[0m[2m=[0mGPU-MPS [3mslope_mb_per_unit[0m[2m=[0m6.2 [3mintercept_mb[0m[2m=[0m0.7999999999999998 [3mresidual_mb[0m[2m=[0m8.0 [3msamples[0m[2m=[0m5 [3mversion[0m[2m=[0m3
[2m2026-09-16T18:16:34.065787Z[0m [34mDEBUG[0m [2mpanoptikon::inferio::ledger[0m[2m:[0m declining to fit a throughput knee: the ring's quiet buckets hold too few observations to read as a curve [3mobservations[0m[2m=[0m9 [3mmin_observations[0m[2m=[0m12 [3mbuckets[0m[2m=[0m4 [3mmin_buckets[0m[2m=[0m3
[2m2026-09-16T18:16:34.065796Z[0m [34mDEBUG[0m [2mpanoptikon::inferio::ledger[0m[2m:[0m queued a calibration profile update for the store [3mmodel[0m[2m=[0mclip/apple_MobileCLIP-S1 [3mgpu[0m[2m=[0mGPU-MPS [3mreason[0m[2m=[0m"fit_changed" [3mmax_units_measured[0m[2m=[0m16 [3mfit_version[0m[2m=[0m3
[2m2026-09-16T18:16:34.065805Z[0m [34mDEBUG[0m [2mpanoptikon::inferio::ledger[0m[2m:[0m settled a granted window [3mmodel[0m[2m=[0mclip/apple_MobileCLIP-S1 [3mgpu[0m[2m=[0mGPU-MPS [3moutcome[0m[2m=[0m"clean" [3mfit_samples[0m[2m=[0m3 [3mthroughput_samples[0m[2m=[0m2 [3mclamped_samples[0m[2m=[0m0 [3mclamped[0m[2m=[0mnone [3mramp_step[0m[2m=[0m4 [3mdeflation[0m[2m=[0m0 [3mclean_windows[0m[2m=[0m5 [3mmax_units_measured[0m[2m=[0m16
[2m2026-09-16T18:16:34.069848Z[0m [34mDEBUG[0m [2mpanoptikon::inferio::ledger[0m[2m:[0m issued a memory grant [3mmodel[0m[2m=[0mclip/apple_MobileCLIP-S1 [3mgpu[0m[2m=[0mGPU-MPS [3munit_budget[0m[2m=[0m32 [3mmb[0m[2m=[0m199 [3mcanvas_pixels[0m[2m=[0mnone [3mshare_mb[0m[2m=[0m105089 [3mroom_mb[0m[2m=[0m105089 [3mheadroom_mb[0m[2m=[0m105068 [3mexternal_mb[0m[2m=[0m23799 [3mreserve_mb[0m[2m=[0m1024 [3mreserve_rule[0m[2m=[0m"capped_default" [3mpre_fit[0m[2m=[0mfalse [3mramp_step[0m[2m=[0m4 [3mdeflation[0m[2m=[0m0 [3msqueezed[0m[2m=[0mfalse [3mwindow_requests[0m[2m=[0m89
[2m2026-09-16T18:16:34.075390Z[0m [32m INFO[0m [2mpanoptikon::inferio::worker[0m[2m:[0m 2026-09-16 20:16:34,075 [DEBUG] inferio_worker.packing: this window's 199 MiB grant is below 80% of the 857 MiB of releasable slack in the 1181 MiB pool (1/2 consecutive windows before releasing it) [3mworker[0m[2m=[0mopenclip
[2m2026-09-16T18:16:34.076210Z[0m [32m INFO[0m [2mpanoptikon::inferio::worker[0m[2m:[0m 2026-09-16 20:16:34,076 [DEBUG] PIL.PngImagePlugin: STREAM b'IHDR' 16 13 [3mworker[0m[2m=[0mopenclip
[2m2026-09-16T18:16:34.076228Z[0m [32m INFO[0m [2mpanoptikon::inferio::worker[0m[2m:[0m 2026-09-16 20:16:34,076 [DEBUG] PIL.PngImagePlugin: STREAM b'IDAT' 41 65536 [3mworker[0m[2m=[0mopenclip
[2m2026-09-16T18:16:34.084937Z[0m [32m INFO[0m [2mpanoptikon::inferio::worker[0m[2m:[0m 2026-09-16 20:16:34,084 [DEBUG] PIL.PngImagePlugin: STREAM b'IHDR' 16 13 [3mworker[0m[2m=[0mopenclip
[2m2026-09-16T18:16:34.084943Z[0m [32m INFO[0m [2mpanoptikon::inferio::worker[0m[2m:[0m 2026-09-16 20:16:34,084 [DEBUG] PIL.PngImagePlugin: STREAM b'IDAT' 41 65536 [3mworker[0m[2m=[0mopenclip
[2m2026-09-16T18:16:34.098583Z[0m [32m INFO[0m [2mpanoptikon::inferio::worker[0m[2m:[0m 2026-09-16 20:16:34,098 [DEBUG] PIL.PngImagePlugin: STREAM b'IHDR' 16 13 [3mworker[0m[2m=[0mopenclip
[2m2026-09-16T18:16:34.098597Z[0m [32m INFO[0m [2mpanoptikon::inferio::worker[0m[2m:[0m 2026-09-16 20:16:34,098 [DEBUG] PIL.PngImagePlugin: STREAM b'IDAT' 41 65536 [3mworker[0m[2m=[0mopenclip
[2m2026-09-16T18:16:34.107228Z[0m [32m INFO[0m [2mpanoptikon::inferio::worker[0m[2m:[0m 2026-09-16 20:16:34,107 [DEBUG] PIL.PngImagePlugin: STREAM b'IHDR' 16 13 [3mworker[0m[2m=[0mopenclip
[2m2026-09-16T18:16:34.107236Z[0m [32m INFO[0m [2mpanoptikon::inferio::worker[0m[2m:[0m 2026-09-16 20:16:34,107 [DEBUG] PIL.PngImagePlugin: STREAM b'IDAT' 41 65536 [3mworker[0m[2m=[0mopenclip
[2m2026-09-16T18:16:34.117141Z[0m [32m INFO[0m [2mpanoptikon::inferio::worker[0m[2m:[0m 2026-09-16 20:16:34,117 [DEBUG] PIL.PngImagePlugin: STREAM b'IHDR' 16 13 [3mworker[0m[2m=[0mopenclip
[2m2026-09-16T18:16:34.117148Z[0m [32m INFO[0m [2mpanoptikon::inferio::worker[0m[2m:[0m 2026-09-16 20:16:34,117 [DEBUG] PIL.PngImagePlugin: STREAM b'IDAT' 41 65536 [3mworker[0m[2m=[0mopenclip
[2m2026-09-16T18:16:34.126392Z[0m [32m INFO[0m [2mpanoptikon::inferio::worker[0m[2m:[0m 2026-09-16 20:16:34,126 [DEBUG] PIL.PngImagePlugin: STREAM b'IHDR' 16 13 [3mworker[0m[2m=[0mopenclip
[2m2026-09-16T18:16:34.126399Z[0m [32m INFO[0m [2mpanoptikon::inferio::worker[0m[2m:[0m 2026-09-16 20:16:34,126 [DEBUG] PIL.PngImagePlugin: STREAM b'IDAT' 41 65536 [3mworker[0m[2m=[0mopenclip
[2m2026-09-16T18:16:34.140561Z[0m [32m INFO[0m [2mpanoptikon::inferio::worker[0m[2m:[0m 2026-09-16 20:16:34,140 [DEBUG] PIL.PngImagePlugin: STREAM b'IHDR' 16 13 [3mworker[0m[2m=[0mopenclip
[2m2026-09-16T18:16:34.140571Z[0m [32m INFO[0m [2mpanoptikon::inferio::worker[0m[2m:[0m 2026-09-16 20:16:34,140 [DEBUG] PIL.PngImagePlugin: STREAM b'IDAT' 41 65536 [3mworker[0m[2m=[0mopenclip
[2m2026-09-16T18:16:34.152336Z[0m [32m INFO[0m [2mpanoptikon::inferio::worker[0m[2m:[0m 2026-09-16 20:16:34,152 [DEBUG] PIL.PngImagePlugin: STREAM b'IHDR' 16 13 [3mworker[0m[2m=[0mopenclip
[2m2026-09-16T18:16:34.152345Z[0m [32m INFO[0m [2mpanoptikon::inferio::worker[0m[2m:[0m 2026-09-16 20:16:34,152 [DEBUG] PIL.PngImagePlugin: STREAM b'IDAT' 41 65536 [3mworker[0m[2m=[0mopenclip
[2m2026-09-16T18:16:34.275281Z[0m [32m INFO[0m [2mpanoptikon::inferio::worker[0m[2m:[0m 2026-09-16 20:16:34,275 [DEBUG] PIL.PngImagePlugin: STREAM b'IHDR' 16 13 [3mworker[0m[2m=[0mopenclip
[2m2026-09-16T18:16:34.275316Z[0m [32m INFO[0m [2mpanoptikon::inferio::worker[0m[2m:[0m 2026-09-16 20:16:34,275 [DEBUG] PIL.PngImagePlugin: STREAM b'IDAT' 41 65536 [3mworker[0m[2m=[0mopenclip
[2m2026-09-16T18:16:34.756924Z[0m [32m INFO[0m [2mpanoptikon::inferio::worker[0m[2m:[0m 2026-09-16 20:16:34,756 [DEBUG] PIL.PngImagePlugin: STREAM b'IHDR' 16 13 [3mworker[0m[2m=[0mopenclip
[2m2026-09-16T18:16:34.756977Z[0m [32m INFO[0m [2mpanoptikon::inferio::worker[0m[2m:[0m 2026-09-16 20:16:34,756 [DEBUG] PIL.PngImagePlugin: STREAM b'IDAT' 41 65536 [3mworker[0m[2m=[0mopenclip
[2m2026-09-16T18:16:34.783374Z[0m [32m INFO[0m [2mpanoptikon::inferio::worker[0m[2m:[0m 2026-09-16 20:16:34,783 [DEBUG] PIL.PngImagePlugin: STREAM b'IHDR' 16 13 [3mworker[0m[2m=[0mopenclip
[2m2026-09-16T18:16:34.783390Z[0m [32m INFO[0m [2mpanoptikon::inferio::worker[0m[2m:[0m 2026-09-16 20:16:34,783 [DEBUG] PIL.PngImagePlugin: STREAM b'IDAT' 41 65536 [3mworker[0m[2m=[0mopenclip
[2m2026-09-16T18:16:34.794792Z[0m [32m INFO[0m [2mpanoptikon::inferio::worker[0m[2m:[0m 2026-09-16 20:16:34,794 [DEBUG] PIL.PngImagePlugin: STREAM b'IHDR' 16 13 [3mworker[0m[2m=[0mopenclip
[2m2026-09-16T18:16:34.794815Z[0m [32m INFO[0m [2mpanoptikon::inferio::worker[0m[2m:[0m 2026-09-16 20:16:34,794 [DEBUG] PIL.PngImagePlugin: STREAM b'IDAT' 41 65536 [3mworker[0m[2m=[0mopenclip
[2m2026-09-16T18:16:34.804628Z[0m [32m INFO[0m [2mpanoptikon::inferio::worker[0m[2m:[0m 2026-09-16 20:16:34,804 [DEBUG] PIL.PngImagePlugin: STREAM b'IHDR' 16 13 [3mworker[0m[2m=[0mopenclip
[2m2026-09-16T18:16:34.804637Z[0m [32m INFO[0m [2mpanoptikon::inferio::worker[0m[2m:[0m 2026-09-16 20:16:34,804 [DEBUG] PIL.PngImagePlugin: STREAM b'IDAT' 41 65536 [3mworker[0m[2m=[0mopenclip
[2m2026-09-16T18:16:34.816297Z[0m [32m INFO[0m [2mpanoptikon::inferio::worker[0m[2m:[0m 2026-09-16 20:16:34,816 [DEBUG] PIL.PngImagePlugin: STREAM b'IHDR' 16 13 [3mworker[0m[2m=[0mopenclip
[2m2026-09-16T18:16:34.816305Z[0m [32m INFO[0m [2mpanoptikon::inferio::worker[0m[2m:[0m 2026-09-16 20:16:34,816 [DEBUG] PIL.PngImagePlugin: STREAM b'IDAT' 41 65536 [3mworker[0m[2m=[0mopenclip
[2m2026-09-16T18:16:34.833328Z[0m [32m INFO[0m [2mpanoptikon::inferio::worker[0m[2m:[0m 2026-09-16 20:16:34,833 [DEBUG] PIL.PngImagePlugin: STREAM b'IHDR' 16 13 [3mworker[0m[2m=[0mopenclip
[2m2026-09-16T18:16:34.833336Z[0m [32m INFO[0m [2mpanoptikon::inferio::worker[0m[2m:[0m 2026-09-16 20:16:34,833 [DEBUG] PIL.PngImagePlugin: STREAM b'IDAT' 41 65536 [3mworker[0m[2m=[0mopenclip
[2m2026-09-16T18:16:35.069010Z[0m [32m INFO[0m [2mpanoptikon::inferio::worker[0m[2m:[0m 2026-09-16 20:16:35,068 [DEBUG] PIL.PngImagePlugin: STREAM b'IHDR' 16 13 [3mworker[0m[2m=[0mopenclip
[2m2026-09-16T18:16:35.069043Z[0m [32m INFO[0m [2mpanoptikon::inferio::worker[0m[2m:[0m 2026-09-16 20:16:35,069 [DEBUG] PIL.PngImagePlugin: STREAM b'IDAT' 41 65536 [3mworker[0m[2m=[0mopenclip
[2m2026-09-16T18:16:35.188921Z[0m [32m INFO[0m [2mpanoptikon::inferio::worker[0m[2m:[0m 2026-09-16 20:16:35,188 [DEBUG] PIL.PngImagePlugin: STREAM b'IHDR' 16 13 [3mworker[0m[2m=[0mopenclip
[2m2026-09-16T18:16:35.188965Z[0m [32m INFO[0m [2mpanoptikon::inferio::worker[0m[2m:[0m 2026-09-16 20:16:35,188 [DEBUG] PIL.PngImagePlugin: STREAM b'IDAT' 41 65536 [3mworker[0m[2m=[0mopenclip
[2m2026-09-16T18:16:35.198833Z[0m [32m INFO[0m [2mpanoptikon::inferio::worker[0m[2m:[0m 2026-09-16 20:16:35,198 [DEBUG] PIL.PngImagePlugin: STREAM b'IHDR' 16 13 [3mworker[0m[2m=[0mopenclip
[2m2026-09-16T18:16:35.198844Z[0m [32m INFO[0m [2mpanoptikon::inferio::worker[0m[2m:[0m 2026-09-16 20:16:35,198 [DEBUG] PIL.PngImagePlugin: STREAM b'IDAT' 41 65536 [3mworker[0m[2m=[0mopenclip
[2m2026-09-16T18:16:35.645405Z[0m [32m INFO[0m [2mpanoptikon::inferio::ledger[0m[2m:[0m holding the throughput ramp at this rung: the ring cannot certify this rung yet [3mmodel[0m[2m=[0mclip/apple_MobileCLIP-S1 [3mgpu[0m[2m=[0mGPU-MPS [3munits[0m[2m=[0m32 [3mcertified[0m[2m=[0mfalse [3mknee_binds[0m[2m=[0mfalse
[2m2026-09-16T18:16:35.645465Z[0m [34mDEBUG[0m [2mpanoptikon::inferio::ledger[0m[2m:[0m refitted the memory cost model [3mmodel[0m[2m=[0mclip/apple_MobileCLIP-S1 [3mgpu[0m[2m=[0mGPU-MPS [3mslope_mb_per_unit[0m[2m=[0m5.666666666666667 [3mintercept_mb[0m[2m=[0m1.333333333333333 [3mresidual_mb[0m[2m=[0m16.0 [3msamples[0m[2m=[0m7 [3mversion[0m[2m=[0m4
[2m2026-09-16T18:16:35.645483Z[0m [34mDEBUG[0m [2mpanoptikon::inferio::ledger[0m[2m:[0m declining to fit a throughput knee: the ring's quiet buckets hold too few observations to read as a curve [3mobservations[0m[2m=[0m9 [3mmin_observations[0m[2m=[0m12 [3mbuckets[0m[2m=[0m4 [3mmin_buckets[0m[2m=[0m3
[2m2026-09-16T18:16:35.645493Z[0m [34mDEBUG[0m [2mpanoptikon::inferio::ledger[0m[2m:[0m queued a calibration profile update for the store [3mmodel[0m[2m=[0mclip/apple_MobileCLIP-S1 [3mgpu[0m[2m=[0mGPU-MPS [3mreason[0m[2m=[0m"fit_changed" [3mmax_units_measured[0m[2m=[0m32 [3mfit_version[0m[2m=[0m4
[2m2026-09-16T18:16:35.645507Z[0m [34mDEBUG[0m [2mpanoptikon::inferio::ledger[0m[2m:[0m settled a granted window [3mmodel[0m[2m=[0mclip/apple_MobileCLIP-S1 [3mgpu[0m[2m=[0mGPU-MPS [3moutcome[0m[2m=[0m"clean" [3mfit_samples[0m[2m=[0m3 [3mthroughput_samples[0m[2m=[0m1 [3mclamped_samples[0m[2m=[0m0 [3mclamped[0m[2m=[0mnone [3mramp_step[0m[2m=[0m4 [3mdeflation[0m[2m=[0m0 [3mclean_windows[0m[2m=[0m6 [3mmax_units_measured[0m[2m=[0m32
[2m2026-09-16T18:16:35.655635Z[0m [32m INFO[0m [2mpanoptikon::jobs::extraction[0m[2m:[0m extraction job phase timing [3mdata_load_busy_secs[0m[2m=[0m0.004546917 [3mdata_load_work_secs[0m[2m=[0m0.027685753 [3minference_busy_secs[0m[2m=[0m3.409270042 [3minference_work_secs[0m[2m=[0m406.100525589
[2m2026-09-16T18:16:35.657451Z[0m [32m INFO[0m [2mpanoptikon::jobs::vector_quants[0m[2m:[0m vector quant metadata synced [3mindex_db[0m[2m=[0m"cal"
[2m2026-09-16T18:16:35.659534Z[0m [32m INFO[0m [1mActor[0m[1m{[0m[3mid[0m[2m=[0m"0.5" [3mname[0m[2m=[0m"job-runner"[1m}[0m[2m:[0m [2mpanoptikon::jobs::queue[0m[2m:[0m scheduling deferred database maintenance [3mindex_db[0m[2m=[0m"cal" [3mqueue_id[0m[2m=[0m5 [3mowed[0m[2m=[0mwrote_data
[2m2026-09-16T18:16:35.659549Z[0m [32m INFO[0m [1mActor[0m[1m{[0m[3mid[0m[2m=[0m"0.5" [3mname[0m[2m=[0m"job-runner"[1m}[0m[2m:[0m [2mpanoptikon::jobs::queue[0m[2m:[0m unloading batch model at job boundary [3msetter[0m[2m=[0mclip/apple_MobileCLIP-S1
[2m2026-09-16T18:16:35.659732Z[0m [34mDEBUG[0m [2mpanoptikon::inferio::manager[0m[2m:[0m unload requested [3mmodel[0m[2m=[0mclip/apple_MobileCLIP-S1 [3mcache_key[0m[2m=[0mbatch
[2m2026-09-16T18:16:35.659748Z[0m [34mDEBUG[0m [2mpanoptikon::inferio::manager[0m[2m:[0m unloading model [3mmodel[0m[2m=[0mclip/apple_MobileCLIP-S1
[2m2026-09-16T18:16:35.659783Z[0m [34mDEBUG[0m [2mpanoptikon::inferio::ledger[0m[2m:[0m credited a departed replica's footprint back to the GPU's free reading, so its memory is not reattributed to external usage, and flagged the reading for a refresh [3mmodel[0m[2m=[0mclip/apple_MobileCLIP-S1 [3mgpu[0m[2m=[0mGPU-MPS [3mfootprint_mb[0m[2m=[0m2222 [3madjusted_free_mb[0m[2m=[0m107277
[2m2026-09-16T18:16:35.680548Z[0m [32m INFO[0m [2mpanoptikon::inferio::worker[0m[2m:[0m 2026-09-16 20:16:35,680 [INFO] inferio_worker: Unloaded; exiting. [3mworker[0m[2m=[0mopenclip
[2m2026-09-16T18:17:02.462146Z[0m [32m INFO[0m [2mpanoptikon::inferio::calibration[0m[2m:[0m wrote the local calibration store [3mpath[0m[2m=[0mdata/inferio/calibration.toml [3mprofiles[0m[2m=[0m1
[2m2026-09-16T18:17:17.195484Z[0m [32m INFO[0m [2mpanoptikon::shutdown[0m[2m:[0m shutdown signal received; stopping gracefully (repeat the signal to force exit)
[2m2026-09-16T18:17:17.202158Z[0m [32m INFO[0m [2mpanoptikon::shutdown[0m[2m:[0m index DB writers drained [3mwriters[0m[2m=[0m2
[2m2026-09-16T18:17:17.202456Z[0m [32m INFO[0m [2mpanoptikon::shutdown[0m[2m:[0m local inference workers stopped
[2m2026-09-16T18:17:17.202600Z[0m [32m INFO[0m [2mpanoptikon::shutdown[0m[2m:[0m background work stopped cleanly
[2m2026-09-16T18:17:17.227259Z[0m [32m INFO[0m [2mpanoptikon[0m[2m:[0m gateway stopped
