2026-09-16T18:21:15.242174Z  INFO panoptikon::logging: logging to file path=data/panoptikon.log
2026-09-16T18:21:15.242190Z  INFO panoptikon::rlimit: raised the open file descriptor soft limit to the hard limit soft_nofile_before=256 soft_nofile_after=1048576
2026-09-16T18:21:15.242264Z  INFO panoptikon::accelerator_report: accelerator backend backend="mps" backend_source=macOS: default PyPI wheels (MPS on Apple Silicon); no CUDA/ROCm builds exist devices=[]
2026-09-16T18:21:15.274132Z  INFO panoptikon::inferio::gpu: detected GPU (unified memory; the total is the 75% seed until a worker reports the exact recommended-max figure) index=0 uuid=GPU-MPS name=Apple M3 Max (128 GB) total_mb=98304 ram_mb=131072 unified=true
2026-09-16T18:21:15.274211Z  INFO panoptikon: serving /api/inference locally (inference_local.enabled)
2026-09-16T18:21:15.338245Z  INFO panoptikon: gateway listening endpoint=default address=127.0.0.1:6342
2026-09-16T18:21:15.338270Z  INFO panoptikon: gateway listening endpoint=test address=127.0.0.1:6343
2026-09-16T18:21:15.338283Z  INFO panoptikon: gateway listening endpoint=legacy_ui address=127.0.0.1:6339
2026-09-16T18:21:15.338293Z  INFO panoptikon: serving HTTP/1.1 and HTTP/2 cleartext max_concurrent_streams=512
2026-09-16T18:21:15.359390Z  INFO panoptikon::media_tools: media tools resolved ffmpeg=/Users/moot/projects/panoptikon-pr27/python/.venv/lib/python3.12/site-packages/static_ffmpeg/bin/darwin_arm64/ffmpeg ffprobe=/Users/moot/projects/panoptikon-pr27/python/.venv/lib/python3.12/site-packages/static_ffmpeg/bin/darwin_arm64/ffprobe
2026-09-16T18:21:15.479878Z  INFO panoptikon::media_tools::transcode::hw: hardware H.264 encoder validated encoder="h264_videotoolbox"
2026-09-16T18:21:17.844604Z  INFO panoptikon::jobs::files: file scan phase timing folder="/Users/moot/projects/panoptikon-pr27/tools/calibration-protocol/results/corpus/smoke/" hashing_busy_secs=0.05873470500000001 hashing_work_secs=0.11807950599999995 metadata_busy_secs=0.026844625999999996 metadata_work_secs=0.06761688300000002 thumbgen_busy_secs=1.454349416 thumbgen_work_secs=9.977614836999999 blurhash_busy_secs=0.19338899599999992 blurhash_work_secs=0.394102401
2026-09-16T18:21:17.892439Z  INFO panoptikon::jobs::files: file scan phase timing folder="/Users/moot/projects/panoptikon-pr27/tools/calibration-protocol/results/corpus/smoke/" hashing_busy_secs=0.0 hashing_work_secs=0.0 metadata_busy_secs=0.0 metadata_work_secs=0.0 thumbgen_busy_secs=0.0 thumbgen_work_secs=0.0 blurhash_busy_secs=0.0 blurhash_work_secs=0.0
2026-09-16T18:21:17.893645Z  INFO Actor{[3mid[0m[2m=[0m"0.5" [3mname[0m[2m=[0m"job-runner"}: panoptikon::jobs::queue: scheduling deferred database maintenance index_db="cal" queue_id=3 owed=wrote_data
2026-09-16T18:21:18.400357Z DEBUG panoptikon::inferio_client: multiplexing inference requests over HTTP/2 cleartext endpoint=http://127.0.0.1:6342/api/inference connection_lanes=64 streams_per_lane=64 max_concurrent=256 max_concurrent_ceiling=4096
2026-09-16T18:21:18.424952Z DEBUG panoptikon::inferio::manager: resolved cost dimension model=doctr/db_resnet50_crnn_mobilenet_v3_small unit="item" aggregation="count" epoch=1 seed_units=128 priced=true degraded=false
2026-09-16T18:21:18.424982Z DEBUG panoptikon::inferio::ledger: probing the host for this GPU's free memory before pricing a load against it model="doctr/db_resnet50_crnn_mobilenet_v3_small" gpu="GPU-MPS" reason="no free sample: this GPU has never had a resident" sample_age_ms=None
2026-09-16T18:21:18.425042Z DEBUG panoptikon::inferio::ledger: refreshed the GPU's free memory from the host probe gpu=GPU-MPS source="mps" free_mb=109109 total_mb=98304 external_mb=21963 previous_age_ms=None recorded=true
2026-09-16T18:21:18.425672Z DEBUG panoptikon::inferio::worker: spawned an inferio worker worker=doctr inference_id="doctr/db_resnet50_crnn_mobilenet_v3_small" pid=Some(33148)
2026-09-16T18:21:18.973152Z  INFO panoptikon::inferio::worker: 2026-09-16 20:21:18,973 [INFO] inferio_worker: Resolved impl class doctr to /Users/moot/projects/panoptikon-pr27/python/inferio/impl/ocr.py worker=doctr
2026-09-16T18:21:18.973194Z  INFO panoptikon::inferio::worker: 2026-09-16 20:21:18,973 [INFO] inferio_worker: Handshake ok for impl class doctr worker=doctr
2026-09-16T18:21:18.973280Z  INFO panoptikon::inferio::worker: 2026-09-16 20:21:18,973 [INFO] inferio_worker: Configured as doctr/db_resnet50_crnn_mobilenet_v3_small worker=doctr
2026-09-16T18:21:18.973510Z  INFO panoptikon::inferio::worker: 2026-09-16 20:21:18,973 [DEBUG] inferio_worker.memory: NVML init failed (NVML Shared Library Not Found) worker=doctr
2026-09-16T18:21:19.996467Z  INFO panoptikon::inferio::worker: 2026-09-16 20:21:19,996 [DEBUG] h5py._conv: Creating converter from 7 to 5 worker=doctr
2026-09-16T18:21:19.996481Z  INFO panoptikon::inferio::worker: 2026-09-16 20:21:19,996 [DEBUG] h5py._conv: Creating converter from 5 to 7 worker=doctr
2026-09-16T18:21:19.996486Z  INFO panoptikon::inferio::worker: 2026-09-16 20:21:19,996 [DEBUG] h5py._conv: Creating converter from 7 to 5 worker=doctr
2026-09-16T18:21:19.996492Z  INFO panoptikon::inferio::worker: 2026-09-16 20:21:19,996 [DEBUG] h5py._conv: Creating converter from 5 to 7 worker=doctr
2026-09-16T18:21:20.514239Z  INFO panoptikon::inferio::worker: 2026-09-16 20:21:20,514 [INFO] root: Using downloaded & verified file: /Users/moot/.cache/doctr/models/db_resnet50-79bd7d70.pt worker=doctr
2026-09-16T18:21:20.661824Z  INFO panoptikon::inferio::worker: 2026-09-16 20:21:20,661 [INFO] root: Using downloaded & verified file: /Users/moot/.cache/doctr/models/crnn_mobilenet_v3_small_pt-3b919a02.pt worker=doctr
2026-09-16T18:21:20.673189Z DEBUG panoptikon::inferio::worker: worker reported its load footprint worker=doctr/db_resnet50_crnn_mobilenet_v3_small dtype="fp32" dtype_method="inferred" gpu_name="Apple M3 Max (128 GB)" gpu_arch="apple-m3" gpu_total_mb=110100 torch="2.7.1"
2026-09-16T18:21:20.673210Z DEBUG panoptikon::inferio::manager: replica loaded model=doctr/db_resnet50_crnn_mobilenet_v3_small replica=0 device="<unpinned>"
2026-09-16T18:21:20.673222Z  INFO panoptikon::inferio::ledger: this unified-memory device's admission total is now the figure the worker's own runtime reports, which is what its allocations are actually judged against; the probe's seed was a default fraction of host RAM and a raised GPU memory limit moves the real figure well away from it model=doctr/db_resnet50_crnn_mobilenet_v3_small gpu=GPU-MPS seed_total_mb=98304 reported_total_mb=110100 ram_mb=131072
2026-09-16T18:21:20.673294Z DEBUG panoptikon::inferio::ledger: admitted a worker to a GPU's ledger model=doctr/db_resnet50_crnn_mobilenet_v3_small gpu=GPU-MPS replica=2 base_mb=None base_method="<none>" reserved_at_load_mb=Some(0) seeded_from_store=false
2026-09-16T18:21:20.676416Z DEBUG panoptikon::inferio::http: processing local inference predict model=doctr/db_resnet50_crnn_mobilenet_v3_small inputs=1
2026-09-16T18:21:20.676425Z DEBUG panoptikon::inferio::http: processing local inference predict model=doctr/db_resnet50_crnn_mobilenet_v3_small inputs=1
2026-09-16T18:21:20.676450Z DEBUG panoptikon::inferio::http: processing local inference predict model=doctr/db_resnet50_crnn_mobilenet_v3_small inputs=1
2026-09-16T18:21:20.676510Z DEBUG panoptikon::inferio::ledger: issued a memory grant model=doctr/db_resnet50_crnn_mobilenet_v3_small gpu=GPU-MPS unit_budget=1 mb=107482 canvas_pixels=none share_mb=107482 room_mb=107482 headroom_mb=107482 external_mb=22566 reserve_mb=1024 reserve_rule="capped_default" pre_fit=true ramp_step=0 deflation=0 squeezed=false window_requests=1
2026-09-16T18:21:20.676522Z DEBUG panoptikon::inferio::http: processing local inference predict model=doctr/db_resnet50_crnn_mobilenet_v3_small inputs=1
2026-09-16T18:21:20.676663Z DEBUG panoptikon::inferio::http: processing local inference predict model=doctr/db_resnet50_crnn_mobilenet_v3_small inputs=1
2026-09-16T18:21:20.676896Z DEBUG panoptikon::inferio::http: processing local inference predict model=doctr/db_resnet50_crnn_mobilenet_v3_small inputs=1
2026-09-16T18:21:20.676943Z DEBUG panoptikon::inferio::http: processing local inference predict model=doctr/db_resnet50_crnn_mobilenet_v3_small inputs=1
2026-09-16T18:21:20.676967Z DEBUG panoptikon::inferio::http: processing local inference predict model=doctr/db_resnet50_crnn_mobilenet_v3_small inputs=1
2026-09-16T18:21:20.676978Z DEBUG panoptikon::inferio::http: processing local inference predict model=doctr/db_resnet50_crnn_mobilenet_v3_small inputs=1
2026-09-16T18:21:20.677001Z DEBUG panoptikon::inferio::http: processing local inference predict model=doctr/db_resnet50_crnn_mobilenet_v3_small inputs=1
2026-09-16T18:21:20.677073Z DEBUG panoptikon::inferio::http: processing local inference predict model=doctr/db_resnet50_crnn_mobilenet_v3_small inputs=1
2026-09-16T18:21:20.677150Z DEBUG panoptikon::inferio::http: processing local inference predict model=doctr/db_resnet50_crnn_mobilenet_v3_small inputs=1
2026-09-16T18:21:20.677296Z DEBUG panoptikon::inferio::http: processing local inference predict model=doctr/db_resnet50_crnn_mobilenet_v3_small inputs=1
2026-09-16T18:21:20.677306Z DEBUG panoptikon::inferio::http: processing local inference predict model=doctr/db_resnet50_crnn_mobilenet_v3_small inputs=1
2026-09-16T18:21:20.677429Z DEBUG panoptikon::inferio::http: processing local inference predict model=doctr/db_resnet50_crnn_mobilenet_v3_small inputs=1
2026-09-16T18:21:20.677444Z DEBUG panoptikon::inferio::http: processing local inference predict model=doctr/db_resnet50_crnn_mobilenet_v3_small inputs=1
2026-09-16T18:21:20.677455Z DEBUG panoptikon::inferio::http: processing local inference predict model=doctr/db_resnet50_crnn_mobilenet_v3_small inputs=1
2026-09-16T18:21:20.677643Z DEBUG panoptikon::inferio::http: processing local inference predict model=doctr/db_resnet50_crnn_mobilenet_v3_small inputs=1
2026-09-16T18:21:20.677678Z DEBUG panoptikon::inferio::http: processing local inference predict model=doctr/db_resnet50_crnn_mobilenet_v3_small inputs=1
2026-09-16T18:21:20.677693Z DEBUG panoptikon::inferio::http: processing local inference predict model=doctr/db_resnet50_crnn_mobilenet_v3_small inputs=1
2026-09-16T18:21:20.677771Z DEBUG panoptikon::inferio::http: processing local inference predict model=doctr/db_resnet50_crnn_mobilenet_v3_small inputs=1
2026-09-16T18:21:20.678258Z DEBUG panoptikon::inferio::http: processing local inference predict model=doctr/db_resnet50_crnn_mobilenet_v3_small inputs=1
2026-09-16T18:21:20.678272Z DEBUG panoptikon::inferio::http: processing local inference predict model=doctr/db_resnet50_crnn_mobilenet_v3_small inputs=1
2026-09-16T18:21:20.678286Z DEBUG panoptikon::inferio::http: processing local inference predict model=doctr/db_resnet50_crnn_mobilenet_v3_small inputs=1
2026-09-16T18:21:20.678294Z DEBUG panoptikon::inferio::http: processing local inference predict model=doctr/db_resnet50_crnn_mobilenet_v3_small inputs=1
2026-09-16T18:21:20.678306Z DEBUG panoptikon::inferio::http: processing local inference predict model=doctr/db_resnet50_crnn_mobilenet_v3_small inputs=1
2026-09-16T18:21:20.678331Z DEBUG panoptikon::inferio::http: processing local inference predict model=doctr/db_resnet50_crnn_mobilenet_v3_small inputs=1
2026-09-16T18:21:20.678332Z DEBUG panoptikon::inferio::http: processing local inference predict model=doctr/db_resnet50_crnn_mobilenet_v3_small inputs=1
2026-09-16T18:21:20.678362Z DEBUG panoptikon::inferio::http: processing local inference predict model=doctr/db_resnet50_crnn_mobilenet_v3_small inputs=1
2026-09-16T18:21:20.678385Z DEBUG panoptikon::inferio::http: processing local inference predict model=doctr/db_resnet50_crnn_mobilenet_v3_small inputs=1
2026-09-16T18:21:20.678405Z DEBUG panoptikon::inferio::http: processing local inference predict model=doctr/db_resnet50_crnn_mobilenet_v3_small inputs=1
2026-09-16T18:21:20.678425Z DEBUG panoptikon::inferio::http: processing local inference predict model=doctr/db_resnet50_crnn_mobilenet_v3_small inputs=1
2026-09-16T18:21:20.678548Z DEBUG panoptikon::inferio::http: processing local inference predict model=doctr/db_resnet50_crnn_mobilenet_v3_small inputs=1
2026-09-16T18:21:20.678627Z DEBUG panoptikon::inferio::http: processing local inference predict model=doctr/db_resnet50_crnn_mobilenet_v3_small inputs=1
2026-09-16T18:21:20.678663Z DEBUG panoptikon::inferio::http: processing local inference predict model=doctr/db_resnet50_crnn_mobilenet_v3_small inputs=1
2026-09-16T18:21:20.678682Z DEBUG panoptikon::inferio::http: processing local inference predict model=doctr/db_resnet50_crnn_mobilenet_v3_small inputs=1
2026-09-16T18:21:20.678720Z DEBUG panoptikon::inferio::http: processing local inference predict model=doctr/db_resnet50_crnn_mobilenet_v3_small inputs=1
2026-09-16T18:21:20.679293Z DEBUG panoptikon::inferio::http: processing local inference predict model=doctr/db_resnet50_crnn_mobilenet_v3_small inputs=1
2026-09-16T18:21:20.679329Z DEBUG panoptikon::inferio::http: processing local inference predict model=doctr/db_resnet50_crnn_mobilenet_v3_small inputs=1
2026-09-16T18:21:20.679376Z DEBUG panoptikon::inferio::http: processing local inference predict model=doctr/db_resnet50_crnn_mobilenet_v3_small inputs=1
2026-09-16T18:21:20.679407Z DEBUG panoptikon::inferio::http: processing local inference predict model=doctr/db_resnet50_crnn_mobilenet_v3_small inputs=1
2026-09-16T18:21:20.679442Z DEBUG panoptikon::inferio::http: processing local inference predict model=doctr/db_resnet50_crnn_mobilenet_v3_small inputs=1
2026-09-16T18:21:20.679471Z DEBUG panoptikon::inferio::http: processing local inference predict model=doctr/db_resnet50_crnn_mobilenet_v3_small inputs=1
2026-09-16T18:21:20.679502Z DEBUG panoptikon::inferio::http: processing local inference predict model=doctr/db_resnet50_crnn_mobilenet_v3_small inputs=1
2026-09-16T18:21:20.679538Z DEBUG panoptikon::inferio::http: processing local inference predict model=doctr/db_resnet50_crnn_mobilenet_v3_small inputs=1
2026-09-16T18:21:20.679540Z DEBUG panoptikon::inferio::http: processing local inference predict model=doctr/db_resnet50_crnn_mobilenet_v3_small inputs=1
2026-09-16T18:21:20.679555Z DEBUG panoptikon::inferio::http: processing local inference predict model=doctr/db_resnet50_crnn_mobilenet_v3_small inputs=1
2026-09-16T18:21:20.679596Z DEBUG panoptikon::inferio::http: processing local inference predict model=doctr/db_resnet50_crnn_mobilenet_v3_small inputs=1
2026-09-16T18:21:20.679636Z DEBUG panoptikon::inferio::http: processing local inference predict model=doctr/db_resnet50_crnn_mobilenet_v3_small inputs=1
2026-09-16T18:21:20.679645Z DEBUG panoptikon::inferio::http: processing local inference predict model=doctr/db_resnet50_crnn_mobilenet_v3_small inputs=1
2026-09-16T18:21:20.679665Z DEBUG panoptikon::inferio::http: processing local inference predict model=doctr/db_resnet50_crnn_mobilenet_v3_small inputs=1
2026-09-16T18:21:20.679686Z DEBUG panoptikon::inferio::http: processing local inference predict model=doctr/db_resnet50_crnn_mobilenet_v3_small inputs=1
2026-09-16T18:21:20.679697Z DEBUG panoptikon::inferio::http: processing local inference predict model=doctr/db_resnet50_crnn_mobilenet_v3_small inputs=1
2026-09-16T18:21:20.679726Z DEBUG panoptikon::inferio::http: processing local inference predict model=doctr/db_resnet50_crnn_mobilenet_v3_small inputs=1
2026-09-16T18:21:20.679757Z DEBUG panoptikon::inferio::http: processing local inference predict model=doctr/db_resnet50_crnn_mobilenet_v3_small inputs=1
2026-09-16T18:21:20.679790Z DEBUG panoptikon::inferio::http: processing local inference predict model=doctr/db_resnet50_crnn_mobilenet_v3_small inputs=1
2026-09-16T18:21:20.679794Z DEBUG panoptikon::inferio::http: processing local inference predict model=doctr/db_resnet50_crnn_mobilenet_v3_small inputs=1
2026-09-16T18:21:20.679834Z DEBUG panoptikon::inferio::http: processing local inference predict model=doctr/db_resnet50_crnn_mobilenet_v3_small inputs=1
2026-09-16T18:21:20.679877Z DEBUG panoptikon::inferio::http: processing local inference predict model=doctr/db_resnet50_crnn_mobilenet_v3_small inputs=1
2026-09-16T18:21:20.679912Z DEBUG panoptikon::inferio::http: processing local inference predict model=doctr/db_resnet50_crnn_mobilenet_v3_small inputs=1
2026-09-16T18:21:20.679928Z DEBUG panoptikon::inferio::http: processing local inference predict model=doctr/db_resnet50_crnn_mobilenet_v3_small inputs=1
2026-09-16T18:21:20.679967Z DEBUG panoptikon::inferio::http: processing local inference predict model=doctr/db_resnet50_crnn_mobilenet_v3_small inputs=1
2026-09-16T18:21:20.680036Z DEBUG panoptikon::inferio::http: processing local inference predict model=doctr/db_resnet50_crnn_mobilenet_v3_small inputs=1
2026-09-16T18:21:20.680051Z DEBUG panoptikon::inferio::http: processing local inference predict model=doctr/db_resnet50_crnn_mobilenet_v3_small inputs=1
2026-09-16T18:21:21.205170Z DEBUG panoptikon::inferio::ledger: skipped the calibration store update: the worker reported no load footprint model=doctr/db_resnet50_crnn_mobilenet_v3_small gpu=GPU-MPS reason="no_base"
2026-09-16T18:21:21.205194Z DEBUG panoptikon::inferio::ledger: settled a granted window model=doctr/db_resnet50_crnn_mobilenet_v3_small gpu=GPU-MPS outcome="clean" fit_samples=1 throughput_samples=1 clamped_samples=0 clamped=none ramp_step=0 deflation=0 clean_windows=1 max_units_measured=1
2026-09-16T18:21:21.205223Z DEBUG panoptikon::inferio::ledger: issued a memory grant model=doctr/db_resnet50_crnn_mobilenet_v3_small gpu=GPU-MPS unit_budget=2 mb=106218 canvas_pixels=none share_mb=106218 room_mb=106218 headroom_mb=106218 external_mb=23830 reserve_mb=1024 reserve_rule="capped_default" pre_fit=true ramp_step=0 deflation=0 squeezed=false window_requests=6
2026-09-16T18:21:21.206057Z DEBUG panoptikon::inferio::http: processing local inference predict model=doctr/db_resnet50_crnn_mobilenet_v3_small inputs=1
2026-09-16T18:21:21.206460Z DEBUG panoptikon::inferio::http: processing local inference predict model=doctr/db_resnet50_crnn_mobilenet_v3_small inputs=1
2026-09-16T18:21:21.206474Z DEBUG panoptikon::inferio::http: processing local inference predict model=doctr/db_resnet50_crnn_mobilenet_v3_small inputs=1
2026-09-16T18:21:21.206481Z DEBUG panoptikon::inferio::http: processing local inference predict model=doctr/db_resnet50_crnn_mobilenet_v3_small inputs=1
2026-09-16T18:21:21.206698Z DEBUG panoptikon::inferio::http: processing local inference predict model=doctr/db_resnet50_crnn_mobilenet_v3_small inputs=1
2026-09-16T18:21:21.206763Z DEBUG panoptikon::inferio::http: processing local inference predict model=doctr/db_resnet50_crnn_mobilenet_v3_small inputs=1
2026-09-16T18:21:21.206785Z DEBUG panoptikon::inferio::http: processing local inference predict model=doctr/db_resnet50_crnn_mobilenet_v3_small inputs=1
2026-09-16T18:21:21.206977Z DEBUG panoptikon::inferio::http: processing local inference predict model=doctr/db_resnet50_crnn_mobilenet_v3_small inputs=1
2026-09-16T18:21:21.207058Z DEBUG panoptikon::inferio::http: processing local inference predict model=doctr/db_resnet50_crnn_mobilenet_v3_small inputs=1
2026-09-16T18:21:21.207066Z DEBUG panoptikon::inferio::http: processing local inference predict model=doctr/db_resnet50_crnn_mobilenet_v3_small inputs=4
2026-09-16T18:21:21.207107Z DEBUG panoptikon::inferio::http: processing local inference predict model=doctr/db_resnet50_crnn_mobilenet_v3_small inputs=1
2026-09-16T18:21:21.207126Z DEBUG panoptikon::inferio::http: processing local inference predict model=doctr/db_resnet50_crnn_mobilenet_v3_small inputs=1
2026-09-16T18:21:21.207140Z DEBUG panoptikon::inferio::http: processing local inference predict model=doctr/db_resnet50_crnn_mobilenet_v3_small inputs=1
2026-09-16T18:21:21.207159Z DEBUG panoptikon::inferio::http: processing local inference predict model=doctr/db_resnet50_crnn_mobilenet_v3_small inputs=1
2026-09-16T18:21:21.207172Z DEBUG panoptikon::inferio::http: processing local inference predict model=doctr/db_resnet50_crnn_mobilenet_v3_small inputs=1
2026-09-16T18:21:21.207696Z DEBUG panoptikon::inferio::http: processing local inference predict model=doctr/db_resnet50_crnn_mobilenet_v3_small inputs=1
2026-09-16T18:21:21.207794Z DEBUG panoptikon::inferio::http: processing local inference predict model=doctr/db_resnet50_crnn_mobilenet_v3_small inputs=1
2026-09-16T18:21:21.208020Z DEBUG panoptikon::inferio::http: processing local inference predict model=doctr/db_resnet50_crnn_mobilenet_v3_small inputs=1
2026-09-16T18:21:21.208035Z DEBUG panoptikon::inferio::http: processing local inference predict model=doctr/db_resnet50_crnn_mobilenet_v3_small inputs=1
2026-09-16T18:21:21.208049Z DEBUG panoptikon::inferio::http: processing local inference predict model=doctr/db_resnet50_crnn_mobilenet_v3_small inputs=1
2026-09-16T18:21:21.208062Z DEBUG panoptikon::inferio::http: processing local inference predict model=doctr/db_resnet50_crnn_mobilenet_v3_small inputs=1
2026-09-16T18:21:21.208110Z DEBUG panoptikon::inferio::http: processing local inference predict model=doctr/db_resnet50_crnn_mobilenet_v3_small inputs=1
2026-09-16T18:21:21.208128Z DEBUG panoptikon::inferio::http: processing local inference predict model=doctr/db_resnet50_crnn_mobilenet_v3_small inputs=1
2026-09-16T18:21:21.208140Z DEBUG panoptikon::inferio::http: processing local inference predict model=doctr/db_resnet50_crnn_mobilenet_v3_small inputs=1
2026-09-16T18:21:21.208155Z DEBUG panoptikon::inferio::http: processing local inference predict model=doctr/db_resnet50_crnn_mobilenet_v3_small inputs=1
2026-09-16T18:21:21.208169Z DEBUG panoptikon::inferio::http: processing local inference predict model=doctr/db_resnet50_crnn_mobilenet_v3_small inputs=1
2026-09-16T18:21:21.208192Z DEBUG panoptikon::inferio::http: processing local inference predict model=doctr/db_resnet50_crnn_mobilenet_v3_small inputs=1
2026-09-16T18:21:21.208202Z DEBUG panoptikon::inferio::http: processing local inference predict model=doctr/db_resnet50_crnn_mobilenet_v3_small inputs=1
2026-09-16T18:21:21.208239Z DEBUG panoptikon::inferio::http: processing local inference predict model=doctr/db_resnet50_crnn_mobilenet_v3_small inputs=1
2026-09-16T18:21:21.208294Z DEBUG panoptikon::inferio::http: processing local inference predict model=doctr/db_resnet50_crnn_mobilenet_v3_small inputs=1
2026-09-16T18:21:21.208306Z DEBUG panoptikon::inferio::http: processing local inference predict model=doctr/db_resnet50_crnn_mobilenet_v3_small inputs=1
2026-09-16T18:21:21.208349Z DEBUG panoptikon::inferio::http: processing local inference predict model=doctr/db_resnet50_crnn_mobilenet_v3_small inputs=1
2026-09-16T18:21:21.208384Z DEBUG panoptikon::inferio::http: processing local inference predict model=doctr/db_resnet50_crnn_mobilenet_v3_small inputs=1
2026-09-16T18:21:21.208399Z DEBUG panoptikon::inferio::http: processing local inference predict model=doctr/db_resnet50_crnn_mobilenet_v3_small inputs=1
2026-09-16T18:21:21.208406Z DEBUG panoptikon::inferio::http: processing local inference predict model=doctr/db_resnet50_crnn_mobilenet_v3_small inputs=1
2026-09-16T18:21:21.208666Z DEBUG panoptikon::inferio::http: processing local inference predict model=doctr/db_resnet50_crnn_mobilenet_v3_small inputs=1
2026-09-16T18:21:21.208799Z DEBUG panoptikon::inferio::http: processing local inference predict model=doctr/db_resnet50_crnn_mobilenet_v3_small inputs=1
2026-09-16T18:21:21.208879Z DEBUG panoptikon::inferio::http: processing local inference predict model=doctr/db_resnet50_crnn_mobilenet_v3_small inputs=1
2026-09-16T18:21:21.208917Z DEBUG panoptikon::inferio::http: processing local inference predict model=doctr/db_resnet50_crnn_mobilenet_v3_small inputs=1
2026-09-16T18:21:21.208946Z DEBUG panoptikon::inferio::http: processing local inference predict model=doctr/db_resnet50_crnn_mobilenet_v3_small inputs=1
2026-09-16T18:21:21.208958Z DEBUG panoptikon::inferio::http: processing local inference predict model=doctr/db_resnet50_crnn_mobilenet_v3_small inputs=1
2026-09-16T18:21:21.208996Z DEBUG panoptikon::inferio::http: processing local inference predict model=doctr/db_resnet50_crnn_mobilenet_v3_small inputs=1
2026-09-16T18:21:21.209017Z DEBUG panoptikon::inferio::http: processing local inference predict model=doctr/db_resnet50_crnn_mobilenet_v3_small inputs=4
2026-09-16T18:21:21.209027Z DEBUG panoptikon::inferio::http: processing local inference predict model=doctr/db_resnet50_crnn_mobilenet_v3_small inputs=1
2026-09-16T18:21:21.209036Z DEBUG panoptikon::inferio::http: processing local inference predict model=doctr/db_resnet50_crnn_mobilenet_v3_small inputs=1
2026-09-16T18:21:21.209060Z DEBUG panoptikon::inferio::http: processing local inference predict model=doctr/db_resnet50_crnn_mobilenet_v3_small inputs=1
2026-09-16T18:21:21.209065Z DEBUG panoptikon::inferio::http: processing local inference predict model=doctr/db_resnet50_crnn_mobilenet_v3_small inputs=1
2026-09-16T18:21:21.209119Z DEBUG panoptikon::inferio::http: processing local inference predict model=doctr/db_resnet50_crnn_mobilenet_v3_small inputs=1
2026-09-16T18:21:21.209130Z DEBUG panoptikon::inferio::http: processing local inference predict model=doctr/db_resnet50_crnn_mobilenet_v3_small inputs=1
2026-09-16T18:21:21.209171Z DEBUG panoptikon::inferio::http: processing local inference predict model=doctr/db_resnet50_crnn_mobilenet_v3_small inputs=1
2026-09-16T18:21:21.209185Z DEBUG panoptikon::inferio::http: processing local inference predict model=doctr/db_resnet50_crnn_mobilenet_v3_small inputs=1
2026-09-16T18:21:21.209306Z DEBUG panoptikon::inferio::http: processing local inference predict model=doctr/db_resnet50_crnn_mobilenet_v3_small inputs=1
2026-09-16T18:21:21.209317Z DEBUG panoptikon::inferio::http: processing local inference predict model=doctr/db_resnet50_crnn_mobilenet_v3_small inputs=1
2026-09-16T18:21:21.209338Z DEBUG panoptikon::inferio::http: processing local inference predict model=doctr/db_resnet50_crnn_mobilenet_v3_small inputs=1
2026-09-16T18:21:21.209346Z DEBUG panoptikon::inferio::http: processing local inference predict model=doctr/db_resnet50_crnn_mobilenet_v3_small inputs=1
2026-09-16T18:21:21.209389Z DEBUG panoptikon::inferio::http: processing local inference predict model=doctr/db_resnet50_crnn_mobilenet_v3_small inputs=1
2026-09-16T18:21:21.209727Z DEBUG panoptikon::inferio::http: processing local inference predict model=doctr/db_resnet50_crnn_mobilenet_v3_small inputs=1
2026-09-16T18:21:21.209780Z DEBUG panoptikon::inferio::http: processing local inference predict model=doctr/db_resnet50_crnn_mobilenet_v3_small inputs=1
2026-09-16T18:21:21.209822Z DEBUG panoptikon::inferio::http: processing local inference predict model=doctr/db_resnet50_crnn_mobilenet_v3_small inputs=1
2026-09-16T18:21:21.209850Z DEBUG panoptikon::inferio::http: processing local inference predict model=doctr/db_resnet50_crnn_mobilenet_v3_small inputs=1
2026-09-16T18:21:21.209875Z DEBUG panoptikon::inferio::http: processing local inference predict model=doctr/db_resnet50_crnn_mobilenet_v3_small inputs=1
2026-09-16T18:21:21.209879Z DEBUG panoptikon::inferio::http: processing local inference predict model=doctr/db_resnet50_crnn_mobilenet_v3_small inputs=1
2026-09-16T18:21:21.209911Z DEBUG panoptikon::inferio::http: processing local inference predict model=doctr/db_resnet50_crnn_mobilenet_v3_small inputs=1
2026-09-16T18:21:21.209996Z DEBUG panoptikon::inferio::http: processing local inference predict model=doctr/db_resnet50_crnn_mobilenet_v3_small inputs=1
2026-09-16T18:21:21.210010Z DEBUG panoptikon::inferio::http: processing local inference predict model=doctr/db_resnet50_crnn_mobilenet_v3_small inputs=1
2026-09-16T18:21:21.210037Z DEBUG panoptikon::inferio::http: processing local inference predict model=doctr/db_resnet50_crnn_mobilenet_v3_small inputs=1
2026-09-16T18:21:21.210055Z DEBUG panoptikon::inferio::http: processing local inference predict model=doctr/db_resnet50_crnn_mobilenet_v3_small inputs=1
2026-09-16T18:21:21.210135Z DEBUG panoptikon::inferio::http: processing local inference predict model=doctr/db_resnet50_crnn_mobilenet_v3_small inputs=1
2026-09-16T18:21:21.210166Z DEBUG panoptikon::inferio::http: processing local inference predict model=doctr/db_resnet50_crnn_mobilenet_v3_small inputs=1
2026-09-16T18:21:21.210178Z DEBUG panoptikon::inferio::http: processing local inference predict model=doctr/db_resnet50_crnn_mobilenet_v3_small inputs=1
2026-09-16T18:21:21.210196Z DEBUG panoptikon::inferio::http: processing local inference predict model=doctr/db_resnet50_crnn_mobilenet_v3_small inputs=1
2026-09-16T18:21:21.210200Z DEBUG panoptikon::inferio::http: processing local inference predict model=doctr/db_resnet50_crnn_mobilenet_v3_small inputs=1
2026-09-16T18:21:21.210213Z DEBUG panoptikon::inferio::http: processing local inference predict model=doctr/db_resnet50_crnn_mobilenet_v3_small inputs=1
2026-09-16T18:21:21.210224Z DEBUG panoptikon::inferio::http: processing local inference predict model=doctr/db_resnet50_crnn_mobilenet_v3_small inputs=4
2026-09-16T18:21:21.210238Z DEBUG panoptikon::inferio::http: processing local inference predict model=doctr/db_resnet50_crnn_mobilenet_v3_small inputs=1
2026-09-16T18:21:21.210700Z DEBUG panoptikon::inferio::http: processing local inference predict model=doctr/db_resnet50_crnn_mobilenet_v3_small inputs=1
2026-09-16T18:21:21.210734Z DEBUG panoptikon::inferio::http: processing local inference predict model=doctr/db_resnet50_crnn_mobilenet_v3_small inputs=1
2026-09-16T18:21:21.210872Z DEBUG panoptikon::inferio::http: processing local inference predict model=doctr/db_resnet50_crnn_mobilenet_v3_small inputs=1
2026-09-16T18:21:21.210918Z DEBUG panoptikon::inferio::http: processing local inference predict model=doctr/db_resnet50_crnn_mobilenet_v3_small inputs=1
2026-09-16T18:21:21.210940Z DEBUG panoptikon::inferio::http: processing local inference predict model=doctr/db_resnet50_crnn_mobilenet_v3_small inputs=1
2026-09-16T18:21:21.210951Z DEBUG panoptikon::inferio::http: processing local inference predict model=doctr/db_resnet50_crnn_mobilenet_v3_small inputs=1
2026-09-16T18:21:21.211028Z DEBUG panoptikon::inferio::http: processing local inference predict model=doctr/db_resnet50_crnn_mobilenet_v3_small inputs=1
2026-09-16T18:21:21.211116Z DEBUG panoptikon::inferio::http: processing local inference predict model=doctr/db_resnet50_crnn_mobilenet_v3_small inputs=1
2026-09-16T18:21:21.211127Z DEBUG panoptikon::inferio::http: processing local inference predict model=doctr/db_resnet50_crnn_mobilenet_v3_small inputs=1
2026-09-16T18:21:21.211186Z DEBUG panoptikon::inferio::http: processing local inference predict model=doctr/db_resnet50_crnn_mobilenet_v3_small inputs=1
2026-09-16T18:21:21.211252Z DEBUG panoptikon::inferio::http: processing local inference predict model=doctr/db_resnet50_crnn_mobilenet_v3_small inputs=1
2026-09-16T18:21:21.211274Z DEBUG panoptikon::inferio::http: processing local inference predict model=doctr/db_resnet50_crnn_mobilenet_v3_small inputs=4
2026-09-16T18:21:21.211311Z DEBUG panoptikon::inferio::http: processing local inference predict model=doctr/db_resnet50_crnn_mobilenet_v3_small inputs=1
2026-09-16T18:21:21.211339Z DEBUG panoptikon::inferio::http: processing local inference predict model=doctr/db_resnet50_crnn_mobilenet_v3_small inputs=1
2026-09-16T18:21:21.211349Z DEBUG panoptikon::inferio::http: processing local inference predict model=doctr/db_resnet50_crnn_mobilenet_v3_small inputs=1
2026-09-16T18:21:21.211432Z DEBUG panoptikon::inferio::http: processing local inference predict model=doctr/db_resnet50_crnn_mobilenet_v3_small inputs=1
2026-09-16T18:21:21.211436Z DEBUG panoptikon::inferio::http: processing local inference predict model=doctr/db_resnet50_crnn_mobilenet_v3_small inputs=1
2026-09-16T18:21:21.211443Z DEBUG panoptikon::inferio::http: processing local inference predict model=doctr/db_resnet50_crnn_mobilenet_v3_small inputs=1
2026-09-16T18:21:21.211533Z DEBUG panoptikon::inferio::http: processing local inference predict model=doctr/db_resnet50_crnn_mobilenet_v3_small inputs=1
2026-09-16T18:21:21.211568Z DEBUG panoptikon::inferio::http: processing local inference predict model=doctr/db_resnet50_crnn_mobilenet_v3_small inputs=1
2026-09-16T18:21:21.211579Z DEBUG panoptikon::inferio::http: processing local inference predict model=doctr/db_resnet50_crnn_mobilenet_v3_small inputs=1
2026-09-16T18:21:21.211592Z DEBUG panoptikon::inferio::http: processing local inference predict model=doctr/db_resnet50_crnn_mobilenet_v3_small inputs=1
2026-09-16T18:21:21.211613Z DEBUG panoptikon::inferio::http: processing local inference predict model=doctr/db_resnet50_crnn_mobilenet_v3_small inputs=1
2026-09-16T18:21:21.211618Z DEBUG panoptikon::inferio::http: processing local inference predict model=doctr/db_resnet50_crnn_mobilenet_v3_small inputs=1
2026-09-16T18:21:21.211862Z DEBUG panoptikon::inferio::http: processing local inference predict model=doctr/db_resnet50_crnn_mobilenet_v3_small inputs=1
2026-09-16T18:21:21.211875Z DEBUG panoptikon::inferio::http: processing local inference predict model=doctr/db_resnet50_crnn_mobilenet_v3_small inputs=1
2026-09-16T18:21:21.211887Z DEBUG panoptikon::inferio::http: processing local inference predict model=doctr/db_resnet50_crnn_mobilenet_v3_small inputs=1
2026-09-16T18:21:21.211919Z DEBUG panoptikon::inferio::http: processing local inference predict model=doctr/db_resnet50_crnn_mobilenet_v3_small inputs=1
2026-09-16T18:21:21.211959Z DEBUG panoptikon::inferio::http: processing local inference predict model=doctr/db_resnet50_crnn_mobilenet_v3_small inputs=1
2026-09-16T18:21:21.211977Z DEBUG panoptikon::inferio::http: processing local inference predict model=doctr/db_resnet50_crnn_mobilenet_v3_small inputs=1
2026-09-16T18:21:21.211981Z DEBUG panoptikon::inferio::http: processing local inference predict model=doctr/db_resnet50_crnn_mobilenet_v3_small inputs=1
2026-09-16T18:21:21.212171Z DEBUG panoptikon::inferio::http: processing local inference predict model=doctr/db_resnet50_crnn_mobilenet_v3_small inputs=1
2026-09-16T18:21:21.212204Z DEBUG panoptikon::inferio::http: processing local inference predict model=doctr/db_resnet50_crnn_mobilenet_v3_small inputs=1
2026-09-16T18:21:21.212376Z DEBUG panoptikon::inferio::http: processing local inference predict model=doctr/db_resnet50_crnn_mobilenet_v3_small inputs=1
2026-09-16T18:21:21.212411Z DEBUG panoptikon::inferio::http: processing local inference predict model=doctr/db_resnet50_crnn_mobilenet_v3_small inputs=1
2026-09-16T18:21:21.212422Z DEBUG panoptikon::inferio::http: processing local inference predict model=doctr/db_resnet50_crnn_mobilenet_v3_small inputs=1
2026-09-16T18:21:21.212436Z DEBUG panoptikon::inferio::http: processing local inference predict model=doctr/db_resnet50_crnn_mobilenet_v3_small inputs=1
2026-09-16T18:21:21.212449Z DEBUG panoptikon::inferio::http: processing local inference predict model=doctr/db_resnet50_crnn_mobilenet_v3_small inputs=1
2026-09-16T18:21:21.212471Z DEBUG panoptikon::inferio::http: processing local inference predict model=doctr/db_resnet50_crnn_mobilenet_v3_small inputs=1
2026-09-16T18:21:21.212482Z DEBUG panoptikon::inferio::http: processing local inference predict model=doctr/db_resnet50_crnn_mobilenet_v3_small inputs=1
2026-09-16T18:21:21.212505Z DEBUG panoptikon::inferio::http: processing local inference predict model=doctr/db_resnet50_crnn_mobilenet_v3_small inputs=4
2026-09-16T18:21:23.030137Z DEBUG panoptikon::inferio::ledger: declining to fit a throughput knee: the ring's quiet buckets hold too few observations to read as a curve observations=3 min_observations=12 buckets=1 min_buckets=3
2026-09-16T18:21:23.030154Z DEBUG panoptikon::inferio::ledger: settled a granted window model=doctr/db_resnet50_crnn_mobilenet_v3_small gpu=GPU-MPS outcome="clean" fit_samples=3 throughput_samples=3 clamped_samples=0 clamped=none ramp_step=1 deflation=0 clean_windows=2 max_units_measured=2
2026-09-16T18:21:23.030187Z DEBUG panoptikon::inferio::ledger: issued a memory grant model=doctr/db_resnet50_crnn_mobilenet_v3_small gpu=GPU-MPS unit_budget=4 mb=104186 canvas_pixels=none share_mb=104186 room_mb=104186 headroom_mb=104186 external_mb=25862 reserve_mb=1024 reserve_rule="capped_default" pre_fit=true ramp_step=1 deflation=0 squeezed=false window_requests=12
2026-09-16T18:21:26.507058Z  INFO panoptikon::inferio::ledger: holding the throughput ramp at this rung: the rung is the top of a measured plateau model=doctr/db_resnet50_crnn_mobilenet_v3_small gpu=GPU-MPS units=8 certified=true knee_binds=false
2026-09-16T18:21:26.507073Z DEBUG panoptikon::inferio::ledger: declining to fit a throughput knee: the ring's quiet buckets hold too few observations to read as a curve observations=6 min_observations=12 buckets=2 min_buckets=3
2026-09-16T18:21:26.507092Z DEBUG panoptikon::inferio::ledger: settled a granted window model=doctr/db_resnet50_crnn_mobilenet_v3_small gpu=GPU-MPS outcome="clean" fit_samples=3 throughput_samples=3 clamped_samples=0 clamped=none ramp_step=1 deflation=0 clean_windows=3 max_units_measured=4
2026-09-16T18:21:26.507127Z DEBUG panoptikon::inferio::ledger: issued a memory grant model=doctr/db_resnet50_crnn_mobilenet_v3_small gpu=GPU-MPS unit_budget=8 mb=104140 canvas_pixels=none share_mb=104140 room_mb=104140 headroom_mb=104140 external_mb=25908 reserve_mb=1024 reserve_rule="capped_default" pre_fit=true ramp_step=1 deflation=0 squeezed=false window_requests=24
2026-09-16T18:21:33.491979Z DEBUG panoptikon::inferio::ledger: declining to fit a throughput knee: the ring's quiet buckets hold too few observations to read as a curve observations=9 min_observations=12 buckets=3 min_buckets=3
2026-09-16T18:21:33.492000Z DEBUG panoptikon::inferio::ledger: settled a granted window model=doctr/db_resnet50_crnn_mobilenet_v3_small gpu=GPU-MPS outcome="clean" fit_samples=3 throughput_samples=3 clamped_samples=0 clamped=none ramp_step=1 deflation=0 clean_windows=4 max_units_measured=8
2026-09-16T18:21:33.492028Z DEBUG panoptikon::inferio::ledger: issued a memory grant model=doctr/db_resnet50_crnn_mobilenet_v3_small gpu=GPU-MPS unit_budget=8 mb=104036 canvas_pixels=none share_mb=104036 room_mb=104036 headroom_mb=104036 external_mb=26012 reserve_mb=1024 reserve_rule="capped_default" pre_fit=true ramp_step=1 deflation=0 squeezed=false window_requests=24
2026-09-16T18:21:40.575504Z DEBUG panoptikon::inferio::ledger: fitted a throughput knee; batches larger than this are no longer admitted however much memory is free model=doctr/db_resnet50_crnn_mobilenet_v3_small gpu=GPU-MPS knee_units=3 previous=None observations=13
2026-09-16T18:21:40.575533Z DEBUG panoptikon::inferio::ledger: settled a granted window model=doctr/db_resnet50_crnn_mobilenet_v3_small gpu=GPU-MPS outcome="clean" fit_samples=3 throughput_samples=3 clamped_samples=0 clamped=none ramp_step=1 deflation=0 clean_windows=5 max_units_measured=8
2026-09-16T18:21:40.575559Z DEBUG panoptikon::inferio::ledger: issued a memory grant model=doctr/db_resnet50_crnn_mobilenet_v3_small gpu=GPU-MPS unit_budget=3 mb=104016 canvas_pixels=none share_mb=104016 room_mb=104016 headroom_mb=104016 external_mb=26032 reserve_mb=1024 reserve_rule="capped_default" pre_fit=true ramp_step=1 deflation=0 squeezed=false window_requests=7
2026-09-16T18:21:41.459221Z  INFO panoptikon::inferio::worker: 2026-09-16 20:21:41,459 [DEBUG] PIL.PngImagePlugin: STREAM b'IHDR' 16 13 worker=doctr
2026-09-16T18:21:41.459235Z  INFO panoptikon::inferio::worker: 2026-09-16 20:21:41,459 [DEBUG] PIL.PngImagePlugin: STREAM b'IDAT' 41 65536 worker=doctr
2026-09-16T18:21:42.654108Z DEBUG panoptikon::inferio::ledger: settled a granted window model=doctr/db_resnet50_crnn_mobilenet_v3_small gpu=GPU-MPS outcome="clean" fit_samples=3 throughput_samples=2 clamped_samples=0 clamped=none ramp_step=1 deflation=0 clean_windows=6 max_units_measured=8
2026-09-16T18:21:42.654143Z DEBUG panoptikon::inferio::ledger: issued a memory grant model=doctr/db_resnet50_crnn_mobilenet_v3_small gpu=GPU-MPS unit_budget=3 mb=105314 canvas_pixels=none share_mb=105314 room_mb=105314 headroom_mb=105314 external_mb=24734 reserve_mb=1024 reserve_rule="capped_default" pre_fit=true ramp_step=1 deflation=0 squeezed=false window_requests=6
2026-09-16T18:21:45.333127Z DEBUG panoptikon::inferio::ledger: settled a granted window model=doctr/db_resnet50_crnn_mobilenet_v3_small gpu=GPU-MPS outcome="clean" fit_samples=3 throughput_samples=3 clamped_samples=0 clamped=none ramp_step=1 deflation=0 clean_windows=7 max_units_measured=8
2026-09-16T18:21:45.333161Z DEBUG panoptikon::inferio::ledger: issued a memory grant model=doctr/db_resnet50_crnn_mobilenet_v3_small gpu=GPU-MPS unit_budget=3 mb=105330 canvas_pixels=none share_mb=105330 room_mb=105330 headroom_mb=105330 external_mb=24718 reserve_mb=1024 reserve_rule="capped_default" pre_fit=true ramp_step=1 deflation=0 squeezed=false window_requests=9
2026-09-16T18:21:46.207355Z  INFO panoptikon::inferio::worker: 2026-09-16 20:21:46,207 [DEBUG] PIL.Image: Importing BlpImagePlugin worker=doctr
2026-09-16T18:21:46.207898Z  INFO panoptikon::inferio::worker: 2026-09-16 20:21:46,207 [DEBUG] PIL.Image: Importing BmpImagePlugin worker=doctr
2026-09-16T18:21:46.207906Z  INFO panoptikon::inferio::worker: 2026-09-16 20:21:46,207 [DEBUG] PIL.Image: Importing BufrStubImagePlugin worker=doctr
2026-09-16T18:21:46.208040Z  INFO panoptikon::inferio::worker: 2026-09-16 20:21:46,208 [DEBUG] PIL.Image: Importing CurImagePlugin worker=doctr
2026-09-16T18:21:46.208148Z  INFO panoptikon::inferio::worker: 2026-09-16 20:21:46,208 [DEBUG] PIL.Image: Importing DcxImagePlugin worker=doctr
2026-09-16T18:21:46.208342Z  INFO panoptikon::inferio::worker: 2026-09-16 20:21:46,208 [DEBUG] PIL.Image: Importing DdsImagePlugin worker=doctr
2026-09-16T18:21:46.209519Z  INFO panoptikon::inferio::worker: 2026-09-16 20:21:46,209 [DEBUG] PIL.Image: Importing EpsImagePlugin worker=doctr
2026-09-16T18:21:46.209792Z  INFO panoptikon::inferio::worker: 2026-09-16 20:21:46,209 [DEBUG] PIL.Image: Importing FitsImagePlugin worker=doctr
2026-09-16T18:21:46.209914Z  INFO panoptikon::inferio::worker: 2026-09-16 20:21:46,209 [DEBUG] PIL.Image: Importing FliImagePlugin worker=doctr
2026-09-16T18:21:46.210017Z  INFO panoptikon::inferio::worker: 2026-09-16 20:21:46,209 [DEBUG] PIL.Image: Importing FpxImagePlugin worker=doctr
2026-09-16T18:21:46.210182Z  INFO panoptikon::inferio::worker: 2026-09-16 20:21:46,210 [DEBUG] PIL.Image: Image: failed to import FpxImagePlugin: No module named 'olefile' worker=doctr
2026-09-16T18:21:46.210202Z  INFO panoptikon::inferio::worker: 2026-09-16 20:21:46,210 [DEBUG] PIL.Image: Importing FtexImagePlugin worker=doctr
2026-09-16T18:21:46.210334Z  INFO panoptikon::inferio::worker: 2026-09-16 20:21:46,210 [DEBUG] PIL.Image: Importing GbrImagePlugin worker=doctr
2026-09-16T18:21:46.210437Z  INFO panoptikon::inferio::worker: 2026-09-16 20:21:46,210 [DEBUG] PIL.Image: Importing GifImagePlugin worker=doctr
2026-09-16T18:21:46.210441Z  INFO panoptikon::inferio::worker: 2026-09-16 20:21:46,210 [DEBUG] PIL.Image: Importing GribStubImagePlugin worker=doctr
2026-09-16T18:21:46.210535Z  INFO panoptikon::inferio::worker: 2026-09-16 20:21:46,210 [DEBUG] PIL.Image: Importing Hdf5StubImagePlugin worker=doctr
2026-09-16T18:21:46.210623Z  INFO panoptikon::inferio::worker: 2026-09-16 20:21:46,210 [DEBUG] PIL.Image: Importing IcnsImagePlugin worker=doctr
2026-09-16T18:21:46.211063Z  INFO panoptikon::inferio::worker: 2026-09-16 20:21:46,211 [DEBUG] PIL.Image: Importing IcoImagePlugin worker=doctr
2026-09-16T18:21:46.211196Z  INFO panoptikon::inferio::worker: 2026-09-16 20:21:46,211 [DEBUG] PIL.Image: Importing ImImagePlugin worker=doctr
2026-09-16T18:21:46.211385Z  INFO panoptikon::inferio::worker: 2026-09-16 20:21:46,211 [DEBUG] PIL.Image: Importing ImtImagePlugin worker=doctr
2026-09-16T18:21:46.211524Z  INFO panoptikon::inferio::worker: 2026-09-16 20:21:46,211 [DEBUG] PIL.Image: Importing IptcImagePlugin worker=doctr
2026-09-16T18:21:46.211642Z  INFO panoptikon::inferio::worker: 2026-09-16 20:21:46,211 [DEBUG] PIL.Image: Importing JpegImagePlugin worker=doctr
2026-09-16T18:21:46.211648Z  INFO panoptikon::inferio::worker: 2026-09-16 20:21:46,211 [DEBUG] PIL.Image: Importing Jpeg2KImagePlugin worker=doctr
2026-09-16T18:21:46.211664Z  INFO panoptikon::inferio::worker: 2026-09-16 20:21:46,211 [DEBUG] PIL.Image: Importing McIdasImagePlugin worker=doctr
2026-09-16T18:21:46.211749Z  INFO panoptikon::inferio::worker: 2026-09-16 20:21:46,211 [DEBUG] PIL.Image: Importing MicImagePlugin worker=doctr
2026-09-16T18:21:46.211867Z  INFO panoptikon::inferio::worker: 2026-09-16 20:21:46,211 [DEBUG] PIL.Image: Image: failed to import MicImagePlugin: No module named 'olefile' worker=doctr
2026-09-16T18:21:46.211873Z  INFO panoptikon::inferio::worker: 2026-09-16 20:21:46,211 [DEBUG] PIL.Image: Importing MpegImagePlugin worker=doctr
2026-09-16T18:21:46.211974Z  INFO panoptikon::inferio::worker: 2026-09-16 20:21:46,211 [DEBUG] PIL.Image: Importing MpoImagePlugin worker=doctr
2026-09-16T18:21:46.212582Z  INFO panoptikon::inferio::worker: 2026-09-16 20:21:46,212 [DEBUG] PIL.Image: Importing MspImagePlugin worker=doctr
2026-09-16T18:21:46.212681Z  INFO panoptikon::inferio::worker: 2026-09-16 20:21:46,212 [DEBUG] PIL.Image: Importing PalmImagePlugin worker=doctr
2026-09-16T18:21:46.212956Z  INFO panoptikon::inferio::worker: 2026-09-16 20:21:46,212 [DEBUG] PIL.Image: Importing PcdImagePlugin worker=doctr
2026-09-16T18:21:46.213043Z  INFO panoptikon::inferio::worker: 2026-09-16 20:21:46,213 [DEBUG] PIL.Image: Importing PcxImagePlugin worker=doctr
2026-09-16T18:21:46.213048Z  INFO panoptikon::inferio::worker: 2026-09-16 20:21:46,213 [DEBUG] PIL.Image: Importing PdfImagePlugin worker=doctr
2026-09-16T18:21:46.214785Z  INFO panoptikon::inferio::worker: 2026-09-16 20:21:46,214 [DEBUG] PIL.Image: Importing PixarImagePlugin worker=doctr
2026-09-16T18:21:46.214879Z  INFO panoptikon::inferio::worker: 2026-09-16 20:21:46,214 [DEBUG] PIL.Image: Importing PngImagePlugin worker=doctr
2026-09-16T18:21:46.214885Z  INFO panoptikon::inferio::worker: 2026-09-16 20:21:46,214 [DEBUG] PIL.Image: Importing PpmImagePlugin worker=doctr
2026-09-16T18:21:46.214894Z  INFO panoptikon::inferio::worker: 2026-09-16 20:21:46,214 [DEBUG] PIL.Image: Importing PsdImagePlugin worker=doctr
2026-09-16T18:21:46.215021Z  INFO panoptikon::inferio::worker: 2026-09-16 20:21:46,215 [DEBUG] PIL.Image: Importing QoiImagePlugin worker=doctr
2026-09-16T18:21:46.215123Z  INFO panoptikon::inferio::worker: 2026-09-16 20:21:46,215 [DEBUG] PIL.Image: Importing SgiImagePlugin worker=doctr
2026-09-16T18:21:46.215238Z  INFO panoptikon::inferio::worker: 2026-09-16 20:21:46,215 [DEBUG] PIL.Image: Importing SpiderImagePlugin worker=doctr
2026-09-16T18:21:46.215354Z  INFO panoptikon::inferio::worker: 2026-09-16 20:21:46,215 [DEBUG] PIL.Image: Importing SunImagePlugin worker=doctr
2026-09-16T18:21:46.215438Z  INFO panoptikon::inferio::worker: 2026-09-16 20:21:46,215 [DEBUG] PIL.Image: Importing TgaImagePlugin worker=doctr
2026-09-16T18:21:46.215536Z  INFO panoptikon::inferio::worker: 2026-09-16 20:21:46,215 [DEBUG] PIL.Image: Importing TiffImagePlugin worker=doctr
2026-09-16T18:21:46.215542Z  INFO panoptikon::inferio::worker: 2026-09-16 20:21:46,215 [DEBUG] PIL.Image: Importing WebPImagePlugin worker=doctr
2026-09-16T18:21:46.221334Z  INFO panoptikon::inferio::worker: 2026-09-16 20:21:46,221 [DEBUG] PIL.Image: Importing WmfImagePlugin worker=doctr
2026-09-16T18:21:46.221455Z  INFO panoptikon::inferio::worker: 2026-09-16 20:21:46,221 [DEBUG] PIL.Image: Importing XbmImagePlugin worker=doctr
2026-09-16T18:21:46.221716Z  INFO panoptikon::inferio::worker: 2026-09-16 20:21:46,221 [DEBUG] PIL.Image: Importing XpmImagePlugin worker=doctr
2026-09-16T18:21:46.221868Z  INFO panoptikon::inferio::worker: 2026-09-16 20:21:46,221 [DEBUG] PIL.Image: Importing XVThumbImagePlugin worker=doctr
2026-09-16T18:21:47.978666Z DEBUG panoptikon::inferio::ledger: settled a granted window model=doctr/db_resnet50_crnn_mobilenet_v3_small gpu=GPU-MPS outcome="clean" fit_samples=3 throughput_samples=3 clamped_samples=0 clamped=none ramp_step=1 deflation=0 clean_windows=8 max_units_measured=8
2026-09-16T18:21:47.978697Z DEBUG panoptikon::inferio::ledger: issued a memory grant model=doctr/db_resnet50_crnn_mobilenet_v3_small gpu=GPU-MPS unit_budget=3 mb=105330 canvas_pixels=none share_mb=105330 room_mb=105330 headroom_mb=105330 external_mb=24718 reserve_mb=1024 reserve_rule="capped_default" pre_fit=true ramp_step=1 deflation=0 squeezed=false window_requests=9
2026-09-16T18:21:49.797017Z  INFO panoptikon::inferio::worker: 2026-09-16 20:21:49,796 [DEBUG] PIL.PngImagePlugin: STREAM b'IHDR' 16 13 worker=doctr
2026-09-16T18:21:49.797035Z  INFO panoptikon::inferio::worker: 2026-09-16 20:21:49,796 [DEBUG] PIL.PngImagePlugin: STREAM b'IDAT' 41 65536 worker=doctr
2026-09-16T18:21:50.701665Z DEBUG panoptikon::inferio::ledger: settled a granted window model=doctr/db_resnet50_crnn_mobilenet_v3_small gpu=GPU-MPS outcome="clean" fit_samples=3 throughput_samples=3 clamped_samples=0 clamped=none ramp_step=1 deflation=0 clean_windows=9 max_units_measured=8
2026-09-16T18:21:50.701695Z DEBUG panoptikon::inferio::ledger: issued a memory grant model=doctr/db_resnet50_crnn_mobilenet_v3_small gpu=GPU-MPS unit_budget=3 mb=105468 canvas_pixels=none share_mb=105468 room_mb=105468 headroom_mb=105468 external_mb=24580 reserve_mb=1024 reserve_rule="capped_default" pre_fit=true ramp_step=1 deflation=0 squeezed=false window_requests=8
2026-09-16T18:21:53.093593Z DEBUG panoptikon::inferio::ledger: settled a granted window model=doctr/db_resnet50_crnn_mobilenet_v3_small gpu=GPU-MPS outcome="clean" fit_samples=3 throughput_samples=2 clamped_samples=0 clamped=none ramp_step=1 deflation=0 clean_windows=10 max_units_measured=8
2026-09-16T18:21:53.093619Z DEBUG panoptikon::inferio::ledger: issued a memory grant model=doctr/db_resnet50_crnn_mobilenet_v3_small gpu=GPU-MPS unit_budget=3 mb=106864 canvas_pixels=none share_mb=106864 room_mb=106864 headroom_mb=106864 external_mb=23184 reserve_mb=1024 reserve_rule="capped_default" pre_fit=true ramp_step=1 deflation=0 squeezed=false window_requests=6
2026-09-16T18:21:55.783572Z DEBUG panoptikon::inferio::ledger: settled a granted window model=doctr/db_resnet50_crnn_mobilenet_v3_small gpu=GPU-MPS outcome="clean" fit_samples=3 throughput_samples=3 clamped_samples=0 clamped=none ramp_step=1 deflation=0 clean_windows=11 max_units_measured=8
2026-09-16T18:21:55.783602Z DEBUG panoptikon::inferio::ledger: issued a memory grant model=doctr/db_resnet50_crnn_mobilenet_v3_small gpu=GPU-MPS unit_budget=3 mb=106865 canvas_pixels=none share_mb=106865 room_mb=106865 headroom_mb=106865 external_mb=23183 reserve_mb=1024 reserve_rule="capped_default" pre_fit=true ramp_step=1 deflation=0 squeezed=false window_requests=9
2026-09-16T18:21:55.787409Z  INFO panoptikon::inferio::worker: 2026-09-16 20:21:55,787 [DEBUG] PIL.PngImagePlugin: STREAM b'IHDR' 16 13 worker=doctr
2026-09-16T18:21:55.787420Z  INFO panoptikon::inferio::worker: 2026-09-16 20:21:55,787 [DEBUG] PIL.PngImagePlugin: STREAM b'IDAT' 41 65536 worker=doctr
2026-09-16T18:21:55.796346Z  INFO panoptikon::inferio::worker: 2026-09-16 20:21:55,796 [DEBUG] PIL.PngImagePlugin: STREAM b'IHDR' 16 13 worker=doctr
2026-09-16T18:21:55.796353Z  INFO panoptikon::inferio::worker: 2026-09-16 20:21:55,796 [DEBUG] PIL.PngImagePlugin: STREAM b'IDAT' 41 65536 worker=doctr
2026-09-16T18:21:57.620185Z  INFO panoptikon::inferio::worker: 2026-09-16 20:21:57,620 [DEBUG] PIL.PngImagePlugin: STREAM b'IHDR' 16 13 worker=doctr
2026-09-16T18:21:57.620198Z  INFO panoptikon::inferio::worker: 2026-09-16 20:21:57,620 [DEBUG] PIL.PngImagePlugin: STREAM b'IDAT' 41 65536 worker=doctr
2026-09-16T18:21:58.561200Z DEBUG panoptikon::inferio::ledger: settled a granted window model=doctr/db_resnet50_crnn_mobilenet_v3_small gpu=GPU-MPS outcome="clean" fit_samples=3 throughput_samples=3 clamped_samples=0 clamped=none ramp_step=1 deflation=0 clean_windows=12 max_units_measured=8
2026-09-16T18:21:58.561233Z DEBUG panoptikon::inferio::ledger: issued a memory grant model=doctr/db_resnet50_crnn_mobilenet_v3_small gpu=GPU-MPS unit_budget=3 mb=106860 canvas_pixels=none share_mb=106860 room_mb=106860 headroom_mb=106860 external_mb=23188 reserve_mb=1024 reserve_rule="capped_default" pre_fit=true ramp_step=1 deflation=0 squeezed=false window_requests=9
2026-09-16T18:21:58.561954Z  INFO panoptikon::inferio::worker: 2026-09-16 20:21:58,561 [DEBUG] PIL.PngImagePlugin: STREAM b'IHDR' 16 13 worker=doctr
2026-09-16T18:21:58.561976Z  INFO panoptikon::inferio::worker: 2026-09-16 20:21:58,561 [DEBUG] PIL.PngImagePlugin: STREAM b'IDAT' 41 65536 worker=doctr
2026-09-16T18:22:01.329018Z DEBUG panoptikon::inferio::ledger: settled a granted window model=doctr/db_resnet50_crnn_mobilenet_v3_small gpu=GPU-MPS outcome="clean" fit_samples=3 throughput_samples=3 clamped_samples=0 clamped=none ramp_step=1 deflation=0 clean_windows=13 max_units_measured=8
2026-09-16T18:22:01.329046Z DEBUG panoptikon::inferio::ledger: issued a memory grant model=doctr/db_resnet50_crnn_mobilenet_v3_small gpu=GPU-MPS unit_budget=3 mb=106677 canvas_pixels=none share_mb=106677 room_mb=106677 headroom_mb=106677 external_mb=23371 reserve_mb=1024 reserve_rule="capped_default" pre_fit=true ramp_step=1 deflation=0 squeezed=false window_requests=7
2026-09-16T18:22:03.442819Z DEBUG panoptikon::inferio::ledger: settled a granted window model=doctr/db_resnet50_crnn_mobilenet_v3_small gpu=GPU-MPS outcome="clean" fit_samples=3 throughput_samples=2 clamped_samples=0 clamped=none ramp_step=1 deflation=0 clean_windows=14 max_units_measured=8
2026-09-16T18:22:03.442857Z DEBUG panoptikon::inferio::ledger: issued a memory grant model=doctr/db_resnet50_crnn_mobilenet_v3_small gpu=GPU-MPS unit_budget=3 mb=106671 canvas_pixels=none share_mb=106671 room_mb=106671 headroom_mb=106671 external_mb=23377 reserve_mb=1024 reserve_rule="capped_default" pre_fit=true ramp_step=1 deflation=0 squeezed=false window_requests=6
2026-09-16T18:22:04.354976Z  INFO panoptikon::inferio::worker: 2026-09-16 20:22:04,354 [DEBUG] PIL.PngImagePlugin: STREAM b'IHDR' 16 13 worker=doctr
2026-09-16T18:22:04.354992Z  INFO panoptikon::inferio::worker: 2026-09-16 20:22:04,354 [DEBUG] PIL.PngImagePlugin: STREAM b'IDAT' 41 65536 worker=doctr
2026-09-16T18:22:05.244981Z  INFO panoptikon::inferio::worker: 2026-09-16 20:22:05,244 [DEBUG] PIL.PngImagePlugin: STREAM b'IHDR' 16 13 worker=doctr
2026-09-16T18:22:05.245002Z  INFO panoptikon::inferio::worker: 2026-09-16 20:22:05,244 [DEBUG] PIL.PngImagePlugin: STREAM b'IDAT' 41 65536 worker=doctr
2026-09-16T18:22:06.149724Z DEBUG panoptikon::inferio::ledger: settled a granted window model=doctr/db_resnet50_crnn_mobilenet_v3_small gpu=GPU-MPS outcome="clean" fit_samples=3 throughput_samples=3 clamped_samples=0 clamped=none ramp_step=1 deflation=0 clean_windows=15 max_units_measured=8
2026-09-16T18:22:06.149756Z DEBUG panoptikon::inferio::ledger: issued a memory grant model=doctr/db_resnet50_crnn_mobilenet_v3_small gpu=GPU-MPS unit_budget=3 mb=106736 canvas_pixels=none share_mb=106736 room_mb=106736 headroom_mb=106736 external_mb=23312 reserve_mb=1024 reserve_rule="capped_default" pre_fit=true ramp_step=1 deflation=0 squeezed=false window_requests=7
2026-09-16T18:22:06.153289Z  INFO panoptikon::inferio::worker: 2026-09-16 20:22:06,153 [DEBUG] PIL.PngImagePlugin: STREAM b'IHDR' 16 13 worker=doctr
2026-09-16T18:22:06.153299Z  INFO panoptikon::inferio::worker: 2026-09-16 20:22:06,153 [DEBUG] PIL.PngImagePlugin: STREAM b'IDAT' 41 65536 worker=doctr
2026-09-16T18:22:07.049606Z  INFO panoptikon::inferio::worker: 2026-09-16 20:22:07,049 [DEBUG] PIL.PngImagePlugin: STREAM b'IHDR' 16 13 worker=doctr
2026-09-16T18:22:07.049622Z  INFO panoptikon::inferio::worker: 2026-09-16 20:22:07,049 [DEBUG] PIL.PngImagePlugin: STREAM b'IDAT' 41 65536 worker=doctr
2026-09-16T18:22:07.058911Z  INFO panoptikon::inferio::worker: 2026-09-16 20:22:07,058 [DEBUG] PIL.PngImagePlugin: STREAM b'IHDR' 16 13 worker=doctr
2026-09-16T18:22:07.058919Z  INFO panoptikon::inferio::worker: 2026-09-16 20:22:07,058 [DEBUG] PIL.PngImagePlugin: STREAM b'IDAT' 41 65536 worker=doctr
2026-09-16T18:22:07.946859Z  INFO panoptikon::inferio::worker: 2026-09-16 20:22:07,946 [DEBUG] PIL.PngImagePlugin: STREAM b'IHDR' 16 13 worker=doctr
2026-09-16T18:22:07.946876Z  INFO panoptikon::inferio::worker: 2026-09-16 20:22:07,946 [DEBUG] PIL.PngImagePlugin: STREAM b'IDAT' 41 65536 worker=doctr
2026-09-16T18:22:08.275027Z DEBUG panoptikon::inferio::ledger: settled a granted window model=doctr/db_resnet50_crnn_mobilenet_v3_small gpu=GPU-MPS outcome="clean" fit_samples=3 throughput_samples=2 clamped_samples=0 clamped=none ramp_step=1 deflation=0 clean_windows=16 max_units_measured=8
2026-09-16T18:22:08.275056Z DEBUG panoptikon::inferio::ledger: issued a memory grant model=doctr/db_resnet50_crnn_mobilenet_v3_small gpu=GPU-MPS unit_budget=3 mb=106775 canvas_pixels=none share_mb=106775 room_mb=106775 headroom_mb=106775 external_mb=23273 reserve_mb=1024 reserve_rule="capped_default" pre_fit=true ramp_step=1 deflation=0 squeezed=false window_requests=6
2026-09-16T18:22:09.262905Z  INFO panoptikon::inferio::worker: 2026-09-16 20:22:09,262 [DEBUG] PIL.PngImagePlugin: STREAM b'IHDR' 16 13 worker=doctr
2026-09-16T18:22:09.262924Z  INFO panoptikon::inferio::worker: 2026-09-16 20:22:09,262 [DEBUG] PIL.PngImagePlugin: STREAM b'IDAT' 41 65536 worker=doctr
2026-09-16T18:22:09.271305Z  INFO panoptikon::inferio::worker: 2026-09-16 20:22:09,271 [DEBUG] PIL.PngImagePlugin: STREAM b'IHDR' 16 13 worker=doctr
2026-09-16T18:22:09.271313Z  INFO panoptikon::inferio::worker: 2026-09-16 20:22:09,271 [DEBUG] PIL.PngImagePlugin: STREAM b'IDAT' 41 65536 worker=doctr
2026-09-16T18:22:10.187432Z  INFO panoptikon::inferio::worker: 2026-09-16 20:22:10,187 [DEBUG] PIL.PngImagePlugin: STREAM b'IHDR' 16 13 worker=doctr
2026-09-16T18:22:10.187448Z  INFO panoptikon::inferio::worker: 2026-09-16 20:22:10,187 [DEBUG] PIL.PngImagePlugin: STREAM b'IDAT' 41 65536 worker=doctr
2026-09-16T18:22:11.120487Z DEBUG panoptikon::inferio::ledger: declining to fit a throughput knee: this knee last expired and was widened, and the ring has not yet seen enough of the wider size to put it back bucket=1 observed_floor=1 observed_top=3 anchor=8 observations=45
2026-09-16T18:22:11.120505Z  INFO panoptikon::inferio::ledger: this model has run cleanly at its throughput knee for long enough, with memory to spare, that the knee is worth re-testing; widening the cap by one batch-size step. A knee is a brake, not a ceiling: if the curve really does flatten here, the next fit from honest samples puts it back model=doctr/db_resnet50_crnn_mobilenet_v3_small gpu=GPU-MPS knee_units_before=3 knee_units_after=7 clean_windows_at_the_knee=12 last_grant_units=3
2026-09-16T18:22:11.120515Z DEBUG panoptikon::inferio::ledger: settled a granted window model=doctr/db_resnet50_crnn_mobilenet_v3_small gpu=GPU-MPS outcome="clean" fit_samples=3 throughput_samples=3 clamped_samples=0 clamped=none ramp_step=1 deflation=0 clean_windows=17 max_units_measured=8
2026-09-16T18:22:11.120542Z DEBUG panoptikon::inferio::ledger: issued a memory grant model=doctr/db_resnet50_crnn_mobilenet_v3_small gpu=GPU-MPS unit_budget=7 mb=106867 canvas_pixels=none share_mb=106867 room_mb=106867 headroom_mb=106867 external_mb=23181 reserve_mb=1024 reserve_rule="capped_default" pre_fit=true ramp_step=1 deflation=0 squeezed=false window_requests=21
2026-09-16T18:22:11.122409Z  INFO panoptikon::inferio::worker: 2026-09-16 20:22:11,122 [DEBUG] PIL.PngImagePlugin: STREAM b'IHDR' 16 13 worker=doctr
2026-09-16T18:22:11.122431Z  INFO panoptikon::inferio::worker: 2026-09-16 20:22:11,122 [DEBUG] PIL.PngImagePlugin: STREAM b'IDAT' 41 65536 worker=doctr
2026-09-16T18:22:11.131745Z  INFO panoptikon::inferio::worker: 2026-09-16 20:22:11,131 [DEBUG] PIL.PngImagePlugin: STREAM b'IHDR' 16 13 worker=doctr
2026-09-16T18:22:11.131760Z  INFO panoptikon::inferio::worker: 2026-09-16 20:22:11,131 [DEBUG] PIL.PngImagePlugin: STREAM b'IDAT' 41 65536 worker=doctr
2026-09-16T18:22:11.141164Z  INFO panoptikon::inferio::worker: 2026-09-16 20:22:11,141 [DEBUG] PIL.PngImagePlugin: STREAM b'IHDR' 16 13 worker=doctr
2026-09-16T18:22:11.141183Z  INFO panoptikon::inferio::worker: 2026-09-16 20:22:11,141 [DEBUG] PIL.PngImagePlugin: STREAM b'IDAT' 41 65536 worker=doctr
2026-09-16T18:22:15.369784Z  INFO panoptikon::inferio::worker: 2026-09-16 20:22:15,369 [DEBUG] PIL.PngImagePlugin: STREAM b'IHDR' 16 13 worker=doctr
2026-09-16T18:22:15.369811Z  INFO panoptikon::inferio::worker: 2026-09-16 20:22:15,369 [DEBUG] PIL.PngImagePlugin: STREAM b'IDAT' 41 65536 worker=doctr
2026-09-16T18:22:15.378730Z  INFO panoptikon::inferio::worker: 2026-09-16 20:22:15,378 [DEBUG] PIL.PngImagePlugin: STREAM b'IHDR' 16 13 worker=doctr
2026-09-16T18:22:15.378738Z  INFO panoptikon::inferio::worker: 2026-09-16 20:22:15,378 [DEBUG] PIL.PngImagePlugin: STREAM b'IDAT' 41 65536 worker=doctr
2026-09-16T18:22:17.479071Z DEBUG panoptikon::inferio::ledger: fitted a throughput knee; batches larger than this are no longer admitted however much memory is free model=doctr/db_resnet50_crnn_mobilenet_v3_small gpu=GPU-MPS knee_units=3 previous=Some(7) observations=48
2026-09-16T18:22:17.479094Z DEBUG panoptikon::inferio::ledger: settled a granted window model=doctr/db_resnet50_crnn_mobilenet_v3_small gpu=GPU-MPS outcome="clean" fit_samples=3 throughput_samples=3 clamped_samples=0 clamped=none ramp_step=1 deflation=0 clean_windows=18 max_units_measured=8
2026-09-16T18:22:17.481949Z DEBUG panoptikon::inferio::ledger: issued a memory grant model=doctr/db_resnet50_crnn_mobilenet_v3_small gpu=GPU-MPS unit_budget=3 mb=106522 canvas_pixels=none share_mb=106522 room_mb=106522 headroom_mb=106522 external_mb=23526 reserve_mb=1024 reserve_rule="capped_default" pre_fit=true ramp_step=1 deflation=0 squeezed=false window_requests=3
2026-09-16T18:22:19.352113Z DEBUG panoptikon::inferio::ledger: settled a granted window model=doctr/db_resnet50_crnn_mobilenet_v3_small gpu=GPU-MPS outcome="clean" fit_samples=2 throughput_samples=2 clamped_samples=0 clamped=none ramp_step=1 deflation=0 clean_windows=19 max_units_measured=8
2026-09-16T18:22:19.354521Z  INFO panoptikon::jobs::extraction: extraction job phase timing data_load_busy_secs=0.407639209 data_load_work_secs=2.0084512919999997 inference_busy_secs=58.675881459 inference_work_secs=5379.803301791004
2026-09-16T18:22:19.355741Z  INFO Actor{[3mid[0m[2m=[0m"0.5" [3mname[0m[2m=[0m"job-runner"}: panoptikon::jobs::queue: scheduling deferred database maintenance index_db="cal" queue_id=5 owed=wrote_data
2026-09-16T18:22:19.355749Z  INFO Actor{[3mid[0m[2m=[0m"0.5" [3mname[0m[2m=[0m"job-runner"}: panoptikon::jobs::queue: unloading batch model at job boundary setter=doctr/db_resnet50_crnn_mobilenet_v3_small
2026-09-16T18:22:19.355917Z DEBUG panoptikon::inferio::manager: unload requested model=doctr/db_resnet50_crnn_mobilenet_v3_small cache_key=batch
2026-09-16T18:22:19.355926Z DEBUG panoptikon::inferio::manager: unloading model model=doctr/db_resnet50_crnn_mobilenet_v3_small
2026-09-16T18:22:19.356504Z  INFO panoptikon::inferio::worker: 2026-09-16 20:22:19,356 [INFO] inferio_worker: Unloaded; exiting. worker=doctr
2026-09-16T18:22:20.781178Z DEBUG panoptikon::inferio::manager: resolved cost dimension model=whisper/tiny unit="none" epoch=1 priced=false degraded=false
2026-09-16T18:22:20.781850Z DEBUG panoptikon::inferio::worker: spawned an inferio worker worker=faster_whisper inference_id="whisper/tiny" pid=Some(33171)
2026-09-16T18:22:21.484793Z  INFO panoptikon::inferio::worker: 2026-09-16 20:22:21,484 [INFO] inferio_worker: Resolved impl class faster_whisper to /Users/moot/projects/panoptikon-pr27/python/inferio/impl/whisper.py worker=faster_whisper
2026-09-16T18:22:21.484828Z  INFO panoptikon::inferio::worker: 2026-09-16 20:22:21,484 [INFO] inferio_worker: Handshake ok for impl class faster_whisper worker=faster_whisper
2026-09-16T18:22:21.484925Z  INFO panoptikon::inferio::worker: 2026-09-16 20:22:21,484 [INFO] inferio_worker: Configured as whisper/tiny worker=faster_whisper
2026-09-16T18:22:21.485161Z  INFO panoptikon::inferio::worker: 2026-09-16 20:22:21,485 [DEBUG] inferio_worker.memory: NVML init failed (NVML Shared Library Not Found) worker=faster_whisper
2026-09-16T18:22:21.941863Z  INFO panoptikon::inferio::worker: 2026-09-16 20:22:21,941 [INFO] inferio.impl.utils: CT2 compute type 'float16' unsupported on cpu; using 'float32'. worker=faster_whisper
2026-09-16T18:22:21.943313Z  INFO panoptikon::inferio::worker: 2026-09-16 20:22:21,943 [DEBUG] urllib3.connectionpool: Starting new HTTPS connection (1): huggingface.co:443 worker=faster_whisper
2026-09-16T18:22:22.111554Z  INFO panoptikon::inferio::worker: 2026-09-16 20:22:22,111 [DEBUG] urllib3.connectionpool: https://huggingface.co:443 "GET /api/models/Systran/faster-whisper-tiny/revision/main HTTP/1.1" 200 None worker=faster_whisper
2026-09-16T18:22:22.223625Z DEBUG panoptikon::inferio::worker: worker reported its load footprint worker=whisper/tiny gpu_name="Apple M3 Max (128 GB)" gpu_arch="apple-m3" gpu_total_mb=110100 torch="2.7.1"
2026-09-16T18:22:22.223641Z DEBUG panoptikon::inferio::manager: replica loaded model=whisper/tiny replica=0 device="<unpinned>"
2026-09-16T18:22:22.240447Z DEBUG panoptikon::inferio::http: processing local inference predict model=whisper/tiny inputs=1
2026-09-16T18:22:22.241014Z DEBUG panoptikon::inferio::http: processing local inference predict model=whisper/tiny inputs=1
2026-09-16T18:22:22.241049Z DEBUG panoptikon::inferio::http: processing local inference predict model=whisper/tiny inputs=1
2026-09-16T18:22:22.241720Z  INFO panoptikon::inferio::worker: 2026-09-16 20:22:22,241 [INFO] faster_whisper: Processing audio with duration 00:10.000 worker=faster_whisper
2026-09-16T18:22:22.247496Z DEBUG panoptikon::inferio::http: processing local inference predict model=whisper/tiny inputs=1
2026-09-16T18:22:22.248620Z DEBUG panoptikon::inferio::http: processing local inference predict model=whisper/tiny inputs=1
2026-09-16T18:22:22.312757Z  INFO panoptikon::inferio::worker: 2026-09-16 20:22:22,312 [INFO] faster_whisper: Detected language 'en' with probability 0.22 worker=faster_whisper
2026-09-16T18:22:22.313894Z  INFO panoptikon::inferio::worker: 2026-09-16 20:22:22,313 [DEBUG] faster_whisper: Processing segment at 00:00.000 worker=faster_whisper
2026-09-16T18:22:22.427411Z  INFO panoptikon::inferio::worker: 2026-09-16 20:22:22,427 [DEBUG] faster_whisper: Log probability threshold is not met with temperature 0.0 (-1.126615 < -1.000000) worker=faster_whisper
2026-09-16T18:22:22.427426Z  INFO panoptikon::inferio::worker: 2026-09-16 20:22:22,427 [DEBUG] faster_whisper: No speech threshold is met (0.755838 > 0.600000) worker=faster_whisper
2026-09-16T18:22:22.431009Z  INFO panoptikon::inferio::worker: 2026-09-16 20:22:22,430 [INFO] faster_whisper: Processing audio with duration 00:10.000 worker=faster_whisper
2026-09-16T18:22:22.495698Z  INFO panoptikon::inferio::worker: 2026-09-16 20:22:22,495 [INFO] faster_whisper: Detected language 'en' with probability 0.27 worker=faster_whisper
2026-09-16T18:22:22.496120Z  INFO panoptikon::inferio::worker: 2026-09-16 20:22:22,496 [INFO] faster_whisper: Processing audio with duration 00:10.000 worker=faster_whisper
2026-09-16T18:22:22.562966Z  INFO panoptikon::inferio::worker: 2026-09-16 20:22:22,562 [INFO] faster_whisper: Detected language 'en' with probability 0.27 worker=faster_whisper
2026-09-16T18:22:22.563402Z  INFO panoptikon::inferio::worker: 2026-09-16 20:22:22,563 [INFO] faster_whisper: Processing audio with duration 00:30.000 worker=faster_whisper
2026-09-16T18:22:22.632537Z  INFO panoptikon::inferio::worker: 2026-09-16 20:22:22,632 [INFO] faster_whisper: Detected language 'en' with probability 0.26 worker=faster_whisper
2026-09-16T18:22:22.632961Z  INFO panoptikon::inferio::worker: 2026-09-16 20:22:22,632 [INFO] faster_whisper: Processing audio with duration 00:30.000 worker=faster_whisper
2026-09-16T18:22:22.702469Z  INFO panoptikon::inferio::worker: 2026-09-16 20:22:22,702 [INFO] faster_whisper: Detected language 'jw' with probability 0.20 worker=faster_whisper
2026-09-16T18:22:22.703129Z  INFO panoptikon::inferio::worker: 2026-09-16 20:22:22,703 [DEBUG] faster_whisper: Processing segment at 00:00.000 worker=faster_whisper
2026-09-16T18:22:22.815651Z  INFO panoptikon::inferio::worker: 2026-09-16 20:22:22,815 [DEBUG] faster_whisper: Log probability threshold is not met with temperature 0.0 (-1.085813 < -1.000000) worker=faster_whisper
2026-09-16T18:22:22.815668Z  INFO panoptikon::inferio::worker: 2026-09-16 20:22:22,815 [DEBUG] faster_whisper: No speech threshold is met (0.835394 > 0.600000) worker=faster_whisper
2026-09-16T18:22:22.815820Z  INFO panoptikon::inferio::worker: 2026-09-16 20:22:22,815 [DEBUG] faster_whisper: Processing segment at 00:00.000 worker=faster_whisper
2026-09-16T18:22:22.925051Z  INFO panoptikon::inferio::worker: 2026-09-16 20:22:22,924 [DEBUG] faster_whisper: Log probability threshold is not met with temperature 0.0 (-1.372912 < -1.000000) worker=faster_whisper
2026-09-16T18:22:22.925066Z  INFO panoptikon::inferio::worker: 2026-09-16 20:22:22,925 [DEBUG] faster_whisper: No speech threshold is met (0.838542 > 0.600000) worker=faster_whisper
2026-09-16T18:22:22.925113Z  INFO panoptikon::inferio::worker: 2026-09-16 20:22:22,925 [DEBUG] faster_whisper: Processing segment at 00:00.000 worker=faster_whisper
2026-09-16T18:22:23.061782Z  INFO panoptikon::inferio::worker: 2026-09-16 20:22:23,061 [DEBUG] faster_whisper: Log probability threshold is not met with temperature 0.0 (-1.414197 < -1.000000) worker=faster_whisper
2026-09-16T18:22:23.061795Z  INFO panoptikon::inferio::worker: 2026-09-16 20:22:23,061 [DEBUG] faster_whisper: No speech threshold is met (0.934365 > 0.600000) worker=faster_whisper
2026-09-16T18:22:23.061839Z  INFO panoptikon::inferio::worker: 2026-09-16 20:22:23,061 [DEBUG] faster_whisper: Processing segment at 00:00.000 worker=faster_whisper
2026-09-16T18:22:23.573664Z  INFO panoptikon::inferio::worker: 2026-09-16 20:22:23,573 [DEBUG] faster_whisper: Compression ratio threshold is not met with temperature 0.0 (3.507042 > 2.400000) worker=faster_whisper
2026-09-16T18:22:24.865978Z  INFO panoptikon::inferio::worker: 2026-09-16 20:22:24,865 [DEBUG] faster_whisper: Compression ratio threshold is not met with temperature 0.2 (13.225352 > 2.400000) worker=faster_whisper
2026-09-16T18:22:25.904656Z  INFO panoptikon::inferio::worker: 2026-09-16 20:22:25,904 [DEBUG] faster_whisper: Compression ratio threshold is not met with temperature 0.4 (22.857143 > 2.400000) worker=faster_whisper
2026-09-16T18:22:26.765958Z  INFO panoptikon::inferio::worker: 2026-09-16 20:22:26,765 [DEBUG] faster_whisper: Compression ratio threshold is not met with temperature 0.6 (25.538462 > 2.400000) worker=faster_whisper
2026-09-16T18:22:27.246238Z  INFO panoptikon::inferio::worker: 2026-09-16 20:22:27,246 [DEBUG] faster_whisper: Log probability threshold is not met with temperature 0.8 (-2.820180 < -1.000000) worker=faster_whisper
2026-09-16T18:22:27.246261Z  INFO panoptikon::inferio::worker: 2026-09-16 20:22:27,246 [DEBUG] faster_whisper: No speech threshold is met (0.792126 > 0.600000) worker=faster_whisper
2026-09-16T18:22:27.249224Z  INFO panoptikon::jobs::extraction: extraction job phase timing data_load_busy_secs=0.019925583 data_load_work_secs=0.081074374 inference_busy_secs=5.007311125 inference_work_secs=20.205036166
2026-09-16T18:22:27.250712Z  INFO Actor{[3mid[0m[2m=[0m"0.5" [3mname[0m[2m=[0m"job-runner"}: panoptikon::jobs::queue: scheduling deferred database maintenance index_db="cal" queue_id=7 owed=wrote_data
2026-09-16T18:22:27.250720Z  INFO Actor{[3mid[0m[2m=[0m"0.5" [3mname[0m[2m=[0m"job-runner"}: panoptikon::jobs::queue: unloading batch model at job boundary setter=whisper/tiny
2026-09-16T18:22:27.250881Z DEBUG panoptikon::inferio::manager: unload requested model=whisper/tiny cache_key=batch
2026-09-16T18:22:27.250891Z DEBUG panoptikon::inferio::manager: unloading model model=whisper/tiny
2026-09-16T18:22:27.253263Z  INFO panoptikon::inferio::worker: 2026-09-16 20:22:27,253 [INFO] inferio_worker: Unloaded; exiting. worker=faster_whisper
2026-09-16T18:22:28.839625Z  INFO panoptikon::jobs::extraction: no items to process inference_id="textembed/all-MiniLM-L6-v2"
2026-09-16T18:23:10.901929Z  INFO panoptikon::shutdown: shutdown signal received; stopping gracefully (repeat the signal to force exit)
2026-09-16T18:23:10.905661Z  INFO panoptikon::shutdown: index DB writers drained writers=2
2026-09-16T18:23:10.906080Z  INFO panoptikon::shutdown: local inference workers stopped
2026-09-16T18:23:10.906124Z  INFO panoptikon::shutdown: background work stopped cleanly
2026-09-16T18:23:10.906372Z  INFO panoptikon: gateway stopped
