{
 "schema": "legs/1",
 "scenario": "S5",
 "note": "OOM backstop: a fault-injection fixture, whose failures must be absorbed without losing the job",
 "directory": "Q:\\projects\\panoptikon-pr27\\.win\\run4\\legs\\r4-S5-failbatch_oomtext\\S5",
 "platform": {
  "system": "Windows",
  "release": "11",
  "machine": "AMD64",
  "python": "3.12.9"
 },
 "bin": "Q:\\projects\\panoptikon-pr27\\target\\release\\panoptikon.exe",
 "config": "Q:\\projects\\panoptikon-pr27\\tools\\calibration-protocol\\config\\server-C1win.toml",
 "env_file": "Q:\\projects\\panoptikon-pr27\\tools\\calibration-protocol\\config\\env.C1win",
 "dotenv": null,
 "base_url": "http://127.0.0.1:6382",
 "legacy_port": null,
 "endpoints": [
  {
   "name": "test",
   "port": 6383
  },
  {
   "name": "legacy_ui",
   "port": 6379
  }
 ],
 "model": "calibfixture/failbatch_oomtext_cuda",
 "models": [
  "calibfixture/failbatch_oomtext_cuda"
 ],
 "scan_audio": false,
 "corpus": "Q:\\projects\\panoptikon-pr27\\.win\\results\\corpus\\smoke",
 "gpu_total_mb": 32607,
 "gpu_total_mb_source": "--gpu-total-mb",
 "hog": null,
 "hog_events": [],
 "floor_bound": [],
 "checks": "all",
 "learning": false,
 "preconditions": [
  "run fixtures/install-fixtures.sh first, or point the gateway's config_dirs/impl_dirs at fixtures/registry and fixtures/impls",
  "record which classifier tier fired on every OOM (`oom_class.source`); on ROCm and MPS a missing message pattern means NO DEFLATION AT ALL (run2 report \u00a710)"
 ],
 "analyze_command": [
  "Q:\\projects\\panoptikon-pr27\\python\\.venv\\Scripts\\python.exe",
  "Q:\\projects\\panoptikon-pr27\\tools\\calibration-protocol\\analyze.py",
  "--scenario",
  "Q:\\projects\\panoptikon-pr27\\.win\\run4\\legs\\r4-S5-failbatch_oomtext\\S5",
  "--checks",
  "all",
  "--expect-ooms",
  "1",
  "--json",
  "Q:\\projects\\panoptikon-pr27\\.win\\run4\\legs\\r4-S5-failbatch_oomtext\\S5\\verdicts.json"
 ]
}
PRECONDITION: run fixtures/install-fixtures.sh first, or point the gateway's config_dirs/impl_dirs at fixtures/registry and fixtures/impls
PRECONDITION: record which classifier tier fired on every OOM (`oom_class.source`); on ROCm and MPS a missing message pattern means NO DEFLATION AT ALL (run2 report ┬º10)
[2026-09-16T20:26:03.812Z] vramrec_started
[2026-09-16T20:26:03.816Z] healthrec_started
[2026-09-16T20:26:03.818Z] gateway_started {"child": "gateway", "pid": 46900, "argv": ["Q:\\projects\\panoptikon-pr27\\target\\release\\panoptikon.exe", "--config", "Q:\\projects\\panoptikon-pr27\\tools\\calibration-protocol\\config\\server-C1win.toml", "--root", "Q:\\projects\\panoptikon-pr27\\.win\\run4\\legs\\r4-S5-failbatch_oomtext\\S5\\root", "--disable-update-check"]}
[2026-09-16T20:26:04.853Z] gateway_ready
[2026-09-16T20:26:04.969Z] rescan_start {"corpus": "Q:\\projects\\panoptikon-pr27\\.win\\results\\corpus\\smoke", "index_db": "cal", "scan_audio": false}
[2026-09-16T20:26:07.037Z] rescan_done {"indexed_files": 180, "index_db": "cal"}
[2026-09-16T20:26:07.037Z] job_start {"model": "calibfixture/failbatch_oomtext_cuda", "tag": "", "index_db": "cal"}
[2026-09-16T20:26:07.060Z] job_posted {"http_status": 202}
[2026-09-16T20:27:13.528Z] job_end {"outcome": "drained"}
[2026-09-16T20:27:13.575Z] settling {"seconds": 40.0}
[2026-09-16T20:27:54.180Z] processes_stopped {"gateway": "CTRL_BREAK, rc=0", "healthrec": "CTRL_BREAK, rc=0", "vramrec": "CTRL_BREAK, rc=0"}

DONE Q:\projects\panoptikon-pr27\.win\run4\legs\r4-S5-failbatch_oomtext\S5  outcome=drained
analyze with:
  Q:\projects\panoptikon-pr27\python\.venv\Scripts\python.exe Q:\projects\panoptikon-pr27\tools\calibration-protocol\analyze.py --scenario Q:\projects\panoptikon-pr27\.win\run4\legs\r4-S5-failbatch_oomtext\S5 --checks all --expect-ooms 1 --json Q:\projects\panoptikon-pr27\.win\run4\legs\r4-S5-failbatch_oomtext\S5\verdicts.json
