=== fband002 start 2026-09-17T06:24:14+00:00
QUIET after 0s  load=3.17  (sglang steady: 23.3 21.4 )
--- free -m BEFORE
               total        used        free      shared  buff/cache   available
Mem:          128649       29640       10060        1789       92907       99008
Swap:              0           0           0
--- uptime BEFORE
 06:24:14 up 5 days,  1:03,  5 users,  load average: 3.17, 12.74, 14.04
{
 "schema": "legs/1",
 "scenario": "S2",
 "note": "N1-fix quiet-box leg fband002",
 "directory": "/home/admin/tmp-vkg/legs/fband002/S2",
 "platform": {
  "system": "Linux",
  "release": "6.12.73-1-lts",
  "machine": "x86_64",
  "python": "3.14.7"
 },
 "bin": "/home/admin/projects/panoptikon-wt/verify-kneegate/target/release/panoptikon",
 "config": "/home/admin/tmp-vkg/legs-config/server-BAND.toml",
 "gateway_config": "/home/admin/tmp-vkg/legs/fband002/S2/server-BAND.toml",
 "inference_python": "/home/admin/projects/panoptikon-wt/final-deploy/pyenv/.venv/bin/python",
 "inference_python_source": "--python",
 "device_env": {
  "CUDA_VISIBLE_DEVICES": ""
 },
 "env_file": "/home/admin/tmp-vkg/legs-config/env.BAND",
 "dotenv": null,
 "base_url": "http://127.0.0.1:6922",
 "bound_ports": {
  "gateway": 6922,
  "test": 6923,
  "legacy_ui": 6919
 },
 "legacy_port": null,
 "endpoints": [
  {
   "name": "test",
   "port": 6923
  },
  {
   "name": "legacy_ui",
   "port": 6919
  }
 ],
 "model": "tags/wd-vit-tagger-v3",
 "models": [
  "tags/wd-vit-tagger-v3"
 ],
 "scan_audio": false,
 "corpus": "/home/admin/tmp-final-deploy/corpus/ramp",
 "gpu_total_mb": 128649,
 "gpu_total_mb_source": "--gpu-total-mb",
 "hog": null,
 "hog_events": [],
 "floor_bound": [],
 "checks": "all",
 "learning": true,
 "preconditions": [
  "the GPU is idle (stop any other tenant)",
  "no calibration.toml is seeded: the ramp must start from the seed",
  "run ceiling_probe.py for the same model first, and pass its --probe/bisect files to analyze.py"
 ],
 "analyze_command": [
  "/home/admin/projects/panoptikon-wt/final-deploy/pyenv/.venv/bin/python",
  "/home/admin/projects/panoptikon-wt/verify-kneegate/tools/calibration-protocol/analyze.py",
  "--scenario",
  "/home/admin/tmp-vkg/legs/fband002/S2",
  "--checks",
  "all",
  "--learning",
  "--json",
  "/home/admin/tmp-vkg/legs/fband002/S2/verdicts.json"
 ]
}
PRECONDITION: the GPU is idle (stop any other tenant)
PRECONDITION: no calibration.toml is seeded: the ramp must start from the seed
PRECONDITION: run ceiling_probe.py for the same model first, and pass its --probe/bisect files to analyze.py
[2026-09-17T06:24:17.862Z] inference_python {"python": "/home/admin/projects/panoptikon-wt/final-deploy/pyenv/.venv/bin/python", "source": "--python", "config": "/home/admin/tmp-vkg/legs/fband002/S2/server-BAND.toml"}
[2026-09-17T06:24:17.897Z] vramrec_started
[2026-09-17T06:24:17.897Z] healthrec_started
[2026-09-17T06:24:17.898Z] gateway_started {"child": "gateway", "pid": 1001972, "argv": ["/home/admin/projects/panoptikon-wt/verify-kneegate/target/release/panoptikon", "--config", "/home/admin/tmp-vkg/legs/fband002/S2/server-BAND.toml", "--root", "/home/admin/tmp-vkg/legs/fband002/S2/root", "--disable-update-check"]}
[2026-09-17T06:24:18.917Z] gateway_ready
[2026-09-17T06:24:19.044Z] rescan_start {"corpus": "/home/admin/tmp-final-deploy/corpus/ramp", "index_db": "cal", "scan_audio": false}
[2026-09-17T06:24:35.061Z] rescan_done {"indexed_files": 2000, "index_db": "cal"}
[2026-09-17T06:24:35.062Z] job_start {"model": "tags/wd-vit-tagger-v3", "tag": "", "index_db": "cal"}
[2026-09-17T06:24:35.160Z] job_posted {"http_status": 202}
[2026-09-17T06:30:43.410Z] job_end {"outcome": "drained"}
[2026-09-17T06:30:43.418Z] job_items {"model": "tags/wd-vit-tagger-v3", "items": 2000}
[2026-09-17T06:30:43.420Z] settling {"seconds": 40.0}
[2026-09-17T06:31:24.023Z] processes_stopped {"gateway": "SIGTERM, rc=0", "healthrec": "SIGTERM, rc=0", "vramrec": "SIGTERM, rc=0"}

DONE /home/admin/tmp-vkg/legs/fband002/S2  outcome=drained
analyze with:
  /home/admin/projects/panoptikon-wt/final-deploy/pyenv/.venv/bin/python /home/admin/projects/panoptikon-wt/verify-kneegate/tools/calibration-protocol/analyze.py --scenario /home/admin/tmp-vkg/legs/fband002/S2 --checks all --learning --json /home/admin/tmp-vkg/legs/fband002/S2/verdicts.json
--- legs.py exit=0
--- free -m AFTER
               total        used        free      shared  buff/cache   available
Mem:          128649       29554       10152        1789       92902       99095
Swap:              0           0           0
--- uptime AFTER
 06:31:24 up 5 days,  1:10,  5 users,  load average: 10.18, 15.31, 15.14
=== fband002 done 2026-09-17T06:31:24+00:00
