{
 "schema": "legs/1",
 "scenario": "S2",
 "note": "cold ramp on an idle GPU: empty store, the ramp corpus",
 "directory": "Q:\\projects\\panoptikon-pr27\\.win\\final\\legs\\f-wdvit-S2\\S2",
 "platform": {
  "system": "Windows",
  "release": "11",
  "machine": "AMD64",
  "python": "3.12.9"
 },
 "bin": "Q:\\projects\\panoptikon-pr27\\target\\release\\panoptikon.exe",
 "config": "Q:\\projects\\panoptikon-pr27\\tools\\calibration-protocol\\config\\server-C1win-g1.toml",
 "gateway_config": "Q:\\projects\\panoptikon-pr27\\tools\\calibration-protocol\\config\\server-C1win-g1.toml",
 "inference_python": "Q:/projects/panoptikon-pr27/python/.venv/Scripts/python.exe",
 "inference_python_source": "config",
 "device_env": {
  "CUDA_VISIBLE_DEVICES": "GPU-c77d0f94-a65c-d89c-7b73-16c446d242c4"
 },
 "env_file": "Q:\\projects\\panoptikon-pr27\\tools\\calibration-protocol\\config\\env.C1win-g1",
 "dotenv": null,
 "base_url": "http://127.0.0.1:6382",
 "legacy_port": null,
 "endpoints": [
  {
   "name": "test",
   "port": 6383
  },
  {
   "name": "legacy_ui",
   "port": 6379
  }
 ],
 "model": "tags/wd-vit-tagger-v3",
 "models": [
  "tags/wd-vit-tagger-v3"
 ],
 "scan_audio": false,
 "corpus": "Q:\\projects\\panoptikon-pr27\\.win\\results\\corpus\\ramp",
 "gpu_total_mb": 32607,
 "gpu_total_mb_source": "--gpu-total-mb",
 "hog": null,
 "hog_events": [],
 "floor_bound": [],
 "checks": "all",
 "learning": true,
 "preconditions": [
  "the GPU is idle (stop any other tenant)",
  "no calibration.toml is seeded: the ramp must start from the seed",
  "run ceiling_probe.py for the same model first, and pass its --probe/bisect files to analyze.py"
 ],
 "analyze_command": [
  "Q:\\projects\\panoptikon-pr27\\python\\.venv\\Scripts\\python.exe",
  "Q:\\projects\\panoptikon-pr27\\tools\\calibration-protocol\\analyze.py",
  "--scenario",
  "Q:\\projects\\panoptikon-pr27\\.win\\final\\legs\\f-wdvit-S2\\S2",
  "--checks",
  "all",
  "--learning",
  "--json",
  "Q:\\projects\\panoptikon-pr27\\.win\\final\\legs\\f-wdvit-S2\\S2\\verdicts.json"
 ]
}
PRECONDITION: the GPU is idle (stop any other tenant)
PRECONDITION: no calibration.toml is seeded: the ramp must start from the seed
PRECONDITION: run ceiling_probe.py for the same model first, and pass its --probe/bisect files to analyze.py
[2026-09-17T02:06:42.222Z] inference_python {"python": "Q:/projects/panoptikon-pr27/python/.venv/Scripts/python.exe", "source": "config", "config": "Q:\\projects\\panoptikon-pr27\\tools\\calibration-protocol\\config\\server-C1win-g1.toml"}
[2026-09-17T02:06:42.234Z] vramrec_started
[2026-09-17T02:06:42.239Z] healthrec_started
[2026-09-17T02:06:42.245Z] gateway_started {"child": "gateway", "pid": 9824, "argv": ["Q:\\projects\\panoptikon-pr27\\target\\release\\panoptikon.exe", "--config", "Q:\\projects\\panoptikon-pr27\\tools\\calibration-protocol\\config\\server-C1win-g1.toml", "--root", "Q:\\projects\\panoptikon-pr27\\.win\\final\\legs\\f-wdvit-S2\\S2\\root", "--disable-update-check"]}
[2026-09-17T02:06:43.763Z] gateway_ready
[2026-09-17T02:06:44.068Z] rescan_start {"corpus": "Q:\\projects\\panoptikon-pr27\\.win\\results\\corpus\\ramp", "index_db": "cal", "scan_audio": false}
[2026-09-17T02:06:54.114Z] rescan_done {"indexed_files": 2000, "index_db": "cal"}
[2026-09-17T02:06:54.114Z] job_start {"model": "tags/wd-vit-tagger-v3", "tag": "", "index_db": "cal"}
[2026-09-17T02:06:54.152Z] job_posted {"http_status": 202}
[2026-09-17T02:07:42.380Z] job_end {"outcome": "drained"}
[2026-09-17T02:07:42.414Z] job_items {"model": "tags/wd-vit-tagger-v3", "items": 2000}
[2026-09-17T02:07:42.420Z] settling {"seconds": 40.0}
[2026-09-17T02:08:26.838Z] processes_stopped {"gateway": "CTRL_BREAK, rc=0", "healthrec": "CTRL_BREAK, rc=0", "vramrec": "CTRL_BREAK, rc=0"}

DONE Q:\projects\panoptikon-pr27\.win\final\legs\f-wdvit-S2\S2  outcome=drained
analyze with:
  Q:\projects\panoptikon-pr27\python\.venv\Scripts\python.exe Q:\projects\panoptikon-pr27\tools\calibration-protocol\analyze.py --scenario Q:\projects\panoptikon-pr27\.win\final\legs\f-wdvit-S2\S2 --checks all --learning --json Q:\projects\panoptikon-pr27\.win\final\legs\f-wdvit-S2\S2\verdicts.json
